0 0.216818 -0.00049301 -0.000171843 -0.000898043 -0.000493315 0.216812 8.75395e-06 1.59779e-05 -0.000171989 -8.75488e-06 0.216811 -4.79395e-05 -0.000898043 -1.6615e-05 5.00263e-05 0.216816 
1 1.64284 -0.0391916 -0.000166235 0.000257657 -0.0391919 1.6428 -1.04412e-05 1.45727e-05 -0.000166504 9.90943e-06 1.64225 -0.00220318 0.000257658 -1.50593e-05 0.00220448 1.64229 
2 4.35795 -0.204974 -4.93997e-05 0.00181223 -0.204972 4.35762 -6.34767e-05 6.76469e-06 -4.92913e-05 6.346e-05 4.35247 -0.0115625 0.00181221 -8.78161e-06 0.0115504 4.35279 
3 5.4955 -0.386025 0.000281693 -0.00147967 -0.386025 5.49479 -2.76218e-06 -2.09625e-05 0.000281772 1.53872e-06 5.48037 -0.0217638 -0.00147967 2.02583e-05 0.021754 5.48107 
4 5.80376 -0.568721 9.80412e-05 0.000447777 -0.568719 5.80313 -1.50003e-05 -5.24296e-06 9.75417e-05 1.55524e-05 5.77391 -0.0320469 0.000447776 4.05765e-06 0.0320294 5.77453 
5 4.27063 -0.499358 2.19687e-05 0.00205373 -0.499362 4.26863 -9.58127e-05 2.92013e-06 2.25196e-05 9.4586e-05 4.23765 -0.0281363 0.00205374 -9.3589e-07 0.0281171 4.23965 
6 5.90319 -0.841269 3.78926e-05 -0.000567381 -0.841273 5.90169 3.9756e-05 -4.03654e-06 3.81805e-05 -3.87486e-05 5.83903 -0.047375 -0.000567375 5.32733e-06 0.0473531 5.84053 
7 4.2358 -0.698702 -3.06921e-05 -0.000641187 -0.698701 4.23501 -6.87038e-05 -1.26274e-06 -3.0094e-05 6.94127e-05 4.17403 -0.0393414 -0.000641127 -6.69523e-06 0.0393105 4.17481 
8 5.26411 -1.01266 7.82471e-05 0.00133622 -1.01266 5.26261 -9.80313e-05 -1.66795e-05 4.2142e-05 9.83306e-05 5.15978 -0.0569736 0.00133633 3.43449e-05 0.0569448 5.16128 
9 3.03629 -0.644695 -3.42728e-05 -0.0022246 -0.644706 3.03449 0.000141876 -1.93803e-06 -3.28548e-05 -0.000141763 2.96068 -0.0362709 -0.00222488 -2.19308e-05 0.0362334 2.96247 
10 4.66324 -1.1159 2.01261e-05 0.000473232 -1.11591 4.6616 -4.39837e-05 -3.26906e-06 1.82852e-05 4.45346e-05 4.51923 -0.0627273 0.000473477 1.66913e-05 0.0626681 4.52087 
11 4.60313 -1.19831 8.24645e-05 -0.00386749 -1.19831 4.60186 0.000437744 -1.07992e-05 0.000142425 -0.00043691 4.43483 -0.0673129 -0.00386806 -4.15188e-05 0.0672726 4.4361 
12 4.57464 -1.29545 1.1426e-05 -0.000123757 -1.29547 4.57317 -9.99863e-05 -2.45326e-07 -1.5418e-05 0.000100249 4.37689 -0.0727278 -0.000123877 -9.19088e-06 0.0726788 4.37835 
13 4.91637 -1.51046 -4.48017e-05 0.000498021 -1.51046 4.91527 0.000467406 8.39819e-06 0.000131797 -0.000466964 4.66634 -0.0847168 0.000498133 5.54686e-06 0.0846682 4.66743 
14 4.00114 -1.30971 -6.39539e-05 -0.00135041 -1.30971 4.00029 9.46387e-05 -1.76436e-05 -7.01466e-05 -9.54184e-05 3.76663 -0.0734622 -0.00135055 -1.75879e-05 0.0734274 3.76748 
15 3.76069 -1.31201 -6.27171e-05 0.00139836 -1.31201 3.75992 -6.08373e-05 1.7723e-05 -2.14953e-05 6.12327e-05 3.50824 -0.0735264 0.0013987 1.42605e-05 0.0734781 3.509 
16 3.3307 -1.22016 -6.96889e-05 0.00157229 -1.22016 3.32973 -0.000193272 2.61567e-05 -5.80992e-05 0.000197429 3.07947 -0.0683706 0.00157278 1.94088e-05 0.0683194 3.08043 
17 4.04015 -1.59083 2.20075e-05 -0.00079083 -1.59083 4.03943 0.000131372 -1.49097e-05 1.78134e-05 -0.000130769 3.69228 -0.0890216 -0.000790992 -6.05736e-06 0.0889936 3.69299 
18 3.60873 -1.49128 -0.000143852 0.000781283 -1.49127 3.60828 6.95624e-05 1.87336e-05 -7.3411e-05 -6.84809e-05 3.26376 -0.0834033 0.000781064 3.99545e-06 0.0833739 3.26421 
19 3.05978 -1.31889 -4.09452e-05 0.00108062 -1.31891 3.05874 6.00092e-05 -3.82109e-06 -3.22629e-05 -6.08581e-05 2.73485 -0.0737438 0.001082 6.04123e-05 0.0736984 2.73589 
20 2.98276 -1.34324 4.51277e-05 -0.00132584 -1.34323 2.9824 0.00034857 -5.2859e-05 3.06431e-05 -0.000347064 2.63372 -0.0750754 -0.00132565 3.6294e-06 0.0750471 2.63407 
21 2.98519 -1.40886 -5.53471e-05 -0.00014545 -1.40885 2.98494 9.84029e-05 -1.85583e-05 -5.98921e-05 -9.95562e-05 2.59964 -0.0786864 -0.000145182 7.84344e-06 0.0786687 2.59987 
22 3.02187 -1.48046 0.000291742 6.88077e-08 -1.48044 3.02147 -0.000654979 5.40133e-06 -5.10636e-05 0.000650921 2.59599 -0.0826081 -3.16937e-07 -6.46763e-06 0.0825735 2.59638 
23 2.84591 -1.45043 2.35733e-05 -0.00067479 -1.4504 2.84555 0.000423066 -3.06801e-05 0.000124737 -0.000422097 2.40654 -0.0808429 -0.000674845 2.06894e-06 0.0808065 2.4069 
24 2.86797 -1.51266 -6.30949e-05 0.00066752 -1.51264 2.86768 -0.000183821 2.65415e-05 -5.1233e-05 0.000180077 2.38789 -0.0843177 0.000667948 1.20538e-05 0.0843007 2.38817 
25 3.06128 -1.68318 -5.90568e-07 0.000292279 -1.68315 3.06094 -0.000198716 3.06599e-05 6.38714e-06 0.00019846 2.5032 -0.0936269 0.000291303 -1.89804e-05 0.0935973 2.50351 
26 2.2914 -1.2758 -4.20349e-05 2.02579e-05 -1.27578 2.29112 -6.09213e-05 5.1401e-06 -4.19316e-05 5.94173e-05 1.84859 -0.0710937 1.96851e-05 -1.39145e-05 0.0710722 1.84886 
27 2.46429 -1.41416 -0.000121636 0.000354644 -1.41413 2.46403 7.29963e-05 3.07124e-05 7.38204e-05 -7.63896e-05 1.95273 -0.078745 0.000354455 -3.6607e-06 0.0787274 1.95298 
28 2.46559 -1.46334 -9.61943e-05 0.000394645 -1.46331 2.46537 -0.000226496 3.8847e-05 -8.44922e-05 0.000220848 1.914 -0.0813908 0.000392884 -1.85577e-05 0.0813883 1.91421 
29 2.27003 -1.37515 8.15112e-05 -0.000325222 -1.37512 2.26977 4.87772e-05 -8.93884e-06 7.40388e-05 -4.2169e-05 1.72987 -0.0765232 -0.000325795 -1.83917e-05 0.0765115 1.73011 
30 2.3684 -1.48045 4.00111e-05 -0.000547857 -1.48043 2.36809 0.000368971 -1.95267e-05 0.000168261 -0.000357513 1.7637 -0.0822341 -0.000549921 -2.69941e-05 0.0822133 1.76399 
31 2.48522 -1.59757 -1.60786e-05 -0.000104092 -1.59754 2.48495 0.000219417 -3.70054e-05 -2.81935e-05 -0.000221647 1.80669 -0.0887177 -0.000101795 3.23113e-05 0.0887196 1.80694 
32 1.97473 -1.27455 2.14914e-05 0.000216187 -1.27453 1.97443 -0.000344887 6.90004e-05 4.40509e-05 0.000349516 1.41066 -0.0709587 0.000210446 -5.8325e-05 0.0709436 1.41095 
33 1.9936 -1.32212 -1.12101e-05 9.10556e-05 -1.32209 1.99337 -0.000154053 3.03061e-05 -1.73686e-06 0.000154212 1.38714 -0.0735097 8.86029e-05 -2.36421e-05 0.0735178 1.38735 
34 2.15345 -1.47445 0.000188172 1.944e-05 -1.47441 2.15316 -0.000527059 1.6467e-05 -0.000147299 0.000530103 1.45572 -0.0816883 1.72798e-05 -3.01414e-05 0.0816874 1.45599 
35 2.19929 -1.53384 4.98752e-05 -0.00061271 -1.53379 2.19902 0.000744021 -0.000132092 -1.77401e-05 -0.000741651 1.44547 -0.0849732 -0.000604866 6.97843e-05 0.0849749 1.44571 
36 1.85051 -1.29267 7.48335e-05 9.53622e-05 -1.29263 1.85024 -0.000379689 1.4205e-05 -0.000172203 0.000378884 1.19246 -0.0718365 9.31001e-05 -1.56719e-05 0.0718477 1.19271 
37 1.84605 -1.32084 2.97187e-05 -0.000166512 -1.32079 1.8458 0.000246232 -3.77107e-05 6.46032e-06 -0.000244486 1.15022 -0.0733227 -0.000164322 2.16873e-05 0.0733332 1.15045 
38 2.00239 -1.45267 6.09866e-05 9.70922e-05 -1.45262 2.00209 -0.000286401 6.53736e-05 8.92137e-05 0.0002957 1.21056 -0.0807361 9.04392e-05 -5.02574e-05 0.080762 1.21083 
39 1.93927 -1.45763 0.000212282 -0.000399587 -1.45759 1.939 0.000481899 -7.2261e-05 0.000160707 -0.000460913 1.11954 -0.0805067 -0.000393236 3.55683e-05 0.080528 1.11978 
40 1.76053 -1.30867 9.28982e-05 8.71426e-06 -1.3086 1.76019 -0.000373836 7.50145e-05 0.000125584 0.000391676 0.997687 -0.0728079 -3.36161e-08 -7.7324e-05 0.0728251 0.997996 
41 1.57006 -1.14663 -0.000147148 0.000277224 -1.14656 1.5697 -0.000285739 4.47517e-05 -0.000109853 0.000266855 0.876173 -0.0644769 0.000273208 -1.01332e-05 0.0645197 0.87651 
42 1.82167 -1.38747 0.000104299 -0.000225075 -1.38741 1.82132 0.000241639 -3.23657e-05 7.06321e-05 -0.000227627 0.957923 -0.0772757 -0.000224199 -2.07678e-06 0.0773155 0.958243 
43 1.82372 -1.43654 -0.000143426 0.000306589 -1.43646 1.82335 -0.000309007 7.33032e-05 2.06066e-05 0.00029889 0.905907 -0.0791739 0.000302323 -1.50086e-05 0.0791918 0.906236 
44 1.45443 -1.11672 -0.000205419 9.56044e-05 -1.11665 1.45408 1.70973e-05 -3.97437e-05 -0.000211933 -5.22059e-05 0.712863 -0.0626566 9.94083e-05 3.84174e-05 0.0627041 0.713176 
45 1.61739 -1.27612 -2.93922e-05 0.000148648 -1.27607 1.61704 -0.000464778 8.78276e-05 3.32324e-05 0.000467158 0.745431 -0.0712796 0.000137153 -6.6483e-05 0.0713336 0.745745 
46 1.4255 -1.12514 2.30529e-06 1.13716e-05 -1.12508 1.42512 8.44328e-05 -2.8312e-05 -5.72281e-06 -8.84114e-05 0.630381 -0.0630377 2.1322e-05 3.35245e-05 0.0630937 0.630718 
47 1.51985 -1.20778 8.50911e-05 -2.40458e-05 -1.20771 1.51944 -0.000125768 4.02692e-05 9.57226e-05 0.000142667 0.64161 -0.0677111 -3.29851e-05 -4.16502e-05 0.067777 0.641973 
48 1.54567 -1.25236 0.000192397 -0.000134611 -1.25228 1.54524 0.000131469 -5.56611e-07 0.000160221 -0.000102052 0.608894 -0.0699331 -0.000134529 -1.10768e-05 0.0699973 0.60928 
49 1.43898 -1.15382 0.00013188 -4.36479e-05 -1.15372 1.43853 -0.000104575 5.10732e-05 0.000154179 0.000138356 0.545828 -0.065329 -4.71031e-05 -4.58011e-05 0.0654096 0.546238 
50 1.27139 -0.997401 5.44881e-05 -2.22107e-06 -0.997322 1.27091 -0.000128764 3.85772e-05 6.89462e-05 0.00014493 0.47037 -0.0573755 -8.29546e-06 -3.5421e-05 0.057469 0.470792 
51 1.33832 -1.09639 -4.70117e-05 -0.000201942 -1.09631 1.33793 0.000667562 -0.000171811 -0.00018108 -0.000694083 0.439508 -0.0620607 -0.000181359 0.000100246 0.0621308 0.439854 
52 1.22869 -0.995555 -0.000115536 0.000147759 -0.995476 1.22824 -0.000372066 7.13076e-05 -3.71595e-05 0.000363207 0.385384 -0.056923 0.000136238 -3.73444e-05 0.0570285 0.385794 
53 1.32289 -1.10909 8.4983e-05 8.88305e-06 -1.10904 1.32245 -0.000241182 8.17369e-05 0.000134788 0.000271596 0.362135 -0.0625773 -3.87006e-06 -6.68784e-05 0.0626963 0.362527 
54 1.19612 -0.972448 0.000141147 -0.000159834 -0.972367 1.19563 0.000245633 -4.23287e-05 6.97224e-05 -0.000208079 0.322499 -0.0563101 -0.000155781 -4.14623e-06 0.0564277 0.322928 
55 1.19624 -0.993206 -8.75898e-05 -1.56322e-05 -0.993151 1.19579 0.000159553 -5.85412e-05 -0.000126812 -0.00017069 0.281997 -0.0573438 -8.70544e-06 4.03588e-05 0.0574763 0.2824 
56 1.2462 -1.04243 -3.74772e-05 4.14403e-05 -1.04233 1.24564 -0.000225331 3.85545e-05 4.85745e-06 0.000223007 0.259009 -0.0598799 3.59169e-05 -3.00189e-05 0.060026 0.259505 
57 1.19035 -0.991859 -8.90948e-05 0.000144111 -0.991753 1.18972 -0.00049058 7.66088e-05 2.91097e-05 0.000471466 0.221993 -0.0579546 0.000129865 -4.13019e-05 0.0581319 0.222541 
58 1.1115 -0.915019 2.79607e-05 -1.18603e-05 -0.914929 1.11092 -5.27511e-05 3.74543e-05 2.10193e-05 4.4431e-05 0.189552 -0.0548403 -6.11341e-06 -4.75564e-06 0.0550173 0.190016 
59 1.18378 -0.990273 -0.000145907 7.76001e-05 -0.990171 1.18317 -8.20165e-05 -9.66928e-05 -0.000100609 8.33011e-06 0.162701 -0.0585916 8.92314e-05 7.64094e-05 0.0587834 0.163208 
60 1.07447 -0.881878 -0.000185873 9.06784e-05 -0.881786 1.07386 -0.000336018 6.30839e-05 -9.75477e-05 0.000351148 0.134755 -0.054564 7.21065e-05 -3.9772e-05 0.0547784 0.135244 
61 1.14174 -0.948095 0.000339323 -0.00033722 -0.947954 1.14103 0.00155621 -0.000437682 -7.47929e-05 -0.00155993 0.107034 -0.0580795 -0.000253283 0.000265639 0.0583088 0.107609 
62 1.04607 -0.86171 0.000121174 -0.000133118 -0.861588 1.04534 0.000599791 -8.78765e-05 -5.91135e-05 -0.000579064 0.0765888 -0.0548067 -0.000106699 5.21214e-05 0.0550917 0.0771614 
63 0.979966 -0.797681 0.000234159 -0.000201369 -0.79756 0.979128 0.000953262 -0.000281447 -3.40481e-05 -0.000964007 0.055837 -0.0527523 -0.00014279 0.000165062 0.0531286 0.0564717 
64 1.09286 -0.910866 0.00036575 -0.00022687 -0.91073 1.09202 0.0011801 -0.000401932 6.07485e-05 -0.00124856 0.0165091 -0.0586103 -0.000133695 0.000251601 0.058972 0.0171538 
65 0.958429 -0.77223 0.000242933 -0.000177763 -0.772077 0.957605 0.000726871 -5.88656e-05 -2.98526e-05 -0.000629327 0.0117047 -0.0536191 -0.000160021 1.38432e-05 0.0539984 0.0123025 
66 0.972295 -0.78057 3.95241e-05 2.41948e-05 -0.780413 0.971466 -0.000399226 0.000356249 0.000104425 0.000549223 -0.0114972 -0.0561203 -5.18701e-05 -0.000228075 0.0565293 -0.010926 
67 1.01612 -0.828037 -1.61203e-05 1.64175e-05 -0.827847 1.01519 -0.000210235 0.00017466 9.91122e-07 0.000285792 -0.0494888 -0.0582932 -1.01159e-05 -0.000125827 0.0587419 -0.0488648 
68 0.863762 -0.678946 -4.72592e-05 4.55668e-05 -0.67876 0.862834 -0.000375844 0.000350266 3.8293e-05 0.000428773 -0.0420385 -0.0518499 -2.29302e-05 -0.000195163 0.0523281 -0.0413956 
69 0.930703 -0.733658 -0.000239372 8.119e-05 -0.733388 0.929588 -0.000457015 0.00025743 -0.000115069 0.000529141 -0.073072 -0.0549287 9.89524e-06 -0.00015523 0.0554943 -0.0723239 
70 0.920613 -0.717842 -1.83098e-05 8.56652e-05 -0.717606 0.919502 -0.000448113 -0.00016927 0.000176031 0.000196696 -0.0893529 -0.0560328 0.000130362 0.000126333 0.0566413 -0.0886693 
71 0.943893 -0.751693 2.80662e-05 3.55496e-05 -0.751399 0.94279 -0.00026822 -7.71365e-05 0.000157278 0.000200456 -0.131641 -0.0574794 5.01727e-05 3.25845e-05 0.0581041 -0.130983 
72 0.873607 -0.680637 6.86424e-05 3.68952e-05 -0.680341 0.872518 -0.000467445 0.000343349 0.000194935 0.000516837 -0.131746 -0.053537 -4.91479e-05 -0.000196872 0.0541484 -0.131077 
73 0.812681 -0.626672 5.52262e-05 -4.18929e-05 -0.626396 0.811636 0.000312292 -0.000118734 -6.51832e-05 -0.000291358 -0.141435 -0.0497292 -4.9949e-06 5.92381e-05 0.0503285 -0.14076 
74 0.83721 -0.655936 -0.000304456 0.0001008 -0.655642 0.836229 -0.000847651 0.000472885 -2.31812e-05 0.000921237 -0.179031 -0.0497734 -4.94734e-05 -0.000276099 0.0503437 -0.178447 
75 0.803562 -0.630226 0.000402609 -0.000116756 -0.629952 0.802712 0.000975265 -0.000660261 0.000103924 -0.00110112 -0.195525 -0.048361 9.24325e-05 0.000375192 0.0488574 -0.195041 
76 0.882256 -0.6852 -0.000110064 6.49381e-05 -0.684847 0.881188 -0.000426523 -4.17334e-05 0.000120349 0.000334493 -0.233777 -0.0529722 7.40705e-05 2.80417e-05 0.0536289 -0.233204 
77 0.839169 -0.655388 -0.000152443 1.09262e-05 -0.65503 0.838115 -0.000151084 0.000342874 -0.000162059 0.00028263 -0.252022 -0.047611 -0.000108123 -0.000194583 0.0482252 -0.251449 
78 0.775102 -0.590668 6.20629e-05 -1.563e-05 -0.590326 0.774109 0.00024394 -0.000210768 9.96401e-06 -0.000282257 -0.239934 -0.0463722 5.62762e-05 0.000122872 0.0469571 -0.239423 
79 0.854762 -0.656345 -8.44413e-05 -1.35742e-05 -0.65603 0.85381 0.000133164 -9.88636e-05 -0.00014876 -0.000146792 -0.298866 -0.0477681 1.31471e-05 3.46285e-05 0.0483131 -0.298268 
80 0.744365 -0.574575 0.000177772 -4.49684e-05 -0.574324 0.743607 0.000417711 -0.000208984 4.38029e-06 -0.000439927 -0.286304 -0.0402197 3.7321e-05 0.000117686 0.0406767 -0.285861 
81 0.717609 -0.548824 -8.83553e-05 3.8066e-05 -0.54858 0.716938 -0.00030525 -1.38675e-05 9.02126e-05 0.000251161 -0.293527 -0.0378886 3.86742e-05 6.13539e-06 0.0383318 -0.293162 
82 0.709093 -0.552496 -0.000440423 9.52465e-05 -0.552248 0.708458 -0.00100012 0.000565539 -3.0971e-05 0.00103126 -0.322824 -0.0353425 -0.000136308 -0.000315884 0.0357636 -0.322507 
83 0.657653 -0.503856 9.42521e-05 -6.33095e-06 -0.503627 0.657075 8.75644e-05 -8.96512e-05 6.87959e-05 -0.00010728 -0.310174 -0.0322898 3.59486e-05 5.60631e-05 0.0326678 -0.309904 
84 0.743693 -0.567802 9.62061e-06 -8.50814e-06 -0.567605 0.743185 9.14253e-05 -2.74983e-05 -3.86552e-05 -8.55415e-05 -0.375026 -0.0347374 3.95696e-06 1.54473e-05 0.0350528 -0.374766 
85 0.67095 -0.507689 0.000196917 -1.40982e-05 -0.507515 0.670522 0.000204948 -0.000221536 0.000145835 -0.000240339 -0.353302 -0.0307099 9.07385e-05 0.00013181 0.0310034 -0.353095 
86 0.705405 -0.538464 -0.000245237 3.67006e-05 -0.538376 0.705183 -0.0004275 0.00022014 -4.56433e-05 0.000425353 -0.401139 -0.0294481 -7.19745e-05 -0.000127721 0.0295927 -0.401023 
87 0.660452 -0.492534 0.000182161 -2.43426e-05 -0.49241 0.660148 0.00030254 -0.000187068 4.39571e-05 -0.000312685 -0.383325 -0.0273894 6.80363e-05 0.000107195 0.0275874 -0.383163 
88 0.657386 -0.484345 -5.37427e-05 1.65213e-05 -0.484222 0.657093 -0.000186291 3.57537e-05 6.30599e-05 0.000166594 -0.394777 -0.0267209 -2.56207e-06 -1.83781e-05 0.0269203 -0.394625 
89 0.660053 -0.486032 -0.000116123 2.30157e-05 -0.485971 0.659895 -0.000269088 5.9873e-05 5.04726e-05 0.000241332 -0.41897 -0.0244319 -1.35737e-05 -3.63087e-05 0.0245279 -0.418877 
90 0.620145 -0.448871 -8.51138e-05 1.44304e-05 -0.448821 0.620026 -0.000178393 6.92465e-05 1.62836e-05 0.000168251 -0.403558 -0.0225999 -2.34375e-05 -3.75485e-05 0.0226806 -0.403498 
91 0.595557 -0.424935 5.39991e-05 -5.57303e-06 -0.424893 0.595455 7.9359e-05 -5.21126e-05 1.6293e-05 -7.98145e-05 -0.399339 -0.0208027 2.26242e-05 2.81434e-05 0.0208686 -0.399282 
92 0.664344 -0.469617 4.35099e-05 -6.91236e-06 -0.469595 0.66429 9.0465e-05 -3.07903e-05 -1.2071e-05 -8.34969e-05 -0.461197 -0.0218869 1.17038e-05 1.82005e-05 0.0219206 -0.461166 
93 0.616778 -0.428901 -1.07056e-05 1.03666e-06 -0.428893 0.616756 -1.62934e-05 1.21487e-05 -2.36001e-06 1.66339e-05 -0.438629 -0.0196221 -5.97378e-06 -6.51848e-06 0.019635 -0.438615 
94 0.599403 -0.408874 -5.69874e-06 7.25851e-07 -0.408871 0.599394 -1.05963e-05 4.08434e-06 6.77638e-07 9.5152e-06 -0.435614 -0.0185004 -1.96713e-06 -2.46246e-06 0.0185045 -0.435609 
95 0.604718 -0.404592 -8.55385e-06 8.81641e-07 -0.404591 0.604712 -1.3948e-05 8.28128e-06 -6.86568e-07 1.3395e-05 -0.448318 -0.0180993 -3.94726e-06 -4.20739e-06 0.0181016 -0.448314 
96 0.588738 -0.385744 -1.40972e-06 1.21945e-08 -0.385744 0.588736 -2.41967e-06 2.84782e-06 3.69168e-07 3.23001e-06 -0.444327 -0.0171425 -3.15227e-07 6.54747e-07 0.0171424 -0.444326 
97 0.529841 -0.339651 1.30085e-07 -6.20674e-08 -0.339651 0.52984 1.19298e-07 -5.51162e-07 -2.61861e-07 -1.42318e-07 -0.406357 -0.0150373 -1.34795e-07 -4.92589e-07 0.0150368 -0.406356 
98 0.621592 -0.389506 4.15243e-07 -2.41344e-07 -0.389506 0.62159 6.95724e-07 5.83004e-07 1.26542e-07 7.31972e-07 -0.484091 -0.0171865 2.27674e-07 -9.30491e-08 0.0171861 -0.48409 
99 0.622275 -0.381461 -1.09148e-07 2.55868e-07 -0.381461 0.622273 -3.45692e-07 4.15663e-07 -1.59996e-07 3.03478e-07 -0.491337 -0.0167789 -1.12936e-08 5.02104e-07 0.0167784 -0.491336 
100 0.601329 -0.359568 -4.93337e-08 -1.12807e-07 -0.359568 0.601327 1.89265e-07 -3.74206e-07 6.60037e-08 -4.3932e-07 -0.481708 -0.0157597 -2.24268e-08 -4.33026e-07 0.0157595 -0.481707 
101 0.55726 -0.325448 1.97752e-07 -8.87382e-09 -0.325448 0.557258 5.30909e-07 -5.8363e-07 -7.37248e-08 -7.42311e-08 -0.452108 -0.0142221 -2.37338e-07 -6.87988e-07 0.0142218 -0.452108 
102 0.597675 -0.340565 -1.99802e-07 1.02789e-07 -0.340565 0.597674 -6.9717e-07 5.00303e-07 2.80956e-08 -9.0478e-08 -0.49091 -0.0148341 5.07783e-08 7.09244e-07 0.0148335 -0.490909 
103 0.565067 -0.31416 -2.63249e-07 1.17329e-07 -0.31416 0.565066 -5.73072e-07 6.53292e-07 1.42188e-07 8.43607e-08 -0.469472 -0.0136396 1.14924e-07 7.67764e-07 0.0136392 -0.469471 
104 0.62767 -0.340336 -4.63206e-08 -1.07003e-07 -0.340336 0.627669 3.5444e-07 1.74979e-07 2.96236e-07 3.25283e-07 -0.527168 -0.0147294 1.46697e-07 -1.86304e-07 0.0147291 -0.527168 
105 0.612792 -0.323375 -6.08743e-08 7.91333e-08 -0.323375 0.61279 -2.01933e-07 1.01275e-06 1.35976e-07 3.86474e-07 -0.520322 -0.013948 2.33228e-07 9.22073e-07 0.0139477 -0.520321 
106 0.574499 -0.295014 2.74362e-07 1.27653e-07 -0.295014 0.574498 2.10976e-07 -3.03092e-07 -2.44019e-07 1.68374e-08 -0.49279 -0.0126852 -1.0578e-07 -3.82946e-07 0.012685 -0.49279 
107 0.584094 -0.292112 -1.66722e-08 2.10982e-08 -0.292112 0.584093 1.55931e-07 -8.55247e-07 -1.12763e-07 -4.5346e-07 -0.505636 -0.0125222 -2.24665e-07 -7.43102e-07 0.012522 -0.505635 
108 0.602679 -0.293342 -2.18294e-07 1.79778e-07 -0.293342 0.602677 -2.81465e-07 4.3999e-07 2.54849e-07 5.10403e-07 -0.526306 -0.0125395 1.81936e-07 5.67629e-07 0.0125393 -0.526305 
109 0.623787 -0.295241 -1.38896e-07 -2.42694e-07 -0.295241 0.623785 7.0251e-08 3.06184e-07 1.41571e-07 -3.8899e-07 -0.549337 -0.0125795 7.28655e-08 3.19306e-07 0.012579 -0.549335 
110 0.579859 -0.266466 -6.41116e-09 -2.12895e-07 -0.266466 0.579858 -9.21508e-07 6.62602e-07 1.78054e-07 -2.73574e-07 -0.514872 -0.0113192 1.01471e-07 1.04787e-06 0.0113187 -0.514871 
111 0.551345 -0.246294 -1.77609e-07 -7.59466e-08 -0.246295 0.551344 6.71466e-08 5.28495e-07 5.30546e-07 5.14741e-07 -0.493156 -0.0104307 1.16348e-07 3.19138e-07 0.0104302 -0.493155 
112 0.573344 -0.248555 6.20819e-07 -9.36496e-07 -0.248555 0.573343 -2.42602e-07 1.72e-07 9.66293e-07 -1.1086e-06 -0.516543 -0.0104988 9.21194e-08 3.00899e-07 0.0104986 -0.516543 
113 0.626744 -0.263668 -3.27092e-06 2.88158e-06 -0.263667 0.626741 -1.38098e-06 3.70388e-06 -7.18272e-06 7.87925e-06 -0.568432 -0.0111198 -1.88736e-06 -1.0032e-06 0.0111199 -0.568432 
114 0.521191 -0.212501 1.34212e-07 1.90086e-08 -0.212501 0.52119 4.662e-07 3.38687e-08 -8.95042e-08 1.4894e-07 -0.47581 -0.00892136 2.87495e-08 -1.77207e-07 0.00892089 -0.475809 
115 0.555311 -0.219446 -2.97837e-07 1.56644e-07 -0.219446 0.555309 9.61204e-08 3.38319e-07 4.84483e-07 5.49906e-07 -0.510021 -0.00918512 1.61783e-07 1.93621e-07 0.00918489 -0.51002 
116 0.522808 -0.200272 5.70935e-07 -3.66737e-08 -0.200272 0.522807 1.15895e-07 -2.24596e-07 -5.7829e-07 -1.4151e-07 -0.482847 -0.0083607 -1.16787e-07 -3.01278e-07 0.00836054 -0.482846 
117 0.546562 -0.202583 2.82156e-06 -1.37048e-07 -0.202582 0.546557 3.61332e-06 -7.17532e-06 5.60144e-06 -9.86371e-06 -0.507532 -0.00844288 2.83242e-06 -7.65521e-08 0.00844551 -0.50753 
118 0.489023 -0.175541 8.31302e-08 1.77596e-07 -0.175541 0.489022 2.79675e-07 -1.7655e-07 -1.61522e-07 2.51297e-07 -0.456367 -0.00728641 -8.96593e-08 -3.95002e-07 0.0072862 -0.456366 
119 0.536239 -0.185965 -1.3458e-07 6.21602e-08 -0.185965 0.536239 5.13348e-07 -4.5307e-07 -1.03254e-08 -7.63135e-08 -0.502895 -0.00769732 -8.29149e-08 -6.47377e-07 0.00769714 -0.502895 
120 0.549835 -0.184324 -4.3816e-07 1.09864e-06 -0.184324 0.549833 3.11786e-06 -1.70163e-06 -1.21792e-06 4.46475e-07 -0.517949 -0.00762067 8.01556e-08 -3.50112e-06 0.00761998 -0.517948 
121 0.521997 -0.169044 -1.5296e-06 6.60296e-07 -0.169044 0.521994 -3.22632e-06 6.42049e-06 -5.07199e-06 7.84681e-06 -0.493729 -0.00701312 -1.38022e-06 1.8553e-06 0.00701329 -0.493728 
122 0.561955 -0.175456 8.81015e-07 -1.60535e-06 -0.175456 0.561952 -2.36095e-06 1.99632e-06 7.96091e-07 4.05224e-07 -0.533777 -0.00722777 1.74541e-07 2.50157e-06 0.00722644 -0.533776 
123 0.576889 -0.173919 -1.30094e-06 1.63558e-06 -0.17392 0.576887 8.79717e-07 1.62491e-06 -3.55341e-06 3.69525e-06 -0.549957 -0.00714992 -7.47616e-07 -1.53453e-06 0.00714914 -0.549956 
124 0.513209 -0.149254 6.28298e-07 -9.51737e-07 -0.149254 0.513208 -1.0956e-07 3.11116e-08 1.34962e-06 -1.04624e-06 -0.490963 -0.00610864 1.43696e-07 4.7981e-08 0.00610835 -0.490963 
125 0.487161 -0.136271 1.93044e-06 -2.86975e-06 -0.136269 0.487158 8.63838e-07 -4.39047e-07 3.65717e-06 -1.84987e-06 -0.46765 -0.00557012 7.33811e-07 -3.63811e-07 0.00556924 -0.46765 
126 0.607832 -0.163681 3.54046e-06 -2.77693e-06 -0.16368 0.607829 2.12709e-06 -4.08906e-06 5.28973e-06 -5.74527e-06 -0.585292 -0.00667956 1.69335e-06 -9.6452e-07 0.00667906 -0.585292 
127 0.592707 -0.15372 2.30029e-07 1.00307e-06 -0.153719 0.592701 5.9512e-06 -8.43914e-06 4.93517e-06 -9.84945e-06 -0.572345 -0.00626258 1.49258e-06 -3.37448e-06 0.00626415 -0.572343 
128 0.569891 -0.142055 6.04985e-08 -8.17748e-07 -0.142055 0.569889 1.86692e-06 -6.29791e-06 3.70725e-06 -6.76838e-06 -0.551842 -0.00576809 1.72898e-06 -2.1179e-06 0.00576873 -0.551841 
129 0.579743 -0.138623 -2.15126e-07 -1.05341e-06 -0.138623 0.579741 -1.26573e-06 2.25216e-06 2.67503e-07 1.65328e-06 -0.562884 -0.00560301 -1.51845e-07 1.41269e-06 0.00560278 -0.562883 
130 0.572128 -0.131526 1.64179e-06 -3.47264e-06 -0.131524 0.572124 3.22984e-06 -5.30351e-06 6.51652e-06 -7.16398e-06 -0.556758 -0.00530731 1.20247e-06 -2.65974e-06 0.00530719 -0.556756 
131 0.540982 -0.119129 -1.03814e-06 2.90591e-06 -0.11913 0.540979 3.28185e-06 -5.81145e-06 7.51015e-07 -5.86106e-06 -0.527649 -0.00480604 1.00248e-06 -1.63245e-06 0.00480637 -0.527647 
132 0.570162 -0.120426 1.22125e-07 6.59817e-07 -0.120427 0.57016 1.35782e-06 -3.14527e-06 5.98511e-07 -2.44923e-06 -0.557227 -0.00486008 3.6794e-07 -1.49195e-06 0.00486029 -0.557225 
133 0.54929 -0.110857 1.38151e-06 -2.61016e-06 -0.110853 0.549278 2.83654e-07 -4.07041e-06 5.55694e-06 -9.14261e-06 -0.537888 -0.00448625 1.46733e-06 -1.55851e-06 0.00448993 -0.537883 
134 0.571734 -0.110685 -4.59049e-07 -2.0816e-06 -0.110683 0.57173 -4.82797e-06 6.76376e-06 -1.78965e-06 8.10037e-06 -0.560822 -0.00447268 -2.03517e-06 1.60739e-06 0.00447345 -0.56082 
135 0.603474 -0.111345 -1.93329e-06 8.45189e-06 -0.111344 0.603466 -1.81573e-06 1.07318e-06 -1.09855e-05 6.43643e-06 -0.592972 -0.00452003 -1.13259e-06 2.05057e-06 0.00452167 -0.592967 
136 0.520494 -0.0917234 -6.21396e-07 3.06288e-06 -0.0917226 0.520489 -2.59113e-06 -4.64916e-07 -3.35782e-06 2.06143e-06 -0.512291 -0.00368139 -9.00478e-07 -9.25476e-08 0.00368222 -0.512288 
137 0.573068 -0.0963538 -8.78664e-07 3.19297e-07 -0.096352 0.573058 2.09351e-07 5.3794e-06 -4.09577e-06 8.54345e-06 -0.564799 -0.00389354 -1.91339e-06 -8.62115e-07 0.00389639 -0.564793 
138 0.519243 -0.0830451 6.04141e-07 -2.78699e-07 -0.0830416 0.519233 -1.03739e-06 2.49068e-06 -1.24418e-06 4.49367e-06 -0.512432 -0.0033715 -7.8825e-07 1.16352e-06 0.00337218 -0.512427 
139 0.586115 -0.0892747 -9.19246e-07 5.81541e-06 -0.0892734 0.586106 -3.03546e-06 1.82091e-06 -6.21946e-06 -6.8004e-07 -0.579171 -0.00359245 -9.98458e-07 -5.32402e-08 0.00359002 -0.579171 
140 0.57964 -0.0838737 8.7384e-07 -5.3151e-06 -0.0838739 0.579628 1.22968e-06 -1.81363e-06 7.39496e-06 -4.38198e-06 -0.573408 -0.00339995 2.38708e-07 -1.10019e-06 0.00339882 -0.573402 
141 0.557542 -0.0767081 -1.41555e-06 7.57827e-06 -0.0767061 0.557523 3.63155e-06 -5.51184e-06 -6.22628e-06 -2.64689e-06 -0.552143 -0.00310759 -3.02757e-06 -3.90563e-06 0.00310808 -0.55213 
142 0.534667 -0.0696648 -1.38309e-06 -9.28628e-07 -0.0696607 0.534654 1.97481e-06 -3.31413e-06 1.80593e-06 -4.54164e-06 -0.529991 -0.00282652 7.51829e-07 -3.00309e-06 0.00282806 -0.529983 
143 0.520751 -0.0642545 -3.0921e-06 7.01165e-07 -0.0642474 0.520737 3.53236e-06 -7.48302e-06 3.34972e-06 -7.30652e-06 -0.516625 -0.00263218 -4.15713e-07 -6.13345e-06 0.00263136 -0.516619 
144 0.539651 -0.0629122 2.68491e-06 -8.19504e-06 -0.0629105 0.539631 -1.18722e-05 1.16111e-05 1.6742e-06 1.06205e-05 -0.535836 -0.00256869 -1.22503e-06 6.71418e-06 0.00257148 -0.535822 
145 0.559684 -0.061711 -3.85619e-06 -3.11575e-06 -0.0617009 0.559649 5.62348e-07 -4.6057e-08 5.76529e-06 2.79657e-06 -0.556132 -0.00251863 -2.08398e-06 -1.1862e-06 0.00252137 -0.556107 
146 0.594945 -0.0617225 -6.09572e-07 -3.06911e-06 -0.0617175 0.59492 4.08799e-07 -5.07104e-07 5.20283e-06 -2.91071e-06 -0.591539 -0.00256056 -6.89993e-08 -3.28346e-06 0.00255956 -0.591523 
147 0.639392 -0.0623886 -3.90333e-06 4.24674e-06 -0.0623835 0.639362 1.13707e-05 -1.71441e-05 6.84944e-06 -1.73834e-05 -0.636158 -0.00257005 3.48781e-06 -1.17588e-05 0.00257551 -0.636135 
148 0.564756 -0.0517634 2.11073e-07 5.35599e-06 -0.0517563 0.564717 4.7321e-06 -4.63204e-06 -1.89507e-06 1.66759e-06 -0.562202 -0.00215175 7.40241e-07 -3.34093e-06 0.00215515 -0.562173 
149 0.569598 -0.0489719 1.33274e-06 6.94837e-06 -0.0489606 0.569552 9.87347e-06 5.25863e-06 -1.02032e-05 2.01378e-06 -0.567277 -0.00206738 -1.37531e-06 3.69969e-06 0.00207183 -0.567244 
150 0.449888 -0.0361232 3.8498e-06 -1.17065e-06 -0.0361145 0.449839 1.46144e-05 -1.37369e-05 6.51083e-06 -1.84933e-05 -0.448156 -0.00163556 1.78209e-06 -8.33976e-06 0.00163726 -0.448118 
151 0.528285 -0.0396283 4.46368e-07 2.69844e-06 -0.0396235 0.528233 3.65298e-07 -1.3133e-05 9.34546e-07 -5.35273e-06 -0.5266 -0.00168808 1.46623e-06 -1.2316e-05 0.00169196 -0.526558 
152 0.516464 -0.0361347 9.35514e-06 3.63205e-06 -0.0361044 0.516343 -6.69336e-06 2.59437e-05 -9.62113e-06 2.78656e-05 -0.514921 -0.00160647 -4.73137e-06 2.00872e-05 0.00161923 -0.514821 
153 0.577112 -0.0375745 3.78372e-06 -1.71655e-05 -0.0375627 0.576996 1.91269e-05 -2.79176e-05 1.62512e-05 -3.84587e-05 -0.575517 -0.00175015 6.68998e-06 -2.36927e-05 0.00175505 -0.575426 
154 0.611105 -0.0367314 4.31993e-06 8.63708e-06 -0.0367072 0.610889 9.50278e-06 -4.37432e-06 -1.24384e-05 2.50004e-06 -0.609495 -0.00179145 4.28684e-06 -1.73868e-05 0.0017973 -0.609304 
155 0.592184 -0.0329779 5.79414e-06 -4.84164e-06 -0.03295 0.591993 2.14029e-05 -2.84542e-05 2.61437e-06 -1.06971e-05 -0.590778 -0.00161369 -6.14635e-07 -2.66005e-05 0.00161802 -0.590612 
156 0.509684 -0.0261748 5.78483e-06 -5.52786e-06 -0.0261622 0.509448 -4.92629e-06 1.04547e-06 -4.42723e-06 1.63973e-05 -0.508459 -0.00132752 5.58702e-07 1.07249e-06 0.0013272 -0.508254 
157 0.500572 -0.0235698 2.73752e-06 -8.51149e-06 -0.0235459 0.50027 -2.60746e-05 3.25258e-05 -3.76055e-06 2.85635e-05 -0.499455 -0.00127671 -5.17409e-06 3.47404e-05 0.00128735 -0.499183 
158 0.501323 -0.0216036 1.28441e-05 5.80386e-06 -0.0215749 0.50094 4.35507e-05 -1.66869e-05 -1.30943e-05 -3.64287e-05 -0.500275 -0.0011693 -3.73057e-06 -1.273e-05 0.00118247 -0.499931 
159 0.545997 -0.021491 -1.11038e-05 4.1695e-06 -0.0214407 0.545541 -5.40487e-05 -3.82724e-05 6.22806e-06 5.76965e-05 -0.544759 -0.00129411 2.69117e-06 -5.86736e-05 0.0013187 -0.544343 
160 0.492464 -0.017571 2.52528e-05 3.11334e-06 -0.0175296 0.491806 6.94496e-05 -9.1521e-05 -7.96417e-06 -7.43442e-05 -0.491119 -0.00130979 3.23008e-06 -7.44404e-05 0.00130792 -0.490515 
161 0.679095 -0.0218601 2.65568e-05 4.64309e-06 -0.0218234 0.678464 -1.18934e-05 5.64045e-05 -1.23785e-05 3.4146e-05 -0.677822 -0.00121978 -1.1892e-06 5.7197e-05 0.00123583 -0.677256 
162 0.519818 -0.0149968 6.19057e-05 6.73939e-07 -0.0149383 0.51897 -3.76563e-05 5.07554e-05 -4.58904e-05 6.37245e-05 -0.518583 -0.000990174 -1.2499e-05 6.99714e-05 0.0010087 -0.517803 
163 0.530195 -0.0137036 -1.60063e-05 -1.22989e-05 -0.0136135 0.528665 -4.21607e-05 0.000134132 1.36971e-05 4.01338e-05 -0.528468 -0.00114062 -6.99996e-06 0.000107247 0.00118449 -0.527017 
164 0.491167 -0.011367 -1.8476e-05 -1.29634e-05 -0.0112804 0.490044 1.38767e-05 2.87244e-05 8.11623e-06 -3.41207e-06 -0.489593 -0.000950354 1.94195e-06 1.48452e-05 0.000976467 -0.488553 
165 0.636816 -0.0127269 4.10954e-05 6.71505e-05 -0.0127089 0.635201 0.000185234 -0.000288022 -7.59281e-05 -0.000158978 -0.634694 -0.00133628 1.67105e-06 -0.000301816 0.0013242 -0.633163 
166 0.5926 -0.0105221 8.82404e-05 8.39467e-06 -0.0104974 0.590848 0.00021375 -3.1521e-05 -9.98354e-05 -0.000188469 -0.590541 -0.00109743 -3.83859e-06 -4.5575e-05 0.00109591 -0.588902 
167 0.507797 -0.00783859 2.39752e-05 2.64956e-05 -0.00776091 0.505474 -3.39832e-05 -0.000157787 -5.10531e-06 4.9008e-05 -0.505214 -0.000893957 7.71677e-06 -0.000131776 0.0009059 -0.503002 
168 0.530577 -0.00702659 -1.03101e-05 -2.83128e-05 -0.00695623 0.528376 -0.000136758 -0.000140285 4.22918e-05 8.94231e-05 -0.527785 -0.00109168 9.70492e-06 -0.000123064 0.00111606 -0.525712 
169 0.455758 -0.00508724 4.03784e-06 6.37841e-07 -0.00506658 0.453052 -8.43761e-05 -9.98578e-05 -4.26589e-06 8.76595e-05 -0.452565 -0.000960796 -7.54822e-06 -9.29778e-05 0.000972659 -0.450026 
170 0.658482 -0.00613724 -0.000128992 -5.14882e-05 -0.0060752 0.655181 -5.79528e-05 -0.000247208 0.000152779 -9.49221e-06 -0.65486 -0.00117941 3.31976e-05 -0.000210784 0.00120918 -0.651719 
171 0.593296 -0.00431656 -6.50571e-05 -4.11936e-05 -0.00430258 0.589742 -1.47634e-05 2.42163e-05 5.51031e-05 6.60096e-06 -0.589834 -0.000937062 -5.22946e-06 3.56952e-05 0.000930791 -0.586442 
172 0.4284 -0.00272183 -0.000163072 4.39584e-05 -0.0026266 0.424553 0.000212933 -0.000173747 0.000211294 -0.000264742 -0.424192 -0.000298434 -1.13853e-05 -0.000126025 0.000365012 -0.420514 
173 0.472186 -0.0022632 -1.01964e-05 -3.9486e-05 -0.00226031 0.468283 1.76397e-05 -8.05896e-05 1.88068e-05 -3.32499e-05 -0.468364 -0.000269818 5.56782e-06 -6.48076e-05 0.000268524 -0.464615 
174 0.605876 -0.0022041 -0.000209963 2.13867e-05 -0.00212618 0.60137 -0.000153491 -9.80493e-05 0.000183363 0.000138611 -0.602167 -0.000181205 -3.0204e-05 -0.000125094 0.000226999 -0.597846 
175 0.47947 -0.00120111 -0.000219312 6.1552e-06 -0.00110743 0.474424 0.000115439 -9.83341e-05 0.000217824 -0.000126163 -0.475117 -0.000139458 2.33469e-05 -6.82541e-05 0.000190333 -0.470234 
176 0.569312 -0.000942167 0.000140739 -2.16341e-05 -0.000997283 0.56453 -3.47982e-05 -0.000227999 -0.000151902 -3.97419e-05 -0.564567 -0.000590758 2.20203e-05 -0.00021491 0.000517805 -0.560002 
177 0.568208 -0.000434726 -0.000241239 -7.82412e-06 -0.000487721 0.564083 0.000261658 0.00038087 0.000290053 -0.000239161 -0.56428 -2.78205e-06 -4.16644e-06 0.000422904 -4.62541e-05 -0.560304 
178 0.624606 -0.000294604 0.00044177 -0.000217778 -0.000195356 0.620071 9.24032e-05 -0.000837426 -0.00040865 -6.68376e-05 -0.620052 -5.39819e-05 6.17948e-05 -0.00079819 0.000168364 -0.615742 
179 0.67947 0.000123134 0.000599001 -6.44999e-05 0.000120302 0.674996 0.000735913 -0.00134199 -0.000448719 -0.000795616 -0.676364 -0.000491896 1.40101e-05 -0.00129671 0.000524582 -0.672016 
180 0.906083 0.00037492 -0.000697367 0.000281736 0.000477956 0.899484 1.70648e-05 0.00178626 0.000482824 -0.000156571 -0.90198 -0.00110754 -2.20343e-05 0.00176679 0.00121517 -0.895568 
