0 0.216818 -0.00049301 0.216812 0.216811 -4.79395e-05 0.216816 
1 1.64284 -0.0391916 1.6428 1.64225 -0.00220318 1.64229 
2 4.35795 -0.204974 4.35762 4.35247 -0.0115625 4.35279 
3 5.4955 -0.386025 5.49479 5.48037 -0.0217638 5.48107 
4 5.80376 -0.568721 5.80313 5.77391 -0.0320469 5.77453 
5 4.27063 -0.499358 4.26863 4.23765 -0.0281363 4.23965 
6 5.90319 -0.841269 5.90169 5.83903 -0.047375 5.84053 
7 4.2358 -0.698702 4.23501 4.17403 -0.0393414 4.17481 
8 5.26411 -1.01266 5.26261 5.15978 -0.0569736 5.16128 
9 3.03629 -0.644695 3.03449 2.96068 -0.0362709 2.96247 
10 4.66324 -1.1159 4.6616 4.51923 -0.0627273 4.52087 
11 4.60313 -1.19831 4.60186 4.43483 -0.0673129 4.4361 
12 4.57464 -1.29545 4.57317 4.37689 -0.0727278 4.37835 
13 4.91637 -1.51046 4.91527 4.66634 -0.0847168 4.66743 
14 4.00114 -1.30971 4.00029 3.76663 -0.0734622 3.76748 
15 3.76069 -1.31201 3.75992 3.50824 -0.0735264 3.509 
16 3.3307 -1.22016 3.32973 3.07947 -0.0683706 3.08043 
17 4.04015 -1.59083 4.03943 3.69228 -0.0890216 3.69299 
18 3.60873 -1.49128 3.60828 3.26376 -0.0834033 3.26421 
19 3.05978 -1.31889 3.05874 2.73485 -0.0737438 2.73589 
20 2.98276 -1.34324 2.9824 2.63372 -0.0750754 2.63407 
21 2.98519 -1.40886 2.98494 2.59964 -0.0786864 2.59987 
22 3.02187 -1.48046 3.02147 2.59599 -0.0826081 2.59638 
23 2.84591 -1.45043 2.84555 2.40654 -0.0808429 2.4069 
24 2.86797 -1.51266 2.86768 2.38789 -0.0843177 2.38817 
25 3.06128 -1.68318 3.06094 2.5032 -0.0936269 2.50351 
26 2.2914 -1.2758 2.29112 1.84859 -0.0710937 1.84886 
27 2.46429 -1.41416 2.46403 1.95273 -0.078745 1.95298 
28 2.46559 -1.46334 2.46537 1.914 -0.0813908 1.91421 
29 2.27003 -1.37515 2.26977 1.72987 -0.0765232 1.73011 
30 2.3684 -1.48045 2.36809 1.7637 -0.0822341 1.76399 
31 2.48522 -1.59757 2.48495 1.80669 -0.0887177 1.80694 
32 1.97473 -1.27455 1.97443 1.41066 -0.0709587 1.41095 
33 1.9936 -1.32212 1.99337 1.38714 -0.0735097 1.38735 
34 2.15345 -1.47445 2.15316 1.45572 -0.0816883 1.45599 
35 2.19929 -1.53384 2.19902 1.44547 -0.0849732 1.44571 
36 1.85051 -1.29267 1.85024 1.19246 -0.0718365 1.19271 
37 1.84605 -1.32084 1.8458 1.15022 -0.0733227 1.15045 
38 2.00239 -1.45267 2.00209 1.21056 -0.0807361 1.21083 
39 1.93927 -1.45763 1.939 1.11954 -0.0805067 1.11978 
40 1.76053 -1.30867 1.76019 0.997687 -0.0728079 0.997996 
41 1.57006 -1.14663 1.5697 0.876173 -0.0644769 0.87651 
42 1.82167 -1.38747 1.82132 0.957923 -0.0772757 0.958243 
43 1.82372 -1.43654 1.82335 0.905907 -0.0791739 0.906236 
44 1.45443 -1.11672 1.45408 0.712863 -0.0626566 0.713176 
45 1.61739 -1.27612 1.61704 0.745431 -0.0712796 0.745745 
46 1.4255 -1.12514 1.42512 0.630381 -0.0630377 0.630718 
47 1.51985 -1.20778 1.51944 0.64161 -0.0677111 0.641973 
48 1.54567 -1.25236 1.54524 0.608894 -0.0699331 0.60928 
49 1.43898 -1.15382 1.43853 0.545828 -0.065329 0.546238 
50 1.27139 -0.997401 1.27091 0.47037 -0.0573755 0.470792 
51 1.33832 -1.09639 1.33793 0.439508 -0.0620607 0.439854 
52 1.22869 -0.995555 1.22824 0.385384 -0.056923 0.385794 
53 1.32289 -1.10909 1.32245 0.362135 -0.0625773 0.362527 
54 1.19612 -0.972448 1.19563 0.322499 -0.0563101 0.322928 
55 1.19624 -0.993206 1.19579 0.281997 -0.0573438 0.2824 
56 1.2462 -1.04243 1.24564 0.259009 -0.0598799 0.259505 
57 1.19035 -0.991859 1.18972 0.221993 -0.0579546 0.222541 
58 1.1115 -0.915019 1.11092 0.189552 -0.0548403 0.190016 
59 1.18378 -0.990273 1.18317 0.162701 -0.0585916 0.163208 
60 1.07447 -0.881878 1.07386 0.134755 -0.054564 0.135244 
61 1.14174 -0.948095 1.14103 0.107034 -0.0580795 0.107609 
62 1.04607 -0.86171 1.04534 0.0765888 -0.0548067 0.0771614 
63 0.979966 -0.797681 0.979128 0.055837 -0.0527523 0.0564717 
64 1.09286 -0.910866 1.09202 0.0165091 -0.0586103 0.0171538 
65 0.958429 -0.77223 0.957605 0.0117047 -0.0536191 0.0123025 
66 0.972295 -0.78057 0.971466 -0.0114972 -0.0561203 -0.010926 
67 1.01612 -0.828037 1.01519 -0.0494888 -0.0582932 -0.0488648 
68 0.863762 -0.678946 0.862834 -0.0420385 -0.0518499 -0.0413956 
69 0.930703 -0.733658 0.929588 -0.073072 -0.0549287 -0.0723239 
70 0.920613 -0.717842 0.919502 -0.0893529 -0.0560328 -0.0886693 
71 0.943893 -0.751693 0.94279 -0.131641 -0.0574794 -0.130983 
72 0.873607 -0.680637 0.872518 -0.131746 -0.053537 -0.131077 
73 0.812681 -0.626672 0.811636 -0.141435 -0.0497292 -0.14076 
74 0.83721 -0.655936 0.836229 -0.179031 -0.0497734 -0.178447 
75 0.803562 -0.630226 0.802712 -0.195525 -0.048361 -0.195041 
76 0.882256 -0.6852 0.881188 -0.233777 -0.0529722 -0.233204 
77 0.839169 -0.655388 0.838115 -0.252022 -0.047611 -0.251449 
78 0.775102 -0.590668 0.774109 -0.239934 -0.0463722 -0.239423 
79 0.854762 -0.656345 0.85381 -0.298866 -0.0477681 -0.298268 
80 0.744365 -0.574575 0.743607 -0.286304 -0.0402197 -0.285861 
81 0.717609 -0.548824 0.716938 -0.293527 -0.0378886 -0.293162 
82 0.709093 -0.552496 0.708458 -0.322824 -0.0353425 -0.322507 
83 0.657653 -0.503856 0.657075 -0.310174 -0.0322898 -0.309904 
84 0.743693 -0.567802 0.743185 -0.375026 -0.0347374 -0.374766 
85 0.67095 -0.507689 0.670522 -0.353302 -0.0307099 -0.353095 
86 0.705405 -0.538464 0.705183 -0.401139 -0.0294481 -0.401023 
87 0.660452 -0.492534 0.660148 -0.383325 -0.0273894 -0.383163 
88 0.657386 -0.484345 0.657093 -0.394777 -0.0267209 -0.394625 
89 0.660053 -0.486032 0.659895 -0.41897 -0.0244319 -0.418877 
90 0.620145 -0.448871 0.620026 -0.403558 -0.0225999 -0.403498 
91 0.595557 -0.424935 0.595455 -0.399339 -0.0208027 -0.399282 
92 0.664344 -0.469617 0.66429 -0.461197 -0.0218869 -0.461166 
93 0.616778 -0.428901 0.616756 -0.438629 -0.0196221 -0.438615 
94 0.599403 -0.408874 0.599394 -0.435614 -0.0185004 -0.435609 
95 0.604718 -0.404592 0.604712 -0.448318 -0.0180993 -0.448314 
96 0.588738 -0.385744 0.588736 -0.444327 -0.0171425 -0.444326 
97 0.529841 -0.339651 0.52984 -0.406357 -0.0150373 -0.406356 
98 0.621592 -0.389506 0.62159 -0.484091 -0.0171865 -0.48409 
99 0.622275 -0.381461 0.622273 -0.491337 -0.0167789 -0.491336 
100 0.601329 -0.359568 0.601327 -0.481708 -0.0157597 -0.481707 
101 0.55726 -0.325448 0.557258 -0.452108 -0.0142221 -0.452108 
102 0.597675 -0.340565 0.597674 -0.49091 -0.0148341 -0.490909 
103 0.565067 -0.31416 0.565066 -0.469472 -0.0136396 -0.469471 
104 0.62767 -0.340336 0.627669 -0.527168 -0.0147294 -0.527168 
105 0.612792 -0.323375 0.61279 -0.520322 -0.013948 -0.520321 
106 0.574499 -0.295014 0.574498 -0.49279 -0.0126852 -0.49279 
107 0.584094 -0.292112 0.584093 -0.505636 -0.0125222 -0.505635 
108 0.602679 -0.293342 0.602677 -0.526306 -0.0125395 -0.526305 
109 0.623787 -0.295241 0.623785 -0.549337 -0.0125795 -0.549335 
110 0.579859 -0.266466 0.579858 -0.514872 -0.0113192 -0.514871 
111 0.551345 -0.246294 0.551344 -0.493156 -0.0104307 -0.493155 
112 0.573344 -0.248555 0.573343 -0.516543 -0.0104988 -0.516543 
113 0.626744 -0.263668 0.626741 -0.568432 -0.0111198 -0.568432 
114 0.521191 -0.212501 0.52119 -0.47581 -0.00892136 -0.475809 
115 0.555311 -0.219446 0.555309 -0.510021 -0.00918512 -0.51002 
116 0.522808 -0.200272 0.522807 -0.482847 -0.0083607 -0.482846 
117 0.546562 -0.202583 0.546557 -0.507532 -0.00844288 -0.50753 
118 0.489023 -0.175541 0.489022 -0.456367 -0.00728641 -0.456366 
119 0.536239 -0.185965 0.536239 -0.502895 -0.00769732 -0.502895 
120 0.549835 -0.184324 0.549833 -0.517949 -0.00762067 -0.517948 
121 0.521997 -0.169044 0.521994 -0.493729 -0.00701312 -0.493728 
122 0.561955 -0.175456 0.561952 -0.533777 -0.00722777 -0.533776 
123 0.576889 -0.173919 0.576887 -0.549957 -0.00714992 -0.549956 
124 0.513209 -0.149254 0.513208 -0.490963 -0.00610864 -0.490963 
125 0.487161 -0.136271 0.487158 -0.46765 -0.00557012 -0.46765 
126 0.607832 -0.163681 0.607829 -0.585292 -0.00667956 -0.585292 
127 0.592707 -0.15372 0.592701 -0.572345 -0.00626258 -0.572343 
128 0.569891 -0.142055 0.569889 -0.551842 -0.00576809 -0.551841 
129 0.579743 -0.138623 0.579741 -0.562884 -0.00560301 -0.562883 
130 0.572128 -0.131526 0.572124 -0.556758 -0.00530731 -0.556756 
131 0.540982 -0.119129 0.540979 -0.527649 -0.00480604 -0.527647 
132 0.570162 -0.120426 0.57016 -0.557227 -0.00486008 -0.557225 
133 0.54929 -0.110857 0.549278 -0.537888 -0.00448625 -0.537883 
134 0.571734 -0.110685 0.57173 -0.560822 -0.00447268 -0.56082 
135 0.603474 -0.111345 0.603466 -0.592972 -0.00452003 -0.592967 
136 0.520494 -0.0917234 0.520489 -0.512291 -0.00368139 -0.512288 
137 0.573068 -0.0963538 0.573058 -0.564799 -0.00389354 -0.564793 
138 0.519243 -0.0830451 0.519233 -0.512432 -0.0033715 -0.512427 
139 0.586115 -0.0892747 0.586106 -0.579171 -0.00359245 -0.579171 
140 0.57964 -0.0838737 0.579628 -0.573408 -0.00339995 -0.573402 
141 0.557542 -0.0767081 0.557523 -0.552143 -0.00310759 -0.55213 
142 0.534667 -0.0696648 0.534654 -0.529991 -0.00282652 -0.529983 
143 0.520751 -0.0642545 0.520737 -0.516625 -0.00263218 -0.516619 
144 0.539651 -0.0629122 0.539631 -0.535836 -0.00256869 -0.535822 
145 0.559684 -0.061711 0.559649 -0.556132 -0.00251863 -0.556107 
146 0.594945 -0.0617225 0.59492 -0.591539 -0.00256056 -0.591523 
147 0.639392 -0.0623886 0.639362 -0.636158 -0.00257005 -0.636135 
148 0.564756 -0.0517634 0.564717 -0.562202 -0.00215175 -0.562173 
149 0.569598 -0.0489719 0.569552 -0.567277 -0.00206738 -0.567244 
150 0.449888 -0.0361232 0.449839 -0.448156 -0.00163556 -0.448118 
151 0.528285 -0.0396283 0.528233 -0.5266 -0.00168808 -0.526558 
152 0.516464 -0.0361347 0.516343 -0.514921 -0.00160647 -0.514821 
153 0.577112 -0.0375745 0.576996 -0.575517 -0.00175015 -0.575426 
154 0.611105 -0.0367314 0.610889 -0.609495 -0.00179145 -0.609304 
155 0.592184 -0.0329779 0.591993 -0.590778 -0.00161369 -0.590612 
156 0.509684 -0.0261748 0.509448 -0.508459 -0.00132752 -0.508254 
157 0.500572 -0.0235698 0.50027 -0.499455 -0.00127671 -0.499183 
158 0.501323 -0.0216036 0.50094 -0.500275 -0.0011693 -0.499931 
159 0.545997 -0.021491 0.545541 -0.544759 -0.00129411 -0.544343 
160 0.492464 -0.017571 0.491806 -0.491119 -0.00130979 -0.490515 
161 0.679095 -0.0218601 0.678464 -0.677822 -0.00121978 -0.677256 
162 0.519818 -0.0149968 0.51897 -0.518583 -0.000990174 -0.517803 
163 0.530195 -0.0137036 0.528665 -0.528468 -0.00114062 -0.527017 
164 0.491167 -0.011367 0.490044 -0.489593 -0.000950354 -0.488553 
165 0.636816 -0.0127269 0.635201 -0.634694 -0.00133628 -0.633163 
166 0.5926 -0.0105221 0.590848 -0.590541 -0.00109743 -0.588902 
167 0.507797 -0.00783859 0.505474 -0.505214 -0.000893957 -0.503002 
168 0.530577 -0.00702659 0.528376 -0.527785 -0.00109168 -0.525712 
169 0.455758 -0.00508724 0.453052 -0.452565 -0.000960796 -0.450026 
170 0.658482 -0.00613724 0.655181 -0.65486 -0.00117941 -0.651719 
171 0.593296 -0.00431656 0.589742 -0.589834 -0.000937062 -0.586442 
172 0.4284 -0.00272183 0.424553 -0.424192 -0.000298434 -0.420514 
173 0.472186 -0.0022632 0.468283 -0.468364 -0.000269818 -0.464615 
174 0.605876 -0.0022041 0.60137 -0.602167 -0.000181205 -0.597846 
175 0.47947 -0.00120111 0.474424 -0.475117 -0.000139458 -0.470234 
176 0.569312 -0.000942167 0.56453 -0.564567 -0.000590758 -0.560002 
177 0.568208 -0.000434726 0.564083 -0.56428 -2.78205e-06 -0.560304 
178 0.624606 -0.000294604 0.620071 -0.620052 -5.39819e-05 -0.615742 
179 0.67947 0.000123134 0.674996 -0.676364 -0.000491896 -0.672016 
180 0.906083 0.00037492 0.899484 -0.90198 -0.00110754 -0.895568 
