0 2.66398 0.00232146 0.00189285 5.85802e-05 0.00256776 2.66303 0.00076515 7.33975e-05 0.00148909 0.00069416 2.66083 -0.00072908 0.000145968 -0.000198343 0.000689559 2.66021 
1 7.59705 -0.0636908 0.0283484 0.00432777 -0.077362 7.49261 -0.00458154 0.0139794 0.0187957 0.00340858 7.48901 -0.00274509 0.00150782 -0.0197445 0.0271012 7.3895 
2 5.60212 -0.0734302 0.00934347 0.000954783 -0.0759092 5.5108 0.0139032 0.018835 0.015601 0.00933987 5.44696 0.000973579 -0.000280625 0.0045707 -0.00592852 5.36294 
3 4.76749 0.0062412 0.0180439 0.003629 -0.00929825 4.66167 0.0141355 -0.0114814 0.0193824 0.0151704 4.71451 0.0171055 0.00206389 0.00247952 0.00906387 4.61998 
4 4.85605 -0.0721215 0.0148574 -0.000451262 -0.0678007 4.81129 -0.00212132 -0.00211704 0.00917872 -0.00573952 4.75918 -0.00518082 -0.00024247 0.000143662 0.00155544 4.71758 
5 5.36149 -0.157129 0.00407329 -0.000752894 -0.158166 5.31119 0.00625462 -0.0017133 -0.000111146 0.00930813 5.28724 -0.00226439 -0.000543647 -0.00528434 0.00720514 5.24174 
6 5.61395 -0.205769 0.00236736 -0.000696518 -0.202508 5.53815 0.0348913 -0.00485316 -0.00538335 0.0374243 5.48685 -0.00577023 6.44511e-06 -0.001777 0.0019111 5.42459 
7 5.06559 -0.199242 -0.00316636 -0.00209734 -0.200339 5.02219 0.00455621 0.0100371 0.00221117 0.00313906 4.98515 0.000519211 -0.00164406 0.00485429 -0.00360765 4.94995 
8 4.06921 -0.14914 -0.00378948 -0.00191204 -0.15246 4.02888 -0.00577716 -0.000883191 -0.00558587 -0.00249899 4.02361 0.00708869 -0.00100586 -0.00115875 -0.00203201 3.98618 
9 4.6372 -0.240176 0.00312109 -0.000524433 -0.236898 4.60286 -0.00668084 -0.00293759 0.000711984 -0.000241496 4.54689 -0.00253319 0.000412345 -0.00164215 -0.00727043 4.52193 
10 4.452 -0.258721 -0.000670822 -0.000866644 -0.258073 4.4146 0.0129063 0.00141981 0.000570384 0.00703792 4.37333 0.00527123 -0.000938092 9.8966e-05 -0.00372423 4.34145 
11 4.45678 -0.239762 0.00356928 0.00036354 -0.239019 4.40954 -0.00689808 0.00210265 0.00288266 -0.00876676 4.37081 -0.00135035 0.000443413 -0.00274424 -0.00244951 4.33021 
12 4.73357 -0.284657 0.00193877 0.00134675 -0.284416 4.65832 -0.0019323 0.00532611 0.00641524 -0.000934123 4.65462 0.00213033 0.000381562 0.00219582 0.00293483 4.58912 
13 4.29862 -0.326478 -9.59182e-05 -0.00100478 -0.324128 4.23832 0.0130283 0.00225064 -0.000828584 0.00473694 4.17445 -0.0044291 -0.000355495 -0.00056306 0.000106362 4.12378 
14 4.68948 -0.353813 -0.000712866 0.000960633 -0.348944 4.64011 0.00066212 -0.00284989 0.00397518 0.00332388 4.55686 -0.0050657 -0.00116886 0.00964032 -0.000744175 4.51526 
15 4.3059 -0.324255 0.00510152 0.000421297 -0.323117 4.28272 0.0040948 -0.00441114 0.00253522 -0.00191241 4.19295 -0.000494002 -0.00046022 -0.00316215 -0.00349564 4.17733 
16 3.92238 -0.313408 0.00211506 0.000144552 -0.313002 3.8605 -0.00385615 -0.00814842 -0.00110545 -0.00811275 3.77123 -0.0103493 0.000288794 0.00311752 0.00347317 3.72301 
17 4.24875 -0.276411 -0.000859495 1.87369e-05 -0.279158 4.21267 -0.00631607 -0.000684714 -0.00216564 -7.4115e-05 4.13046 0.00189804 0.000457056 7.90273e-05 0.00298933 4.10441 
18 4.34516 -0.312442 -0.000465338 0.000509822 -0.314013 4.30328 0.00392127 0.00210151 0.0021553 0.00468456 4.18505 -0.00458177 0.000619318 0.004425 0.00139282 4.15624 
19 4.30207 -0.363792 0.00338254 0.00056864 -0.365222 4.27424 0.00671312 -0.00272328 0.000428239 0.0120468 4.14482 0.00241434 0.000212043 -0.00128914 -7.78027e-05 4.12439 
20 4.33037 -0.311942 -0.00253134 0.000447194 -0.312587 4.29299 0.00290595 0.00105928 -0.00124318 0.00476836 4.17636 9.51997e-05 0.000223609 0.00266205 0.00132096 4.14392 
21 3.7831 -0.242322 -0.000247192 0.000406236 -0.240955 3.74334 0.00729769 -0.000539153 -0.00170989 0.00609728 3.63195 -0.0028746 -0.000160782 0.00121829 0.00325773 3.60066 
22 4.01142 -0.284056 -0.00181388 0.000369748 -0.283094 3.98729 -0.00253511 -0.00471446 -0.00181215 -0.00355381 3.85424 -0.00407803 0.000257065 0.00165617 0.000450013 3.8369 
23 3.54825 -0.211703 4.75756e-05 0.000576259 -0.210845 3.50639 0.00116356 -0.00235335 -0.000872853 -0.0122169 3.40964 -0.00228039 0.000362361 -0.00143166 -0.00115906 3.37515 
24 3.67466 -0.244813 -0.00170139 -0.000695221 -0.242965 3.6441 0.0110319 -0.00105967 -0.000377661 0.00797295 3.50145 -0.00137433 -0.000322496 0.000528659 -0.00161123 3.48139 
25 3.85361 -0.298591 0.00281099 -0.000177057 -0.298763 3.82515 -0.000654681 -0.00178935 0.00270495 0.00193828 3.66057 -0.00115311 2.0806e-05 -0.00176121 0.0022644 3.63881 
26 3.55367 -0.281319 0.00256355 -4.17818e-05 -0.281251 3.52645 -0.00472051 -0.000469985 0.00115305 0.000120891 3.35311 0.00155575 -0.000472222 -0.00353766 0.00107553 3.33429 
27 3.84289 -0.261607 -0.00032704 0.000561578 -0.260406 3.80532 -0.00105527 9.70874e-05 -7.64892e-05 0.00163645 3.63589 -0.00200683 0.00027009 0.000518242 -0.000343329 3.60969 
28 3.31615 -0.182924 -0.00165259 -0.000297651 -0.183056 3.27803 -0.00576793 -0.000489305 -0.0011075 -0.00181059 3.13944 -0.00276888 -7.00135e-05 0.000934421 0.000555149 3.10945 
29 3.60049 -0.214737 -0.00109197 4.22559e-05 -0.216299 3.57555 -0.00716541 0.00338925 0.000545019 -0.00144026 3.39746 0.00250826 4.58651e-05 -0.00298464 0.00163517 3.38292 
30 3.32689 -0.230442 0.00112867 -8.84672e-05 -0.230399 3.29714 -0.00584189 -1.98017e-05 0.00172977 -0.00475182 3.11315 0.000112871 9.34477e-05 -0.000450888 -0.00170858 3.09172 
31 3.43892 -0.204 -0.00125825 6.28299e-06 -0.204566 3.41613 -0.00421777 8.64033e-05 -0.000112127 -0.00186808 3.2193 0.000611518 0.000484076 -0.000523091 -1.90427e-05 3.2052 
32 3.313 -0.190912 -0.0005772 1.89331e-05 -0.191651 3.29437 0.00469316 -0.00160749 -9.8537e-05 -0.00376636 3.08646 1.21127e-05 -6.83996e-05 0.00342314 0.00116725 3.07729 
33 3.40115 -0.174996 0.000287776 0.000392661 -0.17421 3.38746 0.00683578 0.00141705 -0.000511428 -0.00282912 3.16856 -0.00202232 8.49443e-05 -0.00152299 0.00218369 3.16213 
34 3.35627 -0.202033 -0.00107624 5.03942e-05 -0.20237 3.33275 0.00149415 0.000948718 -0.000671675 0.00207166 3.08516 -0.00278478 -0.000600318 0.00015451 0.00481671 3.07189 
35 3.08094 -0.139338 0.00168661 0.000273573 -0.140351 3.06666 0.000572699 -0.00228409 0.000380533 -0.00524666 2.84224 -0.00181873 -0.00034809 0.000422545 0.00436887 2.83764 
36 2.9476 -0.123539 0.00200816 -0.000114777 -0.122912 2.92411 -0.00179054 -0.00237721 0.00134795 -0.00174855 2.71416 -0.00222008 0.000126554 0.00109998 0.000764978 2.70113 
37 3.02328 -0.171636 -0.00148506 -0.000238454 -0.172209 3.00684 0.00345037 0.00282161 -0.00185128 -0.00514329 2.74095 0.00131555 -0.000115914 -0.00141803 0.00069268 2.73626 
38 2.83358 -0.0575769 0.000814649 3.6263e-05 -0.0578057 2.8205 0.0160476 -3.58171e-05 -0.000662885 -0.0102371 2.60906 -0.00030225 1.9116e-05 -0.000313631 0.00154215 2.60469 
39 2.90233 -0.104261 0.000979268 -0.000143698 -0.104237 2.89041 -0.0043072 -0.000153189 0.0003212 -0.000679556 2.62899 0.000691356 0.000171795 -0.000389729 -0.00147994 2.62835 
40 2.92052 -0.0696992 -0.0023022 -0.000583537 -0.0697765 2.90596 -0.00402302 -0.000377925 -0.00287843 -1.58616e-05 2.64749 -0.000144708 -9.31249e-05 -0.000381875 0.00132961 2.64117 
41 2.52014 -0.041095 -0.000679065 0.00040204 -0.0410675 2.50893 -0.000735124 0.000736286 -0.000648686 0.00336385 2.27981 6.7921e-05 0.000102008 -0.00101318 0.000563839 2.27941 
42 2.50249 -0.039475 -0.000648954 -1.15653e-05 -0.0395032 2.49004 -0.00400469 -0.000715985 -0.00033282 0.00321768 2.24575 -0.00272393 -0.000315224 0.000843996 0.00181596 2.24292 
43 2.61377 -0.080928 0.00032517 0.00030546 -0.0809414 2.59819 -0.00675578 0.00108026 0.000239936 0.00614042 2.30049 -5.19191e-05 -0.000164915 -0.00337288 0.00149478 2.29635 
44 2.48169 -0.0515357 0.00145273 -8.7874e-05 -0.0519776 2.46987 -0.00637045 -0.00125851 0.00181984 0.00510099 2.17352 0.00125315 1.0573e-05 -0.00141442 0.000134076 2.17336 
45 2.38355 -0.000689628 -0.00101303 -4.31366e-05 -0.000395603 2.37194 0.00410115 -0.00177929 -0.00188286 -0.00479014 2.11054 -0.00192093 5.25983e-05 -6.4482e-05 0.00208771 2.11066 
46 2.3472 0.0103486 -0.00249625 -0.00021186 0.0105365 2.33073 0.00396736 0.000817362 -0.00307043 -0.0046536 2.05972 -0.00255648 -0.000291924 -0.00172036 0.0022489 2.0573 
47 2.22196 -0.00190114 0.000753004 3.28978e-06 -0.00178602 2.20954 -0.00316194 -0.00192039 0.000557421 0.00556339 1.92558 -0.00318044 -0.000105691 0.000219329 0.000459359 1.92487 
48 2.09286 0.0201273 0.000278699 0.000130289 0.0191639 2.07936 8.19521e-05 -0.000346569 0.000321502 -0.0013522 1.80988 -0.000265498 -0.000186882 8.3731e-05 0.00143528 1.80716 
49 2.0154 0.0156236 0.000363437 -0.000123034 0.0146084 2.00508 0.0015581 0.000490431 0.000544097 -0.00111335 1.71844 -0.00120753 9.11723e-06 0.000926812 0.00163304 1.7203 
50 1.93223 0.0293291 -0.000566179 0.000434149 0.0291217 1.92214 -0.00833614 0.000378287 0.00154505 0.0077506 1.63691 2.12324e-05 0.000644997 0.000937962 0.000587972 1.6385 
51 1.89031 0.0530773 -0.000908038 0.000179424 0.0535669 1.88039 0.00547017 -4.83224e-05 -0.00257813 -0.0054146 1.604 -0.00158127 -0.000148217 -0.000362511 0.00131333 1.60669 
52 1.87697 0.0476112 -0.00101634 -0.00012033 0.0479895 1.86387 -0.00949795 4.84866e-05 0.000611049 0.0116297 1.56641 -0.0036525 -0.00026424 -0.000537466 0.00285504 1.56723 
53 1.78421 0.0601599 -0.00194579 5.71792e-05 0.0598946 1.77342 -0.00377466 -0.00198234 -0.000851216 0.0040352 1.48005 -0.00151164 -0.000347993 0.000660103 0.00237629 1.48132 
54 1.80794 0.0482278 0.000240875 -7.32214e-05 0.0473501 1.7968 0.00672765 -7.81519e-05 -0.00209764 -0.00970013 1.4743 -0.00130822 -3.76397e-05 -0.000436488 0.00028389 1.47821 
55 1.64807 0.0726761 -0.00149638 0.000321758 0.073739 1.63743 0.00153266 0.000823781 -0.00247728 -0.00323782 1.341 -0.00233237 0.000250469 -0.000783341 0.00142825 1.34416 
56 1.68807 0.0805556 -0.000674767 -7.83049e-05 0.0802939 1.67614 0.00417361 -0.00158136 -0.000822178 -0.00272207 1.3592 -0.00436636 0.00032848 0.000592779 0.00427302 1.36149 
57 1.55794 0.048862 0.000308015 -0.00052634 0.0487256 1.54725 0.00396496 0.00150665 0.000211288 -0.00199264 1.21368 -0.0040278 0.000319945 0.000272415 0.00405844 1.2165 
58 1.47896 0.0447239 0.00285743 -0.000241685 0.0444703 1.46726 0.0063392 -0.00174235 0.000585489 -0.00756741 1.1289 -0.00402953 8.90559e-05 0.00125434 0.00413055 1.13115 
59 1.45998 0.0667093 0.00153926 -0.00104062 0.0663571 1.44746 -0.00605397 0.0019187 0.00374552 0.00912862 1.1062 -0.00794576 0.000852298 -0.00130085 0.00834651 1.10948 
60 1.35354 0.0423052 -0.00220558 0.000475422 0.0414249 1.3403 -0.00116221 0.00106193 -0.000832581 1.95968e-05 0.991128 -0.00559384 0.000314938 0.000322764 0.00658161 0.994878 
61 1.40354 0.066958 0.00118094 0.000138529 0.0666498 1.39154 0.00251984 -0.00164654 0.000260223 -0.00299934 1.03106 -0.00444817 -0.000707662 -0.000570536 0.00523523 1.03626 
62 1.25952 0.0371004 -0.00184882 -0.000388734 0.0371805 1.24886 -0.00643388 0.000300963 0.000662615 0.00763304 0.884394 -0.00660831 0.00028095 -0.00121837 0.0070043 0.888858 
63 1.15183 0.0553401 -0.000813982 -9.63281e-05 0.0563778 1.14016 -0.00398336 0.000247259 0.000287597 0.000845308 0.810681 -0.00714892 -3.7115e-05 -0.000408027 0.0059296 0.816176 
64 1.12119 0.0572984 -0.000255377 0.000319935 0.0581458 1.10807 0.000608083 -0.000835708 -0.00235932 -0.000818249 0.764892 -0.0113006 -7.10803e-05 0.00127493 0.0103903 0.770656 
65 1.15001 0.057117 -0.0016917 -0.000234908 0.0573978 1.13952 -0.00482259 0.000893881 0.000614153 0.00494687 0.770478 -0.00728934 0.000403343 0.000347222 0.0073115 0.775822 
66 1.02369 0.0380683 0.0022915 -0.000755766 0.0378524 1.01238 0.00597578 -0.000555289 7.59426e-05 -0.00412257 0.6567 -0.0115561 -0.000264717 -0.00166447 0.0117755 0.663172 
67 1.08809 0.0679703 -0.00268072 0.000738445 0.0679634 1.07366 -0.008258 -0.000429418 -0.000436303 0.00296919 0.693357 -0.0139886 -0.000381221 0.000648926 0.0153746 0.69803 
68 0.955614 0.04547 0.000974741 0.000832758 0.0454971 0.943951 0.000937859 0.000554522 -0.000431251 -0.00156921 0.588052 -0.010175 0.000124385 0.0016845 0.00957855 0.593602 
69 0.943565 0.0859776 0.00041268 -0.000764545 0.086157 0.931225 -0.000678105 -0.00022883 0.00127694 0.00446665 0.59264 -0.0123038 0.000262403 -0.00244045 0.0120196 0.598683 
70 0.832076 0.0322458 0.000988178 -0.000427002 0.0319597 0.818183 0.00621437 -0.000112946 -9.5239e-05 -0.00357721 0.46208 -0.0145648 -0.000185974 -0.00222951 0.01361 0.46877 
71 0.928799 0.0632588 0.000228648 -0.000504007 0.0631529 0.919525 -2.29703e-05 -0.00271125 -0.000739159 -0.00141277 0.538904 -0.0129608 -0.000334045 -0.00260858 0.0133146 0.544331 
72 0.716265 0.0115898 0.000925716 0.000168597 0.0114511 0.701327 0.00741879 -0.00262565 -0.00217276 -0.00694459 0.352973 -0.0150077 -0.000435685 -0.000794153 0.015948 0.357576 
73 0.681581 0.00738225 0.00147834 -0.00012482 0.00713726 0.670283 0.00636938 -0.000250153 -0.00124826 -0.00561645 0.323967 -0.01459 -7.41771e-05 -0.000207762 0.0146992 0.32897 
74 0.691988 0.0269307 -0.000422762 1.58728e-05 0.02776 0.680247 -0.00425104 0.00165386 0.000298798 0.00408428 0.333612 -0.0137908 0.000490083 0.000629123 0.0132902 0.337497 
75 0.681569 0.042456 0.00210411 -0.00101832 0.0424978 0.668516 0.00313651 -0.00205026 -0.00121555 -0.0016737 0.321532 -0.0204257 -0.000737349 -0.00455931 0.0202696 0.327619 
76 0.655863 0.00958303 -0.00256384 -7.26959e-05 0.00957271 0.646658 -0.00811816 -0.000555629 0.00223194 0.00635987 0.274828 -0.014981 -0.000207135 -0.000601899 0.0153482 0.278332 
77 0.548478 -0.00538631 -0.00198838 0.000403313 -0.00531707 0.537316 -0.00198146 -0.000157255 0.000847945 0.00109361 0.199725 -0.0160063 -0.000129393 0.000453595 0.015447 0.205063 
78 0.495152 -0.0561425 0.00160985 4.18257e-06 -0.056275 0.4855 0.00470115 0.000998848 -0.000285109 -0.00402879 0.111976 -0.0170734 0.000992148 0.000712476 0.016714 0.116627 
79 0.503921 -0.0410078 0.00190949 -2.7421e-06 -0.0403376 0.493285 0.00387171 -0.00244573 -0.00170726 -0.00457411 0.119306 -0.021178 -0.000958964 -0.0002395 0.0205142 0.126196 
80 0.469246 -0.0583505 -0.000374127 0.000705509 -0.058621 0.46 -0.00246297 -0.00110173 -0.000639136 0.00162473 0.0763745 -0.0191162 -0.000293133 0.000193651 0.0190553 0.0808606 
81 0.463163 -0.0350323 0.000260071 -0.000635386 -0.0349065 0.454102 0.00373724 0.000487977 0.00140966 -0.00171729 0.0952973 -0.0137782 1.40741e-05 -0.00147997 0.0136781 0.101059 
82 0.44098 -0.0532244 -0.000224918 0.000327361 -0.0532691 0.432234 0.000784607 -0.00181472 -0.000158317 -0.000894795 0.0550793 -0.0191493 -0.00025594 -0.00150556 0.0194426 0.0593556 
83 0.426695 -0.0598167 0.00177618 -0.000267041 -0.0598581 0.416355 0.00697038 -0.00310698 -0.000834498 -0.00426846 0.034723 -0.0212329 0.000706472 -0.00490647 0.0221331 0.039943 
84 0.367728 -0.0502667 -8.97844e-05 -0.000395469 -0.0504773 0.35971 -0.000787182 0.00140591 0.000908276 0.00199213 0.019938 -0.0198013 0.000183644 3.61512e-05 0.0197188 0.024417 
85 0.353175 -0.080297 1.90495e-05 -0.000385776 -0.0804486 0.343697 0.000611596 0.000776858 0.000755436 -0.000722428 -0.0211806 -0.0133037 0.000253141 3.75191e-05 0.0132454 -0.0175394 
86 0.395661 -0.0640611 0.000835313 -0.000374039 -0.0637214 0.38573 0.0016594 -0.00293041 -0.000780527 -0.000716683 -0.00965524 -0.0187939 -0.000193955 -0.00275784 0.0184228 -0.00416195 
87 0.295108 -0.0828974 0.00256124 -0.000279018 -0.0834029 0.286604 0.00595839 -0.00197117 -0.00211704 -0.0057696 -0.0589871 -0.016779 -0.000244407 -0.0026748 0.0187539 -0.0548861 
88 0.264077 -0.066215 0.000848234 -0.000705748 -0.0659547 0.254916 0.00190715 0.00111122 3.49482e-05 -0.00103917 -0.0445581 -0.0125032 -0.000270674 -0.000830517 0.0120457 -0.0424695 
89 0.290277 -0.0891222 -0.00165159 0.000366772 -0.0890073 0.282344 -0.00348198 0.000207631 0.000615241 0.00203238 -0.0869697 -0.0241042 -0.000480556 0.0024033 0.023574 -0.0840121 
90 0.268026 -0.108308 0.00130743 -0.000354486 -0.108574 0.2609 0.00125989 0.00364182 -0.000917305 0.00084879 -0.117382 -0.0180255 0.000303957 0.00309824 0.0188597 -0.114251 
91 0.272457 -0.0986956 -0.000211057 -0.000415169 -0.0991352 0.266926 3.35429e-05 -0.00136673 0.000711945 0.000987399 -0.0963379 -0.00988409 -1.96717e-05 -0.000505534 0.0102713 -0.0936524 
92 0.23704 -0.10357 0.00114462 -0.000154834 -0.104126 0.231245 0.00151862 0.000225761 -0.000502412 -0.00132492 -0.116175 -0.0106278 0.000290405 -0.00172116 0.0113081 -0.114181 
93 0.23028 -0.0998835 -0.000164408 8.00243e-05 -0.100377 0.225721 0.000547393 0.000447693 0.000475196 0.000262467 -0.117293 -0.0087855 0.000209078 -0.000378416 0.00883042 -0.116026 
94 0.2323 -0.0820026 -0.000355165 -0.000213676 -0.0821621 0.227272 -0.000226032 0.000399126 0.000819342 -0.000975832 -0.107291 -0.0144418 0.000213134 -0.000419587 0.0144124 -0.106767 
95 0.209698 -0.0935679 -0.00037172 -8.73665e-05 -0.0935814 0.205418 -0.00152786 0.00101653 0.000225358 0.00119373 -0.125825 -0.0119095 -0.000211292 0.00265343 0.0116054 -0.124969 
96 0.233964 -0.105012 -0.00122267 -9.41499e-06 -0.105008 0.230079 -0.00309879 0.00116709 0.000308837 0.00115538 -0.143186 -0.00810309 -0.000233485 0.00137184 0.00856743 -0.14174 
97 0.23368 -0.094675 -0.000859597 6.69289e-05 -0.0947446 0.229483 -0.00142593 -0.00114991 0.00052782 0.000903502 -0.138382 -0.0112643 -0.000152985 0.00130419 0.0110421 -0.137398 
98 0.222639 -0.0989292 0.000358219 -0.000157607 -0.0989859 0.218475 0.00051969 -0.00108969 -0.000356248 -0.00075801 -0.147936 -0.00955614 -0.000474345 -9.72579e-05 0.00899258 -0.1468 
99 0.18703 -0.0833881 0.00028725 -0.000262225 -0.0832741 0.182784 0.00134717 -0.000279101 0.000190122 -0.000547948 -0.12901 -0.00559949 -1.89751e-05 -0.000814993 0.00620288 -0.128312 
100 0.208543 -0.0967025 8.63049e-05 0.000121367 -0.0967544 0.204094 0.000876211 1.85558e-05 2.83093e-05 0.000911461 -0.15456 -0.00993767 -0.000104538 0.00049135 0.00912351 -0.153906 
101 0.1723 -0.074775 -5.048e-05 -0.000202355 -0.0751663 0.16788 0.00056712 3.75218e-05 0.000250189 -0.000907824 -0.127506 -0.0107871 3.67776e-05 -0.00115417 0.0107569 -0.125353 
102 0.196585 -0.0900225 -0.000413315 0.000286738 -0.0896705 0.193905 -0.00126588 0.0015375 -6.43834e-05 0.00124615 -0.150241 -0.00696124 4.11987e-05 0.000604761 0.00723504 -0.150089 
103 0.19597 -0.0924527 -8.09768e-05 -7.72617e-05 -0.0923387 0.192192 -0.00100166 0.00144048 0.000200739 0.000726244 -0.155705 -0.00205439 -0.000297606 7.43184e-05 0.00149219 -0.155447 
104 0.189976 -0.0876447 0.000516723 -7.26591e-05 -0.0880224 0.186717 0.00183174 -0.00159721 0.000108101 0.000585903 -0.153616 -0.00536845 0.000110341 -0.000869967 0.00474242 -0.153567 
105 0.194994 -0.0836587 0.000288842 -0.000293052 -0.0835319 0.190361 0.00160535 0.000341856 0.000414811 0.00148348 -0.15469 -0.00961742 0.000150612 3.69321e-05 0.00969755 -0.154878 
106 0.183103 -0.0779292 -7.81507e-05 0.000139667 -0.0783235 0.178428 -0.000744671 0.000229625 0.000260911 4.53372e-05 -0.150256 -0.00512139 0.000352366 0.00119745 0.00529381 -0.150505 
107 0.173328 -0.0726739 -0.000211691 2.40293e-05 -0.0731465 0.168816 -0.000828823 0.000360672 -8.50559e-05 -0.000638562 -0.142952 -0.00606487 4.59068e-05 -0.000205637 0.00657045 -0.142662 
108 0.179571 -0.0764164 0.000153531 -0.000534157 -0.0762041 0.175622 -0.000196039 -0.000357403 0.000297536 0.00124511 -0.152337 -0.0012477 0.000112762 -0.000227839 0.00126651 -0.153213 
109 0.175622 -0.0736701 -0.000544157 -6.99376e-05 -0.0737638 0.172396 -0.000104655 0.00082318 -0.000236537 0.000171635 -0.151266 0.000168049 -0.000112422 -0.00086364 0.00021462 -0.152294 
110 0.181924 -0.0750745 -0.000148706 3.15615e-05 -0.0751667 0.179662 -0.000456268 0.000121272 0.000111189 7.24178e-07 -0.160053 0.00139799 9.60765e-05 -0.000508165 -0.0013431 -0.160409 
111 0.179834 -0.0698641 0.000929799 -0.000298459 -0.0697938 0.17612 0.00133461 -0.00152306 -0.000774026 -0.00107652 -0.156745 -0.00139954 -7.00807e-05 -0.00188237 0.00178716 -0.155005 
112 0.164444 -0.0639993 0.000528374 -6.31945e-05 -0.0639889 0.162114 0.000681358 -0.000313446 3.91789e-05 0.000742151 -0.145438 0.000332357 5.2974e-05 9.76783e-05 -0.000552462 -0.145999 
113 0.183949 -0.0683379 -0.000182017 0.000304274 -0.068248 0.180427 -0.000245461 -0.00102713 -0.000540919 -0.00142348 -0.163353 -0.00203107 -0.00025939 -0.00127357 0.00167332 -0.16325 
114 0.164704 -0.0577477 0.000727446 4.80438e-05 -0.0576346 0.161292 0.000804818 -0.000434811 -0.000500794 -0.000164389 -0.144512 0.00164431 -0.000226235 0.000662984 -0.00157224 -0.144221 
115 0.182042 -0.0641876 0.000214993 5.27177e-05 -0.0644349 0.177162 0.000137897 9.47558e-05 -0.000170385 -0.000189368 -0.163061 0.00212627 0.000114411 0.000381862 -0.00285699 -0.163801 
116 0.153556 -0.0508008 -6.94714e-05 -0.000270404 -0.0514206 0.149036 -0.00115643 0.00160023 -0.000226621 -0.000572699 -0.136293 0.00152013 0.000254631 -0.000128011 -0.00170348 -0.138681 
117 0.172094 -0.056758 -0.00037473 0.000125922 -0.0565833 0.169103 -0.000146089 -0.000705809 -4.2471e-06 -0.000125457 -0.156974 -0.000966643 -0.000294542 -0.00010509 0.00083261 -0.156423 
118 0.160775 -0.0509576 -8.92457e-05 5.14351e-06 -0.0513646 0.15654 0.000105929 0.000104735 -0.000364398 -0.000419167 -0.145574 0.00116596 0.000183418 -0.000119763 -0.00208266 -0.14649 
119 0.179111 -0.0542349 -0.000189061 -0.000114163 -0.0540051 0.173449 -0.000634143 -0.000250922 2.41671e-05 -0.00145122 -0.163187 0.000441727 -0.000130641 -0.00143863 0.000381206 -0.161606 
120 0.177343 -0.0531225 0.000110868 -9.62351e-06 -0.0532564 0.173345 -0.000517292 -0.000243125 0.000424294 0.0011271 -0.163911 0.00112744 -4.81358e-05 0.0003681 -0.00140916 -0.162688 
121 0.175475 -0.0507119 -0.000552389 -7.0318e-05 -0.0506311 0.170807 -0.00168799 0.000539017 -0.000610832 -0.001606 -0.161045 0.00299266 -5.54756e-06 -0.00138232 -0.00238001 -0.161286 
122 0.179308 -0.0510336 0.000264822 3.6063e-05 -0.0510912 0.176116 0.000565877 0.000488165 -0.000458466 -0.000833662 -0.164787 0.000508008 -8.00185e-05 0.000241533 -0.00085622 -0.165492 
123 0.175133 -0.0485412 3.21387e-05 8.40471e-05 -0.0483583 0.170817 -0.000407578 -8.52116e-05 3.94192e-05 -0.000128966 -0.163014 0.000568287 -1.02628e-05 0.000412825 -0.00156931 -0.163656 
124 0.165082 -0.0434432 9.89812e-05 -0.000175877 -0.0431063 0.16095 0.000872293 9.96831e-05 -0.00048716 0.000553879 -0.153146 0.0018853 -0.000160422 0.000359833 -0.00150381 -0.153025 
125 0.175833 -0.0441808 0.000416143 -0.000137748 -0.04407 0.171452 -0.00023674 -7.14042e-06 0.000379282 9.05486e-05 -0.163035 0.000816433 0.000188447 0.00119478 -0.000822193 -0.162968 
126 0.172495 -0.0432603 -0.000158885 8.76887e-05 -0.0435269 0.170152 0.000734514 -0.0006792 0.000466172 -0.00015973 -0.163157 0.00065026 0.000243652 0.00028188 -0.000444423 -0.162926 
127 0.176569 -0.0415517 0.000201299 -0.000116804 -0.0414297 0.173129 2.35621e-05 3.46596e-07 0.000208846 0.0013418 -0.165083 0.00162261 -1.09955e-05 -0.000294211 -0.00111227 -0.165403 
128 0.163481 -0.0348101 0.000635991 -0.000162303 -0.0351916 0.156668 5.00582e-05 -0.000538425 -0.000320059 -0.000899854 -0.149444 0.00410391 0.000131757 0.000942662 -0.00471116 -0.148991 
129 0.174333 -0.036783 0.000157093 5.19406e-05 -0.0362727 0.169256 0.000540238 -0.000602624 0.000283354 0.00139528 -0.161085 0.00378504 -0.000190949 3.71939e-05 -0.0029792 -0.161662 
130 0.178722 -0.0359655 -3.85303e-05 7.28236e-05 -0.0359774 0.173113 -0.000150564 0.0011006 -0.000518807 -0.00106156 -0.166813 0.00222287 -5.61066e-05 -0.000481031 -0.00213291 -0.169135 
131 0.171619 -0.0349082 -0.000227108 0.000248864 -0.0346897 0.168511 -0.000742779 8.16088e-05 1.32324e-10 5.97519e-05 -0.162104 0.000421134 3.2953e-06 0.000226994 -0.000732235 -0.161457 
132 0.166545 -0.0299429 0.00108091 -0.000605907 -0.0299913 0.159835 0.000656329 0.00128085 -0.000432124 0.00155033 -0.155089 0.00085691 0.00010571 0.00167013 -0.000153615 -0.154465 
133 0.167331 -0.0301236 0.000373479 -0.000389541 -0.0304014 0.161108 -0.000144988 0.000519664 -0.000918772 -0.00111211 -0.158224 0.00209793 -0.000456833 -5.55751e-05 -0.00215184 -0.156756 
134 0.176409 -0.031345 9.78288e-05 0.00016279 -0.0312549 0.170895 -8.6982e-05 0.000873156 0.000145756 -0.000697023 -0.168149 0.000875553 -0.000223256 0.00116049 -0.0015115 -0.166506 
135 0.187265 -0.032226 -7.11543e-06 -5.084e-05 -0.0321316 0.182141 -1.42098e-05 0.000462636 -8.04843e-05 0.00084022 -0.177661 0.00168737 0.000152031 -0.000176916 -0.00101411 -0.177662 
136 0.170704 -0.0270127 -0.000617283 7.70657e-05 -0.0271821 0.165153 -0.000683712 -0.000709501 0.000598696 6.96289e-05 -0.16154 0.00114591 -9.01318e-05 -0.000415321 -0.000565637 -0.159127 
137 0.16401 -0.0258238 0.000582825 3.7267e-05 -0.026012 0.160738 -0.000262765 -0.000158309 -0.000218197 -0.000200984 -0.157395 0.000614947 7.95787e-05 0.000256673 -0.000517618 -0.155652 
138 0.187329 -0.0276005 -0.000202928 -6.65501e-05 -0.0272099 0.181724 -0.000459226 0.000337746 0.000371752 0.000598993 -0.178985 0.0011745 0.00012443 -0.00052753 -0.000850305 -0.179555 
139 0.197311 -0.0277728 3.82142e-05 -0.000100622 -0.0278631 0.193197 -0.000352919 -0.000110252 0.000262692 -0.00102465 -0.18961 0.00160605 0.000196161 -1.42643e-05 -0.00077988 -0.189658 
140 0.186739 -0.0257749 0.000201826 -9.66324e-05 -0.0251429 0.18224 -0.000219806 0.000223418 -6.84783e-05 8.9131e-05 -0.179851 0.00164979 -9.62998e-05 0.000369421 9.96378e-05 -0.178832 
141 0.172372 -0.0219858 -0.000302653 -1.20435e-07 -0.0214595 0.166798 0.000703532 -0.000663387 0.000528446 0.000720166 -0.163674 0.000413784 8.27749e-05 -1.45485e-05 -6.00264e-05 -0.160875 
142 0.165901 -0.0200509 0.000286177 0.000151452 -0.0194704 0.159892 0.000748492 -0.00126418 9.83125e-05 0.00100103 -0.157033 0.00207589 0.000258006 -0.000409565 -0.0012145 -0.154919 
143 0.168704 -0.018026 0.000543609 0.000108027 -0.0190307 0.161061 0.002104 -0.000737439 0.000666224 0.00188745 -0.159771 0.000919482 0.000287859 0.00115027 -0.00119929 -0.158875 
144 0.148887 -0.014558 -0.000221239 0.000241593 -0.0148318 0.139234 0.00011162 0.000725592 0.00126385 0.00152265 -0.13901 0.00205219 0.000135113 0.00249114 -0.00030893 -0.134938 
145 0.170739 -0.017039 -0.000306039 0.000280607 -0.0164955 0.162763 -0.000997207 0.000321181 -0.000889313 0.000146207 -0.161288 0.000131374 -0.000150829 -0.000950845 -0.00149539 -0.159431 
146 0.184461 -0.0183104 -0.00031019 0.000278111 -0.01832 0.174567 -0.000494815 -0.000153145 -0.000226446 -0.000871824 -0.17363 -0.00123663 -2.04169e-06 -0.000685159 0.000140509 -0.171862 
147 0.173657 -0.014445 0.000774943 -0.000205098 -0.0141658 0.166239 0.000121154 -0.000677445 -0.000913036 -0.000169262 -0.162615 0.00138509 -2.32076e-05 -0.00108074 -0.00141478 -0.158432 
148 0.147399 -0.0113765 -0.00236127 0.000629628 -0.01088 0.134768 -0.000473983 0.00139839 0.00245089 0.000360938 -0.138254 0.00108308 0.000231235 0.0012546 -0.00128572 -0.129432 
149 0.179031 -0.0131255 0.00110154 0.000545209 -0.0129976 0.167608 0.00200511 0.00130525 -0.000757834 -0.000775193 -0.168836 0.00254358 0.00038542 0.00132236 -0.0016685 -0.159836 
150 0.192685 -0.012012 -0.00168239 0.000493723 -0.0131892 0.173965 -6.08416e-05 0.00341692 0.00102587 0.000513446 -0.181167 0.000235989 -4.09464e-05 0.00238184 -0.00129245 -0.168684 
151 0.221079 -0.0121025 0.00255652 7.40038e-07 -0.0108589 0.19953 -0.0053947 -0.000752247 -0.00276856 0.00327681 -0.203375 0.00187126 -0.00072399 -0.00256458 -0.000104095 -0.187469 
152 0.205099 -0.013395 0.00197631 8.76312e-05 -0.0136032 0.184777 0.00101156 0.00229248 -0.00309353 -0.000628723 -0.189686 -0.00147268 -0.000630037 0.00149554 0.00137935 -0.172433 
153 0.201561 -0.0145272 -0.000866782 0.000166032 -0.0127339 0.181046 0.00593958 -0.000171458 0.0019977 -0.00414483 -0.178342 0.00245818 -0.000295092 0.0017095 -5.13858e-06 -0.162609 
154 0.18488 -0.016201 -0.000915714 0.000590407 -0.0149273 0.156156 0.000189077 0.00684045 0.000757045 -0.00103436 -0.153421 0.00213484 -0.00055673 0.00549537 -0.00208306 -0.132044 
155 0.245567 -0.0125148 0.00266413 0.000273252 -0.0117354 0.196498 0.00497933 -0.000855596 -0.00311203 -0.000904883 -0.195094 -0.00932345 -0.000600669 -0.000510456 0.00948048 -0.155398 
156 0.239636 -0.0113007 2.47497e-05 -0.000336563 -0.0102793 0.193946 0.0003789 0.000727618 3.57625e-05 -0.000445292 -0.190437 -0.00404711 0.000446643 0.00240871 0.00299259 -0.153312 
157 0.336074 -0.0135466 0.0027649 -0.00127122 -0.0113429 0.263514 -0.00265855 0.00597044 -0.000955709 -0.000276271 -0.252467 -0.0168502 -0.00188876 0.00669356 0.0172376 -0.187246 
158 0.310675 -0.0133536 0.0029997 0.000221145 -0.0132967 0.26161 0.00228465 -0.00168052 -0.00216382 0.000621559 -0.242883 -0.00412376 -0.000169929 0.00084095 0.00537427 -0.200515 
159 0.365142 -0.0144574 0.00259524 -0.00155704 -0.0146747 0.297043 -0.00275031 0.00363862 0.000502949 0.0023456 -0.266854 -0.00644621 0.0011951 0.00291359 0.00534965 -0.207228 
160 0.402973 -0.0267723 0.00934397 0.000726542 -0.0255549 0.285906 -0.00338052 -0.00376578 -0.0107173 0.00515455 -0.283108 0.00148785 0.000708883 -0.00462377 -0.00103525 -0.177667 
161 0.517994 -0.0343851 0.00911412 -0.000305657 -0.0348492 0.362335 -0.0303341 -0.0104485 -0.00753561 0.0275063 -0.390263 -0.00248983 -0.00011477 -0.012188 0.00221884 -0.24684 
162 0.618896 -0.0395974 0.00850765 0.000608232 -0.0428159 0.394232 0.00915516 -0.0244442 -0.0106648 -0.00644776 -0.430636 0.0137397 0.000463048 -0.0263926 -0.0185311 -0.219843 
163 0.714252 -0.0200587 -0.00751768 -0.000422104 -0.0257212 0.457759 -0.0111273 0.00399616 0.00834533 0.0158975 -0.518578 -0.0261702 0.00157578 0.00442295 0.0218037 -0.278734 
164 0.776197 -0.046365 0.0132152 0.00178173 -0.0424728 0.573051 -0.0115268 -0.0158007 -0.0136624 0.0111182 -0.559239 0.00125097 0.00239639 -0.0190231 -0.000560409 -0.370826 
165 1.04856 -0.0464164 -0.00999671 -0.000445702 -0.0508887 0.720504 0.0219807 -0.000364562 0.00742883 -0.0185855 -0.680022 -6.35854e-05 -0.000255651 0.000761933 -0.0029507 -0.374593 
166 1.20783 -0.0390242 -0.00741938 -0.00207301 -0.0341081 0.844884 0.0186959 0.0173051 0.0130834 -0.0197234 -0.747722 -0.00687541 -0.000908707 0.0229011 0.00391309 -0.410354 
167 1.34732 -0.0278087 0.0190135 -0.00264413 -0.0336478 0.976279 -0.0159955 0.00114621 -0.0205517 0.00957146 -1.01281 -0.041935 -0.000666736 0.00152222 0.0382184 -0.665784 
168 1.53679 -0.0201904 -0.0133538 0.00112971 -0.0346386 1.01581 0.0238898 0.02054 0.0154613 -0.0228712 -1.07358 -0.020832 -0.000711398 0.0177578 0.00974193 -0.584394 
169 1.78558 -0.0503924 -0.0215582 0.00371892 -0.0552267 1.20796 -0.0371892 0.0630899 0.0183338 0.0383955 -1.26592 -0.0129703 -0.00257129 0.0611286 0.0137423 -0.718139 
170 2.00939 -0.0258789 0.0200726 0.00057755 -0.0141928 1.42645 0.00846483 -0.0394465 -0.00547295 -0.00232033 -1.35517 0.0320287 -0.00351062 -0.0370914 -0.0291068 -0.8055 
171 2.0885 -0.0350271 0.00543822 -0.00342485 -0.0271865 1.55682 0.0308502 -0.00240666 0.00516441 -0.0295398 -1.44683 -0.0196226 0.00238078 0.00307842 0.0273012 -0.944029 
172 2.46302 -0.0669361 -0.0158248 0.00222289 -0.0801896 1.71777 0.0212613 0.0264944 0.0227634 -0.0193193 -1.79981 0.0456169 0.0023806 0.0336874 -0.0517469 -1.08803 
173 2.53648 -0.0330089 0.0449525 0.00747882 -0.0257675 1.88293 -0.114121 -0.0155607 -0.0737888 0.115082 -1.89851 -0.00686735 -0.00227624 -0.0247423 0.00546574 -1.27831 
174 2.96868 -0.052009 0.0534646 0.00104814 -0.0646738 2.1697 -0.115783 -0.0460235 -0.0525094 0.114089 -2.19372 0.0110016 -0.00488386 -0.0429977 -0.0118129 -1.42701 
175 3.20525 0.010124 0.0208686 0.0140319 0.0122839 2.24782 0.0604884 0.035825 0.0114844 -0.0407341 -2.21291 0.0544628 -0.00924323 0.0332659 -0.0653542 -1.3023 
176 3.28578 -0.00289019 0.049751 -0.00228563 0.000417237 2.3697 0.0680749 -0.0345972 -0.015101 -0.0880414 -2.41711 0.0110124 0.00215153 -0.02043 -0.00737451 -1.53602 
177 3.27792 0.051252 -0.0311231 0.00131219 0.0459422 2.44846 -0.049806 -0.032566 0.0826955 0.034982 -2.38181 -0.0383588 -0.00278485 -0.0211739 0.0404042 -1.58694 
178 3.98512 -0.0157949 -0.00902896 -0.0196699 -0.0351867 2.80614 -0.0169494 -0.0261472 -0.0887685 0.00476508 -2.81911 0.0800031 0.0139828 -0.0681731 -0.100884 -1.70648 
179 3.42508 0.0143831 0.101496 0.0087476 0.0859213 2.51428 0.1155 -0.0176449 -0.103851 -0.0616606 -2.75003 -0.0167247 -0.0116588 -0.0316898 0.0476949 -1.88354 
180 4.30349 -0.109269 -0.551172 0.0991845 0.170335 3.09383 -0.771587 0.28748 0.280262 0.651821 -2.64066 -0.40803 -0.0570501 0.183662 0.539017 -1.54653 
