0 2.66398 0.00232146 2.66303 2.66083 -0.00072908 2.66021 
1 7.59705 -0.0636908 7.49261 7.48901 -0.00274509 7.3895 
2 5.60212 -0.0734302 5.5108 5.44696 0.000973579 5.36294 
3 4.76749 0.0062412 4.66167 4.71451 0.0171055 4.61998 
4 4.85605 -0.0721215 4.81129 4.75918 -0.00518082 4.71758 
5 5.36149 -0.157129 5.31119 5.28724 -0.00226439 5.24174 
6 5.61395 -0.205769 5.53815 5.48685 -0.00577023 5.42459 
7 5.06559 -0.199242 5.02219 4.98515 0.000519211 4.94995 
8 4.06921 -0.14914 4.02888 4.02361 0.00708869 3.98618 
9 4.6372 -0.240176 4.60286 4.54689 -0.00253319 4.52193 
10 4.452 -0.258721 4.4146 4.37333 0.00527123 4.34145 
11 4.45678 -0.239762 4.40954 4.37081 -0.00135035 4.33021 
12 4.73357 -0.284657 4.65832 4.65462 0.00213033 4.58912 
13 4.29862 -0.326478 4.23832 4.17445 -0.0044291 4.12378 
14 4.68948 -0.353813 4.64011 4.55686 -0.0050657 4.51526 
15 4.3059 -0.324255 4.28272 4.19295 -0.000494002 4.17733 
16 3.92238 -0.313408 3.8605 3.77123 -0.0103493 3.72301 
17 4.24875 -0.276411 4.21267 4.13046 0.00189804 4.10441 
18 4.34516 -0.312442 4.30328 4.18505 -0.00458177 4.15624 
19 4.30207 -0.363792 4.27424 4.14482 0.00241434 4.12439 
20 4.33037 -0.311942 4.29299 4.17636 9.51997e-05 4.14392 
21 3.7831 -0.242322 3.74334 3.63195 -0.0028746 3.60066 
22 4.01142 -0.284056 3.98729 3.85424 -0.00407803 3.8369 
23 3.54825 -0.211703 3.50639 3.40964 -0.00228039 3.37515 
24 3.67466 -0.244813 3.6441 3.50145 -0.00137433 3.48139 
25 3.85361 -0.298591 3.82515 3.66057 -0.00115311 3.63881 
26 3.55367 -0.281319 3.52645 3.35311 0.00155575 3.33429 
27 3.84289 -0.261607 3.80532 3.63589 -0.00200683 3.60969 
28 3.31615 -0.182924 3.27803 3.13944 -0.00276888 3.10945 
29 3.60049 -0.214737 3.57555 3.39746 0.00250826 3.38292 
30 3.32689 -0.230442 3.29714 3.11315 0.000112871 3.09172 
31 3.43892 -0.204 3.41613 3.2193 0.000611518 3.2052 
32 3.313 -0.190912 3.29437 3.08646 1.21127e-05 3.07729 
33 3.40115 -0.174996 3.38746 3.16856 -0.00202232 3.16213 
34 3.35627 -0.202033 3.33275 3.08516 -0.00278478 3.07189 
35 3.08094 -0.139338 3.06666 2.84224 -0.00181873 2.83764 
36 2.9476 -0.123539 2.92411 2.71416 -0.00222008 2.70113 
37 3.02328 -0.171636 3.00684 2.74095 0.00131555 2.73626 
38 2.83358 -0.0575769 2.8205 2.60906 -0.00030225 2.60469 
39 2.90233 -0.104261 2.89041 2.62899 0.000691356 2.62835 
40 2.92052 -0.0696992 2.90596 2.64749 -0.000144708 2.64117 
41 2.52014 -0.041095 2.50893 2.27981 6.7921e-05 2.27941 
42 2.50249 -0.039475 2.49004 2.24575 -0.00272393 2.24292 
43 2.61377 -0.080928 2.59819 2.30049 -5.19191e-05 2.29635 
44 2.48169 -0.0515357 2.46987 2.17352 0.00125315 2.17336 
45 2.38355 -0.000689628 2.37194 2.11054 -0.00192093 2.11066 
46 2.3472 0.0103486 2.33073 2.05972 -0.00255648 2.0573 
47 2.22196 -0.00190114 2.20954 1.92558 -0.00318044 1.92487 
48 2.09286 0.0201273 2.07936 1.80988 -0.000265498 1.80716 
49 2.0154 0.0156236 2.00508 1.71844 -0.00120753 1.7203 
50 1.93223 0.0293291 1.92214 1.63691 2.12324e-05 1.6385 
51 1.89031 0.0530773 1.88039 1.604 -0.00158127 1.60669 
52 1.87697 0.0476112 1.86387 1.56641 -0.0036525 1.56723 
53 1.78421 0.0601599 1.77342 1.48005 -0.00151164 1.48132 
54 1.80794 0.0482278 1.7968 1.4743 -0.00130822 1.47821 
55 1.64807 0.0726761 1.63743 1.341 -0.00233237 1.34416 
56 1.68807 0.0805556 1.67614 1.3592 -0.00436636 1.36149 
57 1.55794 0.048862 1.54725 1.21368 -0.0040278 1.2165 
58 1.47896 0.0447239 1.46726 1.1289 -0.00402953 1.13115 
59 1.45998 0.0667093 1.44746 1.1062 -0.00794576 1.10948 
60 1.35354 0.0423052 1.3403 0.991128 -0.00559384 0.994878 
61 1.40354 0.066958 1.39154 1.03106 -0.00444817 1.03626 
62 1.25952 0.0371004 1.24886 0.884394 -0.00660831 0.888858 
63 1.15183 0.0553401 1.14016 0.810681 -0.00714892 0.816176 
64 1.12119 0.0572984 1.10807 0.764892 -0.0113006 0.770656 
65 1.15001 0.057117 1.13952 0.770478 -0.00728934 0.775822 
66 1.02369 0.0380683 1.01238 0.6567 -0.0115561 0.663172 
67 1.08809 0.0679703 1.07366 0.693357 -0.0139886 0.69803 
68 0.955614 0.04547 0.943951 0.588052 -0.010175 0.593602 
69 0.943565 0.0859776 0.931225 0.59264 -0.0123038 0.598683 
70 0.832076 0.0322458 0.818183 0.46208 -0.0145648 0.46877 
71 0.928799 0.0632588 0.919525 0.538904 -0.0129608 0.544331 
72 0.716265 0.0115898 0.701327 0.352973 -0.0150077 0.357576 
73 0.681581 0.00738225 0.670283 0.323967 -0.01459 0.32897 
74 0.691988 0.0269307 0.680247 0.333612 -0.0137908 0.337497 
75 0.681569 0.042456 0.668516 0.321532 -0.0204257 0.327619 
76 0.655863 0.00958303 0.646658 0.274828 -0.014981 0.278332 
77 0.548478 -0.00538631 0.537316 0.199725 -0.0160063 0.205063 
78 0.495152 -0.0561425 0.4855 0.111976 -0.0170734 0.116627 
79 0.503921 -0.0410078 0.493285 0.119306 -0.021178 0.126196 
80 0.469246 -0.0583505 0.46 0.0763745 -0.0191162 0.0808606 
81 0.463163 -0.0350323 0.454102 0.0952973 -0.0137782 0.101059 
82 0.44098 -0.0532244 0.432234 0.0550793 -0.0191493 0.0593556 
83 0.426695 -0.0598167 0.416355 0.034723 -0.0212329 0.039943 
84 0.367728 -0.0502667 0.35971 0.019938 -0.0198013 0.024417 
85 0.353175 -0.080297 0.343697 -0.0211806 -0.0133037 -0.0175394 
86 0.395661 -0.0640611 0.38573 -0.00965524 -0.0187939 -0.00416195 
87 0.295108 -0.0828974 0.286604 -0.0589871 -0.016779 -0.0548861 
88 0.264077 -0.066215 0.254916 -0.0445581 -0.0125032 -0.0424695 
89 0.290277 -0.0891222 0.282344 -0.0869697 -0.0241042 -0.0840121 
90 0.268026 -0.108308 0.2609 -0.117382 -0.0180255 -0.114251 
91 0.272457 -0.0986956 0.266926 -0.0963379 -0.00988409 -0.0936524 
92 0.23704 -0.10357 0.231245 -0.116175 -0.0106278 -0.114181 
93 0.23028 -0.0998835 0.225721 -0.117293 -0.0087855 -0.116026 
94 0.2323 -0.0820026 0.227272 -0.107291 -0.0144418 -0.106767 
95 0.209698 -0.0935679 0.205418 -0.125825 -0.0119095 -0.124969 
96 0.233964 -0.105012 0.230079 -0.143186 -0.00810309 -0.14174 
97 0.23368 -0.094675 0.229483 -0.138382 -0.0112643 -0.137398 
98 0.222639 -0.0989292 0.218475 -0.147936 -0.00955614 -0.1468 
99 0.18703 -0.0833881 0.182784 -0.12901 -0.00559949 -0.128312 
100 0.208543 -0.0967025 0.204094 -0.15456 -0.00993767 -0.153906 
101 0.1723 -0.074775 0.16788 -0.127506 -0.0107871 -0.125353 
102 0.196585 -0.0900225 0.193905 -0.150241 -0.00696124 -0.150089 
103 0.19597 -0.0924527 0.192192 -0.155705 -0.00205439 -0.155447 
104 0.189976 -0.0876447 0.186717 -0.153616 -0.00536845 -0.153567 
105 0.194994 -0.0836587 0.190361 -0.15469 -0.00961742 -0.154878 
106 0.183103 -0.0779292 0.178428 -0.150256 -0.00512139 -0.150505 
107 0.173328 -0.0726739 0.168816 -0.142952 -0.00606487 -0.142662 
108 0.179571 -0.0764164 0.175622 -0.152337 -0.0012477 -0.153213 
109 0.175622 -0.0736701 0.172396 -0.151266 0.000168049 -0.152294 
110 0.181924 -0.0750745 0.179662 -0.160053 0.00139799 -0.160409 
111 0.179834 -0.0698641 0.17612 -0.156745 -0.00139954 -0.155005 
112 0.164444 -0.0639993 0.162114 -0.145438 0.000332357 -0.145999 
113 0.183949 -0.0683379 0.180427 -0.163353 -0.00203107 -0.16325 
114 0.164704 -0.0577477 0.161292 -0.144512 0.00164431 -0.144221 
115 0.182042 -0.0641876 0.177162 -0.163061 0.00212627 -0.163801 
116 0.153556 -0.0508008 0.149036 -0.136293 0.00152013 -0.138681 
117 0.172094 -0.056758 0.169103 -0.156974 -0.000966643 -0.156423 
118 0.160775 -0.0509576 0.15654 -0.145574 0.00116596 -0.14649 
119 0.179111 -0.0542349 0.173449 -0.163187 0.000441727 -0.161606 
120 0.177343 -0.0531225 0.173345 -0.163911 0.00112744 -0.162688 
121 0.175475 -0.0507119 0.170807 -0.161045 0.00299266 -0.161286 
122 0.179308 -0.0510336 0.176116 -0.164787 0.000508008 -0.165492 
123 0.175133 -0.0485412 0.170817 -0.163014 0.000568287 -0.163656 
124 0.165082 -0.0434432 0.16095 -0.153146 0.0018853 -0.153025 
125 0.175833 -0.0441808 0.171452 -0.163035 0.000816433 -0.162968 
126 0.172495 -0.0432603 0.170152 -0.163157 0.00065026 -0.162926 
127 0.176569 -0.0415517 0.173129 -0.165083 0.00162261 -0.165403 
128 0.163481 -0.0348101 0.156668 -0.149444 0.00410391 -0.148991 
129 0.174333 -0.036783 0.169256 -0.161085 0.00378504 -0.161662 
130 0.178722 -0.0359655 0.173113 -0.166813 0.00222287 -0.169135 
131 0.171619 -0.0349082 0.168511 -0.162104 0.000421134 -0.161457 
132 0.166545 -0.0299429 0.159835 -0.155089 0.00085691 -0.154465 
133 0.167331 -0.0301236 0.161108 -0.158224 0.00209793 -0.156756 
134 0.176409 -0.031345 0.170895 -0.168149 0.000875553 -0.166506 
135 0.187265 -0.032226 0.182141 -0.177661 0.00168737 -0.177662 
136 0.170704 -0.0270127 0.165153 -0.16154 0.00114591 -0.159127 
137 0.16401 -0.0258238 0.160738 -0.157395 0.000614947 -0.155652 
138 0.187329 -0.0276005 0.181724 -0.178985 0.0011745 -0.179555 
139 0.197311 -0.0277728 0.193197 -0.18961 0.00160605 -0.189658 
140 0.186739 -0.0257749 0.18224 -0.179851 0.00164979 -0.178832 
141 0.172372 -0.0219858 0.166798 -0.163674 0.000413784 -0.160875 
142 0.165901 -0.0200509 0.159892 -0.157033 0.00207589 -0.154919 
143 0.168704 -0.018026 0.161061 -0.159771 0.000919482 -0.158875 
144 0.148887 -0.014558 0.139234 -0.13901 0.00205219 -0.134938 
145 0.170739 -0.017039 0.162763 -0.161288 0.000131374 -0.159431 
146 0.184461 -0.0183104 0.174567 -0.17363 -0.00123663 -0.171862 
147 0.173657 -0.014445 0.166239 -0.162615 0.00138509 -0.158432 
148 0.147399 -0.0113765 0.134768 -0.138254 0.00108308 -0.129432 
149 0.179031 -0.0131255 0.167608 -0.168836 0.00254358 -0.159836 
150 0.192685 -0.012012 0.173965 -0.181167 0.000235989 -0.168684 
151 0.221079 -0.0121025 0.19953 -0.203375 0.00187126 -0.187469 
152 0.205099 -0.013395 0.184777 -0.189686 -0.00147268 -0.172433 
153 0.201561 -0.0145272 0.181046 -0.178342 0.00245818 -0.162609 
154 0.18488 -0.016201 0.156156 -0.153421 0.00213484 -0.132044 
155 0.245567 -0.0125148 0.196498 -0.195094 -0.00932345 -0.155398 
156 0.239636 -0.0113007 0.193946 -0.190437 -0.00404711 -0.153312 
157 0.336074 -0.0135466 0.263514 -0.252467 -0.0168502 -0.187246 
158 0.310675 -0.0133536 0.26161 -0.242883 -0.00412376 -0.200515 
159 0.365142 -0.0144574 0.297043 -0.266854 -0.00644621 -0.207228 
160 0.402973 -0.0267723 0.285906 -0.283108 0.00148785 -0.177667 
161 0.517994 -0.0343851 0.362335 -0.390263 -0.00248983 -0.24684 
162 0.618896 -0.0395974 0.394232 -0.430636 0.0137397 -0.219843 
163 0.714252 -0.0200587 0.457759 -0.518578 -0.0261702 -0.278734 
164 0.776197 -0.046365 0.573051 -0.559239 0.00125097 -0.370826 
165 1.04856 -0.0464164 0.720504 -0.680022 -6.35854e-05 -0.374593 
166 1.20783 -0.0390242 0.844884 -0.747722 -0.00687541 -0.410354 
167 1.34732 -0.0278087 0.976279 -1.01281 -0.041935 -0.665784 
168 1.53679 -0.0201904 1.01581 -1.07358 -0.020832 -0.584394 
169 1.78558 -0.0503924 1.20796 -1.26592 -0.0129703 -0.718139 
170 2.00939 -0.0258789 1.42645 -1.35517 0.0320287 -0.8055 
171 2.0885 -0.0350271 1.55682 -1.44683 -0.0196226 -0.944029 
172 2.46302 -0.0669361 1.71777 -1.79981 0.0456169 -1.08803 
173 2.53648 -0.0330089 1.88293 -1.89851 -0.00686735 -1.27831 
174 2.96868 -0.052009 2.1697 -2.19372 0.0110016 -1.42701 
175 3.20525 0.010124 2.24782 -2.21291 0.0544628 -1.3023 
176 3.28578 -0.00289019 2.3697 -2.41711 0.0110124 -1.53602 
177 3.27792 0.051252 2.44846 -2.38181 -0.0383588 -1.58694 
178 3.98512 -0.0157949 2.80614 -2.81911 0.0800031 -1.70648 
179 3.42508 0.0143831 2.51428 -2.75003 -0.0167247 -1.88354 
180 4.30349 -0.109269 3.09383 -2.64066 -0.40803 -1.54653 
