0 25.4986 -0.193062 -1.40311e-16 0 -0.193062 25.4986 1.43678e-15 2.62368e-17 -4.65301e-16 7.1839e-16 25.4978 -0.010886 0 -2.70098e-17 0.010886 25.4978 
1 4.56299 -0.143415 8.65766e-16 0 -0.143415 4.56299 -4.93922e-16 -2.59489e-17 7.13738e-16 9.87843e-16 4.5607 -0.00808612 4.39745e-19 2.72744e-17 0.00808612 4.5607 
2 4.41219 -0.215295 5.33292e-17 0 -0.215295 4.41219 -4.26634e-16 4.12948e-18 -1.06934e-16 4.71542e-16 4.40676 -0.0121378 -4.9939e-21 -2.76294e-18 0.0121378 4.40676 
3 2.35714 -0.163393 -3.4626e-17 0 -0.163393 2.35714 3.44388e-16 1.63432e-18 5.34199e-17 -3.74335e-16 2.35142 -0.00921039 2.99133e-19 -3.11458e-18 0.00921039 2.35142 
4 3.34011 -0.332142 6.4859e-17 0 -0.332142 3.34011 8.91702e-17 -2.43913e-18 8.90337e-17 -1.85362e-16 3.32347 -0.0187171 2.43742e-19 1.55236e-18 0.0187171 3.32347 
5 6.35586 -0.80174 2.11042e-06 2.63924e-06 -0.80174 6.35586 -3.48294e-05 -6.1181e-08 -2.39876e-06 3.48479e-05 6.30477 -0.0451613 2.63593e-06 -2.61397e-08 0.0451613 6.30477 
6 5.07775 -0.757164 3.36192e-17 0 -0.757164 5.07775 -1.03083e-16 -1.34642e-18 2.05112e-17 6.185e-17 5.02065 -0.0426362 -3.14156e-20 1.39836e-18 0.0426362 5.02065 
7 4.46979 -0.790108 -6.22928e-17 0 -0.790108 4.46979 1.67186e-16 9.66193e-18 -2.70673e-17 -1.66382e-16 4.39905 -0.0444671 1.48095e-18 -1.20002e-17 0.0444671 4.39905 
8 6.38843 -1.2787 1.66074e-05 1.4142e-05 -1.2787 6.38843 -0.000187032 -3.01833e-07 -2.0426e-05 0.000187434 6.25858 -0.0719114 1.41313e-05 -4.14285e-07 0.0719114 6.25858 
9 4.85447 -1.08584 6.79755e-06 4.76751e-06 -1.08584 4.85447 -6.31211e-05 -1.31216e-07 -7.25518e-06 6.31718e-05 4.73095 -0.0610352 4.76581e-06 -1.41456e-07 0.0610352 4.73095 
10 5.21239 -1.28963 -1.12469e-17 0 -1.28963 5.21239 4.07566e-17 -5.294e-18 -1.36435e-17 -9.78018e-17 5.04969 -0.0724478 -1.54819e-18 4.11951e-18 0.0724478 5.04969 
11 5.17508 -1.40029 -1.05554e-05 -6.73552e-06 -1.40029 5.17508 8.95513e-05 2.10649e-08 1.39996e-05 -9.00236e-05 4.98127 -0.0785979 -6.76832e-06 4.54e-07 0.0785979 4.98127 
12 3.75498 -1.11208 7.1317e-06 3.8255e-06 -1.11208 3.75498 -5.07735e-05 -1.38132e-07 -7.79294e-06 5.08686e-05 3.58588 -0.0623458 3.8222e-06 -1.52034e-07 0.0623458 3.58588 
13 3.81306 -1.22012 2.24194e-05 9.90712e-06 -1.22012 3.81306 -0.000132121 -4.36489e-07 -2.19363e-05 0.00013204 3.61184 -0.0683578 9.9098e-06 -4.25704e-07 0.0683578 3.61184 
14 3.40275 -1.16827 2.34569e-05 1.143e-05 -1.16827 3.40275 -0.000151167 -4.33599e-07 -3.16868e-05 0.000152657 3.19514 -0.0653908 1.13851e-05 -6.41819e-07 0.0653908 3.19514 
15 4.61265 -1.68813 1.64283e-05 6.95119e-06 -1.68813 4.61265 -9.26615e-05 -3.20193e-07 -1.74396e-05 9.28461e-05 4.29146 -0.0943827 6.94452e-06 -3.39623e-07 0.0943827 4.29146 
16 3.65139 -1.42491 -5.4529e-05 -1.97513e-05 -1.42491 3.65139 0.000265033 1.0631e-06 5.31318e-05 -0.000264749 3.36085 -0.0795799 -1.97595e-05 1.02656e-06 0.0795799 3.36085 
17 4.39133 -1.81668 6.96411e-06 2.37463e-06 -1.81668 4.39133 -3.19034e-05 -1.35764e-07 -6.55167e-06 3.18162e-05 3.99651 -0.101341 2.37781e-06 -1.2817e-07 0.101341 3.99651 
18 3.57939 -1.56279 5.82479e-05 2.11201e-05 -1.56279 3.57938 -0.000283965 -1.08627e-06 -6.44887e-05 0.000285353 3.21891 -0.0870349 2.10819e-05 -1.25778e-06 0.0870349 3.21891 
19 3.29892 -1.51922 1.13242e-16 0 -1.51922 3.29892 -9.66567e-17 -2.30482e-18 7.85552e-17 3.74592e-17 2.92696 -0.0845365 1.07606e-18 3.45656e-18 0.0845365 2.92696 
20 3.05026 -1.47511 7.0852e-06 7.99008e-07 -1.47511 3.05026 -1.25666e-05 -1.34839e-07 5.93032e-07 1.06413e-05 2.6685 -0.0819314 8.67572e-07 1.07923e-08 0.0819314 2.6685 
21 2.9286 -1.48014 -4.07131e-05 -1.02638e-05 -1.48014 2.9286 0.000140627 8.06666e-07 3.39569e-05 -0.000138843 2.52558 -0.0820851 -1.03158e-05 6.37732e-07 0.0820851 2.52559 
22 3.13316 -1.65281 -1.59346e-17 0 -1.65281 3.13316 -6.03388e-17 1.0242e-18 -7.13521e-17 1.31791e-16 2.66006 -0.0915663 -1.82088e-18 2.45453e-18 0.0915663 2.66006 
23 2.86349 -1.57253 2.38352e-05 9.98342e-06 -1.57253 2.86349 -0.000130714 -6.16273e-07 -5.22588e-05 0.000138959 2.39133 -0.0869132 9.6099e-06 -8.40975e-07 0.0869132 2.39134 
24 2.82193 -1.61217 -0.00012428 -3.03952e-05 -1.61217 2.82193 0.000416182 2.42925e-06 0.000119689 -0.000414838 2.31423 -0.0889977 -3.04331e-05 2.31209e-06 0.0889977 2.31424 
25 2.96276 -1.75552 3.70346e-17 0 -1.75552 2.96276 -3.53687e-17 -1.87054e-18 3.65087e-17 -7.79372e-18 2.38459 -0.0967681 8.81674e-20 2.27392e-18 0.0967681 2.38459 
26 2.86152 -1.75423 5.7499e-06 1.2374e-06 -1.75423 2.86152 -1.70807e-05 -1.12831e-07 -5.10278e-06 1.68744e-05 2.25857 -0.0965018 1.24486e-06 -1.01811e-07 0.0965018 2.25857 
27 2.5844 -1.63849 -1.88256e-17 0 -1.63849 2.5844 -4.11136e-17 3.49634e-18 -6.25315e-17 4.82946e-17 1.9965 -0.089987 5.13765e-20 -1.51521e-18 0.089987 1.9965 
28 2.45295 -1.60168 6.10432e-05 1.17788e-05 -1.60168 2.45295 -0.000164305 -1.20384e-06 -5.25238e-05 0.000161343 1.85565 -0.0877804 1.18816e-05 -1.05044e-06 0.0877804 1.85565 
29 2.27228 -1.5311 -5.05378e-17 0 -1.5311 2.27228 5.69277e-17 7.89619e-19 -7.33506e-18 -2.81608e-17 1.6768 -0.0837624 3.44048e-19 -2.27622e-18 0.0837624 1.6768 
30 2.35443 -1.63256 3.32254e-17 0 -1.63256 2.35443 -4.16313e-19 -2.42973e-19 9.27384e-18 2.53094e-17 1.69406 -0.0891286 2.52629e-19 1.39358e-18 0.0891286 1.69406 
31 1.87543 -1.33419 -0.00013559 -2.7438e-05 -1.33419 1.87543 0.000378284 2.65812e-06 0.000150464 -0.000383852 1.31586 -0.0726643 -2.72664e-05 2.97296e-06 0.0726643 1.31587 
32 1.68979 -1.23432 2.66878e-17 0 -1.23432 1.68979 2.26326e-17 -3.91206e-18 8.10785e-17 -8.05255e-17 1.15204 -0.0671028 5.37957e-19 1.30659e-18 0.0671028 1.15204 
33 2.14696 -1.60459 2.25128e-17 0 -1.60459 2.14696 -7.99651e-18 -2.53763e-18 4.45048e-17 -3.45616e-17 1.42367 -0.0870511 -1.41318e-19 1.82568e-18 0.0870511 1.42367 
34 1.91939 -1.46864 -0.000131055 -2.23502e-05 -1.46864 1.91938 0.000315649 2.60103e-06 0.000132809 -0.000316379 1.23306 -0.079458 -2.23261e-05 2.63227e-06 0.079458 1.23306 
35 1.89867 -1.48409 4.55551e-17 0 -1.48409 1.89867 -3.32156e-18 -3.10929e-18 7.29169e-17 -5.47223e-17 1.18144 -0.0801484 1.04133e-18 1.28801e-18 0.0801484 1.18144 
36 1.71387 -1.36779 0.000187162 2.91156e-05 -1.36779 1.71387 -0.000418251 -3.70173e-06 -0.000175115 0.000413014 1.0299 -0.0736588 2.92782e-05 -3.46917e-06 0.0736588 1.02991 
37 1.79279 -1.46063 -3.80622e-17 0 -1.46063 1.79279 3.11827e-17 7.15503e-19 -1.60227e-17 9.51172e-19 1.03649 -0.0784965 -2.04377e-19 -1.38933e-18 0.0784965 1.03649 
38 1.82022 -1.51136 -6.80679e-18 0 -1.51136 1.82022 2.19518e-17 -1.60975e-18 3.02589e-17 -4.31478e-17 1.01105 -0.0810183 7.65734e-21 -3.13863e-20 0.0810183 1.01105 
39 1.60122 -1.35287 6.40906e-05 1.02016e-05 -1.35287 1.60122 -0.000142029 -1.33497e-06 -7.51191e-05 0.000147321 0.853244 -0.072306 1.00194e-05 -1.50029e-06 0.072306 0.853246 
40 1.87291 -1.60807 2.81152e-17 0 -1.60807 1.87291 -1.22342e-17 -2.35442e-18 5.12778e-17 -4.51724e-17 0.95621 -0.0857748 6.27428e-19 8.52817e-19 0.0857748 0.95621 
41 1.65027 -1.43949 2.14662e-17 0 -1.43949 1.65027 -3.73064e-17 9.42949e-19 -1.32267e-17 2.77332e-17 0.803276 -0.0765801 4.31226e-19 4.66501e-19 0.0765801 0.803276 
42 1.72055 -1.52344 -1.97676e-17 0 -1.52344 1.72055 2.0861e-18 1.88342e-18 -3.50743e-17 3.42708e-17 0.795433 -0.0808269 4.86582e-20 -2.10511e-19 0.0808269 0.795433 
43 1.76698 -1.58644 -7.53612e-18 0 -1.58644 1.76698 1.27786e-17 -4.75855e-19 7.20854e-18 -1.55772e-17 0.773411 -0.0839398 -1.82918e-19 -6.96272e-19 0.0839398 0.773411 
44 1.59576 -1.45139 1.61901e-17 0 -1.45139 1.59576 -4.40666e-20 -1.61831e-18 3.37406e-17 -2.55564e-17 0.658715 -0.0765817 3.55547e-19 8.17986e-19 0.0765817 0.658715 
45 1.62848 -1.49812 2.21752e-17 0 -1.49812 1.62848 -2.39317e-17 -6.71032e-19 1.15468e-17 -7.72524e-18 0.633392 -0.0788371 -1.45595e-19 7.09766e-19 0.0788371 0.633392 
46 1.4386 -1.3389 -1.05067e-17 0 -1.3389 1.4386 1.18557e-17 7.50462e-19 -1.7386e-17 1.25653e-17 0.521396 -0.07025 -4.23144e-19 -3.19824e-19 0.07025 0.521396 
47 1.43903 -1.35255 -2.57757e-17 0 -1.35255 1.43903 1.86728e-17 1.04488e-18 -2.37202e-17 1.38976e-17 0.486079 -0.0707706 -5.44224e-19 -1.05044e-18 0.0707706 0.486079 
48 1.47399 -1.3989 5.51554e-18 0 -1.3989 1.47399 -2.22434e-19 -1.06385e-18 2.30105e-17 -2.56324e-17 0.458514 -0.0729763 4.13267e-19 4.95585e-20 0.0729763 0.458514 
49 1.21336 -1.16153 9.58845e-18 0 -1.16153 1.21336 -5.69466e-18 -8.98176e-19 1.92034e-17 -1.77248e-17 0.345505 -0.0604134 3.27737e-19 7.04228e-19 0.0604134 0.345505 
50 1.13214 -1.09178 1.25635e-17 0 -1.09178 1.13214 -1.08372e-17 -9.49127e-19 2.07484e-17 -1.62158e-17 0.294073 -0.056625 4.5962e-19 3.39911e-19 0.056625 0.294073 
51 1.13773 -1.10535 -2.03091e-17 0 -1.10535 1.13773 2.04312e-17 3.36401e-19 -8.43034e-18 4.03075e-18 0.263214 -0.0571437 -4.22013e-19 -7.96525e-19 0.0571437 0.263214 
52 1.17708 -1.15052 1.19638e-17 0 -1.15052 1.17708 -1.10221e-17 -4.29529e-19 8.98563e-18 -8.20949e-18 0.241267 -0.0592996 1.63598e-19 5.76306e-19 0.0592996 0.241267 
53 1.11997 -1.10031 9.66667e-18 0 -1.10031 1.11997 -8.67011e-18 5.91564e-19 -1.11726e-17 1.37957e-17 0.200962 -0.056545 1.06249e-19 1.66733e-19 0.056545 0.200962 
54 1.08435 -1.07043 -2.45831e-17 0 -1.07043 1.08435 1.91912e-17 1.40674e-18 -2.76477e-17 2.43295e-17 0.164089 -0.0548301 -7.50584e-20 -1.2341e-18 0.0548301 0.164089 
55 1.13049 -1.12012 -4.71065e-18 0 -1.12012 1.13049 -1.95489e-18 1.30519e-18 -2.55153e-17 2.51939e-17 0.141322 -0.0571997 6.12126e-22 -3.11056e-19 0.0571997 0.141322 
56 1.03125 -1.02495 1.15608e-17 0 -1.02495 1.03125 -1.04457e-17 -4.47311e-19 9.17488e-18 -8.20562e-18 0.100829 -0.052172 2.41674e-19 1.50926e-19 0.052172 0.100829 
57 1.13907 -1.13471 -4.16097e-18 0 -1.13471 1.13907 1.83958e-18 3.41514e-19 -7.04076e-18 6.61694e-18 0.0807928 -0.0575753 -1.94109e-19 1.69267e-19 0.0575753 0.0807928 
58 1.08541 -1.08295 -1.99647e-17 0 -1.08295 1.08541 1.66692e-17 1.59825e-18 -3.17994e-17 3.11435e-17 0.0477295 -0.0547718 -2.3122e-19 -5.51706e-19 0.0547718 0.0477295 
59 0.958321 -0.95693 8.93873e-18 0 -0.95693 0.958321 -1.09672e-17 -1.37094e-18 2.72228e-17 -2.71117e-17 0.0168084 -0.048244 1.80449e-19 4.1359e-19 0.048244 0.0168084 
60 0.891354 -0.890152 -4.52439e-19 0 -0.890152 0.891354 -1.6613e-18 5.53896e-19 -1.09909e-17 1.09181e-17 -0.00964514 -0.0447222 -1.43353e-19 -1.62595e-19 0.0447222 -0.00964514 
61 0.917968 -0.91615 -3.06158e-17 0 -0.91615 0.917968 2.73372e-17 2.63377e-19 -5.28038e-18 6.27784e-18 -0.0343428 -0.0458776 3.15251e-20 -1.48157e-18 0.0458776 -0.0343428 
62 0.981831 -0.978543 -5.69444e-19 0 -0.978543 0.981831 -3.48167e-18 3.86575e-19 -7.83029e-18 7.35705e-18 -0.0633294 -0.0488365 7.04419e-20 1.78168e-19 0.0488365 -0.0633294 
63 0.909941 -0.905093 9.05275e-19 0 -0.905093 0.909941 1.84491e-18 8.49645e-20 -2.15301e-18 2.10053e-18 -0.0820021 -0.0450249 2.5399e-19 -1.61741e-19 0.0450249 -0.0820021 
64 0.85619 -0.84929 3.83835e-18 0 -0.84929 0.85619 -7.2714e-19 2.86822e-19 -5.30569e-18 4.86871e-18 -0.0997305 -0.0421066 -2.01165e-19 2.60012e-19 0.0421066 -0.0997305 
65 0.899655 -0.889436 -1.3097e-17 0 -0.889436 0.899655 2.00598e-17 1.52037e-18 -3.10983e-17 3.36665e-17 -0.127691 -0.0439517 1.08693e-19 -7.05992e-19 0.0439517 -0.127691 
66 0.810287 -0.797779 1.01027e-18 0 -0.797779 0.810287 -2.12609e-18 -1.71688e-19 3.14406e-18 -2.9194e-18 -0.136134 -0.0392876 1.06786e-19 3.73825e-20 0.0392876 -0.136134 
67 0.921333 -0.90273 -4.52265e-19 0 -0.90273 0.921333 4.87183e-18 7.1382e-19 -1.53551e-17 1.52906e-17 -0.178668 -0.0443027 1.92419e-19 -3.4107e-19 0.0443027 -0.178668 
68 0.896851 -0.87404 1.03736e-17 0 -0.87404 0.896851 -1.35924e-17 -5.56862e-20 2.02579e-18 -4.9281e-18 -0.196276 -0.0427502 -1.96373e-19 8.24079e-19 0.0427502 -0.196276 
69 0.804856 -0.779737 1.35366e-17 0 -0.779737 0.804856 -1.37058e-17 -4.59821e-20 -1.85317e-19 -3.85763e-18 -0.195764 -0.0380101 2.21278e-19 6.42076e-19 0.0380101 -0.195764 
70 0.829046 -0.797677 4.64205e-19 0 -0.797677 0.829046 -4.53455e-18 -1.43727e-19 3.429e-18 -4.56957e-18 -0.222459 -0.0387484 -8.77089e-20 2.45031e-19 0.0387484 -0.222459 
71 0.817945 -0.78112 -2.40521e-18 0 -0.78112 0.817945 2.35999e-18 3.1694e-19 -6.29271e-18 6.46483e-18 -0.239617 -0.0378115 -4.36493e-20 -6.60432e-20 0.0378115 -0.239617 
72 0.857274 -0.812242 -6.68836e-18 0 -0.812242 0.857274 7.78673e-18 -2.98827e-20 1.107e-18 1.09354e-18 -0.271303 -0.0391844 -7.7284e-20 -4.06607e-20 0.0391844 -0.271303 
73 0.831534 -0.780969 3.36104e-19 0 -0.780969 0.831534 -2.47116e-18 -1.86944e-19 4.66013e-18 -4.50379e-18 -0.283001 -0.0375434 -1.0382e-19 1.34842e-19 0.0375434 -0.283001 
74 0.744736 -0.692862 7.05363e-19 0 -0.692862 0.744736 1.02142e-18 -1.24483e-19 1.33719e-18 -1.60379e-18 -0.271008 -0.0331901 1.48642e-19 -2.5349e-19 0.0331901 -0.271008 
75 0.740682 -0.682604 1.06244e-17 0 -0.682604 0.740682 -9.77036e-18 -1.31771e-20 5.70926e-19 -5.39144e-18 -0.285611 -0.0325902 -3.19584e-20 4.94876e-19 0.0325902 -0.285611 
76 0.741739 -0.675923 -3.75741e-18 0 -0.675923 0.741739 6.53051e-18 2.8414e-20 1.26887e-18 -1.9765e-18 -0.303715 -0.032151 -1.96412e-19 2.97639e-19 0.032151 -0.303715 
77 0.882272 -0.795498 -1.70088e-17 0 -0.795498 0.882272 2.44608e-17 4.79684e-19 -8.82129e-18 1.84352e-17 -0.379639 -0.037713 -1.2739e-19 -7.0471e-19 0.037713 -0.379639 
78 0.829346 -0.738783 -1.33415e-18 0 -0.738783 0.829346 4.88282e-18 5.59835e-20 -7.42622e-19 8.16606e-19 -0.375185 -0.0348983 -4.09607e-20 1.14215e-19 0.0348983 -0.375185 
79 0.740464 -0.651504 5.11732e-18 0 -0.651504 0.740464 4.39541e-18 3.12413e-19 -7.01774e-18 5.13233e-18 -0.35052 -0.0306678 3.33753e-20 1.39452e-19 0.0306678 -0.35052 
80 0.794646 -0.690259 -3.23268e-18 0 -0.690259 0.794646 -7.70869e-19 -6.88491e-19 1.48554e-17 -1.33954e-17 -0.392336 -0.0323795 -1.16616e-20 -2.26618e-19 0.0323795 -0.392336 
81 0.691043 -0.592389 3.73187e-18 0 -0.592389 0.691043 -1.30168e-17 -6.29281e-19 1.19338e-17 -1.62849e-17 -0.354727 -0.0276936 1.19059e-19 9.10171e-20 0.0276936 -0.354727 
82 0.726721 -0.614228 -6.94787e-18 0 -0.614228 0.726721 7.3648e-18 4.06635e-20 -9.25963e-19 4.95636e-18 -0.387307 -0.028614 4.41075e-21 -3.04061e-19 0.028614 -0.387307 
83 0.743603 -0.619146 1.04513e-17 0 -0.619146 0.743603 -7.50268e-18 2.70033e-19 -7.44263e-18 5.40876e-19 -0.410796 -0.0287402 1.11903e-19 4.82187e-19 0.0287402 -0.410796 
84 0.683792 -0.56073 -3.93597e-19 0 -0.56073 0.683792 -4.46615e-18 -3.37736e-19 7.89608e-18 -8.55102e-18 -0.390465 -0.0259378 -3.80417e-20 1.39663e-19 0.0259378 -0.390465 
85 0.679072 -0.548411 8.89926e-18 0 -0.548411 0.679072 -4.52011e-18 3.21302e-19 -8.28868e-18 4.01194e-18 -0.399656 -0.0252825 8.55526e-20 3.45644e-19 0.0252825 -0.399656 
86 0.732241 -0.581697 -8.44938e-18 0 -0.581697 0.732241 7.32551e-18 -2.0129e-21 3.13971e-18 2.77056e-18 -0.443925 -0.0267232 -1.84734e-19 -1.83612e-19 0.0267232 -0.443925 
87 0.707814 -0.552896 -8.48113e-18 0 -0.552896 0.707814 1.52031e-17 4.3714e-19 -8.7882e-18 1.49774e-17 -0.441189 -0.0253122 -4.39466e-20 -2.266e-19 0.0253122 -0.441189 
88 0.721142 -0.553596 -1.58347e-18 0 -0.553596 0.721142 -5.79781e-18 -3.71562e-19 5.5373e-18 -6.3938e-18 -0.461431 -0.0252569 1.4138e-19 -1.30853e-19 0.0252569 -0.461431 
89 0.668671 -0.504093 -3.68118e-18 0 -0.504093 0.668671 1.11622e-17 9.70576e-20 -6.56032e-18 1.35954e-17 -0.438713 -0.0229184 2.29296e-19 -5.84919e-19 0.0229184 -0.438713 
90 0.68042 -0.503551 4.41949e-18 0 -0.503551 0.68042 -1.15584e-17 -5.30943e-20 -1.21034e-18 -3.05022e-18 -0.457022 -0.0228151 1.19985e-19 1.0366e-19 0.0228151 -0.457022 
91 0.685257 -0.497782 3.30479e-18 0 -0.497782 0.685257 -8.08259e-19 2.87515e-19 -7.37221e-18 3.13583e-18 -0.470392 -0.0224781 4.74159e-20 1.41586e-19 0.0224781 -0.470392 
92 0.649731 -0.462932 9.11239e-20 0 -0.462932 0.649731 1.13568e-17 3.50423e-19 -8.04815e-18 9.993e-18 -0.455407 -0.0208338 1.19999e-20 3.89334e-20 0.0208338 -0.455407 
93 0.700451 -0.489197 -1.13892e-17 0 -0.489197 0.700451 1.24575e-17 -1.55926e-19 5.81314e-18 2.14879e-18 -0.50082 -0.0219412 -1.0116e-19 -2.95804e-19 0.0219412 -0.50082 
94 0.708417 -0.48461 -6.01052e-18 0 -0.48461 0.708417 -2.27076e-18 -3.07043e-19 1.03479e-17 -8.49541e-18 -0.516259 -0.0216614 -1.44523e-19 4.12582e-20 0.0216614 -0.516259 
95 0.650954 -0.436076 -7.13853e-18 0 -0.436076 0.650954 1.06189e-17 -5.27788e-21 2.70129e-18 2.42099e-18 -0.482895 -0.0194268 -1.04479e-19 -1.5885e-19 0.0194268 -0.482895 
96 0.619858 -0.405841 4.92208e-18 0 -0.405841 0.619858 -1.20041e-18 1.61572e-19 -4.23831e-18 2.2854e-18 -0.468168 -0.0180156 2.36562e-20 2.34576e-19 0.0180156 -0.468168 
97 0.67136 -0.430486 5.63563e-18 0 -0.430486 0.67136 -1.5192e-17 -1.66745e-19 4.77715e-18 -8.55397e-18 -0.514812 -0.0190494 -3.81962e-20 2.30104e-19 0.0190494 -0.514812 
98 0.692458 -0.434093 -5.02553e-18 0 -0.434093 0.692458 5.82692e-18 -2.35447e-20 1.6945e-18 5.10744e-18 -0.539149 -0.0191454 -4.19724e-20 -1.3611e-19 0.0191454 -0.539149 
99 0.641973 -0.393287 3.92407e-18 0 -0.393287 0.641973 -1.68314e-17 -1.31106e-19 4.65505e-18 -1.85461e-17 -0.507093 -0.0172887 -5.64813e-20 3.37434e-19 0.0172887 -0.507093 
100 0.672956 -0.40252 5.57767e-18 0 -0.40252 0.672956 -2.33441e-17 -3.96918e-19 8.38692e-18 -2.51526e-17 -0.539003 -0.0176358 2.12462e-20 3.4806e-19 0.0176358 -0.539003 
101 0.658061 -0.384268 3.87463e-19 0 -0.384268 0.658061 7.71886e-18 2.40032e-19 -6.67095e-18 1.00959e-17 -0.533938 -0.0167815 3.60105e-20 -2.54833e-20 0.0167815 -0.533938 
102 0.625132 -0.356309 -8.9504e-19 0 -0.356309 0.625132 1.41203e-17 2.39112e-19 -6.26034e-18 1.46711e-17 -0.513405 -0.0155109 2.28185e-20 -9.15381e-20 0.0155109 -0.513405 
103 0.675525 -0.375455 -3.92077e-18 0 -0.375455 0.675525 6.08222e-18 2.10058e-20 -5.53879e-19 4.87426e-18 -0.561329 -0.0162918 1.61273e-21 -1.01711e-19 0.0162918 -0.561329 
104 0.585609 -0.317239 2.04611e-18 0 -0.317239 0.585609 1.00758e-18 -1.38591e-20 2.45353e-19 -1.53029e-18 -0.492038 -0.0137217 1.21017e-21 1.98718e-20 0.0137217 -0.492038 
105 0.657449 -0.347063 -4.08696e-18 0 -0.347063 0.657449 -1.90146e-20 -2.576e-20 5.03053e-18 -6.35604e-18 -0.558169 -0.0149646 -1.18626e-19 2.31493e-20 0.0149646 -0.558169 
106 0.662777 -0.340796 6.67149e-18 0 -0.340796 0.662777 -1.55244e-18 9.4965e-20 -4.37158e-18 1.83108e-18 -0.56825 -0.0146488 5.55519e-20 8.71255e-20 0.0146488 -0.56825 
107 0.7054 -0.352887 1.84217e-18 0 -0.352887 0.7054 2.02943e-18 1.20346e-19 -3.09566e-18 7.58635e-18 -0.610591 -0.0151206 5.53374e-21 4.50139e-21 0.0151206 -0.610591 
108 0.658217 -0.320458 -1.03439e-18 0 -0.320458 0.658217 -1.17239e-18 -1.19531e-19 1.82631e-18 -2.05189e-18 -0.57477 -0.0136894 2.28943e-20 -8.31318e-20 0.0136894 -0.57477 
109 0.645929 -0.305635 2.10033e-18 0 -0.305635 0.645929 -2.97284e-18 -3.85182e-20 3.27894e-18 -7.23259e-18 -0.568889 -0.0130157 -5.41172e-20 1.15829e-19 0.0130157 -0.568889 
110 0.58261 -0.267715 -4.66892e-18 0 -0.267715 0.58261 -1.07337e-18 -2.55041e-19 5.24079e-18 1.75095e-18 -0.517327 -0.0113655 1.68016e-20 -3.22424e-19 0.0113655 -0.517327 
111 0.668974 -0.298975 6.68077e-18 0 -0.298975 0.668974 -2.23523e-17 -1.70399e-19 2.26872e-18 -1.82668e-17 -0.598306 -0.0126563 3.71432e-20 2.07493e-19 0.0126563 -0.598306 
112 0.681044 -0.295287 -7.1932e-18 0 -0.295287 0.681044 3.66304e-18 -1.0523e-19 3.86871e-18 3.17442e-18 -0.613566 -0.0124622 -2.77803e-20 -1.98607e-19 0.0124622 -0.613566 
113 0.622791 -0.261886 1.49153e-18 0 -0.261886 0.622791 1.49834e-18 -8.50273e-20 -2.48489e-19 -6.21449e-19 -0.564939 -0.0110195 4.48991e-20 -9.75448e-20 0.0110195 -0.564939 
114 0.651979 -0.265624 3.96653e-18 0 -0.265624 0.651979 -2.38436e-17 -1.67349e-19 6.14589e-18 -2.27043e-17 -0.595307 -0.0111433 -3.96914e-20 1.95722e-19 0.0111433 -0.595307 
115 0.705707 -0.278833 -3.65707e-18 0 -0.278833 0.705707 4.1941e-18 2.43413e-20 3.11213e-19 4.49217e-18 -0.648175 -0.0116645 -1.65328e-20 -1.21791e-19 0.0116645 -0.648175 
116 0.642844 -0.246138 9.50594e-19 0 -0.246138 0.642844 -2.34e-18 -3.32212e-21 -1.07148e-19 -4.18947e-18 -0.593762 -0.0102678 3.06488e-21 7.23302e-20 0.0102678 -0.593762 
117 0.598752 -0.221814 3.18092e-18 0 -0.221814 0.598752 -1.75756e-17 -1.35137e-19 3.32439e-18 -1.49675e-17 -0.556069 -0.00922659 -9.75089e-22 1.13159e-19 0.00922659 -0.556069 
118 0.627326 -0.225022 -9.64675e-19 0 -0.225022 0.627326 1.67791e-17 1.82496e-19 -6.00859e-18 1.49988e-17 -0.5855 -0.00933453 2.5957e-20 -6.1985e-20 0.00933453 -0.5855 
119 0.602669 -0.208992 3.34196e-18 0 -0.208992 0.602669 -1.51197e-17 -7.0383e-20 1.36154e-18 -1.03155e-17 -0.565201 -0.00864553 6.11572e-21 9.56555e-20 0.00864553 -0.565201 
120 0.560582 -0.187652 -4.29649e-18 0 -0.187652 0.560582 -2.88203e-18 -1.56847e-19 5.00611e-18 -7.49888e-18 -0.528181 -0.00774095 -1.76184e-20 -7.91816e-20 0.00774095 -0.528181 
121 0.65014 -0.210551 -4.15845e-18 0 -0.210551 0.65014 2.87571e-18 -6.04649e-20 1.41775e-18 1.7856e-20 -0.615037 -0.0086634 9.84612e-22 -2.06042e-20 0.0086634 -0.615037 
122 0.595734 -0.186225 2.13012e-18 0 -0.186225 0.595734 6.28794e-18 4.85114e-20 -4.63247e-18 7.49896e-18 -0.565825 -0.0076422 4.69448e-20 -6.20402e-20 0.0076422 -0.565825 
123 0.662345 -0.199465 -1.46911e-19 0 -0.199465 0.662345 1.36199e-17 1.72655e-19 -4.47072e-18 1.62542e-17 -0.63154 -0.00816343 3.75076e-21 -4.45838e-20 0.00816343 -0.63154 
124 0.630666 -0.183414 -3.47684e-18 0 -0.183414 0.630666 1.72037e-17 1.03339e-19 -3.88344e-19 1.89078e-17 -0.603356 -0.00748814 -2.64975e-20 -1.41796e-19 0.00748814 -0.603356 
125 0.595947 -0.166934 1.88342e-18 0 -0.166934 0.595947 -8.79676e-18 -1.57352e-20 -7.43639e-19 -1.27616e-17 -0.572046 -0.00679791 1.41666e-20 1.33537e-19 0.00679791 -0.572046 
126 0.555463 -0.149665 -8.56547e-19 0 -0.149665 0.555463 -4.44686e-18 -1.40423e-19 3.30959e-18 -7.80305e-18 -0.534883 -0.00607912 1.74239e-21 -7.26895e-20 0.00607912 -0.534883 
127 0.588531 -0.152652 -2.68174e-18 0 -0.152652 0.588531 1.51401e-18 7.86297e-20 3.15931e-19 2.59921e-18 -0.568352 -0.00618544 -2.41744e-20 1.88054e-20 0.00618544 -0.568352 
128 0.579687 -0.144508 -3.32281e-18 0 -0.144508 0.579687 -1.28775e-18 -8.98168e-20 2.75237e-18 -6.20568e-18 -0.561354 -0.00584115 -5.86696e-21 -7.59322e-20 0.00584115 -0.561354 
129 0.592601 -0.141843 1.59034e-18 0 -0.141843 0.592601 -1.41398e-17 -1.64295e-19 4.82648e-18 -1.53559e-17 -0.575344 -0.00571963 -7.72851e-21 -2.81726e-20 0.00571963 -0.575344 
130 0.614349 -0.140937 -3.58392e-18 0 -0.140937 0.614349 -8.39162e-18 -9.14769e-20 6.48919e-18 -7.76225e-18 -0.597935 -0.00566929 -4.00317e-20 2.15254e-20 0.00566929 -0.597935 
131 0.611831 -0.134663 3.04874e-18 0 -0.134663 0.611831 -8.8249e-18 -6.10419e-20 9.69112e-19 -1.13498e-17 -0.596801 -0.00540455 5.35895e-21 5.20154e-20 0.00540455 -0.596801 
132 0.558455 -0.117825 2.1036e-18 0 -0.117825 0.558455 -2.42193e-18 9.68723e-20 7.16161e-19 -2.00165e-19 -0.545862 -0.00471815 -2.70685e-20 1.13165e-19 0.00471815 -0.545862 
133 0.564111 -0.113808 -1.60176e-18 0 -0.113808 0.564111 3.04499e-18 2.18354e-20 1.66414e-18 2.60342e-18 -0.552491 -0.00454688 -1.8374e-20 -1.65951e-20 0.00454688 -0.552491 
134 0.599442 -0.115961 3.28202e-19 0 -0.115961 0.599442 -2.85478e-17 -5.55814e-20 6.39368e-18 -3.07265e-17 -0.588099 -0.00462334 -3.9078e-20 1.6984e-19 0.00462334 -0.588099 
135 0.621246 -0.114486 3.6689e-19 0 -0.114486 0.621246 -1.2274e-17 -2.76116e-20 1.22109e-18 -1.37795e-17 -0.610587 -0.00455405 -3.88772e-21 4.02807e-20 0.00455405 -0.610587 
136 0.571501 -0.100636 -4.2023e-18 0 -0.100636 0.571501 1.57274e-17 -1.99165e-20 1.05404e-18 1.4e-17 -0.562554 -0.00399491 -3.63765e-21 -1.43716e-19 0.00399491 -0.562554 
137 0.658705 -0.11055 -1.90872e-18 0 -0.11055 0.658705 3.15673e-17 6.46471e-20 -2.07759e-18 2.76444e-17 -0.649345 -0.00437926 2.94957e-21 -1.09792e-19 0.00437926 -0.649345 
138 0.630239 -0.10082 -2.18445e-18 0 -0.10082 0.630239 -5.82369e-18 -5.7114e-20 4.12334e-18 -5.84199e-18 -0.622109 -0.00398588 -1.75664e-20 -1.31703e-20 0.00398588 -0.622109 
139 0.604098 -0.0918142 2.34463e-18 0 -0.0918142 0.604098 -2.08567e-18 5.28646e-20 -2.9404e-18 4.09202e-18 -0.597067 -0.00362244 9.4091e-21 2.2637e-20 0.00362244 -0.597067 
140 0.51194 -0.0740626 -3.99829e-18 0 -0.0740626 0.51194 1.41722e-17 -3.53715e-20 1.64683e-18 1.47529e-17 -0.506545 -0.00291659 -4.63706e-21 -9.06033e-20 0.00291659 -0.506545 
141 0.509342 -0.0698474 2.93614e-18 0 -0.0698474 0.509342 -1.32403e-17 9.02232e-22 -2.35244e-18 -1.16059e-17 -0.504522 -0.00274525 1.27543e-20 4.85467e-20 0.00274525 -0.504522 
142 0.605484 -0.0790005 -9.86338e-19 0 -0.0790005 0.605484 -1.57814e-17 -7.52836e-20 2.22117e-18 -1.76062e-17 -0.600299 -0.00309966 -1.61966e-21 -1.16533e-22 0.00309966 -0.600299 
143 0.681789 -0.0840902 -3.26632e-18 0 -0.0840902 0.681789 -2.43948e-17 5.55802e-21 5.31152e-18 -2.48557e-17 -0.676574 -0.00329323 -2.67341e-20 1.22823e-19 0.00329323 -0.676574 
144 0.619498 -0.0722741 -1.51289e-18 0 -0.0722741 0.619498 2.16805e-17 5.62631e-20 -1.78831e-18 2.20971e-17 -0.61526 -0.00282555 1.67287e-21 -4.23955e-20 0.00282555 -0.61526 
145 0.536154 -0.0588021 2.17245e-18 0 -0.0588021 0.536154 1.06578e-17 5.39026e-20 -3.89132e-18 1.20187e-17 -0.532913 -0.00229464 1.09373e-20 9.25619e-21 0.00229464 -0.532913 
146 0.632082 -0.0656278 -2.4538e-18 0 -0.0656278 0.632082 2.29916e-18 7.73227e-21 1.98877e-18 4.77896e-18 -0.628659 -0.00255706 -8.85314e-21 8.12573e-21 0.00255706 -0.628659 
147 0.606568 -0.059165 -7.42603e-19 0 -0.059165 0.606568 8.01478e-18 7.48723e-20 -2.20988e-18 1.05159e-17 -0.603671 -0.00230141 1.2251e-21 5.02109e-20 0.00230141 -0.603671 
148 0.575925 -0.0525773 -1.37483e-18 0 -0.0525773 0.575925 2.40537e-17 -9.14675e-21 4.53414e-19 2.16275e-17 -0.573516 -0.00204177 -7.05715e-22 -1.09755e-19 0.00204177 -0.573516 
149 0.503168 -0.0430701 1.76336e-18 0 -0.0430701 0.503168 -7.34912e-18 2.22988e-20 -4.19972e-20 -3.14113e-18 -0.501317 -0.00167002 -1.94099e-21 2.54572e-20 0.00167002 -0.501317 
150 0.58089 -0.0466265 -1.38592e-18 0 -0.0466265 0.58089 -2.6044e-17 -9.85087e-21 2.20583e-18 -3.03418e-17 -0.579012 -0.00180533 -6.04955e-21 8.12991e-20 0.00180533 -0.579012 
151 0.573131 -0.0429661 -2.3405e-18 0 -0.0429661 0.573131 1.97899e-17 -3.67337e-20 1.66498e-18 1.56692e-17 -0.571515 -0.00166123 -1.95517e-21 -7.95302e-20 0.00166123 -0.571515 
152 0.493875 -0.0344199 -2.34937e-18 0 -0.0344199 0.493875 2.41449e-17 -8.9141e-21 2.6904e-18 2.13542e-17 -0.492672 -0.00132891 -6.522e-21 -6.12812e-20 0.00132891 -0.492672 
153 0.519844 -0.0336115 -2.61617e-18 0 -0.0336115 0.519844 -3.23312e-18 -2.64431e-19 5.44084e-19 -1.06231e-17 -0.518754 -0.00129593 1.55298e-20 -2.57e-19 0.00129593 -0.518754 
154 0.647868 -0.0389573 3.93598e-18 0 -0.0389573 0.647868 -4.94183e-17 -6.98433e-20 -1.50217e-18 -4.70895e-17 -0.646693 -0.00150018 7.62784e-21 2.94388e-20 0.00150018 -0.646693 
155 0.578066 -0.0320427 1.0256e-18 0 -0.0320427 0.578066 1.14497e-17 5.9628e-21 -2.38009e-18 8.86028e-18 -0.577175 -0.00123233 4.81059e-21 -1.57526e-20 0.00123233 -0.577175 
156 0.641644 -0.0327837 2.0121e-18 0 -0.0327837 0.641644 -1.76583e-18 -7.92399e-21 -2.03649e-18 -1.61538e-18 -0.640804 -0.00125933 4.62738e-21 -7.38724e-21 0.00125933 -0.640804 
157 0.544982 -0.025559 4.07172e-19 0 -0.025559 0.544982 -8.69025e-18 2.20359e-20 -8.17406e-19 -7.43675e-18 -0.544381 -0.00098067 4.759e-22 4.82235e-20 0.00098067 -0.544381 
158 0.423509 -0.0180415 3.9069e-18 0 -0.0180415 0.423509 -2.70724e-17 -3.55722e-20 -9.44626e-19 -2.83288e-17 -0.423124 -0.00069141 3.00486e-21 1.05337e-20 0.00069141 -0.423124 
159 0.512566 -0.0198914 7.20371e-18 0 -0.0198914 0.512566 -2.93839e-17 1.98363e-20 -7.04007e-18 -2.87604e-17 -0.512179 -0.0007615 9.78645e-21 5.56888e-20 0.0007615 -0.512179 
160 0.604165 -0.021295 4.22614e-18 0 -0.021295 0.604165 1.04716e-18 1.74367e-20 -3.35177e-18 -2.07643e-18 -0.603789 -0.000814427 3.93587e-21 1.53044e-20 0.000814427 -0.603789 
161 0.653897 -0.0208102 2.30822e-18 0 -0.0208102 0.653897 -4.55664e-17 1.01768e-20 -2.92972e-18 -4.89536e-17 -0.653565 -0.00079513 3.13366e-21 6.49445e-20 0.00079513 -0.653565 
162 0.607845 -0.0173397 -5.49953e-18 0 -0.0173397 0.607845 -1.26599e-17 -7.24869e-21 6.5606e-18 -1.45618e-17 -0.607597 -0.000661916 -7.21358e-21 6.84907e-21 0.000661916 -0.607597 
163 0.578186 -0.0146977 -2.49316e-19 0 -0.0146977 0.578186 5.90925e-17 3.51907e-21 -5.25701e-19 6.01185e-17 -0.577998 -0.000560573 6.8641e-22 -5.04481e-20 0.000560573 -0.577998 
164 0.469417 -0.0105979 4.11879e-18 0 -0.0105979 0.469417 1.18786e-16 1.08404e-19 -4.84045e-18 1.19119e-16 -0.469297 -0.000403882 1.66681e-21 3.60065e-21 0.000403882 -0.469297 
165 0.499907 -0.00986794 -5.469e-18 0 -0.00986794 0.499907 -7.25485e-17 -1.58659e-20 7.66087e-18 -7.5387e-17 -0.49981 -0.000375764 -5.33255e-21 3.75146e-20 0.000375764 -0.49981 
166 0.508935 -0.00870916 6.31135e-19 0 -0.00870916 0.508935 2.56373e-17 3.53204e-21 -9.30698e-19 2.53953e-17 -0.50886 -0.000331393 5.46347e-22 -9.28767e-21 0.000331393 -0.50886 
167 0.640088 -0.00947803 3.08165e-19 0 -0.00947803 0.640088 -1.53359e-16 -2.321e-20 5.94512e-19 -1.6319e-16 -0.640017 -0.000360415 -2.67644e-23 6.26733e-20 0.000360415 -0.640017 
168 0.652391 -0.00833466 -4.48324e-18 0 -0.00833466 0.652391 5.33826e-17 3.99426e-20 3.16212e-18 5.1925e-17 -0.652337 -0.000316752 -1.85672e-21 1.56596e-20 0.000316752 -0.652337 
169 0.623368 -0.00662053 5.01239e-18 0 -0.00662053 0.623368 -2.5168e-16 -7.70496e-20 -3.68147e-18 -2.49274e-16 -0.623333 -0.000251455 2.33889e-21 2.52393e-20 0.000251455 -0.623333 
170 0.480679 -0.0042275 1.63571e-18 0 -0.0042275 0.480679 -2.78395e-17 9.17915e-21 1.31125e-18 -3.33395e-17 -0.48066 -0.000160482 -5.18511e-22 1.90227e-20 0.000160482 -0.48066 
171 0.533569 -0.00375546 1.20928e-17 0 -0.00375546 0.533569 -1.55829e-16 5.93194e-21 -8.68321e-18 -1.49078e-16 -0.533556 -0.000142491 2.2225e-21 4.78934e-20 0.000142491 -0.533556 
172 0.599744 -0.00336432 -6.09746e-18 0 -0.00336432 0.599744 7.30168e-17 -5.53676e-21 1.63936e-18 7.89065e-17 -0.599735 -0.000127598 -2.28967e-22 -2.58109e-20 0.000127598 -0.599735 
173 0.513673 -0.00218637 3.38113e-18 0 -0.00218637 0.513673 -8.20356e-17 -6.19134e-21 -6.08846e-19 -8.45474e-17 -0.513668 -8.289e-05 9.77949e-23 4.44595e-21 8.289e-05 -0.513668 
174 0.499074 -0.00160493 1.58377e-17 0 -0.00160493 0.499074 -2.12727e-16 1.33201e-20 -1.7528e-17 -2.20224e-16 -0.499071 -6.08285e-05 2.03552e-21 4.04528e-20 6.08285e-05 -0.499071 
175 0.67038 -0.00147914 -1.03934e-18 0 -0.00147914 0.67038 -1.63135e-16 -2.1537e-21 -1.60446e-18 -1.61748e-16 -0.670378 -5.60446e-05 1.05579e-22 1.13713e-20 5.60446e-05 -0.670378 
176 0.538451 -0.000757033 1.40453e-17 0 -0.000757033 0.538451 -1.46043e-16 -1.73727e-20 -1.57318e-17 -1.37266e-16 -0.538451 -2.86774e-05 8.71082e-22 -1.12493e-20 2.86774e-05 -0.538451 
177 0.398711 -0.000324264 1.85527e-17 0 -0.000324264 0.398711 -5.26175e-16 -2.38844e-21 -1.70899e-17 -5.26175e-16 -0.398711 -1.22814e-05 4.84493e-22 1.18772e-20 1.22814e-05 -0.398711 
178 0.538123 -0.000184848 1.32422e-17 0 -0.000184848 0.538123 1.13746e-15 5.62586e-21 -1.75738e-17 1.13465e-15 -0.538123 -7.00014e-06 2.39239e-22 -6.6491e-21 7.00014e-06 -0.538123 
179 0 0 0 0 0 0 0 0 0 0 0 0 0 0 0 0 
180 0 0 0 0 0 0 0 0 0 0 0 0 0 0 0 0 
