0 25.4986 -0.193062 25.4986 25.4978 -0.010886 25.4978 
1 4.56299 -0.143415 4.56299 4.5607 -0.00808612 4.5607 
2 4.41219 -0.215295 4.41219 4.40676 -0.0121378 4.40676 
3 2.35714 -0.163393 2.35714 2.35142 -0.00921039 2.35142 
4 3.34011 -0.332142 3.34011 3.32347 -0.0187171 3.32347 
5 6.35586 -0.80174 6.35586 6.30477 -0.0451613 6.30477 
6 5.07775 -0.757164 5.07775 5.02065 -0.0426362 5.02065 
7 4.46979 -0.790108 4.46979 4.39905 -0.0444671 4.39905 
8 6.38843 -1.2787 6.38843 6.25858 -0.0719114 6.25858 
9 4.85447 -1.08584 4.85447 4.73095 -0.0610352 4.73095 
10 5.21239 -1.28963 5.21239 5.04969 -0.0724478 5.04969 
11 5.17508 -1.40029 5.17508 4.98127 -0.0785979 4.98127 
12 3.75498 -1.11208 3.75498 3.58588 -0.0623458 3.58588 
13 3.81306 -1.22012 3.81306 3.61184 -0.0683578 3.61184 
14 3.40275 -1.16827 3.40275 3.19514 -0.0653908 3.19514 
15 4.61265 -1.68813 4.61265 4.29146 -0.0943827 4.29146 
16 3.65139 -1.42491 3.65139 3.36085 -0.0795799 3.36085 
17 4.39133 -1.81668 4.39133 3.99651 -0.101341 3.99651 
18 3.57939 -1.56279 3.57938 3.21891 -0.0870349 3.21891 
19 3.29892 -1.51922 3.29892 2.92696 -0.0845365 2.92696 
20 3.05026 -1.47511 3.05026 2.6685 -0.0819314 2.6685 
21 2.9286 -1.48014 2.9286 2.52558 -0.0820851 2.52559 
22 3.13316 -1.65281 3.13316 2.66006 -0.0915663 2.66006 
23 2.86349 -1.57253 2.86349 2.39133 -0.0869132 2.39134 
24 2.82193 -1.61217 2.82193 2.31423 -0.0889977 2.31424 
25 2.96276 -1.75552 2.96276 2.38459 -0.0967681 2.38459 
26 2.86152 -1.75423 2.86152 2.25857 -0.0965018 2.25857 
27 2.5844 -1.63849 2.5844 1.9965 -0.089987 1.9965 
28 2.45295 -1.60168 2.45295 1.85565 -0.0877804 1.85565 
29 2.27228 -1.5311 2.27228 1.6768 -0.0837624 1.6768 
30 2.35443 -1.63256 2.35443 1.69406 -0.0891286 1.69406 
31 1.87543 -1.33419 1.87543 1.31586 -0.0726643 1.31587 
32 1.68979 -1.23432 1.68979 1.15204 -0.0671028 1.15204 
33 2.14696 -1.60459 2.14696 1.42367 -0.0870511 1.42367 
34 1.91939 -1.46864 1.91938 1.23306 -0.079458 1.23306 
35 1.89867 -1.48409 1.89867 1.18144 -0.0801484 1.18144 
36 1.71387 -1.36779 1.71387 1.0299 -0.0736588 1.02991 
37 1.79279 -1.46063 1.79279 1.03649 -0.0784965 1.03649 
38 1.82022 -1.51136 1.82022 1.01105 -0.0810183 1.01105 
39 1.60122 -1.35287 1.60122 0.853244 -0.072306 0.853246 
40 1.87291 -1.60807 1.87291 0.95621 -0.0857748 0.95621 
41 1.65027 -1.43949 1.65027 0.803276 -0.0765801 0.803276 
42 1.72055 -1.52344 1.72055 0.795433 -0.0808269 0.795433 
43 1.76698 -1.58644 1.76698 0.773411 -0.0839398 0.773411 
44 1.59576 -1.45139 1.59576 0.658715 -0.0765817 0.658715 
45 1.62848 -1.49812 1.62848 0.633392 -0.0788371 0.633392 
46 1.4386 -1.3389 1.4386 0.521396 -0.07025 0.521396 
47 1.43903 -1.35255 1.43903 0.486079 -0.0707706 0.486079 
48 1.47399 -1.3989 1.47399 0.458514 -0.0729763 0.458514 
49 1.21336 -1.16153 1.21336 0.345505 -0.0604134 0.345505 
50 1.13214 -1.09178 1.13214 0.294073 -0.056625 0.294073 
51 1.13773 -1.10535 1.13773 0.263214 -0.0571437 0.263214 
52 1.17708 -1.15052 1.17708 0.241267 -0.0592996 0.241267 
53 1.11997 -1.10031 1.11997 0.200962 -0.056545 0.200962 
54 1.08435 -1.07043 1.08435 0.164089 -0.0548301 0.164089 
55 1.13049 -1.12012 1.13049 0.141322 -0.0571997 0.141322 
56 1.03125 -1.02495 1.03125 0.100829 -0.052172 0.100829 
57 1.13907 -1.13471 1.13907 0.0807928 -0.0575753 0.0807928 
58 1.08541 -1.08295 1.08541 0.0477295 -0.0547718 0.0477295 
59 0.958321 -0.95693 0.958321 0.0168084 -0.048244 0.0168084 
60 0.891354 -0.890152 0.891354 -0.00964514 -0.0447222 -0.00964514 
61 0.917968 -0.91615 0.917968 -0.0343428 -0.0458776 -0.0343428 
62 0.981831 -0.978543 0.981831 -0.0633294 -0.0488365 -0.0633294 
63 0.909941 -0.905093 0.909941 -0.0820021 -0.0450249 -0.0820021 
64 0.85619 -0.84929 0.85619 -0.0997305 -0.0421066 -0.0997305 
65 0.899655 -0.889436 0.899655 -0.127691 -0.0439517 -0.127691 
66 0.810287 -0.797779 0.810287 -0.136134 -0.0392876 -0.136134 
67 0.921333 -0.90273 0.921333 -0.178668 -0.0443027 -0.178668 
68 0.896851 -0.87404 0.896851 -0.196276 -0.0427502 -0.196276 
69 0.804856 -0.779737 0.804856 -0.195764 -0.0380101 -0.195764 
70 0.829046 -0.797677 0.829046 -0.222459 -0.0387484 -0.222459 
71 0.817945 -0.78112 0.817945 -0.239617 -0.0378115 -0.239617 
72 0.857274 -0.812242 0.857274 -0.271303 -0.0391844 -0.271303 
73 0.831534 -0.780969 0.831534 -0.283001 -0.0375434 -0.283001 
74 0.744736 -0.692862 0.744736 -0.271008 -0.0331901 -0.271008 
75 0.740682 -0.682604 0.740682 -0.285611 -0.0325902 -0.285611 
76 0.741739 -0.675923 0.741739 -0.303715 -0.032151 -0.303715 
77 0.882272 -0.795498 0.882272 -0.379639 -0.037713 -0.379639 
78 0.829346 -0.738783 0.829346 -0.375185 -0.0348983 -0.375185 
79 0.740464 -0.651504 0.740464 -0.35052 -0.0306678 -0.35052 
80 0.794646 -0.690259 0.794646 -0.392336 -0.0323795 -0.392336 
81 0.691043 -0.592389 0.691043 -0.354727 -0.0276936 -0.354727 
82 0.726721 -0.614228 0.726721 -0.387307 -0.028614 -0.387307 
83 0.743603 -0.619146 0.743603 -0.410796 -0.0287402 -0.410796 
84 0.683792 -0.56073 0.683792 -0.390465 -0.0259378 -0.390465 
85 0.679072 -0.548411 0.679072 -0.399656 -0.0252825 -0.399656 
86 0.732241 -0.581697 0.732241 -0.443925 -0.0267232 -0.443925 
87 0.707814 -0.552896 0.707814 -0.441189 -0.0253122 -0.441189 
88 0.721142 -0.553596 0.721142 -0.461431 -0.0252569 -0.461431 
89 0.668671 -0.504093 0.668671 -0.438713 -0.0229184 -0.438713 
90 0.68042 -0.503551 0.68042 -0.457022 -0.0228151 -0.457022 
91 0.685257 -0.497782 0.685257 -0.470392 -0.0224781 -0.470392 
92 0.649731 -0.462932 0.649731 -0.455407 -0.0208338 -0.455407 
93 0.700451 -0.489197 0.700451 -0.50082 -0.0219412 -0.50082 
94 0.708417 -0.48461 0.708417 -0.516259 -0.0216614 -0.516259 
95 0.650954 -0.436076 0.650954 -0.482895 -0.0194268 -0.482895 
96 0.619858 -0.405841 0.619858 -0.468168 -0.0180156 -0.468168 
97 0.67136 -0.430486 0.67136 -0.514812 -0.0190494 -0.514812 
98 0.692458 -0.434093 0.692458 -0.539149 -0.0191454 -0.539149 
99 0.641973 -0.393287 0.641973 -0.507093 -0.0172887 -0.507093 
100 0.672956 -0.40252 0.672956 -0.539003 -0.0176358 -0.539003 
101 0.658061 -0.384268 0.658061 -0.533938 -0.0167815 -0.533938 
102 0.625132 -0.356309 0.625132 -0.513405 -0.0155109 -0.513405 
103 0.675525 -0.375455 0.675525 -0.561329 -0.0162918 -0.561329 
104 0.585609 -0.317239 0.585609 -0.492038 -0.0137217 -0.492038 
105 0.657449 -0.347063 0.657449 -0.558169 -0.0149646 -0.558169 
106 0.662777 -0.340796 0.662777 -0.56825 -0.0146488 -0.56825 
107 0.7054 -0.352887 0.7054 -0.610591 -0.0151206 -0.610591 
108 0.658217 -0.320458 0.658217 -0.57477 -0.0136894 -0.57477 
109 0.645929 -0.305635 0.645929 -0.568889 -0.0130157 -0.568889 
110 0.58261 -0.267715 0.58261 -0.517327 -0.0113655 -0.517327 
111 0.668974 -0.298975 0.668974 -0.598306 -0.0126563 -0.598306 
112 0.681044 -0.295287 0.681044 -0.613566 -0.0124622 -0.613566 
113 0.622791 -0.261886 0.622791 -0.564939 -0.0110195 -0.564939 
114 0.651979 -0.265624 0.651979 -0.595307 -0.0111433 -0.595307 
115 0.705707 -0.278833 0.705707 -0.648175 -0.0116645 -0.648175 
116 0.642844 -0.246138 0.642844 -0.593762 -0.0102678 -0.593762 
117 0.598752 -0.221814 0.598752 -0.556069 -0.00922659 -0.556069 
118 0.627326 -0.225022 0.627326 -0.5855 -0.00933453 -0.5855 
119 0.602669 -0.208992 0.602669 -0.565201 -0.00864553 -0.565201 
120 0.560582 -0.187652 0.560582 -0.528181 -0.00774095 -0.528181 
121 0.65014 -0.210551 0.65014 -0.615037 -0.0086634 -0.615037 
122 0.595734 -0.186225 0.595734 -0.565825 -0.0076422 -0.565825 
123 0.662345 -0.199465 0.662345 -0.63154 -0.00816343 -0.63154 
124 0.630666 -0.183414 0.630666 -0.603356 -0.00748814 -0.603356 
125 0.595947 -0.166934 0.595947 -0.572046 -0.00679791 -0.572046 
126 0.555463 -0.149665 0.555463 -0.534883 -0.00607912 -0.534883 
127 0.588531 -0.152652 0.588531 -0.568352 -0.00618544 -0.568352 
128 0.579687 -0.144508 0.579687 -0.561354 -0.00584115 -0.561354 
129 0.592601 -0.141843 0.592601 -0.575344 -0.00571963 -0.575344 
130 0.614349 -0.140937 0.614349 -0.597935 -0.00566929 -0.597935 
131 0.611831 -0.134663 0.611831 -0.596801 -0.00540455 -0.596801 
132 0.558455 -0.117825 0.558455 -0.545862 -0.00471815 -0.545862 
133 0.564111 -0.113808 0.564111 -0.552491 -0.00454688 -0.552491 
134 0.599442 -0.115961 0.599442 -0.588099 -0.00462334 -0.588099 
135 0.621246 -0.114486 0.621246 -0.610587 -0.00455405 -0.610587 
136 0.571501 -0.100636 0.571501 -0.562554 -0.00399491 -0.562554 
137 0.658705 -0.11055 0.658705 -0.649345 -0.00437926 -0.649345 
138 0.630239 -0.10082 0.630239 -0.622109 -0.00398588 -0.622109 
139 0.604098 -0.0918142 0.604098 -0.597067 -0.00362244 -0.597067 
140 0.51194 -0.0740626 0.51194 -0.506545 -0.00291659 -0.506545 
141 0.509342 -0.0698474 0.509342 -0.504522 -0.00274525 -0.504522 
142 0.605484 -0.0790005 0.605484 -0.600299 -0.00309966 -0.600299 
143 0.681789 -0.0840902 0.681789 -0.676574 -0.00329323 -0.676574 
144 0.619498 -0.0722741 0.619498 -0.61526 -0.00282555 -0.61526 
145 0.536154 -0.0588021 0.536154 -0.532913 -0.00229464 -0.532913 
146 0.632082 -0.0656278 0.632082 -0.628659 -0.00255706 -0.628659 
147 0.606568 -0.059165 0.606568 -0.603671 -0.00230141 -0.603671 
148 0.575925 -0.0525773 0.575925 -0.573516 -0.00204177 -0.573516 
149 0.503168 -0.0430701 0.503168 -0.501317 -0.00167002 -0.501317 
150 0.58089 -0.0466265 0.58089 -0.579012 -0.00180533 -0.579012 
151 0.573131 -0.0429661 0.573131 -0.571515 -0.00166123 -0.571515 
152 0.493875 -0.0344199 0.493875 -0.492672 -0.00132891 -0.492672 
153 0.519844 -0.0336115 0.519844 -0.518754 -0.00129593 -0.518754 
154 0.647868 -0.0389573 0.647868 -0.646693 -0.00150018 -0.646693 
155 0.578066 -0.0320427 0.578066 -0.577175 -0.00123233 -0.577175 
156 0.641644 -0.0327837 0.641644 -0.640804 -0.00125933 -0.640804 
157 0.544982 -0.025559 0.544982 -0.544381 -0.00098067 -0.544381 
158 0.423509 -0.0180415 0.423509 -0.423124 -0.00069141 -0.423124 
159 0.512566 -0.0198914 0.512566 -0.512179 -0.0007615 -0.512179 
160 0.604165 -0.021295 0.604165 -0.603789 -0.000814427 -0.603789 
161 0.653897 -0.0208102 0.653897 -0.653565 -0.00079513 -0.653565 
162 0.607845 -0.0173397 0.607845 -0.607597 -0.000661916 -0.607597 
163 0.578186 -0.0146977 0.578186 -0.577998 -0.000560573 -0.577998 
164 0.469417 -0.0105979 0.469417 -0.469297 -0.000403882 -0.469297 
165 0.499907 -0.00986794 0.499907 -0.49981 -0.000375764 -0.49981 
166 0.508935 -0.00870916 0.508935 -0.50886 -0.000331393 -0.50886 
167 0.640088 -0.00947803 0.640088 -0.640017 -0.000360415 -0.640017 
168 0.652391 -0.00833466 0.652391 -0.652337 -0.000316752 -0.652337 
169 0.623368 -0.00662053 0.623368 -0.623333 -0.000251455 -0.623333 
170 0.480679 -0.0042275 0.480679 -0.48066 -0.000160482 -0.48066 
171 0.533569 -0.00375546 0.533569 -0.533556 -0.000142491 -0.533556 
172 0.599744 -0.00336432 0.599744 -0.599735 -0.000127598 -0.599735 
173 0.513673 -0.00218637 0.513673 -0.513668 -8.289e-05 -0.513668 
174 0.499074 -0.00160493 0.499074 -0.499071 -6.08285e-05 -0.499071 
175 0.67038 -0.00147914 0.67038 -0.670378 -5.60446e-05 -0.670378 
176 0.538451 -0.000757033 0.538451 -0.538451 -2.86774e-05 -0.538451 
177 0.398711 -0.000324264 0.398711 -0.398711 -1.22814e-05 -0.398711 
178 0.538123 -0.000184848 0.538123 -0.538123 -7.00014e-06 -0.538123 
179 0 0 0 0 0 0 
180 0 0 0 0 0 0 
