0 3.99451 -0.0428672 7.02684e-17 0 -0.0428672 3.99451 4.49718e-16 -1.74147e-17 1.24474e-16 -2.24859e-16 3.9939 -0.0548072 1.52121e-18 1.40537e-17 0.0548072 3.9939 
1 1.45544 -0.0482586 6.63196e-17 0 -0.0482586 1.45544 -1.82708e-16 -7.48238e-17 8.5797e-17 2.8109e-16 1.45332 -0.0616994 7.99339e-19 8.34485e-17 0.0616994 1.45332 
2 0.46899 -0.0281744 1.15967e-16 0 -0.0281744 0.46899 4.21699e-17 -7.96978e-17 1.01089e-16 -4.21699e-17 0.466732 -0.03602 3.0946e-18 7.73114e-17 0.03602 0.466732 
3 1.52263 -0.124056 -7.18846e-17 0 -0.124056 1.52263 5.5362e-17 9.96007e-17 -6.51855e-17 -4.67209e-17 1.50917 -0.158593 1.84286e-18 -1.08307e-16 0.158593 1.50917 
4 1.98838 -0.216504 -1.10077e-16 0 -0.216504 1.98838 -8.94458e-17 1.72074e-16 -1.1223e-16 9.64784e-17 1.95689 -0.276757 3.38643e-18 -1.60211e-16 0.276757 1.95689 
5 1.71181 -0.232438 2.16581e-06 2.82167e-05 -0.232438 1.71181 2.46213e-06 -2.03522e-06 -2.10966e-06 -2.47052e-06 1.66957 -0.297023 2.82175e-05 -1.97612e-06 0.297023 1.66957 
6 2.07703 -0.334984 -1.63014e-16 0 -0.334984 2.07703 1.0589e-16 1.26136e-16 -1.55668e-16 -4.34118e-17 2.00449 -0.428111 -1.20141e-17 -1.44535e-16 0.428111 2.00449 
7 2.12734 -0.401578 -5.26677e-06 -4.59066e-05 -0.401578 2.12734 -3.91224e-06 4.96492e-06 4.69717e-06 4.03267e-06 2.02494 -0.512964 -4.59198e-05 4.38517e-06 0.512964 2.02494 
8 1.22264 -0.26136 1.92492e-17 0 -0.26136 1.22264 3.43676e-17 2.32957e-17 1.48442e-17 1.54214e-18 1.14664 -0.333908 9.65038e-18 -2.19755e-17 0.333908 1.14664 
9 1.43881 -0.342248 1.10738e-17 0 -0.342248 1.43881 9.60382e-18 -4.25816e-19 1.29341e-17 9.79981e-18 1.32726 -0.437166 4.14704e-18 -3.62593e-18 0.437166 1.32726 
10 2.44456 -0.643229 -3.02788e-05 -0.000198045 -0.643229 2.44456 -1.62541e-05 2.82753e-05 3.36154e-05 1.52112e-05 2.21085 -0.820451 -0.000197935 3.1658e-05 0.820451 2.21085 
11 2.00588 -0.571509 1.69572e-05 9.3429e-05 -0.571509 2.00588 7.00702e-06 -1.59204e-05 -1.65151e-05 -7.15764e-06 1.77905 -0.729023 9.34472e-05 -1.54895e-05 0.729023 1.77905 
12 2.1135 -0.653743 -3.62406e-17 0 -0.653743 2.1135 -4.59367e-17 6.89779e-17 -5.94722e-17 4.32822e-17 1.82828 -0.834441 -2.54472e-18 -5.65544e-17 0.834441 1.82828 
13 1.7422 -0.58114 -4.7024e-05 -0.000214746 -0.58114 1.7422 -1.5577e-05 3.96633e-05 4.56802e-05 1.41954e-05 1.46606 -0.740073 -0.000216417 4.6861e-05 0.740073 1.46606 
14 1.79818 -0.637206 1.26267e-05 5.3397e-05 -0.637206 1.79818 3.46022e-06 -1.18552e-05 -1.27047e-05 -3.42647e-06 1.47212 -0.812285 5.3392e-05 -1.19256e-05 0.812285 1.47212 
15 1.33388 -0.501522 -5.14152e-05 -0.000201674 -0.501522 1.33387 -1.23585e-05 4.84843e-05 4.55916e-05 1.51134e-05 1.05783 -0.639109 -0.000201895 4.24179e-05 0.639109 1.05783 
16 1.52644 -0.603646 2.15071e-05 8.22709e-05 -0.603646 1.52644 5.28056e-06 -2.02117e-05 -2.32014e-05 -4.45185e-06 1.17258 -0.768362 8.21563e-05 -2.17579e-05 0.768362 1.17258 
17 1.6106 -0.668666 -9.0515e-06 -3.41234e-05 -0.668666 1.6106 -2.5564e-06 9.94165e-06 1.10762e-05 2.24424e-06 1.19284 -0.850689 -3.3375e-05 9.26207e-06 0.850689 1.19284 
18 1.49269 -0.646282 1.87353e-06 6.57504e-06 -0.646282 1.49269 4.37582e-07 -1.76493e-06 -2.0253e-06 -3.56117e-07 1.06461 -0.822649 6.56256e-06 -1.89933e-06 0.822649 1.06461 
19 1.5646 -0.703924 -7.83535e-05 -0.00025371 -0.703924 1.5646 -1.19781e-05 7.34539e-05 7.93749e-05 1.13827e-05 1.07248 -0.895491 -0.000253647 7.44207e-05 0.895491 1.07248 
20 1.37085 -0.639492 -2.05344e-17 0 -0.639492 1.37085 2.31285e-17 -2.38879e-18 -1.0199e-17 -1.1766e-17 0.898732 -0.813847 -1.09566e-17 -5.52441e-18 0.813847 0.898732 
21 1.492 -0.720466 4.23801e-05 0.000118429 -0.720466 1.492 4.24195e-06 -3.97389e-05 -3.99514e-05 -5.76487e-06 0.931788 -0.91567 0.000118642 -3.76095e-05 0.91567 0.931789 
22 1.50668 -0.74961 -4.47823e-06 -1.22597e-05 -0.74961 1.50668 -3.93626e-07 4.19965e-06 4.28332e-06 5.17154e-07 0.895054 -0.952226 -1.22786e-05 4.03491e-06 0.952226 0.895054 
23 1.42003 -0.725617 -1.89897e-17 0 -0.725617 1.42003 2.62874e-18 3.99266e-17 -3.12805e-17 2.85826e-17 0.799636 -0.922099 1.05574e-19 -2.92496e-17 0.922099 0.799636 
24 1.50381 -0.788681 2.3783e-17 0 -0.788681 1.50381 -2.67229e-17 -2.12617e-17 1.68977e-17 -9.07881e-18 0.797353 -1.00169 5.87736e-20 2.80044e-17 1.00169 0.797353 
25 1.33521 -0.716859 -3.09694e-17 0 -0.716859 1.33521 4.15978e-17 1.84078e-17 -1.68535e-17 1.12678e-18 0.663831 -0.90995 -3.16964e-18 -3.70726e-17 0.90995 0.663831 
26 1.19318 -0.654652 -5.75448e-17 0 -0.654652 1.19318 4.54448e-17 6.90353e-17 -5.4426e-17 5.05856e-17 0.552483 -0.830484 -1.05391e-19 -6.92776e-17 0.830484 0.552483 
27 1.34483 -0.751335 1.93891e-17 0 -0.751335 1.34483 -1.23021e-17 -3.41223e-17 2.90148e-17 -3.74792e-17 0.580033 -0.952584 3.45182e-18 1.4115e-17 0.952584 0.580033 
28 1.15917 -0.658237 8.53299e-18 0 -0.658237 1.15917 -1.44006e-17 2.2341e-17 -1.25525e-17 3.14461e-17 0.463234 -0.834052 9.31945e-18 -6.20024e-18 0.834052 0.463234 
29 1.21622 -0.701135 8.96067e-18 0 -0.701135 1.21622 -1.01662e-17 2.01321e-17 -1.55791e-17 3.27221e-17 0.446284 -0.887846 5.6844e-19 9.64843e-18 0.887846 0.446284 
30 1.00725 -0.588754 -3.4978e-17 0 -0.588754 1.00725 2.88938e-17 5.69079e-17 -4.74541e-17 6.36188e-17 0.33576 -0.745038 -5.47079e-18 -3.05398e-17 0.745038 0.33576 
31 1.21471 -0.71892 3.09299e-17 0 -0.71892 1.21471 -4.2996e-17 -2.19518e-17 1.59684e-17 -1.63002e-17 0.363389 -0.909113 -3.23891e-18 3.64328e-17 0.909113 0.363389 
32 1.06211 -0.6359 3.32516e-05 6.18742e-05 -0.6359 1.06211 -2.47183e-06 -3.12362e-05 -3.27622e-05 2.03366e-06 0.282924 -0.80214 6.19402e-05 -3.08794e-05 0.80214 0.282924 
33 1.1533 -0.695811 2.96869e-18 0 -0.695811 1.1533 6.25757e-18 -1.9545e-17 1.43524e-17 -2.44493e-17 0.271578 -0.878677 -3.6627e-18 6.18808e-18 0.878677 0.271578 
34 0.992042 -0.603423 -1.04451e-17 0 -0.603423 0.992042 2.53589e-17 7.72597e-18 -6.51392e-18 5.70918e-18 0.200431 -0.761429 -1.57985e-18 -1.65655e-17 0.761429 0.200431 
35 1.17822 -0.721496 2.60059e-17 0 -0.721496 1.17822 -3.29684e-17 -3.93579e-17 3.04031e-17 -4.23431e-17 0.199815 -0.909722 -3.76627e-18 3.78729e-17 0.909722 0.199815 
36 1.14443 -0.705397 -0.00010183 -0.000163653 -0.705397 1.14442 1.32645e-05 9.5502e-05 9.9018e-05 -1.04328e-05 0.157496 -0.887139 -0.000164062 9.35773e-05 0.887139 0.1575 
37 1.1477 -0.709744 -6.89056e-18 0 -0.709744 1.1477 1.96273e-17 -1.99532e-17 1.68249e-17 -2.78281e-17 0.122532 -0.893511 6.71306e-18 -1.5577e-17 0.893511 0.122532 
38 1.01412 -0.629336 -1.74732e-17 0 -0.629336 1.01412 2.41426e-17 2.77521e-17 -2.19295e-17 3.38546e-17 0.0752353 -0.791609 6.32079e-19 -1.88746e-17 0.791609 0.0752353 
39 1.04011 -0.646907 -5.73527e-18 0 -0.646907 1.04011 3.5657e-18 5.64647e-18 -4.58736e-18 7.26701e-18 0.0466858 -0.813064 -1.46557e-18 -2.20459e-18 0.813064 0.0466858 
40 1.1554 -0.719658 -1.48762e-18 0 -0.719658 1.1554 2.00337e-18 9.71117e-18 -7.74821e-18 1.22445e-17 0.0160014 -0.903714 2.22908e-18 -7.16683e-18 0.903714 0.0160014 
41 1.11646 -0.695749 1.84893e-18 0 -0.695749 1.11646 5.63735e-18 1.45365e-17 -1.16777e-17 1.86361e-17 -0.0195708 -0.872891 5.1876e-18 -2.68139e-18 0.872891 -0.0195708 
42 1.14946 -0.716034 1.13623e-18 0 -0.716034 1.14946 -1.35317e-18 -8.68277e-19 4.71272e-19 -1.11757e-18 -0.0535084 -0.897554 2.80213e-18 -1.9646e-18 0.897554 -0.0535084 
43 1.02439 -0.637371 -1.53163e-17 0 -0.637371 1.02439 2.3209e-17 1.39742e-18 -1.15311e-18 3.45361e-18 -0.0766765 -0.798241 -8.95679e-20 -1.7876e-17 0.798241 -0.0766765 
44 1.03664 -0.643685 3.91377e-20 0 -0.643685 1.03664 -4.20032e-18 2.3049e-18 -2.36762e-18 2.49593e-18 -0.107476 -0.805394 3.98621e-18 -2.43274e-18 0.805394 -0.107476 
45 1.05341 -0.65311 -0.000100229 -0.000131049 -0.65311 1.0534 1.89733e-05 9.53874e-05 0.0001042 -2.37481e-05 -0.13857 -0.814565 -0.000130356 9.75989e-05 0.814565 -0.138566 
46 0.857655 -0.529201 -1.90772e-18 0 -0.529201 0.857655 5.09547e-18 -1.5582e-18 2.37291e-19 -3.73786e-19 -0.136817 -0.660878 4.68887e-18 -8.95554e-18 0.660878 -0.136817 
47 1.08222 -0.664993 -1.27177e-18 0 -0.664993 1.08222 -2.95492e-18 -8.06438e-18 6.027e-18 -1.04588e-17 -0.201447 -0.829655 1.93468e-18 2.19572e-18 0.829655 -0.201447 
48 1.11836 -0.683902 4.25149e-18 0 -0.683902 1.11836 -6.52326e-18 -1.90707e-17 1.54995e-17 -2.56205e-17 -0.237367 -0.852407 -7.40645e-19 4.54675e-18 0.852407 -0.237367 
49 1.11932 -0.680784 -2.3812e-19 0 -0.680784 1.11932 1.39984e-18 -9.48845e-18 7.692e-18 -1.44537e-17 -0.266055 -0.847674 -2.22014e-19 1.05833e-18 0.847674 -0.266055 
50 1.05364 -0.636831 -4.17912e-18 0 -0.636831 1.05364 -8.09371e-18 -1.67752e-17 1.32848e-17 -2.18442e-17 -0.277687 -0.792112 5.76004e-19 -2.05376e-18 0.792112 -0.277687 
51 1.19205 -0.715632 -8.38372e-18 0 -0.715632 1.19205 3.32858e-17 2.3517e-17 -2.25144e-17 4.03728e-17 -0.343678 -0.889197 9.38481e-18 -2.36507e-17 0.889197 -0.343678 
52 1.05521 -0.629025 2.00843e-17 0 -0.629025 1.05521 -2.53734e-17 1.03424e-17 -9.6359e-18 5.48128e-18 -0.328796 -0.780786 3.2634e-18 2.03712e-17 0.780786 -0.328796 
53 1.0182 -0.60228 -7.75262e-18 0 -0.60228 1.0182 1.4627e-17 -5.71015e-18 4.5712e-18 -1.17693e-18 -0.340925 -0.746796 2.00796e-19 -1.37896e-17 0.746796 -0.340925 
54 0.929651 -0.545294 -1.54407e-18 0 -0.545294 0.929651 1.55135e-17 2.01517e-17 -1.70956e-17 2.82885e-17 -0.332715 -0.675398 1.5826e-18 -7.01212e-18 0.675398 -0.332715 
55 1.00554 -0.584618 2.09898e-18 0 -0.584618 1.00554 -9.61357e-18 3.59172e-18 -7.81262e-19 -7.25199e-19 -0.382241 -0.723312 -4.1024e-18 1.02265e-17 0.723312 -0.382241 
56 1.03211 -0.594346 -1.45714e-17 0 -0.594346 1.03211 2.01004e-17 4.36018e-18 -1.22462e-18 1.19757e-17 -0.415276 -0.734512 -4.1633e-18 -1.1548e-17 0.734512 -0.415276 
57 0.995166 -0.567575 -1.47411e-17 0 -0.567575 0.995166 2.89612e-17 2.76735e-18 -2.77793e-18 1.46863e-17 -0.421012 -0.700655 9.10654e-19 -1.45629e-17 0.700655 -0.421012 
58 1.02182 -0.576635 1.54215e-17 0 -0.576635 1.02182 -2.01792e-17 -3.36637e-18 -1.1229e-18 -8.61178e-18 -0.453905 -0.711007 6.02906e-18 9.41932e-18 0.711007 -0.453905 
59 0.945953 -0.528331 2.35733e-17 0 -0.528331 0.945953 -4.02386e-17 -9.77668e-18 5.33535e-18 -2.9624e-17 -0.438419 -0.650727 3.81128e-18 1.98209e-17 0.650727 -0.438419 
60 0.884465 -0.488394 -1.36216e-17 0 -0.488394 0.884465 2.42826e-17 5.386e-18 -4.4048e-18 1.83381e-17 -0.427465 -0.600826 1.07476e-19 -1.43828e-17 0.600826 -0.427465 
61 0.968496 -0.528638 -9.96902e-19 0 -0.528638 0.968496 2.01571e-18 1.46319e-18 -1.86246e-19 1.51398e-18 -0.486356 -0.649574 -1.34865e-18 -2.13622e-18 0.649574 -0.486356 
62 0.857853 -0.462558 2.06263e-18 0 -0.462558 0.857853 1.13562e-17 1.58112e-17 -1.4352e-17 2.49729e-17 -0.446822 -0.567692 1.9152e-18 5.04601e-19 0.567692 -0.446822 
63 0.901903 -0.480288 -3.6992e-19 0 -0.480288 0.901903 -7.63928e-18 3.28468e-18 -1.2094e-18 1.55711e-18 -0.485907 -0.588744 -1.69227e-18 5.8456e-18 0.588744 -0.485907 
64 0.929875 -0.488843 -4.47307e-18 0 -0.488843 0.929875 2.23142e-17 9.27098e-18 -7.36824e-18 2.11351e-17 -0.517171 -0.598504 -2.54567e-19 -9.65825e-18 0.598504 -0.517171 
65 0.961343 -0.498672 4.27985e-18 0 -0.498672 0.961343 -1.10697e-17 -3.65311e-19 7.8061e-19 -4.84155e-18 -0.551034 -0.609785 -5.49476e-19 6.36576e-18 0.609785 -0.551034 
66 1.09413 -0.560176 1.01305e-17 0 -0.560176 1.09413 -8.23322e-19 5.52647e-18 -6.20441e-18 6.77641e-18 -0.644351 -0.684182 1.79354e-18 1.89102e-18 0.684182 -0.644351 
67 0.975134 -0.492337 -5.9976e-18 0 -0.492337 0.975134 2.52728e-18 -5.55809e-18 6.20484e-18 -7.63179e-18 -0.589712 -0.600582 -1.66987e-18 -2.91865e-18 0.600582 -0.589712 
68 0.965705 -0.48059 -6.61163e-18 0 -0.48059 0.965705 4.46838e-18 -1.41325e-18 5.49013e-18 -4.52625e-19 -0.59897 -0.585513 -4.27102e-18 -1.96758e-18 0.585513 -0.59897 
69 1.05907 -0.519318 3.43506e-18 0 -0.519318 1.05907 7.74043e-18 2.55172e-18 -5.23879e-18 1.03996e-17 -0.672762 -0.631894 2.95233e-18 -7.16775e-18 0.631894 -0.672762 
70 1.02445 -0.494798 6.97022e-18 0 -0.494798 1.02445 -1.41627e-17 9.53687e-19 -7.87143e-19 -9.94246e-18 -0.665652 -0.601291 -1.23581e-20 1.09213e-17 0.601291 -0.665652 
71 0.901085 -0.428644 4.97657e-18 0 -0.428644 0.901085 -2.92818e-17 -1.22122e-17 1.12296e-17 -2.97702e-17 -0.597953 -0.52024 -9.99721e-19 8.75941e-18 0.52024 -0.597953 
72 0.876177 -0.410284 -8.62177e-18 0 -0.410284 0.876177 3.48578e-17 9.65923e-18 -8.47793e-18 3.23875e-17 -0.593304 -0.497317 4.58107e-19 -1.2841e-17 0.497317 -0.593304 
73 0.989775 -0.455837 -2.05494e-18 0 -0.455837 0.989775 2.31043e-17 1.50313e-17 -1.24804e-17 2.75649e-17 -0.683642 -0.551793 4.78154e-20 -2.24431e-18 0.551793 -0.683642 
74 0.821426 -0.372456 -1.46523e-18 0 -0.372456 0.821426 -8.90302e-18 -9.50975e-19 4.27429e-18 -5.92272e-18 -0.577258 -0.450303 -2.72781e-18 4.15647e-18 0.450303 -0.577258 
75 0.91361 -0.407356 1.207e-17 0 -0.407356 0.91361 -1.33079e-17 -1.41581e-18 -2.2866e-18 -8.8025e-18 -0.653306 -0.491849 2.6113e-18 7.35476e-18 0.491849 -0.653306 
76 0.970285 -0.425263 6.64207e-18 0 -0.425263 0.970285 -1.45163e-17 -4.3557e-18 1.13977e-18 -1.40847e-17 -0.705427 -0.512791 1.79355e-18 1.92971e-18 0.512791 -0.705427 
77 0.968111 -0.417184 6.76296e-19 0 -0.417184 0.968111 -2.36495e-18 -6.64338e-19 -4.14669e-19 -6.34307e-18 -0.714681 -0.502401 6.80598e-19 1.58761e-18 0.502401 -0.714681 
78 0.952508 -0.402996 8.90948e-18 0 -0.402996 0.952508 -1.98133e-17 -4.01086e-18 6.52138e-19 -1.07065e-17 -0.714117 -0.484647 1.83762e-18 5.98259e-18 0.484647 -0.714117 
79 0.975021 -0.405438 -3.79328e-19 0 -0.405438 0.975021 -1.51936e-17 -7.03222e-18 6.98577e-18 -1.71501e-17 -0.741037 -0.486959 -7.39312e-19 2.23887e-18 0.486959 -0.741037 
80 0.889007 -0.362873 -9.69032e-19 0 -0.362873 0.889007 3.26513e-18 -1.4146e-18 3.07011e-19 -3.15227e-19 -0.684984 -0.435244 5.60316e-19 -8.42552e-19 0.435244 -0.684984 
81 0.989939 -0.396716 -4.22473e-19 0 -0.396716 0.989939 3.86385e-18 5.40124e-18 -5.73621e-18 8.07694e-18 -0.772497 -0.475208 7.29469e-19 2.09587e-18 0.475208 -0.772497 
82 0.952363 -0.374312 -3.69992e-18 0 -0.374312 0.952363 -1.10851e-17 -2.7938e-18 4.55079e-18 -9.26196e-18 -0.752589 -0.44775 -1.32441e-18 1.5755e-18 0.44775 -0.752589 
83 1.00265 -0.386721 -3.89948e-18 0 -0.386721 1.00265 7.07448e-18 -2.74001e-18 3.99369e-18 -2.46499e-18 -0.801442 -0.461983 -9.74727e-19 -3.47763e-18 0.461983 -0.801442 
84 0.94932 -0.359148 -5.46717e-18 0 -0.359148 0.94932 2.1571e-18 6.75232e-19 2.9928e-19 5.51944e-18 -0.767213 -0.428471 -4.97972e-19 -2.85052e-18 0.428471 -0.767213 
85 0.873319 -0.324051 -8.23495e-18 0 -0.324051 0.873319 3.33493e-17 6.72745e-18 -3.74734e-18 2.59185e-17 -0.713163 -0.386087 -1.02902e-18 -8.32481e-18 0.386087 -0.713163 
86 0.990833 -0.360181 5.57656e-18 0 -0.360181 0.990833 -1.22538e-17 -2.37374e-18 -8.38176e-19 -1.21463e-17 -0.817529 -0.428541 1.48064e-18 4.5815e-18 0.428541 -0.817529 
87 0.885869 -0.315479 1.98272e-18 0 -0.315479 0.885869 7.75434e-18 1.81004e-18 -3.66921e-18 1.1667e-17 -0.73805 -0.374842 1.07359e-18 -1.11081e-18 0.374842 -0.73805 
88 1.0267 -0.357998 -4.24381e-18 0 -0.357998 1.0267 1.34126e-17 5.68651e-18 -6.02833e-18 2.03423e-17 -0.86342 -0.424774 5.9995e-19 -3.0871e-18 0.424774 -0.86342 
89 0.879739 -0.300521 9.5194e-19 0 -0.300521 0.879739 -1.67744e-17 -5.00666e-18 8.4682e-18 -1.8986e-17 -0.746196 -0.356103 -2.02002e-18 6.08645e-18 0.356103 -0.746196 
90 0.878794 -0.293858 -2.87353e-18 0 -0.293858 0.878794 -2.60447e-18 -4.37097e-18 5.25125e-18 -4.75311e-18 -0.751661 -0.347735 -7.28483e-19 -2.56136e-18 0.347735 -0.751661 
91 0.980471 -0.320649 3.74044e-18 0 -0.320649 0.980471 -1.99123e-17 -6.13035e-18 6.07571e-18 -2.17733e-17 -0.84553 -0.378908 -4.19915e-19 2.7304e-18 0.378908 -0.84553 
92 0.917408 -0.293623 -1.24059e-18 0 -0.293623 0.917408 -5.9605e-18 -2.67983e-18 1.67457e-18 -9.60231e-18 -0.797084 -0.346508 2.32934e-19 4.94448e-19 0.346508 -0.797084 
93 0.94049 -0.294572 9.69052e-19 0 -0.294572 0.94049 -1.17821e-17 -1.75937e-18 1.12367e-18 -1.00225e-17 -0.822927 -0.34717 1.61294e-19 3.49531e-18 0.34717 -0.822927 
94 0.930854 -0.284914 3.44717e-18 0 -0.284914 0.930854 -3.75741e-18 4.94449e-18 -4.86433e-18 2.17357e-18 -0.82028 -0.335323 2.96567e-19 2.21199e-18 0.335323 -0.82028 
95 0.941362 -0.28164 3.03064e-18 0 -0.28164 0.941362 -3.5981e-18 1.44197e-21 -2.46197e-18 -9.46895e-19 -0.835017 -0.331023 9.79579e-19 8.56245e-19 0.331023 -0.835017 
96 0.942295 -0.275549 6.62352e-20 0 -0.275549 0.942295 8.58071e-18 1.45339e-18 -2.49803e-18 4.95487e-18 -0.841056 -0.323433 5.03526e-19 5.98043e-19 0.323433 -0.841056 
97 0.993185 -0.283516 -8.05334e-18 0 -0.283516 0.993185 1.56588e-17 -1.83149e-19 3.98521e-18 1.31252e-17 -0.891954 -0.332325 -1.43845e-18 -3.54762e-18 0.332325 -0.891954 
98 0.895339 -0.249413 2.9646e-18 0 -0.249413 0.895339 4.71879e-18 1.95087e-18 -4.22815e-18 4.80442e-18 -0.808815 -0.291948 9.18049e-19 1.30681e-18 0.291948 -0.808815 
99 0.920381 -0.25014 -1.90331e-18 0 -0.25014 0.920381 3.35262e-18 2.7607e-19 -1.00553e-19 4.29554e-18 -0.836077 -0.292398 -6.17536e-20 -3.47291e-19 0.292398 -0.836077 
100 0.869241 -0.230387 5.98348e-19 0 -0.230387 0.869241 1.08656e-17 -5.29761e-19 -2.35521e-18 6.51081e-18 -0.79383 -0.26894 9.45205e-19 -1.98476e-18 0.26894 -0.79383 
101 0.978443 -0.253027 6.95845e-18 0 -0.253027 0.978443 -3.65833e-18 2.50204e-18 -5.72721e-18 -2.18251e-18 -0.897946 -0.294978 1.17067e-18 3.22788e-18 0.294978 -0.897946 
102 0.914428 -0.230706 5.80921e-18 0 -0.230706 0.914428 6.35335e-18 3.06485e-18 -6.9304e-18 1.03166e-17 -0.843086 -0.268607 1.36893e-18 2.96803e-19 0.268607 -0.843086 
103 0.930952 -0.228894 1.77224e-18 0 -0.228894 0.930952 -4.41031e-18 -9.83115e-19 -5.15772e-19 -3.32076e-18 -0.86223 -0.266141 4.06268e-19 3.25979e-19 0.266141 -0.86223 
104 0.937779 -0.224534 -1.83886e-19 0 -0.224534 0.937779 -2.17677e-18 1.66266e-19 2.7836e-18 -5.94337e-19 -0.872371 -0.26072 -8.71451e-19 2.06382e-19 0.26072 -0.872371 
105 0.900955 -0.210194 -9.17832e-18 0 -0.210194 0.900955 1.05801e-17 6.40032e-19 7.24487e-18 1.80767e-17 -0.841496 -0.243753 -2.25529e-18 -3.18414e-18 0.243753 -0.841496 
106 0.979787 -0.222683 4.13853e-18 0 -0.222683 0.979787 -3.21394e-17 -2.81355e-18 1.73433e-18 -3.02336e-17 -0.918625 -0.257906 1.95723e-19 5.58183e-18 0.257906 -0.918625 
107 0.919504 -0.203279 -1.38594e-18 0 -0.203279 0.919504 -8.04644e-18 -3.82205e-18 5.86646e-18 -1.03914e-17 -0.865377 -0.235119 -7.00104e-19 -1.74475e-18 0.235119 -0.865377 
108 1.04446 -0.224521 -8.08328e-18 0 -0.224521 1.04446 3.03293e-17 1.97032e-19 1.11714e-18 2.47672e-17 -0.986517 -0.259346 -3.46694e-19 -5.5634e-18 0.259346 -0.986517 
109 0.991457 -0.207251 5.05485e-18 0 -0.207251 0.991457 -2.47359e-17 -1.90543e-18 -1.38198e-18 -2.18742e-17 -0.939607 -0.239088 7.64851e-19 4.62722e-18 0.239088 -0.939607 
110 0.934709 -0.190014 -5.96575e-18 0 -0.190014 0.934709 2.22433e-17 2.51915e-18 3.11187e-18 2.23524e-17 -0.888617 -0.218927 -1.30744e-18 -2.33165e-18 0.218927 -0.888617 
111 0.985955 -0.194609 3.09279e-18 0 -0.194609 0.985955 2.62982e-17 4.18548e-18 -7.27452e-18 2.16787e-17 -0.940258 -0.223929 8.70752e-19 -1.23773e-18 0.223929 -0.940258 
112 1.06282 -0.203699 -6.51424e-18 0 -0.203699 1.06282 3.41861e-17 4.78897e-18 -1.40165e-18 3.10544e-17 -1.01651 -0.23409 -6.22135e-19 -2.47859e-18 0.23409 -1.01651 
113 0.910746 -0.169554 2.50047e-18 0 -0.169554 0.910746 1.17027e-17 4.21315e-19 -3.68078e-18 1.22585e-17 -0.873402 -0.194611 7.36461e-19 -1.75572e-18 0.194611 -0.873402 
114 0.942397 -0.170054 -2.37977e-18 0 -0.170054 0.942397 1.14447e-17 -4.92098e-19 7.63613e-22 9.37224e-18 -0.906196 -0.194932 9.94723e-20 -3.64674e-18 0.194932 -0.906196 
115 0.982046 -0.172032 -5.2569e-19 0 -0.172032 0.982046 2.16746e-17 5.67259e-18 -4.29232e-18 2.21694e-17 -0.946583 -0.196963 -1.26133e-19 1.60931e-18 0.196963 -0.946583 
116 0.928344 -0.157522 -7.59747e-19 0 -0.157522 0.928344 6.66217e-18 4.32489e-19 -2.14954e-18 5.50978e-18 -0.896972 -0.180123 3.5106e-19 -9.60761e-20 0.180123 -0.896972 
117 0.972799 -0.159946 4.35874e-18 0 -0.159946 0.972799 -3.12381e-17 -4.01192e-18 4.04031e-18 -2.95907e-17 -0.942009 -0.182673 -1.07915e-19 1.36252e-18 0.182673 -0.942009 
118 0.874446 -0.139165 1.24007e-18 0 -0.139165 0.874446 -2.03794e-18 -8.63489e-19 1.78088e-18 -8.83758e-18 -0.848579 -0.158744 -1.92048e-19 1.33801e-18 0.158744 -0.848579 
119 0.930986 -0.143337 1.88179e-18 0 -0.143337 0.930986 1.85895e-17 4.91966e-18 -5.38483e-18 1.88886e-17 -0.905272 -0.163305 2.0053e-19 1.74677e-18 0.163305 -0.905272 
120 0.876112 -0.130611 -2.00336e-18 0 -0.130611 0.876112 -8.74031e-19 1.39746e-19 1.39258e-18 3.09562e-18 -0.853474 -0.148635 -2.69587e-19 4.69653e-19 0.148635 -0.853474 
121 0.797625 -0.114791 -1.27737e-18 0 -0.114791 0.797625 -2.72654e-17 -1.58529e-18 5.05312e-18 -2.64718e-17 -0.778462 -0.130471 -6.14198e-19 2.3777e-18 0.130471 -0.778462 
122 1.03252 -0.143689 4.65954e-18 0 -0.143689 1.03252 6.65507e-18 2.63636e-20 -5.53423e-18 5.77748e-18 -1.00937 -0.163131 8.93126e-19 -3.37852e-19 0.163131 -1.00937 
123 0.911935 -0.122441 -3.54161e-19 0 -0.122441 0.911935 6.68107e-18 1.55877e-19 3.36724e-18 3.83636e-18 -0.892946 -0.138845 -5.4664e-19 -9.02539e-19 0.138845 -0.892946 
124 0.887051 -0.114859 -1.83905e-18 0 -0.114859 0.887051 2.52088e-17 1.96531e-18 -6.09247e-19 2.88794e-17 -0.869907 -0.130096 -1.80414e-19 -2.37705e-18 0.130096 -0.869907 
125 0.977054 -0.122119 -1.13623e-17 0 -0.122119 0.977054 1.68024e-17 2.33531e-18 8.92088e-18 2.32807e-17 -0.959493 -0.138168 -1.5683e-18 4.83661e-19 0.138168 -0.959493 
126 0.940902 -0.1135 5.91632e-18 0 -0.1135 0.940902 3.86802e-17 5.91721e-18 -1.08961e-17 4.46019e-17 -0.925179 -0.128278 7.90808e-19 -1.01142e-18 0.128278 -0.925179 
127 0.916345 -0.106418 3.85697e-18 0 -0.106418 0.916345 1.2957e-18 2.24265e-18 -2.87403e-18 5.6675e-18 -0.902179 -0.120142 1.26357e-19 2.14661e-18 0.120142 -0.902179 
128 0.924448 -0.10318 1.32776e-18 0 -0.10318 0.924448 1.28496e-17 -2.40719e-19 -2.65017e-18 9.58616e-18 -0.911272 -0.116355 3.72127e-19 -1.24934e-18 0.116355 -0.911272 
129 0.958177 -0.102791 -1.07231e-18 0 -0.102791 0.958177 -1.94348e-17 -1.25149e-18 -7.67575e-19 -2.0857e-17 -0.945582 -0.115791 2.2733e-19 9.3631e-19 0.115791 -0.945582 
130 0.976194 -0.100575 -4.31233e-18 0 -0.100575 0.976194 -9.74723e-18 7.62717e-21 6.03006e-18 -8.68282e-18 -0.964379 -0.113173 -7.10462e-19 6.87492e-19 0.113173 -0.964379 
131 0.939061 -0.0930542 3.42842e-18 0 -0.0930542 0.939061 -1.60471e-18 1.52636e-18 -7.83086e-18 1.75452e-18 -0.928564 -0.104606 7.30804e-19 1.20068e-18 0.104606 -0.928564 
132 0.997325 -0.0950059 8.43724e-18 0 -0.0950059 0.997325 2.70497e-18 2.16389e-18 -7.40367e-18 4.59703e-18 -0.987038 -0.106696 6.02444e-19 1.44596e-18 0.106696 -0.987038 
133 1.05775 -0.0963407 -3.85148e-20 0 -0.0963407 1.05775 6.36837e-18 1.74404e-18 -3.53114e-18 7.83044e-18 -1.04779 -0.10808 1.92024e-19 8.74959e-19 0.10808 -1.04779 
134 0.989472 -0.0862975 -5.85328e-18 0 -0.0862975 0.989472 -5.62094e-19 -1.49401e-18 5.12143e-18 -5.11345e-18 -0.980944 -0.0967164 -3.79461e-19 -6.6349e-19 0.0967164 -0.980944 
135 0.928377 -0.0774628 -8.52544e-18 0 -0.0774628 0.928377 1.89052e-17 5.71606e-19 5.49609e-18 2.33903e-17 -0.921064 -0.0867302 -5.72264e-19 -1.3015e-18 0.0867302 -0.921064 
136 0.968328 -0.0770936 -6.93715e-18 0 -0.0770936 0.968328 2.37964e-17 2.40895e-18 3.90367e-18 2.71667e-17 -0.961393 -0.086231 -5.4809e-19 -2.01637e-19 0.086231 -0.961393 
137 0.991 -0.0754504 9.06164e-20 0 -0.0754504 0.991 -2.50635e-17 -7.83635e-19 2.16387e-18 -2.65358e-17 -0.984518 -0.0843163 -1.22807e-19 9.91863e-19 0.0843163 -0.984518 
138 0.844895 -0.0612933 4.92662e-18 0 -0.0612933 0.844895 -1.53359e-17 -1.99525e-18 -1.659e-18 -1.22845e-17 -0.839884 -0.0684309 2.79098e-19 2.30003e-20 0.0684309 -0.839884 
139 0.940911 -0.0650832 4.40162e-18 0 -0.0650832 0.940911 -4.62817e-17 -1.00682e-18 -3.43802e-18 -4.32615e-17 -0.935845 -0.0725974 3.35216e-19 2.57551e-18 0.0725974 -0.935845 
140 0.929957 -0.0611482 -8.34208e-18 0 -0.0611482 0.929957 4.02598e-17 7.96458e-19 5.60072e-18 3.90405e-17 -0.925438 -0.0681463 -4.59822e-19 -2.33643e-18 0.0681463 -0.925438 
141 1.00143 -0.062466 -4.36654e-18 0 -0.062466 1.00143 -1.24967e-17 -3.50624e-19 4.8552e-18 -7.5029e-18 -0.997053 -0.069552 -3.13491e-19 5.49243e-19 0.069552 -0.997053 
142 1.0447 -0.0619506 1.16501e-17 0 -0.0619506 1.0447 1.2111e-17 3.47251e-19 -1.58285e-17 1.3521e-17 -1.04058 -0.0689213 1.02474e-18 -6.87099e-19 0.0689213 -1.04058 
143 0.928357 -0.0522051 1.91449e-19 0 -0.0522051 0.928357 -4.80875e-17 -1.69635e-18 2.36917e-18 -5.34878e-17 -0.925069 -0.0580313 -6.57637e-20 1.95309e-18 0.0580313 -0.925069 
144 0.928374 -0.0495326 -1.0237e-18 0 -0.0495326 0.928374 -1.04261e-17 -1.72789e-19 2.70266e-18 -1.13389e-17 -0.925417 -0.0550176 -1.48994e-19 2.86488e-19 0.0550176 -0.925417 
145 0.917358 -0.0460476 1.40826e-18 0 -0.0460476 0.917358 -6.85077e-17 -2.40206e-18 1.05851e-18 -7.33053e-17 -0.914774 -0.0511027 6.88878e-20 1.47236e-18 0.0511027 -0.914774 
146 0.842184 -0.0399809 3.31904e-18 0 -0.0399809 0.842184 -1.66889e-18 9.41865e-19 -4.03504e-18 7.87839e-18 -0.840065 -0.0443371 1.68581e-19 9.21402e-19 0.0443371 -0.840065 
147 0.852734 -0.0380245 5.5762e-19 0 -0.0380245 0.852734 -2.41366e-18 -1.4201e-18 -2.80548e-18 -2.02311e-18 -0.850843 -0.0421343 2.0138e-19 -1.53278e-18 0.0421343 -0.850843 
148 0.870268 -0.0365853 1.64853e-18 0 -0.0365853 0.870268 -4.96104e-17 -7.11414e-19 2.44581e-18 -4.87715e-17 -0.868554 -0.040511 -8.73492e-20 1.45032e-18 0.040511 -0.868554 
149 0.945834 -0.0372119 1.74127e-18 0 -0.0372119 0.945834 -9.58593e-17 -2.62405e-18 8.21132e-19 -1.02884e-16 -0.944203 -0.0411741 6.7048e-20 1.57663e-18 0.0411741 -0.944203 
150 1.03271 -0.0381187 -1.66525e-18 0 -0.0381187 1.03271 -7.97175e-19 2.12035e-19 1.51253e-18 7.02127e-18 -1.03115 -0.042149 -7.66485e-20 -5.74886e-21 0.042149 -1.03115 
151 0.977969 -0.0336252 4.07618e-19 0 -0.0336252 0.977969 3.90285e-17 1.39906e-18 -4.0167e-18 3.42853e-17 -0.976684 -0.0371543 9.95437e-20 2.81133e-19 0.0371543 -0.976684 
152 0.975316 -0.0313473 2.72052e-18 0 -0.0313473 0.975316 8.06236e-17 2.83173e-18 -4.28446e-18 8.22726e-17 -0.974196 -0.0346156 5.95726e-20 3.57157e-20 0.0346156 -0.974196 
153 0.879805 -0.0263034 1.13635e-17 0 -0.0263034 0.879805 -3.01252e-17 3.1513e-19 -1.05152e-17 -3.2911e-17 -0.878932 -0.0290276 3.37471e-19 1.25798e-18 0.0290276 -0.878932 
154 1.08892 -0.0302017 -1.55402e-17 0 -0.0302017 1.08892 7.19529e-18 -5.45619e-21 1.59611e-17 4.00418e-18 -1.08799 -0.0333093 -4.84704e-19 -4.94239e-19 0.0333093 -1.08799 
155 0.768364 -0.0197227 -8.46784e-19 0 -0.0197227 0.768364 2.74145e-17 7.637e-20 -2.72814e-18 2.55237e-17 -0.767803 -0.0217394 7.64071e-20 -6.56484e-19 0.0217394 -0.767803 
156 0.997945 -0.0234417 -3.00055e-19 0 -0.0234417 0.997945 2.16534e-17 -1.63336e-19 3.76656e-19 1.26453e-17 -0.997335 -0.0258227 -4.83073e-21 -5.58297e-19 0.0258227 -0.997335 
157 0.897534 -0.0193933 -8.14078e-18 0 -0.0193933 0.897534 2.95169e-17 4.93066e-19 6.87923e-18 2.26312e-17 -0.897071 -0.0213516 -1.71745e-19 4.60933e-20 0.0213516 -0.897071 
158 0.849478 -0.0168339 1.42977e-18 0 -0.0168339 0.849478 -2.64367e-17 -1.19961e-18 -4.83182e-18 -2.64367e-17 -0.849109 -0.0185244 1.27217e-19 -7.5581e-19 0.0185244 -0.849109 
159 0.75205 -0.0135737 3.64148e-18 0 -0.0135737 0.75205 -6.75893e-18 6.63535e-19 -9.1722e-19 -8.51283e-18 -0.751779 -0.0149293 1.47673e-20 8.68929e-19 0.0149293 -0.751779 
160 0.892423 -0.0145523 -6.23282e-18 0 -0.0145523 0.892423 -9.90583e-18 -6.17797e-19 6.0527e-18 -4.77362e-18 -0.892161 -0.0159976 -1.04357e-19 -5.53281e-19 0.0159976 -0.892161 
161 0.837779 -0.0123322 -6.18739e-18 0 -0.0123322 0.837779 9.04726e-17 1.54426e-18 3.81855e-18 9.14776e-17 -0.837579 -0.0135508 -8.04358e-20 1.10845e-19 0.0135508 -0.837579 
162 0.882647 -0.011701 -1.83857e-18 0 -0.011701 0.882647 7.66658e-17 1.00134e-18 -1.41744e-18 8.96171e-17 -0.882476 -0.0128518 7.74995e-21 -2.04883e-19 0.0128518 -0.882476 
163 0.932894 -0.0110692 1.25988e-17 0 -0.0110692 0.932894 -6.92132e-17 -5.67874e-19 -1.02795e-17 -7.07076e-17 -0.932749 -0.012153 1.38482e-19 3.24846e-19 0.012153 -0.932749 
164 0.836386 -0.00873025 -1.28038e-17 0 -0.00873025 0.836386 -7.59736e-17 -1.86109e-19 7.23937e-18 -7.22473e-17 -0.836286 -0.00958108 -8.12475e-20 6.15704e-19 0.00958108 -0.836286 
165 0.752732 -0.00695194 -3.37158e-18 0 -0.00695194 0.752732 -3.54205e-17 8.53386e-19 3.31308e-18 -3.79675e-17 -0.752661 -0.00762681 -4.27209e-20 1.26608e-18 0.00762681 -0.752661 
166 0.939522 -0.00750304 1.46287e-17 0 -0.00750304 0.939522 9.48709e-17 2.123e-19 -1.98459e-17 1.02111e-16 -0.939456 -0.00822843 1.78632e-19 -7.25585e-19 0.00822843 -0.939456 
167 0.880491 -0.00608385 -1.02577e-18 0 -0.00608385 0.880491 1.48992e-17 -5.02358e-19 5.66609e-18 1.8707e-17 -0.880445 -0.00666994 -3.91782e-20 -6.57868e-19 0.00666994 -0.880445 
168 1.29623 -0.00765086 -6.46589e-18 0 -0.00765086 1.29623 3.87107e-17 1.2338e-18 5.78237e-18 4.8333e-17 -1.29618 -0.00838545 -4.34894e-20 9.28739e-19 0.00838545 -1.29618 
169 0.935936 -0.00463469 -1.29297e-17 0 -0.00463469 0.935936 4.51933e-18 4.49659e-19 1.27994e-17 7.64771e-18 -0.93591 -0.00507828 -7.00194e-20 3.56603e-19 0.00507828 -0.93591 
170 1.19672 -0.00490045 -6.1439e-18 0 -0.00490045 1.19672 1.7756e-16 1.22694e-18 2.70752e-18 1.68136e-16 -1.19669 -0.00536813 -1.4228e-20 4.51074e-19 0.00536813 -1.19669 
171 0.83025 -0.00271808 -5.5124e-18 0 -0.00271808 0.83025 -2.15204e-16 -2.9667e-19 9.92047e-18 -2.10108e-16 -0.83024 -0.00297677 -3.66969e-20 4.55155e-19 0.00297677 -0.83024 
172 0.933224 -0.00248854 -1.86086e-17 0 -0.00248854 0.933224 -1.16431e-16 -1.47078e-19 1.7942e-17 -1.1522e-16 -0.933217 -0.0027249 -5.00883e-20 1.68026e-19 0.0027249 -0.933217 
173 1.09237 -0.0021751 9.80774e-18 0 -0.0021751 1.09237 1.86488e-17 6.25492e-20 -1.50406e-17 3.26668e-18 -1.09237 -0.00238122 3.13885e-20 5.72993e-20 0.00238122 -1.09237 
174 1.27359 -0.00193026 -2.06207e-17 0 -0.00193026 1.27359 9.43033e-17 1.33887e-19 8.1761e-18 9.85564e-17 -1.27359 -0.00211288 -1.42965e-20 1.72585e-20 0.00211288 -1.27359 
175 1.22942 -0.00131051 9.19843e-19 0 -0.00131051 1.22942 2.34556e-16 -3.25305e-19 -7.19953e-18 2.20485e-16 -1.22941 -0.00143431 8.48532e-21 -5.71832e-19 0.00143431 -1.22941 
176 0.74476 -0.0004751 2.23856e-17 0 -0.0004751 0.74476 -4.71404e-17 -1.36677e-19 -1.40462e-17 -5.74695e-17 -0.74476 -0.000519915 1.09411e-20 -1.27751e-19 0.000519915 -0.74476 
177 0.868578 -0.000326644 7.5649e-18 0 -0.000326644 0.868578 4.57689e-17 -1.56858e-19 -2.43964e-18 3.87205e-17 -0.868578 -0.000357428 7.63417e-22 -1.17318e-19 0.000357428 -0.868578 
178 1.11646 -0.000189374 -1.33319e-17 0 -0.000189374 1.11646 -2.27366e-15 -2.75152e-19 4.12497e-18 -2.26575e-15 -1.11646 -0.000207209 -1.10985e-21 1.33518e-19 0.000207209 -1.11646 
179 0.930241 -4.30768e-05 -3.24272e-17 0 -4.30768e-05 0.930241 -7.34347e-15 -8.03115e-20 2.58928e-17 -7.35401e-15 -0.930241 -4.71319e-05 -1.48929e-21 2.31611e-20 4.71319e-05 -0.930241 
180 0 0 0 0 0 0 0 0 0 0 0 0 0 0 0 0 
