0 3.99451 -0.0428672 3.99451 3.9939 -0.0548072 3.9939 
1 1.45544 -0.0482586 1.45544 1.45332 -0.0616994 1.45332 
2 0.46899 -0.0281744 0.46899 0.466732 -0.03602 0.466732 
3 1.52263 -0.124056 1.52263 1.50917 -0.158593 1.50917 
4 1.98838 -0.216504 1.98838 1.95689 -0.276757 1.95689 
5 1.71181 -0.232438 1.71181 1.66957 -0.297023 1.66957 
6 2.07703 -0.334984 2.07703 2.00449 -0.428111 2.00449 
7 2.12734 -0.401578 2.12734 2.02494 -0.512964 2.02494 
8 1.22264 -0.26136 1.22264 1.14664 -0.333908 1.14664 
9 1.43881 -0.342248 1.43881 1.32726 -0.437166 1.32726 
10 2.44456 -0.643229 2.44456 2.21085 -0.820451 2.21085 
11 2.00588 -0.571509 2.00588 1.77905 -0.729023 1.77905 
12 2.1135 -0.653743 2.1135 1.82828 -0.834441 1.82828 
13 1.7422 -0.58114 1.7422 1.46606 -0.740073 1.46606 
14 1.79818 -0.637206 1.79818 1.47212 -0.812285 1.47212 
15 1.33388 -0.501522 1.33387 1.05783 -0.639109 1.05783 
16 1.52644 -0.603646 1.52644 1.17258 -0.768362 1.17258 
17 1.6106 -0.668666 1.6106 1.19284 -0.850689 1.19284 
18 1.49269 -0.646282 1.49269 1.06461 -0.822649 1.06461 
19 1.5646 -0.703924 1.5646 1.07248 -0.895491 1.07248 
20 1.37085 -0.639492 1.37085 0.898732 -0.813847 0.898732 
21 1.492 -0.720466 1.492 0.931788 -0.91567 0.931789 
22 1.50668 -0.74961 1.50668 0.895054 -0.952226 0.895054 
23 1.42003 -0.725617 1.42003 0.799636 -0.922099 0.799636 
24 1.50381 -0.788681 1.50381 0.797353 -1.00169 0.797353 
25 1.33521 -0.716859 1.33521 0.663831 -0.90995 0.663831 
26 1.19318 -0.654652 1.19318 0.552483 -0.830484 0.552483 
27 1.34483 -0.751335 1.34483 0.580033 -0.952584 0.580033 
28 1.15917 -0.658237 1.15917 0.463234 -0.834052 0.463234 
29 1.21622 -0.701135 1.21622 0.446284 -0.887846 0.446284 
30 1.00725 -0.588754 1.00725 0.33576 -0.745038 0.33576 
31 1.21471 -0.71892 1.21471 0.363389 -0.909113 0.363389 
32 1.06211 -0.6359 1.06211 0.282924 -0.80214 0.282924 
33 1.1533 -0.695811 1.1533 0.271578 -0.878677 0.271578 
34 0.992042 -0.603423 0.992042 0.200431 -0.761429 0.200431 
35 1.17822 -0.721496 1.17822 0.199815 -0.909722 0.199815 
36 1.14443 -0.705397 1.14442 0.157496 -0.887139 0.1575 
37 1.1477 -0.709744 1.1477 0.122532 -0.893511 0.122532 
38 1.01412 -0.629336 1.01412 0.0752353 -0.791609 0.0752353 
39 1.04011 -0.646907 1.04011 0.0466858 -0.813064 0.0466858 
40 1.1554 -0.719658 1.1554 0.0160014 -0.903714 0.0160014 
41 1.11646 -0.695749 1.11646 -0.0195708 -0.872891 -0.0195708 
42 1.14946 -0.716034 1.14946 -0.0535084 -0.897554 -0.0535084 
43 1.02439 -0.637371 1.02439 -0.0766765 -0.798241 -0.0766765 
44 1.03664 -0.643685 1.03664 -0.107476 -0.805394 -0.107476 
45 1.05341 -0.65311 1.0534 -0.13857 -0.814565 -0.138566 
46 0.857655 -0.529201 0.857655 -0.136817 -0.660878 -0.136817 
47 1.08222 -0.664993 1.08222 -0.201447 -0.829655 -0.201447 
48 1.11836 -0.683902 1.11836 -0.237367 -0.852407 -0.237367 
49 1.11932 -0.680784 1.11932 -0.266055 -0.847674 -0.266055 
50 1.05364 -0.636831 1.05364 -0.277687 -0.792112 -0.277687 
51 1.19205 -0.715632 1.19205 -0.343678 -0.889197 -0.343678 
52 1.05521 -0.629025 1.05521 -0.328796 -0.780786 -0.328796 
53 1.0182 -0.60228 1.0182 -0.340925 -0.746796 -0.340925 
54 0.929651 -0.545294 0.929651 -0.332715 -0.675398 -0.332715 
55 1.00554 -0.584618 1.00554 -0.382241 -0.723312 -0.382241 
56 1.03211 -0.594346 1.03211 -0.415276 -0.734512 -0.415276 
57 0.995166 -0.567575 0.995166 -0.421012 -0.700655 -0.421012 
58 1.02182 -0.576635 1.02182 -0.453905 -0.711007 -0.453905 
59 0.945953 -0.528331 0.945953 -0.438419 -0.650727 -0.438419 
60 0.884465 -0.488394 0.884465 -0.427465 -0.600826 -0.427465 
61 0.968496 -0.528638 0.968496 -0.486356 -0.649574 -0.486356 
62 0.857853 -0.462558 0.857853 -0.446822 -0.567692 -0.446822 
63 0.901903 -0.480288 0.901903 -0.485907 -0.588744 -0.485907 
64 0.929875 -0.488843 0.929875 -0.517171 -0.598504 -0.517171 
65 0.961343 -0.498672 0.961343 -0.551034 -0.609785 -0.551034 
66 1.09413 -0.560176 1.09413 -0.644351 -0.684182 -0.644351 
67 0.975134 -0.492337 0.975134 -0.589712 -0.600582 -0.589712 
68 0.965705 -0.48059 0.965705 -0.59897 -0.585513 -0.59897 
69 1.05907 -0.519318 1.05907 -0.672762 -0.631894 -0.672762 
70 1.02445 -0.494798 1.02445 -0.665652 -0.601291 -0.665652 
71 0.901085 -0.428644 0.901085 -0.597953 -0.52024 -0.597953 
72 0.876177 -0.410284 0.876177 -0.593304 -0.497317 -0.593304 
73 0.989775 -0.455837 0.989775 -0.683642 -0.551793 -0.683642 
74 0.821426 -0.372456 0.821426 -0.577258 -0.450303 -0.577258 
75 0.91361 -0.407356 0.91361 -0.653306 -0.491849 -0.653306 
76 0.970285 -0.425263 0.970285 -0.705427 -0.512791 -0.705427 
77 0.968111 -0.417184 0.968111 -0.714681 -0.502401 -0.714681 
78 0.952508 -0.402996 0.952508 -0.714117 -0.484647 -0.714117 
79 0.975021 -0.405438 0.975021 -0.741037 -0.486959 -0.741037 
80 0.889007 -0.362873 0.889007 -0.684984 -0.435244 -0.684984 
81 0.989939 -0.396716 0.989939 -0.772497 -0.475208 -0.772497 
82 0.952363 -0.374312 0.952363 -0.752589 -0.44775 -0.752589 
83 1.00265 -0.386721 1.00265 -0.801442 -0.461983 -0.801442 
84 0.94932 -0.359148 0.94932 -0.767213 -0.428471 -0.767213 
85 0.873319 -0.324051 0.873319 -0.713163 -0.386087 -0.713163 
86 0.990833 -0.360181 0.990833 -0.817529 -0.428541 -0.817529 
87 0.885869 -0.315479 0.885869 -0.73805 -0.374842 -0.73805 
88 1.0267 -0.357998 1.0267 -0.86342 -0.424774 -0.86342 
89 0.879739 -0.300521 0.879739 -0.746196 -0.356103 -0.746196 
90 0.878794 -0.293858 0.878794 -0.751661 -0.347735 -0.751661 
91 0.980471 -0.320649 0.980471 -0.84553 -0.378908 -0.84553 
92 0.917408 -0.293623 0.917408 -0.797084 -0.346508 -0.797084 
93 0.94049 -0.294572 0.94049 -0.822927 -0.34717 -0.822927 
94 0.930854 -0.284914 0.930854 -0.82028 -0.335323 -0.82028 
95 0.941362 -0.28164 0.941362 -0.835017 -0.331023 -0.835017 
96 0.942295 -0.275549 0.942295 -0.841056 -0.323433 -0.841056 
97 0.993185 -0.283516 0.993185 -0.891954 -0.332325 -0.891954 
98 0.895339 -0.249413 0.895339 -0.808815 -0.291948 -0.808815 
99 0.920381 -0.25014 0.920381 -0.836077 -0.292398 -0.836077 
100 0.869241 -0.230387 0.869241 -0.79383 -0.26894 -0.79383 
101 0.978443 -0.253027 0.978443 -0.897946 -0.294978 -0.897946 
102 0.914428 -0.230706 0.914428 -0.843086 -0.268607 -0.843086 
103 0.930952 -0.228894 0.930952 -0.86223 -0.266141 -0.86223 
104 0.937779 -0.224534 0.937779 -0.872371 -0.26072 -0.872371 
105 0.900955 -0.210194 0.900955 -0.841496 -0.243753 -0.841496 
106 0.979787 -0.222683 0.979787 -0.918625 -0.257906 -0.918625 
107 0.919504 -0.203279 0.919504 -0.865377 -0.235119 -0.865377 
108 1.04446 -0.224521 1.04446 -0.986517 -0.259346 -0.986517 
109 0.991457 -0.207251 0.991457 -0.939607 -0.239088 -0.939607 
110 0.934709 -0.190014 0.934709 -0.888617 -0.218927 -0.888617 
111 0.985955 -0.194609 0.985955 -0.940258 -0.223929 -0.940258 
112 1.06282 -0.203699 1.06282 -1.01651 -0.23409 -1.01651 
113 0.910746 -0.169554 0.910746 -0.873402 -0.194611 -0.873402 
114 0.942397 -0.170054 0.942397 -0.906196 -0.194932 -0.906196 
115 0.982046 -0.172032 0.982046 -0.946583 -0.196963 -0.946583 
116 0.928344 -0.157522 0.928344 -0.896972 -0.180123 -0.896972 
117 0.972799 -0.159946 0.972799 -0.942009 -0.182673 -0.942009 
118 0.874446 -0.139165 0.874446 -0.848579 -0.158744 -0.848579 
119 0.930986 -0.143337 0.930986 -0.905272 -0.163305 -0.905272 
120 0.876112 -0.130611 0.876112 -0.853474 -0.148635 -0.853474 
121 0.797625 -0.114791 0.797625 -0.778462 -0.130471 -0.778462 
122 1.03252 -0.143689 1.03252 -1.00937 -0.163131 -1.00937 
123 0.911935 -0.122441 0.911935 -0.892946 -0.138845 -0.892946 
124 0.887051 -0.114859 0.887051 -0.869907 -0.130096 -0.869907 
125 0.977054 -0.122119 0.977054 -0.959493 -0.138168 -0.959493 
126 0.940902 -0.1135 0.940902 -0.925179 -0.128278 -0.925179 
127 0.916345 -0.106418 0.916345 -0.902179 -0.120142 -0.902179 
128 0.924448 -0.10318 0.924448 -0.911272 -0.116355 -0.911272 
129 0.958177 -0.102791 0.958177 -0.945582 -0.115791 -0.945582 
130 0.976194 -0.100575 0.976194 -0.964379 -0.113173 -0.964379 
131 0.939061 -0.0930542 0.939061 -0.928564 -0.104606 -0.928564 
132 0.997325 -0.0950059 0.997325 -0.987038 -0.106696 -0.987038 
133 1.05775 -0.0963407 1.05775 -1.04779 -0.10808 -1.04779 
134 0.989472 -0.0862975 0.989472 -0.980944 -0.0967164 -0.980944 
135 0.928377 -0.0774628 0.928377 -0.921064 -0.0867302 -0.921064 
136 0.968328 -0.0770936 0.968328 -0.961393 -0.086231 -0.961393 
137 0.991 -0.0754504 0.991 -0.984518 -0.0843163 -0.984518 
138 0.844895 -0.0612933 0.844895 -0.839884 -0.0684309 -0.839884 
139 0.940911 -0.0650832 0.940911 -0.935845 -0.0725974 -0.935845 
140 0.929957 -0.0611482 0.929957 -0.925438 -0.0681463 -0.925438 
141 1.00143 -0.062466 1.00143 -0.997053 -0.069552 -0.997053 
142 1.0447 -0.0619506 1.0447 -1.04058 -0.0689213 -1.04058 
143 0.928357 -0.0522051 0.928357 -0.925069 -0.0580313 -0.925069 
144 0.928374 -0.0495326 0.928374 -0.925417 -0.0550176 -0.925417 
145 0.917358 -0.0460476 0.917358 -0.914774 -0.0511027 -0.914774 
146 0.842184 -0.0399809 0.842184 -0.840065 -0.0443371 -0.840065 
147 0.852734 -0.0380245 0.852734 -0.850843 -0.0421343 -0.850843 
148 0.870268 -0.0365853 0.870268 -0.868554 -0.040511 -0.868554 
149 0.945834 -0.0372119 0.945834 -0.944203 -0.0411741 -0.944203 
150 1.03271 -0.0381187 1.03271 -1.03115 -0.042149 -1.03115 
151 0.977969 -0.0336252 0.977969 -0.976684 -0.0371543 -0.976684 
152 0.975316 -0.0313473 0.975316 -0.974196 -0.0346156 -0.974196 
153 0.879805 -0.0263034 0.879805 -0.878932 -0.0290276 -0.878932 
154 1.08892 -0.0302017 1.08892 -1.08799 -0.0333093 -1.08799 
155 0.768364 -0.0197227 0.768364 -0.767803 -0.0217394 -0.767803 
156 0.997945 -0.0234417 0.997945 -0.997335 -0.0258227 -0.997335 
157 0.897534 -0.0193933 0.897534 -0.897071 -0.0213516 -0.897071 
158 0.849478 -0.0168339 0.849478 -0.849109 -0.0185244 -0.849109 
159 0.75205 -0.0135737 0.75205 -0.751779 -0.0149293 -0.751779 
160 0.892423 -0.0145523 0.892423 -0.892161 -0.0159976 -0.892161 
161 0.837779 -0.0123322 0.837779 -0.837579 -0.0135508 -0.837579 
162 0.882647 -0.011701 0.882647 -0.882476 -0.0128518 -0.882476 
163 0.932894 -0.0110692 0.932894 -0.932749 -0.012153 -0.932749 
164 0.836386 -0.00873025 0.836386 -0.836286 -0.00958108 -0.836286 
165 0.752732 -0.00695194 0.752732 -0.752661 -0.00762681 -0.752661 
166 0.939522 -0.00750304 0.939522 -0.939456 -0.00822843 -0.939456 
167 0.880491 -0.00608385 0.880491 -0.880445 -0.00666994 -0.880445 
168 1.29623 -0.00765086 1.29623 -1.29618 -0.00838545 -1.29618 
169 0.935936 -0.00463469 0.935936 -0.93591 -0.00507828 -0.93591 
170 1.19672 -0.00490045 1.19672 -1.19669 -0.00536813 -1.19669 
171 0.83025 -0.00271808 0.83025 -0.83024 -0.00297677 -0.83024 
172 0.933224 -0.00248854 0.933224 -0.933217 -0.0027249 -0.933217 
173 1.09237 -0.0021751 1.09237 -1.09237 -0.00238122 -1.09237 
174 1.27359 -0.00193026 1.27359 -1.27359 -0.00211288 -1.27359 
175 1.22942 -0.00131051 1.22942 -1.22941 -0.00143431 -1.22941 
176 0.74476 -0.0004751 0.74476 -0.74476 -0.000519915 -0.74476 
177 0.868578 -0.000326644 0.868578 -0.868578 -0.000357428 -0.868578 
178 1.11646 -0.000189374 1.11646 -1.11646 -0.000207209 -1.11646 
179 0.930241 -4.30768e-05 0.930241 -0.930241 -4.71319e-05 -0.930241 
180 0 0 0 0 0 0 
