0 0 0 0 0 0 0 0 0 0 0 0 0 0 0 0 0 
1 0 0 0 0 0 0 0 0 0 0 0 0 0 0 0 0 
2 5.49246 -0.245809 -9.4143e-17 0 -0.245809 5.49246 5.97733e-17 3.28621e-18 -2.55864e-17 -2.39093e-17 5.4869 -0.00483272 1.23345e-19 -3.31555e-18 0.00483272 5.4869 
3 4.95195 -0.354316 -4.00583e-16 0 -0.354316 4.95195 4.30477e-16 7.81298e-18 -3.95279e-16 -5.10195e-16 4.93913 -0.00696433 -1.73456e-20 -8.37662e-18 0.00696433 4.93913 
4 6.74305 -0.634458 3.65167e-16 0 -0.634458 6.74305 -1.96625e-16 -2.88434e-18 2.98591e-16 2.85592e-16 6.71297 -0.0124671 2.72026e-19 3.28545e-18 0.0124671 6.71297 
5 5.68937 -0.669014 -8.71527e-10 5.49203e-10 -0.669014 5.68937 -4.53265e-10 2.62623e-11 -8.75719e-10 4.61085e-10 5.64977 -0.0131412 5.49297e-10 -3.10901e-11 0.0131412 5.64977 
6 7.35084 -1.02585 6.08684e-17 0 -1.02585 7.35084 -2.6343e-16 -2.32965e-18 1.23732e-17 2.1753e-16 7.27872 -0.0201415 -3.00805e-19 3.10267e-18 0.0201415 7.27872 
7 6.7229 -1.09771 5.4511e-08 1.62515e-08 -1.09771 6.7229 -6.43667e-07 -3.08682e-10 -5.55048e-08 6.43752e-07 6.63245 -0.0215394 1.62503e-08 -3.14238e-10 0.0215394 6.63245 
8 3.4027 -0.635516 -8.59458e-10 6.52927e-10 -0.635516 3.4027 -4.82941e-10 2.5554e-11 -8.57307e-10 4.79323e-10 3.34273 -0.0124629 6.53198e-10 -2.25308e-11 0.0124629 3.34273 
9 6.67499 -1.39727 1.68657e-06 3.36377e-07 -1.39727 6.67499 -1.33308e-05 -9.55081e-09 -1.23241e-06 1.32813e-05 6.52689 -0.0273797 3.37065e-07 -6.97667e-09 0.0273797 6.52689 
10 4.86668 -1.13901 1.537e-07 1.41582e-07 -1.13901 4.86668 -5.50201e-06 -6.96311e-10 -1.30052e-06 5.64296e-06 4.73134 -0.0222983 1.39685e-07 -7.62625e-09 0.0222983 4.73134 
11 4.8137 -1.22993 6.98632e-05 1.00987e-05 -1.22993 4.81369 -0.000411276 -5.81559e-07 -3.00064e-05 0.000406399 4.65372 -0.0240575 1.01154e-05 6.13047e-08 0.0240575 4.65372 
12 5.88181 -1.64122 4.30391e-05 8.23484e-06 -1.64122 5.88181 -0.000327479 -2.33937e-07 -4.791e-05 0.000328136 5.64794 -0.0320668 8.22854e-06 -2.82137e-07 0.0320668 5.64794 
13 5.42154 -1.63918 -3.3765e-05 -6.6197e-06 -1.63918 5.42154 0.000262946 1.65604e-07 4.36249e-05 -0.000264392 5.16757 -0.0320018 -6.60681e-06 2.68999e-07 0.0320018 5.16757 
14 5.69323 -1.84208 -6.49293e-05 -1.23149e-05 -1.84208 5.69323 0.000491558 2.32455e-07 9.34689e-05 -0.000496134 5.38675 -0.0359259 -1.22918e-05 6.41128e-07 0.0359259 5.38675 
15 4.03403 -1.40252 9.35083e-10 -3.11078e-09 -1.40252 4.03403 4.02281e-09 -1.12048e-10 9.05858e-10 -4.02269e-09 3.78218 -0.0273202 -3.10959e-09 1.55887e-10 0.0273202 3.78218 
16 4.26764 -1.57726 5.62323e-10 -2.73451e-09 -1.57726 4.26764 1.83777e-09 -5.16225e-11 5.26746e-10 -1.82612e-09 3.96525 -0.0306858 -2.73568e-09 2.20208e-12 0.0306858 3.96525 
17 3.81413 -1.49293 3.64865e-05 4.60732e-06 -1.49293 3.81413 -0.000185596 -2.06994e-07 -3.81468e-05 0.00018593 3.50959 -0.0290025 4.60317e-06 -2.18895e-07 0.0290025 3.50959 
18 3.71934 -1.54034 -1.86869e-09 2.41003e-08 -1.54034 3.71934 -6.75128e-09 3.69887e-10 -1.64094e-09 6.70075e-09 3.38518 -0.029884 2.41122e-08 5.37877e-10 0.029884 3.38518 
19 4.02264 -1.75266 -3.44004e-10 6.12735e-09 -1.75266 4.02264 3.39392e-10 5.73292e-11 -2.92138e-10 -3.70665e-10 3.62048 -0.0339529 6.13103e-09 2.44587e-10 0.0339529 3.62048 
20 3.2424 -1.48425 6.84953e-05 6.84086e-06 -1.48425 3.2424 -0.00027756 -3.99115e-07 -5.95578e-05 0.00027549 2.88251 -0.0287025 6.86453e-06 -3.30525e-07 0.0287025 2.88251 
21 3.67242 -1.7575 6.62522e-05 6.19161e-06 -1.7575 3.67242 -0.000251973 -3.85431e-07 -5.64839e-05 0.000249582 3.22427 -0.033933 6.22014e-06 -3.1683e-07 0.033933 3.22427 
22 3.79683 -1.90147 8.69997e-05 7.86737e-06 -1.90147 3.79683 -0.000321154 -5.04336e-07 -7.80176e-05 0.00031884 3.28607 -0.0366466 7.89383e-06 -4.3727e-07 0.0366466 3.28608 
23 2.87758 -1.50607 4.42056e-10 -7.73416e-09 -1.50607 2.87758 9.88247e-09 -5.87073e-10 4.60625e-11 -9.871e-09 2.45172 -0.0289747 -7.71949e-09 2.62492e-10 0.0289747 2.45172 
24 3.0566 -1.65835 6.03904e-10 -2.89128e-09 -1.65835 3.0566 4.3674e-09 -1.51786e-10 4.94015e-10 -4.36183e-09 2.56734 -0.0318497 -2.89218e-09 6.13904e-11 0.0318497 2.56734 
25 2.68375 -1.51196 -0.000100473 -6.60001e-06 -1.51196 2.68375 0.000275596 6.42017e-07 5.32453e-05 -0.000261888 2.217 -0.0289644 -6.74645e-06 2.54668e-07 0.0289644 2.217 
26 2.60315 -1.52068 3.49833e-09 -5.31491e-09 -1.52068 2.60315 -3.175e-09 1.37631e-10 3.55405e-09 3.39093e-09 2.11253 -0.0290886 -5.33369e-09 -5.3459e-10 0.0290886 2.11253 
27 2.56313 -1.55043 7.32912e-09 -1.54055e-08 -1.55043 2.56313 7.42353e-09 -4.78718e-10 6.70497e-09 -6.96661e-09 2.04073 -0.029594 -1.54176e-08 -5.87193e-10 0.029594 2.04073 
28 2.64011 -1.648 -0.000116715 -8.89369e-06 -1.648 2.64011 0.000368479 6.98818e-07 0.000116415 -0.000368385 2.06223 -0.0313827 -8.86736e-06 6.11466e-07 0.0313827 2.06223 
29 2.1016 -1.35513 -3.42375e-09 3.33642e-09 -1.35513 2.1016 -3.89624e-09 1.92482e-10 -3.17323e-09 3.67204e-09 1.60607 -0.0257514 3.3333e-09 1.50673e-13 0.0257514 1.60607 
30 2.45491 -1.62813 -5.27969e-05 -3.47064e-06 -1.62813 2.45491 0.000144944 3.06123e-07 4.80571e-05 -0.000143281 1.83695 -0.0308631 -3.49275e-06 2.82585e-07 0.0308631 1.83695 
31 2.17279 -1.48283 6.92379e-09 -1.1294e-08 -1.48283 2.17279 2.07911e-08 -1.137e-09 5.51675e-09 -2.0281e-08 1.58781 -0.0280488 -1.12532e-08 3.36629e-10 0.0280488 1.58781 
32 2.18779 -1.53198 -7.63588e-05 -4.85265e-06 -1.53198 2.18779 0.000203198 4.44442e-07 7.44816e-05 -0.000202499 1.56148 -0.028902 -4.86177e-06 4.36157e-07 0.028902 1.56148 
33 2.19444 -1.577 -3.28773e-09 2.50774e-09 -1.577 2.19444 -3.65826e-09 2.71319e-10 -3.28387e-09 3.49636e-09 1.52559 -0.0296858 2.46901e-09 -1.91233e-10 0.0296858 1.52559 
34 2.41436 -1.77865 0.000222109 1.41827e-05 -1.77865 2.41434 -0.000592409 -1.23803e-06 -0.000243424 0.000600721 1.63211 -0.0333864 1.40983e-05 -1.40963e-06 0.0333864 1.63213 
35 1.79548 -1.35429 2.42255e-09 6.06966e-09 -1.35429 1.79548 -2.05311e-08 1.76947e-09 4.59897e-09 2.08931e-08 1.17847 -0.0253601 5.92576e-09 -9.7323e-10 0.0253601 1.17847 
36 1.90534 -1.46805 -1.32966e-08 9.66644e-09 -1.46805 1.90534 3.20037e-09 -4.60724e-10 -1.30987e-08 -4.82383e-09 1.21414 -0.0274199 9.8038e-09 1.77814e-09 0.0274199 1.21414 
37 2.20693 -1.73627 1.2472e-08 -1.0078e-08 -1.73627 2.20693 1.46846e-08 -7.98629e-10 1.05886e-08 -1.33177e-08 1.3618 -0.0323423 -1.00492e-08 -3.44251e-10 0.0323423 1.3618 
38 1.69078 -1.35821 -1.75873e-08 2.33959e-08 -1.35821 1.69078 -4.86577e-08 2.99024e-09 -1.11998e-08 4.6711e-08 1.00655 -0.0252269 2.32962e-08 1.86193e-10 0.0252269 1.00655 
39 2.0821 -1.70504 2.09734e-09 2.81043e-09 -1.70504 2.0821 -2.66202e-08 2.0659e-09 4.93523e-09 2.71604e-08 1.19445 -0.0315782 2.57011e-09 -1.78035e-09 0.0315782 1.19445 
40 1.67796 -1.3984 1.04751e-08 -3.51201e-09 -1.3984 1.67796 -5.00472e-09 6.52362e-10 1.07598e-08 6.33984e-09 0.926913 -0.0258263 -3.61974e-09 -1.03652e-09 0.0258263 0.926913 
41 1.5925 -1.35037 -2.14345e-08 2.53944e-08 -1.35037 1.5925 -1.38688e-07 8.69826e-09 -4.35928e-09 1.37152e-07 0.843646 -0.0248649 2.45175e-08 -5.63313e-09 0.0248649 0.843646 
42 1.56484 -1.34828 -6.76275e-09 6.55994e-09 -1.34828 1.56484 -3.80649e-08 2.64149e-09 -1.22041e-09 3.77027e-08 0.793765 -0.0247531 6.24456e-09 -1.7414e-09 0.0247531 0.793765 
43 1.3932 -1.21882 1.20859e-08 -8.61619e-09 -1.21882 1.3932 4.07407e-08 -2.35689e-09 6.01256e-09 -3.94927e-08 0.674401 -0.0223085 -8.38089e-09 1.10813e-09 0.0223085 0.674401 
44 1.47141 -1.30625 -9.67625e-09 -1.98626e-09 -1.30625 1.47141 3.22407e-08 -2.63742e-09 -1.43033e-08 -3.40043e-08 0.67676 -0.0238334 -1.70432e-09 2.06602e-09 0.0238334 0.67676 
45 1.57117 -1.41356 8.01753e-09 -3.98304e-09 -1.41356 1.57117 2.36403e-09 -2.12297e-10 6.44044e-09 -1.11365e-09 0.685259 -0.0257112 -3.97084e-09 -6.15564e-10 0.0257112 0.685259 
46 1.47328 -1.342 2.79617e-08 -2.08152e-08 -1.342 1.47328 9.36031e-08 -6.16322e-09 1.0673e-08 -9.00989e-08 0.607299 -0.0243334 -2.01435e-08 2.2038e-09 0.0243334 0.607299 
47 1.44746 -1.33436 6.37075e-09 -5.88962e-09 -1.33436 1.44746 1.32901e-08 -1.19646e-09 2.55719e-09 -1.22196e-08 0.560228 -0.0241156 -5.78338e-09 -3.43506e-10 0.0241156 0.560228 
48 1.52515 -1.42133 -7.91987e-09 -1.73427e-09 -1.42133 1.52515 4.11555e-08 -2.84931e-09 -1.32727e-08 -4.30364e-08 0.552292 -0.0256041 -1.37369e-09 2.48632e-09 0.0256041 0.552292 
49 1.35827 -1.27839 -3.5434e-08 1.59167e-08 -1.27839 1.35827 -9.77834e-08 4.9607e-09 -1.89968e-08 9.26498e-08 0.458122 -0.0229547 1.51829e-08 -2.56146e-09 0.0229547 0.458122 
50 1.15024 -1.09283 1.57063e-08 -5.33107e-09 -1.09283 1.15024 3.35385e-08 -1.04025e-09 1.10805e-08 -3.08548e-08 0.358103 -0.0195564 -5.19532e-09 6.75624e-10 0.0195564 0.358103 
51 1.04808 -1.00425 -5.00723e-08 2.50796e-08 -1.00425 1.04808 -1.66094e-07 1.00774e-08 -1.49183e-08 1.58817e-07 0.299157 -0.0179106 2.3641e-08 -4.61932e-09 0.0179106 0.299157 
52 1.17869 -1.13831 -4.62293e-08 2.62224e-08 -1.13831 1.17869 -2.24462e-07 1.50459e-08 -2.28066e-10 2.19858e-07 0.304915 -0.0202306 2.38167e-08 -9.10411e-09 0.0202306 0.304915 
53 1.09818 -1.06771 2.44157e-08 -1.36368e-08 -1.06771 1.09818 9.98397e-08 -7.56004e-09 -1.31998e-10 -9.72064e-08 0.255899 -0.018912 -1.23887e-08 3.65423e-09 0.018912 0.255899 
54 1.21156 -1.18527 -9.09526e-09 1.03667e-08 -1.18527 1.21156 -1.33032e-07 9.88289e-09 1.69654e-08 1.34352e-07 0.249823 -0.0209202 8.27807e-09 -7.5068e-09 0.0209203 0.249823 
55 1.14376 -1.12489 -7.25812e-09 6.94089e-09 -1.12489 1.14376 -9.32965e-08 2.04003e-09 1.09206e-08 8.8506e-08 0.205528 -0.0197852 6.38471e-09 -1.24395e-09 0.0197852 0.205528 
56 1.14461 -1.13097 -2.94791e-08 1.94719e-08 -1.13097 1.14461 -1.76967e-07 1.65869e-08 1.90243e-08 1.78273e-07 0.174524 -0.0198205 1.63298e-08 -9.38658e-09 0.0198206 0.174524 
57 0.984539 -0.97649 -1.77119e-08 4.47548e-09 -0.97649 0.984539 -6.77878e-08 4.73364e-09 -3.61736e-09 6.70689e-08 0.123813 -0.0170524 3.49375e-09 -4.05491e-09 0.0170524 0.123813 
58 1.04219 -1.03687 6.3053e-09 5.14709e-09 -1.03687 1.04219 -8.39291e-08 6.36892e-09 2.82567e-08 8.3383e-08 0.102763 -0.0180412 3.41813e-09 -4.14625e-09 0.0180412 0.102763 
59 0.924643 -0.922034 -2.7227e-08 1.43648e-08 -0.922034 0.924643 -1.5211e-07 1.15407e-08 1.55682e-08 1.48577e-07 0.066345 -0.0159851 1.19255e-08 -6.16971e-09 0.0159851 0.0663451 
60 1.04146 -1.04017 -4.67781e-08 3.13947e-08 -1.04017 1.04146 -4.02258e-07 3.6042e-08 6.86757e-08 4.05912e-07 0.0469896 -0.0179679 2.34998e-08 -2.18061e-08 0.0179679 0.0469897 
61 1.06444 -1.06401 -9.47978e-08 2.84119e-08 -1.06401 1.06444 -3.40341e-07 1.01069e-08 -2.27778e-09 3.06314e-07 0.019452 -0.0183129 2.39471e-08 -4.7427e-09 0.018313 0.0194521 
62 0.948316 -0.948056 -3.49574e-09 -5.18104e-09 -0.948056 0.948316 1.2422e-07 -1.33477e-08 -3.85333e-08 -1.36647e-07 -0.00873359 -0.0162554 -1.22734e-09 9.79941e-09 0.0162554 -0.00873346 
63 0.913983 -0.913206 2.72099e-08 -2.62837e-08 -0.913206 0.913983 4.76449e-07 -3.75348e-08 -1.16666e-07 -4.69849e-07 -0.0321048 -0.0156022 -1.8256e-08 1.07005e-08 0.0156022 -0.0321046 
64 0.859417 -0.857561 -5.74029e-08 2.20467e-08 -0.857561 0.859417 -3.10021e-07 1.89291e-08 3.8686e-08 3.031e-07 -0.053164 -0.0145968 2.05738e-08 -1.14601e-08 0.0145969 -0.0531639 
65 0.884895 -0.881219 -9.08125e-08 3.06893e-08 -0.881219 0.884895 -4.42418e-07 3.51418e-08 6.18705e-08 4.22613e-07 -0.0782212 -0.0149431 2.17222e-08 -2.15432e-08 0.0149431 -0.078221 
66 0.888291 -0.882148 -5.61746e-08 1.84481e-08 -0.882148 0.888291 -2.90289e-07 4.52281e-08 4.55955e-08 3.13221e-07 -0.102522 -0.0149013 9.59707e-09 -2.27612e-08 0.0149013 -0.102521 
67 0.922035 -0.912546 -2.78606e-08 -3.06256e-09 -0.912546 0.922035 7.15632e-08 -1.23093e-07 -8.21747e-08 -2.26984e-07 -0.130353 -0.0153575 3.18971e-08 8.10273e-08 0.0153575 -0.130353 
68 0.812324 -0.8008 1.12595e-07 -2.66626e-08 -0.8008 0.812324 3.28212e-07 -1.66496e-07 -2.6738e-08 -4.01016e-07 -0.135208 -0.013428 2.83977e-08 1.37554e-07 0.0134281 -0.135208 
69 0.785967 -0.770966 1.00867e-07 -1.70095e-08 -0.770966 0.785967 3.84645e-07 5.32954e-09 -2.86984e-08 -3.22148e-07 -0.151849 -0.0128771 -2.80308e-08 -3.50505e-08 0.0128772 -0.151849 
70 0.810792 -0.79094 4.90929e-08 -1.61239e-08 -0.79094 0.810792 1.59289e-07 -1.37308e-07 -9.258e-08 -3.53478e-07 -0.177475 -0.0131599 2.60943e-08 7.50828e-08 0.01316 -0.177475 
71 0.931459 -0.903132 6.6114e-08 1.98879e-09 -0.903132 0.931459 -1.16821e-07 2.88094e-08 1.03414e-07 1.17183e-07 -0.227076 -0.0149696 -3.80762e-09 -9.83745e-09 0.0149697 -0.227075 
72 0.840075 -0.808771 -2.33142e-08 1.01586e-08 -0.808771 0.840074 -1.84572e-07 6.48679e-08 7.19296e-08 2.45139e-07 -0.226464 -0.0133527 -7.60891e-09 -3.1754e-08 0.0133528 -0.226464 
73 0.808919 -0.773312 -1.58671e-07 3.87615e-08 -0.773312 0.808919 -8.0947e-07 4.16276e-08 1.46536e-07 6.92545e-07 -0.236731 -0.0127215 3.07631e-08 -1.61671e-08 0.0127216 -0.236731 
74 0.761124 -0.72149 -1.43083e-07 3.0045e-08 -0.72149 0.761124 -5.83192e-07 1.67024e-07 1.2641e-07 6.65859e-07 -0.241884 -0.0118223 -8.74388e-09 -1.03075e-07 0.0118224 -0.241884 
75 0.772103 -0.725857 4.7558e-08 -2.13577e-08 -0.725857 0.772102 4.09315e-07 -3.50704e-08 -1.83368e-07 -4.73055e-07 -0.262687 -0.0118514 -1.32074e-08 3.53067e-08 0.0118516 -0.262687 
76 0.754374 -0.702076 2.03922e-07 -3.83003e-08 -0.702076 0.754373 8.86498e-07 -2.16835e-07 -1.86163e-07 -9.05357e-07 -0.275526 -0.0114156 3.56062e-08 1.05501e-07 0.0114158 -0.275526 
77 0.746871 -0.688482 8.42428e-09 1.25826e-08 -0.688482 0.74687 -3.08697e-07 1.1305e-08 1.4387e-07 2.85537e-07 -0.289089 -0.0111535 3.73557e-08 -1.03061e-08 0.0111536 -0.289088 
78 0.771018 -0.703173 4.40222e-08 -1.1636e-08 -0.703173 0.771018 1.24108e-08 -3.57928e-07 -8.56269e-08 -3.23134e-07 -0.315853 -0.0113491 1.33665e-07 2.39053e-07 0.0113493 -0.315853 
79 0.763474 -0.688309 -1.19087e-08 2.68221e-09 -0.688309 0.763473 -8.36751e-08 6.85177e-08 9.11473e-09 1.10115e-07 -0.329995 -0.0110642 -5.47698e-09 -3.71102e-08 0.0110644 -0.329995 
80 0.805129 -0.717231 3.02513e-08 -3.08259e-09 -0.717231 0.805129 1.66015e-07 -7.97714e-08 -5.51857e-08 -1.70156e-07 -0.365462 -0.0114849 2.64011e-08 5.70161e-09 0.0114851 -0.365462 
81 0.677806 -0.596321 9.76927e-08 -1.5633e-08 -0.596321 0.677805 5.17913e-07 -1.28215e-07 -1.54403e-07 -5.02153e-07 -0.321944 -0.00951291 2.06163e-08 2.89102e-08 0.00951307 -0.321944 
82 0.653184 -0.566904 -1.68531e-08 -4.35249e-09 -0.566904 0.653184 8.8076e-08 3.95781e-08 -9.11051e-08 -7.34004e-08 -0.324198 -0.00900715 -1.93027e-08 -2.75725e-08 0.00900733 -0.324198 
83 0.751837 -0.643578 -5.52836e-08 1.72277e-09 -0.643578 0.751837 -5.8889e-08 2.6987e-08 -2.73669e-08 5.3993e-08 -0.388415 -0.010185 -1.3214e-08 -6.78487e-09 0.0101852 -0.388415 
84 0.723123 -0.610285 -1.76185e-07 1.27611e-08 -0.610285 0.723122 -3.57938e-07 2.64748e-07 9.09094e-09 4.49038e-07 -0.387676 -0.00962063 -9.62652e-08 -1.43832e-07 0.00962083 -0.387676 
85 0.664457 -0.552468 -6.55901e-08 2.29046e-09 -0.552468 0.664456 -1.14954e-07 1.71246e-07 -7.17994e-08 1.17915e-07 -0.368977 -0.00867632 -6.56687e-08 -9.06764e-08 0.00867646 -0.368977 
86 0.643003 -0.526643 8.18917e-08 7.63243e-10 -0.526642 0.643003 1.20145e-08 -1.61827e-07 1.13629e-07 -5.83742e-08 -0.368747 -0.00823991 7.42239e-08 8.69243e-08 0.00824007 -0.368747 
87 0.640926 -0.51673 1.07171e-09 4.41685e-09 -0.51673 0.640926 -1.16081e-07 -7.50501e-08 8.63371e-08 8.06634e-08 -0.379025 -0.00805404 3.86122e-08 4.03399e-08 0.00805416 -0.379025 
88 0.652793 -0.517353 -2.85464e-09 2.48044e-10 -0.517353 0.652793 -2.96207e-08 3.59585e-09 -5.06127e-09 4.51542e-09 -0.397963 -0.00803145 -8.28944e-10 1.18398e-08 0.00803153 -0.397963 
89 0.596247 -0.464199 5.16715e-09 -3.20797e-09 -0.464199 0.596246 4.10886e-08 -6.27614e-09 -8.83913e-08 -1.1252e-07 -0.374088 -0.0071779 -2.19079e-10 2.27579e-08 0.00717799 -0.374088 
90 0.602613 -0.461245 -2.43412e-08 3.43235e-09 -0.461245 0.602613 -1.25826e-07 -1.82821e-08 4.47597e-08 9.30741e-08 -0.387694 -0.00710685 1.49513e-08 1.28047e-08 0.00710696 -0.387694 
91 0.606572 -0.455564 1.22702e-08 -9.97552e-10 -0.455564 0.606572 2.91199e-08 -2.71078e-08 -1.03781e-08 -4.01814e-08 -0.400386 -0.00699111 1.26227e-08 1.31726e-08 0.00699119 -0.400386 
92 0.655614 -0.483257 3.2725e-09 -6.30605e-10 -0.483257 0.655613 1.57653e-08 1.49248e-08 -1.73081e-08 -1.48338e-08 -0.442955 -0.00738768 -7.53906e-09 -7.18485e-09 0.00738772 -0.442955 
93 0.662322 -0.479012 3.03596e-08 -1.59995e-09 -0.479012 0.662322 6.1813e-08 -2.04027e-08 -9.55431e-09 -6.14763e-08 -0.457315 -0.00729589 1.01087e-08 1.05799e-08 0.00729592 -0.457315 
94 0.574426 -0.406986 -3.20125e-08 1.8524e-09 -0.406986 0.574426 -7.12807e-08 2.43162e-08 1.49022e-08 7.05691e-08 -0.405305 -0.00617483 -1.15502e-08 -1.18461e-08 0.00617486 -0.405305 
95 0.669878 -0.465388 -6.93173e-10 2.84926e-11 -0.465388 0.669878 -1.25287e-09 -7.63586e-10 6.45098e-10 8.96155e-10 -0.481751 -0.00703541 2.47955e-10 2.45228e-10 0.00703542 -0.481751 
96 0.611917 -0.415969 -1.72184e-08 9.8262e-10 -0.415969 0.611917 -3.96683e-08 1.27652e-08 1.09489e-08 3.85936e-08 -0.44873 -0.00626441 -6.39352e-09 -5.94126e-09 0.00626441 -0.44873 
97 0.659162 -0.438742 -3.3323e-09 1.13197e-11 -0.438742 0.659162 -2.63575e-09 5.32323e-09 -3.09273e-09 2.76735e-09 -0.491877 -0.00658367 -3.32469e-09 -2.75455e-09 0.00658367 -0.491877 
98 0.548608 -0.357148 -1.32682e-08 5.78252e-10 -0.357148 0.548608 -2.59849e-08 1.03246e-08 4.92378e-09 2.52774e-08 -0.416387 -0.00533964 -5.79274e-09 -4.98768e-09 0.00533964 -0.416387 
99 0.578961 -0.368137 4.61411e-09 -2.08337e-10 -0.368137 0.578961 9.33998e-09 -3.09604e-09 -2.26634e-09 -9.02453e-09 -0.446801 -0.00548316 1.74084e-09 1.48725e-09 0.00548316 -0.446801 
100 0.665515 -0.413798 -7.56237e-18 0 -0.413798 0.665515 1.57995e-17 1.11874e-20 1.40892e-19 1.15246e-17 -0.521182 -0.00614181 -1.03283e-20 -9.94024e-20 0.00614181 -0.521182 
101 0.674868 -0.410015 -6.35871e-19 0 -0.410015 0.674868 6.00342e-18 1.17559e-19 -8.8323e-18 1.32232e-17 -0.53599 -0.00606441 1.01816e-20 4.39055e-21 0.00606441 -0.53599 
102 0.624457 -0.369952 -6.67873e-18 0 -0.369952 0.624457 9.33207e-18 -1.42252e-21 4.71062e-19 8.94052e-18 -0.503032 -0.00545166 -4.39775e-21 -1.03639e-19 0.00545166 -0.503032 
103 0.561862 -0.324784 -8.31284e-19 0 -0.324784 0.561862 1.71935e-17 1.00209e-19 -1.07415e-17 1.93938e-17 -0.458447 -0.0047693 4.07084e-20 -7.50319e-20 0.0047693 -0.458447 
104 0.572321 -0.322795 2.95614e-19 0 -0.322795 0.572321 -3.52721e-19 -4.85982e-20 2.21165e-18 -2.27085e-18 -0.472572 -0.00472396 1.09423e-20 -9.76283e-21 0.00472396 -0.472572 
105 0.53815 -0.295748 -2.01792e-18 0 -0.295748 0.53815 -5.94915e-18 -8.71269e-20 5.31444e-18 -7.3833e-18 -0.449569 -0.00431303 6.31431e-21 -2.74174e-20 0.00431303 -0.449569 
106 0.587546 -0.314347 -2.10867e-19 0 -0.314347 0.587546 6.11153e-18 4.4268e-20 -4.24194e-18 4.64882e-18 -0.496354 -0.00456818 1.10218e-20 -5.63592e-21 0.00456818 -0.496354 
107 0.603256 -0.314537 4.32015e-18 0 -0.314537 0.603256 -1.03292e-17 -5.5824e-20 2.67404e-18 -1.20555e-17 -0.514738 -0.00455594 1.04613e-20 3.47097e-20 0.00455594 -0.514738 
108 0.552723 -0.280106 1.86761e-18 0 -0.280106 0.552723 -5.41499e-18 -4.62829e-20 9.58894e-19 -3.05707e-18 -0.476466 -0.00404296 1.89062e-20 -1.33206e-20 0.00404296 -0.476466 
109 0.521687 -0.257031 8.31247e-18 0 -0.257031 0.521687 -1.85632e-17 -7.17792e-20 -4.99207e-19 -1.61955e-17 -0.453954 -0.00369733 4.47419e-20 4.64238e-20 0.00369733 -0.453954 
110 0.592046 -0.283841 -2.2608e-18 0 -0.283841 0.592046 8.23697e-18 4.14763e-20 -4.81283e-19 7.91352e-18 -0.519547 -0.00406996 -1.89556e-20 -2.88222e-20 0.00406996 -0.519547 
111 0.514031 -0.239446 -7.16515e-18 0 -0.239446 0.514031 2.11402e-17 3.34801e-20 -2.78596e-18 1.8149e-17 -0.454837 -0.00342216 3.37219e-21 -1.06889e-19 0.00342216 -0.454837 
112 0.576621 -0.260741 -9.83711e-18 0 -0.260741 0.576621 1.85585e-17 5.28925e-20 -1.5427e-19 1.85866e-17 -0.514281 -0.00371429 -2.5952e-20 -8.42438e-20 0.00371429 -0.514281 
113 0.589855 -0.258446 -2.01835e-19 0 -0.258446 0.589855 6.64372e-18 3.69723e-20 -3.40601e-18 7.63076e-18 -0.530202 -0.00366915 5.44123e-21 -8.45127e-21 0.00366915 -0.530202 
114 0.540181 -0.2296 4.32636e-19 0 -0.2296 0.540181 1.18842e-17 6.3932e-20 -5.63777e-18 1.30561e-17 -0.488941 -0.00324931 7.72821e-21 -1.81101e-20 0.00324931 -0.488941 
115 0.573789 -0.236343 3.1731e-18 0 -0.236343 0.573789 -1.28944e-17 -3.11932e-20 1.31362e-18 -1.13386e-17 -0.522839 -0.0033341 5.67297e-21 3.64408e-20 0.0033341 -0.522839 
116 0.530708 -0.211951 -4.23665e-18 0 -0.211951 0.530708 8.58753e-18 2.76858e-20 -1.58262e-19 1.26619e-17 -0.486532 -0.00298094 -1.10459e-20 -3.84465e-20 0.00298094 -0.486532 
117 0.61859 -0.239122 1.05988e-17 0 -0.239122 0.61859 -2.10067e-17 -4.47955e-20 -2.03887e-18 -1.89844e-17 -0.570488 -0.00335263 3.07439e-20 5.53854e-20 0.00335263 -0.570488 
118 0.600409 -0.224636 -4.43589e-18 0 -0.224636 0.600409 2.05925e-17 6.67552e-20 -2.49276e-18 1.89742e-17 -0.55679 -0.00314 -1.30928e-20 -3.73628e-20 0.00314 -0.55679 
119 0.539353 -0.195083 -2.42983e-18 0 -0.195083 0.539353 1.852e-17 2.39652e-20 -3.17142e-18 1.47839e-17 -0.502825 -0.00271862 7.98507e-21 -4.87968e-20 0.00271862 -0.502825 
120 0.559495 -0.195495 -1.42315e-18 0 -0.195495 0.559495 -2.8209e-18 3.99732e-21 2.57596e-18 -4.15419e-18 -0.524218 -0.00271617 -1.47954e-20 2.75883e-20 0.00271617 -0.524218 
121 0.577975 -0.19525 2.66776e-19 0 -0.19525 0.577975 1.1915e-17 5.19889e-20 -4.73063e-18 1.29417e-17 -0.543986 -0.00270504 4.72775e-21 -1.0032e-20 0.00270504 -0.543986 
122 0.56458 -0.183907 4.2479e-18 0 -0.183907 0.56458 -2.1807e-18 6.9305e-22 -4.31301e-18 1.85641e-18 -0.533778 -0.00254031 2.02703e-20 1.23863e-22 0.00254031 -0.533778 
123 0.593276 -0.186472 2.88546e-18 0 -0.186472 0.593276 -1.40272e-17 -1.94894e-20 6.10704e-19 -1.47258e-17 -0.5632 -0.00256845 3.5677e-21 4.88048e-20 0.00256845 -0.5632 
124 0.575635 -0.174616 1.33675e-18 0 -0.174616 0.575635 6.13924e-18 -6.68531e-21 -3.92539e-18 7.17424e-18 -0.548504 -0.00239859 1.93594e-20 -3.36185e-20 0.00239859 -0.548504 
125 0.531623 -0.155312 -1.24943e-18 0 -0.155312 0.531623 -5.33196e-19 -1.6947e-20 2.0531e-18 -7.22202e-18 -0.508422 -0.00212747 -3.40346e-21 -3.8081e-21 0.00212747 -0.508422 
126 0.520617 -0.146258 1.51393e-18 0 -0.146258 0.520617 2.56743e-18 2.53771e-20 -3.56342e-18 4.10447e-19 -0.499644 -0.00199783 6.66866e-21 8.09375e-21 0.00199783 -0.499644 
127 0.54863 -0.148351 3.89381e-18 0 -0.148351 0.54863 -1.11052e-17 -1.95463e-20 -1.38457e-18 -8.04117e-18 -0.528185 -0.00202104 1.07291e-20 7.9115e-21 0.00202104 -0.528185 
128 0.545436 -0.14164 -2.72791e-18 0 -0.14164 0.545436 5.77948e-18 2.81734e-21 2.86864e-20 3.12189e-18 -0.526718 -0.00192439 -7.94194e-22 -1.98303e-20 0.00192439 -0.526718 
129 0.552451 -0.138181 -1.81712e-18 0 -0.138181 0.552451 -8.47219e-19 -3.24434e-20 2.99006e-18 -5.80051e-18 -0.534885 -0.00187285 -2.27719e-21 -2.06922e-20 0.00187285 -0.534885 
130 0.55221 -0.13235 -1.89557e-18 0 -0.13235 0.55221 6.16274e-18 4.3781e-20 -4.42658e-19 4.78201e-18 -0.53611 -0.00178904 -9.57408e-21 1.69366e-20 0.00178904 -0.53611 
131 0.513676 -0.117931 6.14679e-18 0 -0.117931 0.513676 -6.07229e-18 -6.33727e-21 -3.98826e-18 -2.94113e-18 -0.499951 -0.00159001 1.42881e-20 2.18472e-21 0.00159001 -0.499951 
132 0.5707 -0.12579 4.48199e-18 0 -0.12579 0.5707 3.64042e-18 4.24022e-20 -3.83599e-18 2.46715e-18 -0.55666 -0.00169197 2.11293e-21 2.97129e-20 0.00169197 -0.55666 
133 0.48147 -0.101383 -1.69496e-18 0 -0.101383 0.48147 4.55704e-18 -9.22567e-21 -5.25466e-19 3.8161e-18 -0.470672 -0.00136021 3.53342e-21 -2.96087e-20 0.00136021 -0.470672 
134 0.542848 -0.109337 3.20299e-18 0 -0.109337 0.542848 5.69684e-18 3.23224e-20 -4.68176e-18 8.79165e-18 -0.531719 -0.00146343 6.25696e-21 1.38038e-20 0.00146343 -0.531719 
135 0.524488 -0.100934 4.43096e-19 0 -0.100934 0.524488 7.41336e-18 3.70822e-20 -1.6073e-18 4.61996e-18 -0.514681 -0.00134781 -3.02683e-21 2.15624e-20 0.00134781 -0.514681 
136 0.589074 -0.108255 -4.15317e-18 0 -0.108255 0.589074 2.5556e-17 2.81935e-20 -1.73775e-18 2.94071e-17 -0.579038 -0.00144229 -1.06901e-21 -3.06046e-20 0.00144229 -0.579038 
137 0.551527 -0.0967201 -5.2959e-18 0 -0.0967201 0.551527 1.59808e-18 -8.05673e-21 3.92397e-18 6.21905e-19 -0.542977 -0.00128575 -7.89299e-21 -1.3045e-20 0.00128575 -0.542977 
138 0.463826 -0.0774498 2.65298e-18 0 -0.0774498 0.463826 -2.26024e-18 2.04355e-21 1.62989e-19 -6.61022e-18 -0.457312 -0.00102729 -6.68861e-22 7.13554e-21 0.00102729 -0.457312 
139 0.58144 -0.0922872 -2.74826e-18 0 -0.0922872 0.58144 2.20808e-18 -1.44251e-22 1.22663e-18 7.14187e-18 -0.574067 -0.00122141 -2.74613e-21 -7.03088e-21 0.00122141 -0.574067 
140 0.608108 -0.0917696 6.2498e-19 0 -0.0917696 0.608108 1.12851e-17 1.33159e-20 -2.12867e-18 1.11888e-17 -0.601141 -0.00121203 2.29549e-21 -8.04945e-21 0.00121203 -0.601141 
141 0.574933 -0.0822385 2.6897e-18 0 -0.0822385 0.574933 -1.13013e-17 -1.33995e-20 -2.16244e-19 -9.64912e-18 -0.569019 -0.00108385 2.43204e-21 7.34921e-21 0.00108385 -0.569019 
142 0.528057 -0.0716396 -1.31e-18 0 -0.0716396 0.528057 1.35956e-17 1.24422e-20 6.83517e-19 9.28347e-18 -0.523173 -0.00094229 -2.86959e-21 -1.49857e-20 0.00094229 -0.523173 
143 0.539978 -0.069303 1.60574e-18 0 -0.069303 0.539978 -8.2033e-18 -2.78349e-20 -2.5003e-19 -5.8612e-18 -0.53551 -0.00090975 4.17578e-21 -1.57226e-20 0.00090975 -0.53551 
144 0.601721 -0.0732588 3.15946e-18 0 -0.0732588 0.601721 -7.10358e-18 1.59486e-20 -4.00231e-18 -6.23851e-18 -0.597242 -0.000959951 4.49099e-21 2.54008e-20 0.000959951 -0.597242 
145 0.485752 -0.0557132 -1.16504e-18 0 -0.0557132 0.485752 -3.37482e-18 1.05527e-20 6.132e-19 -6.98263e-19 -0.482545 -0.000728635 -2.0974e-21 1.16207e-20 0.000728635 -0.482545 
146 0.501522 -0.0542145 1.81788e-19 0 -0.0542145 0.501522 -1.1378e-17 -1.9362e-20 9.49533e-19 -1.19346e-17 -0.498581 -0.000707751 7.15155e-22 -1.15553e-21 0.000707751 -0.498581 
147 0.56766 -0.0577169 -5.3771e-18 0 -0.0577169 0.56766 1.96902e-17 6.13663e-21 3.21386e-18 1.95114e-17 -0.564717 -0.00075214 -5.02092e-21 -2.16782e-20 0.00075214 -0.564717 
148 0.576033 -0.0551439 1.04469e-18 0 -0.0551439 0.576033 5.79566e-18 6.82117e-21 -2.78641e-19 6.60297e-18 -0.573386 -0.000717427 -2.94174e-22 2.11361e-21 0.000717427 -0.573386 
149 0.573895 -0.0513539 2.04849e-18 0 -0.0513539 0.573895 3.02823e-18 1.1734e-20 -3.00537e-18 7.83797e-18 -0.571591 -0.000666959 2.5513e-21 -6.48928e-23 0.000666959 -0.571591 
150 0.518105 -0.0432764 -2.87689e-18 0 -0.0432764 0.518105 -4.95276e-18 -2.70774e-21 2.73406e-18 -3.45178e-18 -0.516293 -0.000561119 -2.70119e-21 5.31414e-21 0.000561119 -0.516293 
151 0.637127 -0.0497813 -6.92092e-18 0 -0.0497813 0.637127 -2.43104e-17 -3.18591e-20 8.23824e-18 -2.59992e-17 -0.635178 -0.000644484 -5.90129e-21 -1.15157e-20 0.000644484 -0.635178 
152 0.535251 -0.0389693 -6.88118e-19 0 -0.0389693 0.535251 9.87918e-19 7.39269e-21 1.38024e-18 -4.10387e-19 -0.53383 -0.000503752 -1.86519e-21 6.57919e-21 0.000503752 -0.53383 
153 0.506949 -0.0343816 -1.29014e-18 0 -0.0343816 0.506949 -3.05312e-17 -4.04154e-21 3.2457e-18 -3.23109e-17 -0.505781 -0.000443823 -2.47439e-21 2.31742e-20 0.000443823 -0.505781 
154 0.45494 -0.0283839 -9.03402e-19 0 -0.0283839 0.45494 4.1787e-17 9.15377e-21 -1.78484e-18 4.0746e-17 -0.454054 -0.000365836 9.04968e-22 -1.91694e-20 0.000365836 -0.454054 
155 0.548971 -0.0317717 9.52019e-19 0 -0.0317717 0.548971 5.40573e-17 2.25143e-20 -5.05655e-18 5.17975e-17 -0.54805 -0.000408975 2.49246e-21 -2.05091e-20 0.000408975 -0.54805 
156 0.565629 -0.0301056 -2.23632e-18 0 -0.0301056 0.565629 -1.72856e-17 -8.59251e-21 4.04917e-18 -1.82793e-17 -0.564826 -0.000387013 -2.28473e-21 5.4116e-21 0.000387013 -0.564826 
157 0.475898 -0.023171 8.85455e-18 0 -0.023171 0.475898 -7.78097e-18 1.05988e-20 -7.72452e-18 -2.07611e-18 -0.475333 -0.000297481 4.29636e-21 1.01734e-20 0.000297481 -0.475333 
158 0.567976 -0.0252333 -9.07192e-18 0 -0.0252333 0.567976 -7.63516e-18 -4.41055e-21 8.71946e-18 -7.48725e-18 -0.567415 -0.000323561 -4.82124e-21 -1.78439e-21 0.000323561 -0.567415 
159 0.540188 -0.0219613 -4.4481e-18 0 -0.0219613 0.540188 2.67061e-17 2.40697e-21 4.52175e-18 2.64321e-17 -0.539741 -0.000281298 -2.44375e-21 -1.28319e-20 0.000281298 -0.539741 
160 0.509934 -0.0187632 -3.60355e-18 0 -0.0187632 0.509934 2.7923e-18 -4.80269e-21 1.77408e-18 3.7739e-18 -0.509589 -0.000240065 -5.74598e-22 -7.08471e-21 0.000240065 -0.509589 
161 0.559219 -0.0184961 -3.4609e-18 0 -0.0184961 0.559219 2.51692e-17 8.17619e-21 3.05509e-18 2.45685e-17 -0.558913 -0.000236394 -1.54258e-21 -3.64681e-21 0.000236394 -0.558913 
162 0.53333 -0.0158108 1.84719e-18 0 -0.0158108 0.53333 -8.5079e-17 -1.72991e-20 2.67751e-18 -8.03325e-17 -0.533095 -0.000201872 -5.36665e-22 1.48844e-20 0.000201872 -0.533095 
163 0.550563 -0.0145508 4.94744e-18 0 -0.0145508 0.550563 1.31997e-17 7.36755e-21 -7.82921e-18 1.27091e-17 -0.55037 -0.000185609 2.44072e-21 6.17297e-21 0.000185609 -0.55037 
164 0.674346 -0.0158016 -5.27413e-18 0 -0.0158016 0.674346 -7.59769e-17 -1.71034e-20 6.71014e-18 -7.65978e-17 -0.67416 -0.000201388 -1.60557e-21 4.98298e-21 0.000201388 -0.67416 
165 0.555267 -0.0113993 -4.74307e-18 0 -0.0113993 0.555267 5.54119e-19 1.27714e-20 7.72869e-18 9.44521e-18 -0.55515 -0.000145158 -2.33559e-21 1.14622e-20 0.000145158 -0.55515 
166 0.506911 -0.00902018 -3.218e-18 0 -0.00902018 0.506911 -5.33809e-17 -3.72104e-21 3.61721e-18 -5.10635e-17 -0.506831 -0.00011477 -7.90121e-22 6.20045e-21 0.00011477 -0.506831 
167 0.536626 -0.00825443 -9.4681e-19 0 -0.00825443 0.536626 5.15253e-17 1.31417e-21 -1.56595e-18 4.55555e-17 -0.536563 -0.000104953 2.54887e-22 -8.90747e-21 0.000104953 -0.536563 
168 0.470008 -0.00622528 3.84409e-18 0 -0.00622528 0.470008 8.81919e-17 1.3861e-20 -4.00448e-18 7.85035e-17 -0.469966 -7.91028e-05 4.69632e-22 1.36257e-21 7.91028e-05 -0.469966 
169 0.351462 -0.00389665 -8.28494e-18 0 -0.00389665 0.351462 -1.06662e-16 -8.01258e-21 1.1361e-17 -1.04271e-16 -0.35144 -4.9482e-05 -1.47949e-21 6.64777e-21 4.9482e-05 -0.35144 
170 0.441362 -0.00402931 2.62919e-18 0 -0.00402931 0.441362 -4.88034e-18 -8.47624e-21 -1.28437e-18 -6.53214e-18 -0.441344 -5.1137e-05 2.14577e-22 -8.63829e-21 5.1137e-05 -0.441344 
171 0.575662 -0.00427587 -8.28231e-19 0 -0.00427587 0.575662 -8.82613e-17 -3.47771e-21 -1.08562e-18 -8.41774e-17 -0.575647 -5.42386e-05 1.72894e-22 4.18144e-21 5.42386e-05 -0.575647 
172 0.550687 -0.00319741 -3.65804e-18 0 -0.00319741 0.550687 4.06693e-17 4.88362e-21 -8.38981e-19 4.22618e-17 -0.550678 -4.05392e-05 -2.96393e-23 2.08058e-21 4.05392e-05 -0.550678 
173 0.5031 -0.0022326 8.7759e-18 0 -0.0022326 0.5031 1.71386e-16 6.1333e-21 -8.55667e-18 1.70958e-16 -0.503095 -2.8295e-05 4.77126e-22 -4.29653e-21 2.8295e-05 -0.503095 
174 0.531572 -0.00174184 4.06744e-18 0 -0.00174184 0.531572 3.2617e-17 2.91418e-21 -3.60056e-18 2.61622e-17 -0.531569 -2.20678e-05 1.38481e-22 1.73289e-21 2.20678e-05 -0.531569 
175 0.439675 -0.00105896 1.23735e-17 0 -0.00105896 0.439675 1.93199e-16 7.62846e-21 -1.21573e-17 2.02848e-16 -0.439674 -1.34127e-05 3.52268e-22 4.19999e-22 1.34127e-05 -0.439674 
176 0.714145 -0.00102351 -7.56593e-18 0 -0.00102351 0.714145 8.43785e-16 3.61745e-21 9.72035e-18 8.37056e-16 -0.714144 -1.296e-05 -2.07379e-22 -1.11925e-20 1.296e-05 -0.714144 
177 0.366098 -0.000337457 3.76956e-18 0 -0.000337457 0.366098 -4.046e-16 -1.65692e-21 -6.44219e-18 -4.04585e-16 -0.366098 -4.27229e-06 8.18991e-23 3.71477e-21 4.27229e-06 -0.366098 
178 0.549007 -0.000222069 8.89814e-18 0 -0.000222069 0.549007 -6.69648e-17 -8.17898e-22 -6.88773e-18 -6.64978e-17 -0.549007 -2.81102e-06 3.15372e-23 -6.34173e-23 2.81102e-06 -0.549007 
179 0.548924 -7.07104e-05 -1.05899e-17 0 -7.07104e-05 0.548924 -5.6776e-16 -5.3591e-23 6.09851e-18 -5.6776e-16 -0.548924 -8.94999e-07 -1.30091e-23 9.00531e-22 8.94999e-07 -0.548924 
180 0 0 0 0 0 0 0 0 0 0 0 0 0 0 0 0 
