0 0 0 0 0 0 0 
1 0 0 0 0 0 0 
2 5.49246 -0.245809 5.49246 5.4869 -0.00483272 5.4869 
3 4.95195 -0.354316 4.95195 4.93913 -0.00696433 4.93913 
4 6.74305 -0.634458 6.74305 6.71297 -0.0124671 6.71297 
5 5.68937 -0.669014 5.68937 5.64977 -0.0131412 5.64977 
6 7.35084 -1.02585 7.35084 7.27872 -0.0201415 7.27872 
7 6.7229 -1.09771 6.7229 6.63245 -0.0215394 6.63245 
8 3.4027 -0.635516 3.4027 3.34273 -0.0124629 3.34273 
9 6.67499 -1.39727 6.67499 6.52689 -0.0273797 6.52689 
10 4.86668 -1.13901 4.86668 4.73134 -0.0222983 4.73134 
11 4.8137 -1.22993 4.81369 4.65372 -0.0240575 4.65372 
12 5.88181 -1.64122 5.88181 5.64794 -0.0320668 5.64794 
13 5.42154 -1.63918 5.42154 5.16757 -0.0320018 5.16757 
14 5.69323 -1.84208 5.69323 5.38675 -0.0359259 5.38675 
15 4.03403 -1.40252 4.03403 3.78218 -0.0273202 3.78218 
16 4.26764 -1.57726 4.26764 3.96525 -0.0306858 3.96525 
17 3.81413 -1.49293 3.81413 3.50959 -0.0290025 3.50959 
18 3.71934 -1.54034 3.71934 3.38518 -0.029884 3.38518 
19 4.02264 -1.75266 4.02264 3.62048 -0.0339529 3.62048 
20 3.2424 -1.48425 3.2424 2.88251 -0.0287025 2.88251 
21 3.67242 -1.7575 3.67242 3.22427 -0.033933 3.22427 
22 3.79683 -1.90147 3.79683 3.28607 -0.0366466 3.28608 
23 2.87758 -1.50607 2.87758 2.45172 -0.0289747 2.45172 
24 3.0566 -1.65835 3.0566 2.56734 -0.0318497 2.56734 
25 2.68375 -1.51196 2.68375 2.217 -0.0289644 2.217 
26 2.60315 -1.52068 2.60315 2.11253 -0.0290886 2.11253 
27 2.56313 -1.55043 2.56313 2.04073 -0.029594 2.04073 
28 2.64011 -1.648 2.64011 2.06223 -0.0313827 2.06223 
29 2.1016 -1.35513 2.1016 1.60607 -0.0257514 1.60607 
30 2.45491 -1.62813 2.45491 1.83695 -0.0308631 1.83695 
31 2.17279 -1.48283 2.17279 1.58781 -0.0280488 1.58781 
32 2.18779 -1.53198 2.18779 1.56148 -0.028902 1.56148 
33 2.19444 -1.577 2.19444 1.52559 -0.0296858 1.52559 
34 2.41436 -1.77865 2.41434 1.63211 -0.0333864 1.63213 
35 1.79548 -1.35429 1.79548 1.17847 -0.0253601 1.17847 
36 1.90534 -1.46805 1.90534 1.21414 -0.0274199 1.21414 
37 2.20693 -1.73627 2.20693 1.3618 -0.0323423 1.3618 
38 1.69078 -1.35821 1.69078 1.00655 -0.0252269 1.00655 
39 2.0821 -1.70504 2.0821 1.19445 -0.0315782 1.19445 
40 1.67796 -1.3984 1.67796 0.926913 -0.0258263 0.926913 
41 1.5925 -1.35037 1.5925 0.843646 -0.0248649 0.843646 
42 1.56484 -1.34828 1.56484 0.793765 -0.0247531 0.793765 
43 1.3932 -1.21882 1.3932 0.674401 -0.0223085 0.674401 
44 1.47141 -1.30625 1.47141 0.67676 -0.0238334 0.67676 
45 1.57117 -1.41356 1.57117 0.685259 -0.0257112 0.685259 
46 1.47328 -1.342 1.47328 0.607299 -0.0243334 0.607299 
47 1.44746 -1.33436 1.44746 0.560228 -0.0241156 0.560228 
48 1.52515 -1.42133 1.52515 0.552292 -0.0256041 0.552292 
49 1.35827 -1.27839 1.35827 0.458122 -0.0229547 0.458122 
50 1.15024 -1.09283 1.15024 0.358103 -0.0195564 0.358103 
51 1.04808 -1.00425 1.04808 0.299157 -0.0179106 0.299157 
52 1.17869 -1.13831 1.17869 0.304915 -0.0202306 0.304915 
53 1.09818 -1.06771 1.09818 0.255899 -0.018912 0.255899 
54 1.21156 -1.18527 1.21156 0.249823 -0.0209202 0.249823 
55 1.14376 -1.12489 1.14376 0.205528 -0.0197852 0.205528 
56 1.14461 -1.13097 1.14461 0.174524 -0.0198205 0.174524 
57 0.984539 -0.97649 0.984539 0.123813 -0.0170524 0.123813 
58 1.04219 -1.03687 1.04219 0.102763 -0.0180412 0.102763 
59 0.924643 -0.922034 0.924643 0.066345 -0.0159851 0.0663451 
60 1.04146 -1.04017 1.04146 0.0469896 -0.0179679 0.0469897 
61 1.06444 -1.06401 1.06444 0.019452 -0.0183129 0.0194521 
62 0.948316 -0.948056 0.948316 -0.00873359 -0.0162554 -0.00873346 
63 0.913983 -0.913206 0.913983 -0.0321048 -0.0156022 -0.0321046 
64 0.859417 -0.857561 0.859417 -0.053164 -0.0145968 -0.0531639 
65 0.884895 -0.881219 0.884895 -0.0782212 -0.0149431 -0.078221 
66 0.888291 -0.882148 0.888291 -0.102522 -0.0149013 -0.102521 
67 0.922035 -0.912546 0.922035 -0.130353 -0.0153575 -0.130353 
68 0.812324 -0.8008 0.812324 -0.135208 -0.013428 -0.135208 
69 0.785967 -0.770966 0.785967 -0.151849 -0.0128771 -0.151849 
70 0.810792 -0.79094 0.810792 -0.177475 -0.0131599 -0.177475 
71 0.931459 -0.903132 0.931459 -0.227076 -0.0149696 -0.227075 
72 0.840075 -0.808771 0.840074 -0.226464 -0.0133527 -0.226464 
73 0.808919 -0.773312 0.808919 -0.236731 -0.0127215 -0.236731 
74 0.761124 -0.72149 0.761124 -0.241884 -0.0118223 -0.241884 
75 0.772103 -0.725857 0.772102 -0.262687 -0.0118514 -0.262687 
76 0.754374 -0.702076 0.754373 -0.275526 -0.0114156 -0.275526 
77 0.746871 -0.688482 0.74687 -0.289089 -0.0111535 -0.289088 
78 0.771018 -0.703173 0.771018 -0.315853 -0.0113491 -0.315853 
79 0.763474 -0.688309 0.763473 -0.329995 -0.0110642 -0.329995 
80 0.805129 -0.717231 0.805129 -0.365462 -0.0114849 -0.365462 
81 0.677806 -0.596321 0.677805 -0.321944 -0.00951291 -0.321944 
82 0.653184 -0.566904 0.653184 -0.324198 -0.00900715 -0.324198 
83 0.751837 -0.643578 0.751837 -0.388415 -0.010185 -0.388415 
84 0.723123 -0.610285 0.723122 -0.387676 -0.00962063 -0.387676 
85 0.664457 -0.552468 0.664456 -0.368977 -0.00867632 -0.368977 
86 0.643003 -0.526643 0.643003 -0.368747 -0.00823991 -0.368747 
87 0.640926 -0.51673 0.640926 -0.379025 -0.00805404 -0.379025 
88 0.652793 -0.517353 0.652793 -0.397963 -0.00803145 -0.397963 
89 0.596247 -0.464199 0.596246 -0.374088 -0.0071779 -0.374088 
90 0.602613 -0.461245 0.602613 -0.387694 -0.00710685 -0.387694 
91 0.606572 -0.455564 0.606572 -0.400386 -0.00699111 -0.400386 
92 0.655614 -0.483257 0.655613 -0.442955 -0.00738768 -0.442955 
93 0.662322 -0.479012 0.662322 -0.457315 -0.00729589 -0.457315 
94 0.574426 -0.406986 0.574426 -0.405305 -0.00617483 -0.405305 
95 0.669878 -0.465388 0.669878 -0.481751 -0.00703541 -0.481751 
96 0.611917 -0.415969 0.611917 -0.44873 -0.00626441 -0.44873 
97 0.659162 -0.438742 0.659162 -0.491877 -0.00658367 -0.491877 
98 0.548608 -0.357148 0.548608 -0.416387 -0.00533964 -0.416387 
99 0.578961 -0.368137 0.578961 -0.446801 -0.00548316 -0.446801 
100 0.665515 -0.413798 0.665515 -0.521182 -0.00614181 -0.521182 
101 0.674868 -0.410015 0.674868 -0.53599 -0.00606441 -0.53599 
102 0.624457 -0.369952 0.624457 -0.503032 -0.00545166 -0.503032 
103 0.561862 -0.324784 0.561862 -0.458447 -0.0047693 -0.458447 
104 0.572321 -0.322795 0.572321 -0.472572 -0.00472396 -0.472572 
105 0.53815 -0.295748 0.53815 -0.449569 -0.00431303 -0.449569 
106 0.587546 -0.314347 0.587546 -0.496354 -0.00456818 -0.496354 
107 0.603256 -0.314537 0.603256 -0.514738 -0.00455594 -0.514738 
108 0.552723 -0.280106 0.552723 -0.476466 -0.00404296 -0.476466 
109 0.521687 -0.257031 0.521687 -0.453954 -0.00369733 -0.453954 
110 0.592046 -0.283841 0.592046 -0.519547 -0.00406996 -0.519547 
111 0.514031 -0.239446 0.514031 -0.454837 -0.00342216 -0.454837 
112 0.576621 -0.260741 0.576621 -0.514281 -0.00371429 -0.514281 
113 0.589855 -0.258446 0.589855 -0.530202 -0.00366915 -0.530202 
114 0.540181 -0.2296 0.540181 -0.488941 -0.00324931 -0.488941 
115 0.573789 -0.236343 0.573789 -0.522839 -0.0033341 -0.522839 
116 0.530708 -0.211951 0.530708 -0.486532 -0.00298094 -0.486532 
117 0.61859 -0.239122 0.61859 -0.570488 -0.00335263 -0.570488 
118 0.600409 -0.224636 0.600409 -0.55679 -0.00314 -0.55679 
119 0.539353 -0.195083 0.539353 -0.502825 -0.00271862 -0.502825 
120 0.559495 -0.195495 0.559495 -0.524218 -0.00271617 -0.524218 
121 0.577975 -0.19525 0.577975 -0.543986 -0.00270504 -0.543986 
122 0.56458 -0.183907 0.56458 -0.533778 -0.00254031 -0.533778 
123 0.593276 -0.186472 0.593276 -0.5632 -0.00256845 -0.5632 
124 0.575635 -0.174616 0.575635 -0.548504 -0.00239859 -0.548504 
125 0.531623 -0.155312 0.531623 -0.508422 -0.00212747 -0.508422 
126 0.520617 -0.146258 0.520617 -0.499644 -0.00199783 -0.499644 
127 0.54863 -0.148351 0.54863 -0.528185 -0.00202104 -0.528185 
128 0.545436 -0.14164 0.545436 -0.526718 -0.00192439 -0.526718 
129 0.552451 -0.138181 0.552451 -0.534885 -0.00187285 -0.534885 
130 0.55221 -0.13235 0.55221 -0.53611 -0.00178904 -0.53611 
131 0.513676 -0.117931 0.513676 -0.499951 -0.00159001 -0.499951 
132 0.5707 -0.12579 0.5707 -0.55666 -0.00169197 -0.55666 
133 0.48147 -0.101383 0.48147 -0.470672 -0.00136021 -0.470672 
134 0.542848 -0.109337 0.542848 -0.531719 -0.00146343 -0.531719 
135 0.524488 -0.100934 0.524488 -0.514681 -0.00134781 -0.514681 
136 0.589074 -0.108255 0.589074 -0.579038 -0.00144229 -0.579038 
137 0.551527 -0.0967201 0.551527 -0.542977 -0.00128575 -0.542977 
138 0.463826 -0.0774498 0.463826 -0.457312 -0.00102729 -0.457312 
139 0.58144 -0.0922872 0.58144 -0.574067 -0.00122141 -0.574067 
140 0.608108 -0.0917696 0.608108 -0.601141 -0.00121203 -0.601141 
141 0.574933 -0.0822385 0.574933 -0.569019 -0.00108385 -0.569019 
142 0.528057 -0.0716396 0.528057 -0.523173 -0.00094229 -0.523173 
143 0.539978 -0.069303 0.539978 -0.53551 -0.00090975 -0.53551 
144 0.601721 -0.0732588 0.601721 -0.597242 -0.000959951 -0.597242 
145 0.485752 -0.0557132 0.485752 -0.482545 -0.000728635 -0.482545 
146 0.501522 -0.0542145 0.501522 -0.498581 -0.000707751 -0.498581 
147 0.56766 -0.0577169 0.56766 -0.564717 -0.00075214 -0.564717 
148 0.576033 -0.0551439 0.576033 -0.573386 -0.000717427 -0.573386 
149 0.573895 -0.0513539 0.573895 -0.571591 -0.000666959 -0.571591 
150 0.518105 -0.0432764 0.518105 -0.516293 -0.000561119 -0.516293 
151 0.637127 -0.0497813 0.637127 -0.635178 -0.000644484 -0.635178 
152 0.535251 -0.0389693 0.535251 -0.53383 -0.000503752 -0.53383 
153 0.506949 -0.0343816 0.506949 -0.505781 -0.000443823 -0.505781 
154 0.45494 -0.0283839 0.45494 -0.454054 -0.000365836 -0.454054 
155 0.548971 -0.0317717 0.548971 -0.54805 -0.000408975 -0.54805 
156 0.565629 -0.0301056 0.565629 -0.564826 -0.000387013 -0.564826 
157 0.475898 -0.023171 0.475898 -0.475333 -0.000297481 -0.475333 
158 0.567976 -0.0252333 0.567976 -0.567415 -0.000323561 -0.567415 
159 0.540188 -0.0219613 0.540188 -0.539741 -0.000281298 -0.539741 
160 0.509934 -0.0187632 0.509934 -0.509589 -0.000240065 -0.509589 
161 0.559219 -0.0184961 0.559219 -0.558913 -0.000236394 -0.558913 
162 0.53333 -0.0158108 0.53333 -0.533095 -0.000201872 -0.533095 
163 0.550563 -0.0145508 0.550563 -0.55037 -0.000185609 -0.55037 
164 0.674346 -0.0158016 0.674346 -0.67416 -0.000201388 -0.67416 
165 0.555267 -0.0113993 0.555267 -0.55515 -0.000145158 -0.55515 
166 0.506911 -0.00902018 0.506911 -0.506831 -0.00011477 -0.506831 
167 0.536626 -0.00825443 0.536626 -0.536563 -0.000104953 -0.536563 
168 0.470008 -0.00622528 0.470008 -0.469966 -7.91028e-05 -0.469966 
169 0.351462 -0.00389665 0.351462 -0.35144 -4.9482e-05 -0.35144 
170 0.441362 -0.00402931 0.441362 -0.441344 -5.1137e-05 -0.441344 
171 0.575662 -0.00427587 0.575662 -0.575647 -5.42386e-05 -0.575647 
172 0.550687 -0.00319741 0.550687 -0.550678 -4.05392e-05 -0.550678 
173 0.5031 -0.0022326 0.5031 -0.503095 -2.8295e-05 -0.503095 
174 0.531572 -0.00174184 0.531572 -0.531569 -2.20678e-05 -0.531569 
175 0.439675 -0.00105896 0.439675 -0.439674 -1.34127e-05 -0.439674 
176 0.714145 -0.00102351 0.714145 -0.714144 -1.296e-05 -0.714144 
177 0.366098 -0.000337457 0.366098 -0.366098 -4.27229e-06 -0.366098 
178 0.549007 -0.000222069 0.549007 -0.549007 -2.81102e-06 -0.549007 
179 0.548924 -7.07104e-05 0.548924 -0.548924 -8.94999e-07 -0.548924 
180 0 0 0 0 0 0 
