0 0 0 0 0 0 0 0 0 0 0 0 0 0 0 0 0 
1 1.06562 -0.0403941 -1.02093e-16 0 -0.0403941 1.06562 -6.28262e-17 7.10826e-18 -8.14851e-17 1.25652e-16 1.06478 -0.012831 -7.12264e-19 -5.88995e-18 0.012831 1.06478 
2 2.58129 -0.150209 3.65724e-16 0 -0.150209 2.58129 2.74906e-17 -1.33031e-16 4.21489e-16 7.85447e-18 2.57642 -0.0477107 -1.23659e-19 1.32667e-16 0.0477107 2.57642 
3 2.28883 -0.209758 -3.79729e-17 0 -0.209758 2.28883 -1.83317e-16 3.95224e-17 -4.3712e-17 2.40932e-16 2.27817 -0.0666168 2.47046e-18 -3.37173e-17 0.0666168 2.27817 
4 3.27605 -0.402347 -4.37171e-17 0 -0.402347 3.27605 5.50148e-17 -1.14781e-18 -4.86717e-17 -5.89444e-18 3.24858 -0.127759 -1.90532e-18 -1.35081e-18 0.127759 3.24858 
5 3.04832 -0.463265 5.18948e-17 0 -0.463265 3.04832 3.14514e-17 5.46489e-19 6.4222e-17 -3.45965e-17 3.00919 -0.147072 3.29616e-18 -1.376e-18 0.147072 3.00919 
6 3.3007 -0.593354 3.54845e-17 0 -0.593354 3.3007 -8.19505e-19 -4.74628e-18 1.87053e-17 -3.32719e-17 3.24132 -0.188326 2.01134e-19 3.94387e-18 0.188326 3.24132 
7 3.64881 -0.767912 9.64845e-06 3.77656e-05 -0.767912 3.64881 -7.37068e-05 -1.64318e-06 -9.34745e-06 7.36712e-05 3.55866 -0.243565 3.77691e-05 -1.57998e-06 0.243565 3.55866 
8 3.36654 -0.80228 -9.72842e-07 -3.6756e-06 -0.80228 3.36654 7.15841e-06 1.65387e-07 1.11616e-06 -7.17734e-06 3.25949 -0.254429 -3.67296e-06 1.89506e-07 0.254429 3.25949 
9 4.13417 -1.11024 -2.95767e-07 -9.36114e-07 -1.11024 4.13417 1.83116e-06 5.02074e-08 2.71732e-07 -1.82778e-06 3.96658 -0.351958 -9.36587e-07 4.61895e-08 0.351958 3.96658 
10 3.22791 -0.947587 -3.35845e-06 -9.6996e-06 -0.947587 3.22791 1.91323e-05 5.95908e-07 3.20017e-06 -1.91047e-05 3.07092 -0.300241 -9.69334e-06 5.04113e-07 0.300241 3.07092 
11 4.01808 -1.31028 -2.23059e-05 -5.21811e-05 -1.31028 4.01808 0.000102824 3.96848e-06 1.65018e-05 -0.000101795 3.77555 -0.414902 -5.22561e-05 2.60438e-06 0.414902 3.77555 
12 2.65159 -0.934528 3.35631e-06 1.05437e-05 -0.934528 2.65159 -2.02561e-05 -6.69064e-07 -3.94488e-06 2.03498e-05 2.46364 -0.295682 1.04979e-05 -5.9545e-07 0.295682 2.46364 
13 2.99756 -1.14916 2.26252e-05 4.61932e-05 -1.14916 2.99756 -9.11186e-05 -3.91566e-06 -1.77712e-05 9.01279e-05 2.74444 -0.36354 4.63004e-05 -2.95355e-06 0.36354 2.74444 
14 2.59967 -1.06389 -1.76242e-05 -3.45295e-05 -1.06389 2.59967 6.82838e-05 3.00408e-06 1.51755e-05 -6.77463e-05 2.34792 -0.336332 -3.45992e-05 2.57687e-06 0.336332 2.34792 
15 2.99519 -1.30055 -6.38855e-05 -0.000117161 -1.30055 2.99519 0.000233751 1.34762e-05 5.80714e-05 -0.000231982 2.66648 -0.41085 -0.000116102 7.02597e-06 0.41085 2.66648 
16 2.71261 -1.24895 2.21567e-05 3.78202e-05 -1.24895 2.71261 -7.55595e-05 -4.23189e-06 -2.03577e-05 7.50256e-05 2.3754 -0.394105 3.76452e-05 -2.9643e-06 0.394105 2.3754 
17 2.69703 -1.31475 -6.81701e-05 -0.000125781 -1.31475 2.69703 0.00024848 1.15173e-05 7.65744e-05 -0.000250714 2.31794 -0.414608 -0.000125528 1.30901e-05 0.414608 2.31794 
18 2.43392 -1.24854 9.13326e-17 0 -1.24854 2.43392 -3.55552e-17 -1.60188e-17 6.852e-17 2.28037e-17 2.05175 -0.393679 3.34062e-18 2.34001e-17 0.393679 2.05175 
19 3.12233 -1.68115 3.56866e-05 5.07698e-05 -1.68115 3.12233 -0.000102262 -6.07111e-06 -3.25853e-05 0.000101314 2.57713 -0.529458 5.08955e-05 -5.5627e-06 0.529458 2.57713 
20 2.95381 -1.66 -3.55491e-05 -5.11288e-05 -1.66 2.95381 0.000102979 6.04785e-06 3.39269e-05 -0.000102479 2.38659 -0.522348 -5.11954e-05 5.78434e-06 0.522348 2.38659 
21 2.22952 -1.30602 -6.67378e-17 0 -1.30602 2.22952 3.10742e-17 1.59407e-17 -6.51485e-17 1.69235e-17 1.75953 -0.410727 -3.42308e-18 -1.84055e-17 0.410727 1.75953 
22 2.12911 -1.29768 7.44323e-17 0 -1.29768 2.12911 -5.56356e-17 -1.48494e-17 5.58533e-17 7.58043e-18 1.63785 -0.407702 2.15149e-18 2.05832e-17 0.407702 1.63785 
23 2.32482 -1.46814 -0.000121694 -0.000160492 -1.46814 2.32482 0.000321206 2.06941e-05 0.000133977 -0.000325691 1.74265 -0.460424 -0.000159987 2.29504e-05 0.460424 1.74265 
24 2.14453 -1.40217 0.000170766 0.000198034 -1.40217 2.14453 -0.00040735 -2.90807e-05 -0.00015828 0.000402666 1.56184 -0.439411 0.000198486 -2.66638e-05 0.439411 1.56185 
25 2.47997 -1.67479 8.25161e-17 0 -1.67479 2.47997 -5.6308e-17 -2.15156e-17 8.54271e-17 -4.00216e-17 1.75206 -0.52453 5.03826e-18 2.11484e-17 0.52453 1.75206 
26 1.8548 -1.29098 -1.89643e-06 -3.42667e-06 -1.29098 1.8548 6.27548e-06 3.555e-07 4.29585e-06 -7.24546e-06 1.26905 -0.40336 -3.29381e-06 7.11111e-07 0.40336 1.26905 
27 2.02126 -1.44564 4.93284e-05 4.8705e-05 -1.44564 2.02126 -0.000101128 -8.41214e-06 -4.23867e-05 9.82092e-05 1.33839 -0.451533 4.90913e-05 -7.33089e-06 0.451533 1.33839 
28 1.51872 -1.11588 -2.46509e-17 0 -1.11588 1.51872 3.96311e-17 -5.03587e-18 9.89834e-18 -3.06904e-17 0.969478 -0.348265 -2.18801e-18 -3.88192e-18 0.348265 0.969478 
29 1.81369 -1.36662 6.84325e-17 0 -1.36662 1.81369 -5.82904e-17 -9.90997e-18 4.15799e-17 6.32554e-18 1.1136 -0.425981 3.62635e-18 1.33932e-17 0.425981 1.1136 
30 1.86574 -1.43903 3.95971e-17 0 -1.43903 1.86574 -2.21435e-18 -1.44995e-17 5.44494e-17 -4.21712e-17 1.09964 -0.44797 3.24203e-18 7.62816e-18 0.44797 1.09964 
31 1.43293 -1.12904 -4.85158e-17 0 -1.12904 1.43293 4.33931e-17 6.92482e-18 -2.05728e-17 -1.72371e-17 0.809434 -0.351012 6.9545e-19 -2.00708e-17 0.351012 0.809434 
32 1.82226 -1.46379 -2.76664e-17 0 -1.46379 1.82226 2.72077e-17 -5.40108e-18 1.48674e-17 -3.04337e-17 0.985465 -0.454494 -1.17808e-18 -4.77272e-18 0.454494 0.985465 
33 1.61583 -1.32378 -8.83921e-18 0 -1.32378 1.61583 9.04368e-18 2.67613e-18 -7.90279e-18 7.10125e-18 0.830571 -0.410426 3.88527e-19 -3.97529e-18 0.410426 0.830571 
34 1.93008 -1.6098 1.19129e-17 0 -1.6098 1.93008 -2.23319e-18 -2.17159e-18 8.82395e-18 4.07623e-19 0.940805 -0.498374 1.0122e-18 4.98908e-18 0.498374 0.940805 
35 1.51027 -1.27921 -5.50593e-17 0 -1.27921 1.51027 3.09856e-17 9.70466e-18 -3.72711e-17 1.41835e-17 0.698553 -0.395481 -3.33877e-18 -1.28397e-17 0.395481 0.698553 
36 1.71149 -1.47211 0.000108612 8.58676e-05 -1.47211 1.71148 -0.000185665 -1.87237e-05 -0.000112335 0.000187696 0.745249 -0.454083 8.56017e-05 -1.92118e-05 0.454083 0.745252 
37 1.45215 -1.2669 -2.21991e-17 0 -1.2669 1.45215 3.09831e-17 -2.30992e-18 7.08424e-18 -1.93125e-17 0.592517 -0.390469 -2.64372e-19 -6.28492e-18 0.390469 0.592517 
38 1.51604 -1.33983 -3.04676e-17 0 -1.33983 1.51604 8.61261e-18 8.92422e-18 -3.17453e-17 2.54882e-17 0.577137 -0.412295 -1.96642e-18 -6.70208e-18 0.412295 0.577137 
39 1.62176 -1.45076 3.43425e-17 0 -1.45076 1.62176 -4.06702e-17 -8.94838e-18 2.96455e-17 -1.88991e-17 0.571461 -0.445693 3.77647e-19 1.34395e-17 0.445693 0.571461 
40 1.32535 -1.19798 -2.06362e-17 0 -1.19798 1.32535 1.35298e-17 6.10921e-18 -1.84084e-17 1.22405e-17 0.431558 -0.367453 1.36585e-18 -1.05996e-17 0.367453 0.431558 
41 1.50465 -1.37325 -7.11441e-05 -4.90569e-05 -1.37325 1.50465 0.000109511 1.23233e-05 7.30968e-05 -0.000110695 0.448442 -0.420141 -4.88991e-05 1.25494e-05 0.420141 0.448444 
42 1.40886 -1.29718 -1.99934e-17 0 -1.29718 1.40886 2.17857e-17 7.16794e-18 -2.67955e-17 2.36859e-17 0.380559 -0.396546 -3.46776e-18 -3.19648e-18 0.396546 0.380559 
43 1.32658 -1.23086 -2.59215e-17 0 -1.23086 1.32658 3.28234e-17 -8.93187e-18 2.72443e-17 -3.3387e-17 0.32181 -0.375631 -2.21179e-18 -5.02415e-18 0.375631 0.32181 
44 1.28248 -1.1984 8.73684e-18 0 -1.1984 1.28248 -5.2902e-18 -3.61768e-18 1.2136e-17 -1.04964e-17 0.274214 -0.365064 3.00877e-19 2.90252e-18 0.365064 0.274214 
45 1.39044 -1.30715 2.65032e-17 0 -1.30715 1.39044 -2.52161e-17 -5.25037e-18 1.8362e-17 -1.47076e-17 0.257998 -0.397472 1.62699e-18 5.99661e-18 0.397472 0.257998 
46 1.27925 -1.20861 4.89791e-17 0 -1.20861 1.27925 -4.74429e-17 3.32073e-18 -8.50924e-18 1.73922e-17 0.202606 -0.366861 4.3597e-18 1.20274e-17 0.366861 0.202606 
47 1.32452 -1.25692 3.32642e-18 0 -1.25692 1.32452 1.17127e-20 -1.93123e-19 1.52512e-18 3.24296e-19 0.171499 -0.380794 1.93187e-18 -3.36741e-19 0.380794 0.171499 
48 1.36199 -1.29682 2.20164e-18 0 -1.29682 1.36199 6.33979e-20 5.20986e-18 -1.62126e-17 1.68541e-17 0.139132 -0.392162 2.73152e-18 -2.68433e-18 0.392162 0.139132 
49 1.21597 -1.16087 2.17897e-17 0 -1.16087 1.21597 -2.00687e-17 -5.8727e-18 1.94806e-17 -1.89522e-17 0.0900426 -0.350375 9.26621e-20 6.71829e-18 0.350375 0.0900426 
50 1.14538 -1.09544 -1.16827e-17 0 -1.09544 1.14538 1.02486e-17 5.94086e-18 -1.93801e-17 1.99853e-17 0.0541065 -0.330009 2.30469e-18 -3.88027e-18 0.330009 0.0541065 
51 1.14668 -1.09789 -1.06147e-17 0 -1.09789 1.14668 1.09165e-17 -9.00856e-19 2.94542e-18 -3.01554e-18 0.0217662 -0.330085 -1.04029e-18 -1.5504e-18 0.330085 0.0217662 
52 1.1998 -1.14911 1.13e-17 0 -1.14911 1.1998 -1.04358e-17 -9.17065e-19 2.996e-18 -3.16674e-18 -0.00980197 -0.344806 1.45879e-18 2.74483e-18 0.344806 -0.00980197 
53 1.06556 -1.02011 1.34343e-18 0 -1.02011 1.06556 -2.40664e-18 2.79004e-18 -9.29955e-18 9.69973e-18 -0.0375959 -0.305484 -6.733e-20 3.55298e-20 0.305484 -0.0375959 
54 0.953701 -0.911998 -8.63149e-18 0 -0.911998 0.953701 5.21675e-18 6.68818e-18 -2.25142e-17 2.45314e-17 -0.0588417 -0.272567 5.99763e-19 -4.37398e-18 0.272567 -0.0588417 
55 1.13936 -1.08747 -2.29277e-17 0 -1.08747 1.13936 2.31264e-17 2.58274e-19 -6.81503e-19 2.30454e-18 -0.101351 -0.32433 -3.89206e-19 -7.07309e-18 0.32433 -0.101351 
56 1.10463 -1.05161 1.62481e-18 0 -1.05161 1.10463 3.46144e-19 4.54416e-19 -1.43495e-18 1.28238e-18 -0.127722 -0.312977 -3.76694e-19 3.76496e-19 0.312977 -0.127722 
57 0.982656 -0.932443 4.80057e-19 0 -0.932443 0.982656 -7.56983e-18 -3.4423e-18 1.16575e-17 -1.30625e-17 -0.13934 -0.276929 -3.12108e-19 1.95374e-18 0.276929 -0.13934 
58 1.11553 -1.05447 5.03536e-18 0 -1.05447 1.11553 -1.26263e-18 4.21828e-19 -1.06727e-18 1.52778e-19 -0.186448 -0.312519 -7.35783e-19 1.84091e-18 0.312519 -0.186448 
59 1.09325 -1.02874 6.22099e-19 0 -1.02874 1.09325 -6.5589e-18 -2.85806e-18 8.68029e-18 -1.04414e-17 -0.210401 -0.304246 1.40786e-18 3.46964e-19 0.304246 -0.210401 
60 0.934816 -0.874995 -6.56291e-18 0 -0.874995 0.934816 9.09015e-18 1.07929e-18 -4.50568e-18 6.49367e-18 -0.203826 -0.258209 1.10914e-18 -3.05766e-18 0.258209 -0.203826 
61 1.00763 -0.93776 2.0078e-19 0 -0.93776 1.00763 8.3336e-18 5.8422e-18 -2.11227e-17 2.22685e-17 -0.244178 -0.276141 1.42253e-18 -2.11768e-18 0.276141 -0.244178 
62 1.07748 -0.996366 -4.50769e-18 0 -0.996366 1.07748 3.41502e-18 -2.80465e-18 1.02886e-17 -1.02566e-17 -0.287128 -0.292762 -7.89073e-19 3.67455e-19 0.292762 -0.287128 
63 1.05107 -0.96505 3.47547e-18 0 -0.96505 1.05107 -1.9901e-18 2.10929e-18 -7.76999e-18 7.49954e-18 -0.305491 -0.28293 5.73114e-19 -5.05337e-19 0.28293 -0.305491 
64 0.915725 -0.83448 -1.02169e-17 0 -0.83448 0.915725 1.78153e-17 4.37197e-18 -1.66351e-17 2.14114e-17 -0.28734 -0.244116 1.40274e-18 -3.09212e-18 0.244116 -0.28734 
65 0.998724 -0.902424 -8.58215e-18 0 -0.902424 0.998724 3.13324e-18 -6.07377e-19 5.1556e-18 -1.6505e-18 -0.337129 -0.263385 -2.43038e-18 -5.02713e-19 0.263385 -0.337129 
66 0.885043 -0.792953 2.03243e-18 0 -0.792953 0.885043 -2.09103e-18 -2.40752e-18 1.0012e-17 -1.08912e-17 -0.318058 -0.230934 -1.26576e-18 1.37957e-18 0.230934 -0.318058 
67 0.934084 -0.829082 -1.80755e-17 0 -0.829082 0.934084 1.98781e-17 -1.69636e-19 6.37783e-19 6.15017e-18 -0.356453 -0.24091 -7.37873e-20 -6.11153e-18 0.24091 -0.356453 
68 0.903663 -0.794039 3.94963e-18 0 -0.794039 0.903663 -3.95252e-18 -8.04366e-19 2.70836e-18 -6.83909e-18 -0.364801 -0.230195 4.52496e-20 5.89413e-19 0.230195 -0.364801 
69 0.913097 -0.793979 -8.22893e-18 0 -0.793979 0.913097 2.7511e-18 -1.47782e-18 5.10253e-18 -4.54558e-18 -0.388028 -0.229653 -5.84871e-21 -7.79316e-19 0.229653 -0.388028 
70 0.833617 -0.717145 -5.10363e-18 0 -0.717145 0.833617 2.50047e-18 -1.05303e-19 -5.61255e-19 1.80274e-18 -0.371154 -0.206966 5.25714e-19 -2.00141e-18 0.206966 -0.371154 
71 0.868074 -0.738108 1.61603e-18 0 -0.738108 0.868074 -3.48121e-18 -1.79372e-18 5.06968e-18 -5.43471e-18 -0.404419 -0.212518 6.10162e-19 -6.68439e-19 0.212518 -0.404419 
72 0.832088 -0.69904 -4.03738e-18 0 -0.69904 0.832088 8.37875e-18 8.78435e-19 -4.43633e-18 7.42401e-18 -0.404182 -0.200804 6.68626e-19 -3.31626e-18 0.200804 -0.404182 
73 0.977861 -0.811113 1.04378e-17 0 -0.811113 0.977861 -1.12955e-17 -1.11315e-18 2.91142e-18 -8.91949e-18 -0.494204 -0.23245 4.41473e-19 2.08039e-18 0.23245 -0.494204 
74 0.848313 -0.694622 8.08261e-18 0 -0.694622 0.848313 -1.65261e-17 -3.14718e-18 9.4824e-18 -1.58288e-17 -0.44459 -0.198608 6.93904e-19 1.60182e-18 0.198608 -0.44459 
75 0.946202 -0.764395 4.00738e-18 0 -0.764395 0.946202 -2.2836e-18 4.90462e-19 9.9311e-19 -5.54271e-18 -0.513244 -0.218049 -1.11891e-18 2.14586e-18 0.218049 -0.513244 
76 0.85255 -0.679075 -5.66618e-18 0 -0.679075 0.85255 1.99845e-17 4.73726e-18 -1.2548e-17 2.08792e-17 -0.47783 -0.193255 -1.65504e-18 -3.80656e-19 0.193255 -0.47783 
77 0.948865 -0.745004 -4.03914e-18 0 -0.745004 0.948865 2.26967e-17 2.90805e-18 -9.18368e-18 1.52915e-17 -0.54821 -0.211526 -4.1846e-19 -9.92476e-20 0.211526 -0.54821 
78 0.833429 -0.644563 -3.76574e-19 0 -0.644563 0.833429 -3.55994e-18 -1.71219e-19 -5.59212e-19 -3.86535e-18 -0.495769 -0.182575 4.26895e-19 4.29119e-19 0.182575 -0.495769 
79 0.861347 -0.655848 5.73903e-19 0 -0.655848 0.861347 2.50287e-18 -8.50151e-20 -1.85168e-18 -7.24844e-19 -0.526695 -0.185331 7.47847e-19 -2.77611e-19 0.185331 -0.526695 
80 0.852868 -0.63916 -9.52654e-18 0 -0.63916 0.852868 -2.9702e-18 -4.78729e-18 1.41835e-17 -1.35078e-17 -0.535128 -0.180191 9.44257e-19 -3.53953e-18 0.180191 -0.535128 
81 0.863037 -0.63653 -3.10491e-18 0 -0.63653 0.863037 1.50757e-17 1.90138e-18 -9.3197e-18 1.52579e-17 -0.554601 -0.179037 8.23721e-19 -8.62957e-19 0.179037 -0.554601 
82 0.870155 -0.630741 8.35515e-18 0 -0.630741 0.870155 -1.30188e-17 -7.82339e-19 2.30136e-18 -8.61033e-18 -0.572702 -0.176977 1.49839e-19 1.5722e-18 0.176977 -0.572702 
83 0.877845 -0.625677 -5.58608e-18 0 -0.625677 0.877845 2.51147e-18 -1.84241e-18 7.96686e-18 -4.28935e-18 -0.590286 -0.175152 -4.07116e-19 -2.14845e-18 0.175152 -0.590286 
84 0.812481 -0.568613 5.91306e-18 0 -0.568613 0.812481 -2.73043e-18 -1.25222e-19 -1.85843e-18 -3.5487e-18 -0.558185 -0.158791 6.5639e-19 6.76147e-19 0.158791 -0.558185 
85 0.78064 -0.536735 1.00983e-18 0 -0.536735 0.78064 -1.19205e-17 -4.0165e-19 4.54132e-18 -8.19983e-18 -0.546745 -0.149544 -8.46316e-19 2.51403e-18 0.149544 -0.546745 
86 0.881977 -0.59496 7.6747e-18 0 -0.59496 0.881977 -3.79334e-18 3.62959e-18 -1.19221e-17 8.59781e-18 -0.629712 -0.165366 -3.15269e-19 2.82193e-18 0.165366 -0.629712 
87 0.776348 -0.513978 1.23047e-17 0 -0.513978 0.776348 -7.71047e-18 6.7927e-19 -7.12284e-18 -1.35504e-18 -0.564101 -0.142526 1.18916e-18 1.42635e-18 0.142526 -0.564101 
88 0.911589 -0.59203 1.93847e-18 0 -0.59203 0.911589 -1.07898e-17 -5.56965e-19 4.7799e-18 -6.83755e-18 -0.673532 -0.163788 -6.78828e-19 1.33298e-18 0.163788 -0.673532 
89 0.821898 -0.52338 7.25021e-18 0 -0.52338 0.821898 -8.7356e-18 -6.96793e-19 2.88623e-18 -7.39051e-18 -0.617013 -0.144459 -8.19066e-20 8.94496e-19 0.144459 -0.617013 
90 0.837628 -0.52218 1.16393e-17 0 -0.52218 0.837628 -1.11489e-17 1.65251e-18 -7.64541e-18 -3.51373e-18 -0.638952 -0.143775 3.63035e-19 2.5961e-18 0.143775 -0.638952 
91 0.780783 -0.476819 -2.09903e-18 0 -0.476819 0.780783 2.9879e-18 1.15741e-18 -4.12505e-18 5.82587e-18 -0.604231 -0.13098 -1.27756e-20 3.66527e-19 0.13098 -0.604231 
92 0.769425 -0.459832 -3.28177e-18 0 -0.459832 0.769425 3.06748e-18 -9.80096e-20 1.43827e-18 1.98535e-18 -0.603884 -0.126013 -2.34043e-19 -3.71516e-19 0.126013 -0.603884 
93 0.775203 -0.45306 -1.36646e-17 0 -0.45306 0.775203 1.20648e-17 -2.1743e-18 1.0757e-17 4.93873e-18 -0.616703 -0.123858 -5.57848e-19 -2.82535e-18 0.123858 -0.616703 
94 0.798185 -0.456645 -5.48929e-18 0 -0.456645 0.798185 5.83626e-18 -6.92421e-19 5.24638e-18 -2.59075e-18 -0.642687 -0.124558 -5.26978e-19 -1.23939e-18 0.124558 -0.642687 
95 0.757507 -0.423774 4.08447e-19 0 -0.423774 0.757507 1.84661e-18 1.24863e-18 -2.46585e-18 8.98368e-18 -0.617188 -0.115324 -3.94122e-19 -1.52899e-19 0.115324 -0.617188 
96 0.794987 -0.435052 -1.63976e-18 0 -0.435052 0.794987 -1.06805e-18 1.73566e-19 1.00467e-18 -4.27437e-19 -0.654801 -0.11813 -2.92196e-19 1.78188e-19 0.11813 -0.654801 
97 0.699823 -0.374133 3.09565e-18 0 -0.374133 0.699823 5.74359e-18 1.35848e-18 -6.40845e-18 6.68323e-18 -0.582661 -0.101354 2.43131e-19 5.18234e-19 0.101354 -0.582661 
98 0.737773 -0.384863 -4.24299e-18 0 -0.384863 0.737773 1.09643e-18 -1.24519e-18 5.14079e-18 -4.48088e-18 -0.620774 -0.104014 -9.26974e-20 -9.00717e-19 0.104014 -0.620774 
99 0.781594 -0.397955 2.02838e-18 0 -0.397955 0.781594 5.98974e-18 2.69604e-19 -4.18931e-18 5.61572e-18 -0.664075 -0.107306 5.11088e-19 -1.96903e-19 0.107306 -0.664075 
100 0.776106 -0.385848 -3.27491e-18 0 -0.385848 0.776106 1.56776e-17 1.03726e-18 -6.58294e-18 2.11717e-17 -0.665338 -0.103812 4.27538e-19 -2.10744e-18 0.103812 -0.665338 
101 0.740448 -0.358813 2.88274e-18 0 -0.358813 0.740448 -1.23316e-17 -4.42177e-19 -1.02697e-18 -7.63404e-18 -0.640492 -0.0963153 3.993e-19 8.2738e-19 0.0963153 -0.640492 
102 0.685797 -0.324105 1.31856e-18 0 -0.324105 0.685797 -5.27258e-18 6.59383e-20 1.60801e-18 -5.14122e-18 -0.598105 -0.0868062 -2.79357e-19 1.46641e-18 0.0868062 -0.598105 
103 0.766979 -0.353236 -5.24741e-19 0 -0.353236 0.766979 2.02995e-17 1.37082e-18 -9.0423e-18 1.3979e-17 -0.67421 -0.0943975 5.49928e-19 -3.69242e-19 0.0943975 -0.67421 
104 0.851512 -0.382006 -2.3442e-18 0 -0.382006 0.851512 1.08602e-17 1.05007e-18 -2.34251e-18 8.5103e-18 -0.75416 -0.101859 -2.14958e-19 -5.0177e-21 0.101859 -0.75416 
105 0.803295 -0.350752 -4.60294e-18 0 -0.350752 0.803295 -3.94087e-18 -3.3332e-19 6.12946e-18 -1.82799e-18 -0.716616 -0.0933167 -6.34486e-19 1.84087e-19 0.0933167 -0.716616 
106 0.744136 -0.316542 -2.1106e-18 0 -0.316542 0.744136 7.67269e-18 1.20812e-18 -3.53338e-18 1.2154e-17 -0.668183 -0.0840377 -1.26992e-19 -3.59239e-20 0.0840377 -0.668183 
107 0.833012 -0.34449 1.99977e-18 0 -0.34449 0.833012 -7.98118e-18 -3.53341e-19 1.28086e-18 -1.54092e-17 -0.752926 -0.091254 3.35414e-21 1.52866e-18 0.091254 -0.752926 
108 0.718097 -0.288792 -1.52331e-18 0 -0.288792 0.718097 -2.86422e-18 -9.50314e-19 3.33253e-18 -3.50372e-18 -0.653015 -0.0763353 3.3293e-20 -1.83236e-19 0.0763353 -0.653015 
109 0.827885 -0.323448 2.1967e-18 0 -0.323448 0.827885 2.40649e-19 9.35254e-19 -6.42533e-19 -6.07003e-19 -0.75729 -0.0853098 -3.20592e-19 1.46849e-18 0.0853098 -0.75729 
110 0.692911 -0.263052 -2.8134e-18 0 -0.263052 0.692911 1.58708e-17 7.52483e-19 -4.16799e-18 1.60827e-17 -0.637283 -0.069234 1.40566e-19 -1.27025e-18 0.069234 -0.637283 
111 0.636493 -0.234286 -9.80642e-20 0 -0.234286 0.636493 -6.85876e-19 -4.99767e-19 -1.58489e-18 6.59008e-18 -0.588594 -0.0615267 3.61736e-19 -1.15064e-18 0.0615267 -0.588594 
112 0.756944 -0.270528 -4.26086e-18 0 -0.270528 0.756944 -3.1791e-17 -2.36723e-18 1.59196e-17 -3.21918e-17 -0.703382 -0.0708979 -6.9342e-19 5.75843e-19 0.0708979 -0.703382 
113 0.755461 -0.261758 -1.98333e-19 0 -0.261758 0.755461 -2.16735e-17 -1.73029e-18 5.78852e-18 -2.02171e-17 -0.705345 -0.0684548 7.74187e-20 2.57367e-20 0.0684548 -0.705345 
114 0.777416 -0.261193 -2.21059e-18 0 -0.261193 0.777416 -1.71303e-17 -8.92493e-19 6.72635e-18 -2.04098e-17 -0.729041 -0.0681674 -3.02699e-19 1.0713e-18 0.0681674 -0.729041 
115 0.730148 -0.237745 -4.45412e-18 0 -0.237745 0.730148 6.53349e-18 -3.19406e-19 8.78526e-19 7.67951e-18 -0.687571 -0.061922 3.10029e-20 -9.86965e-19 0.061922 -0.687571 
116 0.755769 -0.238416 -1.02217e-18 0 -0.238416 0.755769 1.57519e-17 2.92798e-19 -2.3543e-18 1.31095e-17 -0.714491 -0.0619728 1.05007e-19 -6.87999e-19 0.0619728 -0.714491 
117 0.714183 -0.218149 5.65282e-18 0 -0.218149 0.714183 -9.69033e-18 -6.28685e-19 -3.12479e-18 -6.95574e-18 -0.677688 -0.0565926 4.68627e-19 -1.34559e-19 0.0565926 -0.677688 
118 0.809062 -0.239131 8.25697e-18 0 -0.239131 0.809062 -6.35284e-18 5.18296e-19 -7.71493e-18 -1.21333e-18 -0.770427 -0.0619138 4.63001e-19 4.0232e-19 0.0619138 -0.770427 
119 0.734832 -0.209934 2.9511e-18 0 -0.209934 0.734832 -3.95316e-18 -9.44903e-19 1.87646e-18 -5.57654e-18 -0.70211 -0.054247 1.41693e-19 -4.08906e-19 0.054247 -0.70211 
120 0.674758 -0.186383 -1.84597e-18 0 -0.186383 0.674758 4.69282e-18 3.57522e-19 -1.70588e-18 6.03171e-18 -0.646719 -0.0480697 1.978e-20 -1.41058e-19 0.0480697 -0.646719 
121 0.748195 -0.199426 -5.47772e-19 0 -0.199426 0.748195 4.30972e-18 -1.72282e-19 4.07478e-19 2.60707e-18 -0.719295 -0.0513327 2.00588e-20 -1.03761e-19 0.0513327 -0.719295 
122 0.690767 -0.177901 2.13944e-18 0 -0.177901 0.690767 -1.01771e-17 -2.67993e-19 2.16054e-19 -8.2396e-18 -0.665895 -0.0457084 5.93702e-20 4.72164e-19 0.0457084 -0.665895 
123 0.728998 -0.181068 -2.87013e-18 0 -0.181068 0.728998 1.1123e-17 3.02969e-19 2.14102e-19 1.00148e-17 -0.704622 -0.0464349 -9.52407e-20 -6.02305e-19 0.0464349 -0.704622 
124 0.724226 -0.173333 4.40396e-18 0 -0.173333 0.724226 3.6581e-18 2.0197e-19 -4.0404e-18 7.89985e-18 -0.701774 -0.0443686 2.11625e-19 2.6497e-20 0.0443686 -0.701774 
125 0.681433 -0.157251 1.4606e-18 0 -0.157251 0.681433 2.28035e-18 4.43851e-19 -3.08407e-18 7.48354e-19 -0.661819 -0.0401806 8.23645e-20 2.69706e-19 0.0401806 -0.661819 
126 0.757098 -0.168247 2.74189e-18 0 -0.168247 0.757098 3.04415e-19 -2.3958e-19 -2.38835e-19 1.28251e-18 -0.736916 -0.0429137 7.12082e-20 -3.73281e-19 0.0429137 -0.736916 
127 0.750078 -0.160355 2.24575e-18 0 -0.160355 0.750078 -1.15676e-17 -1.0075e-19 -1.02535e-18 -1.54766e-17 -0.731595 -0.0408286 8.07423e-20 6.26653e-19 0.0408286 -0.731595 
128 0.696909 -0.143117 -3.18407e-18 0 -0.143117 0.696909 1.81213e-17 4.46625e-19 4.23985e-19 1.70139e-17 -0.681083 -0.0363749 -1.16418e-19 -4.85441e-19 0.0363749 -0.681083 
129 0.746361 -0.147182 1.04439e-17 0 -0.147182 0.746361 2.68069e-17 1.19105e-18 -1.30186e-17 2.50819e-17 -0.730749 -0.0373431 4.24853e-19 4.21958e-20 0.0373431 -0.730749 
130 0.797447 -0.150962 5.29483e-18 0 -0.150962 0.797447 -9.47562e-18 8.66315e-19 -5.7518e-18 -6.42285e-18 -0.782091 -0.0382378 1.13179e-19 8.9048e-19 0.0382378 -0.782091 
131 0.685053 -0.12452 6.7112e-18 0 -0.12452 0.685053 -2.51465e-17 -1.01298e-18 -3.8435e-18 -2.85672e-17 -0.672903 -0.0314892 3.67422e-19 2.19734e-19 0.0314892 -0.672903 
132 0.744268 -0.129643 -1.58423e-18 0 -0.129643 0.744268 1.42372e-17 7.27628e-19 -1.96941e-18 1.4449e-17 -0.732157 -0.0327312 -3.80435e-20 2.0037e-20 0.0327312 -0.732157 
133 0.798484 -0.133192 -1.29477e-17 0 -0.133192 0.798484 1.81694e-17 -1.08703e-19 8.99013e-18 8.69378e-18 -0.786579 -0.0335733 -3.64443e-19 -5.42355e-19 0.0335733 -0.786579 
134 0.703252 -0.11216 1.53841e-18 0 -0.11216 0.703252 -1.63598e-17 -2.56733e-19 5.701e-19 -8.48917e-18 -0.693675 -0.0282269 1.92543e-20 1.93976e-19 0.0282269 -0.693675 
135 0.678435 -0.103302 -5.92563e-18 0 -0.103302 0.678435 3.89977e-17 9.72647e-19 -2.60767e-19 3.73766e-17 -0.67002 -0.0259563 -1.40849e-19 -5.8343e-19 0.0259563 -0.67002 
136 0.690325 -0.100449 8.02774e-19 0 -0.100449 0.690325 2.1556e-18 -2.69152e-20 2.51932e-19 -2.27265e-19 -0.682511 -0.0252019 -3.91529e-21 -3.64946e-20 0.0252019 -0.682511 
137 0.683881 -0.094856 6.93706e-18 0 -0.094856 0.683881 -1.72203e-17 -3.37332e-19 -5.34256e-18 -1.31334e-17 -0.676853 -0.0237627 2.35228e-19 1.54061e-19 0.0237627 -0.676853 
138 0.661958 -0.0875344 1.51323e-18 0 -0.0875344 0.661958 8.42206e-18 -2.58357e-19 -2.44125e-18 1.02447e-17 -0.655778 -0.021897 1.15371e-19 -6.04691e-19 0.021897 -0.655778 
139 0.667033 -0.0838106 4.58382e-18 0 -0.0838106 0.667033 9.44673e-18 9.49127e-20 -2.8954e-18 4.8115e-18 -0.661415 -0.0209345 8.04456e-20 -1.49747e-19 0.0209345 -0.661415 
140 0.736995 -0.0881819 1.86442e-18 0 -0.0881819 0.736995 1.46342e-18 6.36104e-20 -1.41187e-18 -1.92277e-18 -0.731369 -0.0219966 3.47457e-20 1.07576e-19 0.0219966 -0.731369 
141 0.678543 -0.0771248 5.51191e-18 0 -0.0771248 0.678543 -3.7235e-17 -2.92753e-19 6.79457e-19 -3.6847e-17 -0.67387 -0.0192124 1.43347e-20 7.82676e-19 0.0192124 -0.67387 
142 0.764868 -0.0824408 7.80474e-19 0 -0.0824408 0.764868 -2.49752e-17 -4.24767e-19 3.42851e-18 -2.02793e-17 -0.760134 -0.0205092 -4.64146e-20 1.3979e-19 0.0205092 -0.760134 
143 0.743596 -0.0757533 5.51073e-18 0 -0.0757533 0.743596 4.48153e-17 6.94426e-19 -1.0225e-17 4.37051e-17 -0.739487 -0.01882 1.86425e-19 -2.90571e-19 0.01882 -0.739487 
144 0.690784 -0.0664582 -7.80645e-18 0 -0.0664582 0.690784 3.34064e-17 3.20009e-19 6.98079e-18 3.84051e-17 -0.687381 -0.0164892 -1.98214e-19 -5.03017e-19 0.0164892 -0.687381 
145 0.640145 -0.0582929 -1.72836e-18 0 -0.0582929 0.640145 2.1322e-17 -3.48897e-20 1.74852e-18 1.96747e-17 -0.637321 -0.0144461 -3.49817e-20 -4.97446e-19 0.0144461 -0.637321 
146 0.813683 -0.0697971 3.4484e-18 0 -0.0697971 0.813683 1.24389e-17 3.08874e-19 -1.39552e-18 1.46601e-17 -0.810499 -0.0172759 4.86241e-21 6.55237e-21 0.0172759 -0.810499 
147 0.764106 -0.0617942 -9.21275e-18 0 -0.0617942 0.764106 2.03797e-17 2.488e-19 6.45905e-18 2.72215e-17 -0.761449 -0.0152776 -1.50456e-19 -2.20685e-19 0.0152776 -0.761449 
148 0.741319 -0.0561963 -8.92865e-20 0 -0.0561963 0.741319 1.77926e-17 -8.90713e-20 1.8829e-18 2.11075e-17 -0.739055 -0.0138771 -3.07787e-20 -4.46022e-19 0.0138771 -0.739055 
149 0.717482 -0.0510299 5.91855e-18 0 -0.0510299 0.717482 1.06632e-17 -3.83246e-19 -5.15881e-18 1.10583e-17 -0.715554 -0.0125874 1.15877e-19 -6.45825e-19 0.0125874 -0.715554 
150 0.666626 -0.0443565 7.91352e-18 0 -0.0443565 0.666626 6.16763e-18 -1.72698e-21 -7.13035e-18 4.78848e-18 -0.665058 -0.0109295 1.19386e-19 -4.36339e-20 0.0109295 -0.665058 
151 0.810006 -0.050363 8.21091e-18 0 -0.050363 0.810006 6.75521e-17 4.49231e-19 -1.5086e-17 7.18559e-17 -0.808343 -0.0123966 2.07197e-19 -6.58839e-19 0.0123966 -0.808343 
152 0.73734 -0.042592 -3.90786e-18 0 -0.042592 0.73734 -5.08777e-17 -5.89635e-19 7.29744e-18 -4.8394e-17 -0.736034 -0.0104728 -6.92993e-20 1.35779e-19 0.0104728 -0.736034 
153 0.751037 -0.0402728 1.01861e-18 0 -0.0402728 0.751037 -1.28825e-17 1.38789e-19 -2.74245e-18 -1.61374e-17 -0.749891 -0.00989277 2.96856e-20 3.02413e-19 0.00989277 -0.749891 
154 0.724712 -0.0361285 1.59411e-18 0 -0.0361285 0.724712 1.42844e-17 1.84848e-19 -5.16554e-18 1.29556e-17 -0.723756 -0.0088667 5.57835e-20 2.9693e-20 0.0088667 -0.723756 
155 0.727228 -0.0334332 -3.51323e-18 0 -0.0334332 0.727228 4.48812e-17 2.57589e-19 -2.0319e-19 4.82205e-17 -0.726412 -0.00819755 -1.05557e-20 -2.44181e-19 0.00819755 -0.726412 
156 0.704782 -0.0298069 2.28459e-19 0 -0.0298069 0.704782 -1.57824e-18 -2.35688e-20 -1.93904e-18 1.41238e-18 -0.704113 -0.00730193 2.19567e-20 -3.35449e-20 0.00730193 -0.704113 
157 0.713787 -0.0277996 -2.84593e-18 0 -0.0277996 0.713787 7.41888e-17 3.69307e-19 -2.17345e-18 7.02426e-17 -0.713212 -0.00680467 6.43286e-21 -3.41183e-19 0.00680467 -0.713212 
158 0.772049 -0.0274829 8.78953e-19 0 -0.0274829 0.772049 1.10677e-17 8.83324e-20 -1.36503e-18 7.86627e-18 -0.77153 -0.00672167 9.43589e-21 2.14379e-20 0.00672167 -0.77153 
159 0.742151 -0.0240569 3.22474e-18 0 -0.0240569 0.742151 -8.60367e-18 -2.84979e-19 -5.39302e-18 -1.1248e-17 -0.741738 -0.00587916 5.31209e-20 -1.94319e-19 0.00587916 -0.741738 
160 0.596408 -0.0174558 4.49493e-18 0 -0.0174558 0.596408 -1.63549e-17 -1.24473e-19 -1.50582e-18 -1.39755e-17 -0.596137 -0.00426266 1.43136e-20 -8.19857e-20 0.00426266 -0.596137 
161 0.785143 -0.0208143 6.24002e-18 0 -0.0208143 0.785143 1.12475e-16 5.70905e-19 -6.66321e-18 1.1236e-16 -0.784851 -0.00507937 2.72462e-20 -1.94458e-19 0.00507937 -0.784851 
162 0.785398 -0.0186793 5.511e-18 0 -0.0186793 0.785398 -3.91416e-17 -7.62131e-20 -2.5962e-18 -4.83379e-17 -0.785163 -0.0045553 1.81519e-20 1.89172e-19 0.0045553 -0.785163 
163 0.865417 -0.01833 -5.85153e-18 0 -0.01833 0.865417 -1.31552e-17 -4.09909e-20 1.32477e-17 -2.05971e-17 -0.865211 -0.00446724 -6.69752e-20 1.62517e-20 0.00446724 -0.865211 
164 0.730606 -0.0136032 -1.21199e-17 0 -0.0136032 0.730606 3.3929e-17 -1.03629e-19 1.24797e-17 3.25305e-17 -0.730471 -0.00331317 -5.5859e-20 -2.329e-19 0.00331317 -0.730471 
165 0.668342 -0.0109414 1.23602e-17 0 -0.0109414 0.668342 -4.296e-17 1.37404e-19 -1.25376e-17 -4.59388e-17 -0.668247 -0.00266339 4.85768e-20 3.16685e-19 0.00266339 -0.668247 
166 0.597624 -0.0086057 5.72986e-18 0 -0.0086057 0.597624 -7.54915e-17 -1.57097e-19 -1.31176e-18 -8.43038e-17 -0.597558 -0.00209379 6.19055e-21 1.28132e-19 0.00209379 -0.597558 
167 0.723041 -0.00894808 1.76805e-18 0 -0.00894808 0.723041 -5.19793e-17 -1.35027e-19 -2.34607e-18 -5.63204e-17 -0.722983 -0.00217599 9.00473e-21 1.19e-20 0.00217599 -0.722983 
168 0.720205 -0.00751464 2.8654e-18 0 -0.00751464 0.720205 -1.13715e-17 1.04225e-19 3.51294e-18 -4.20249e-18 -0.720163 -0.00182653 -9.54465e-21 1.20384e-19 0.00182653 -0.720163 
169 0.825345 -0.00730198 9.18397e-18 0 -0.00730198 0.825345 -3.11451e-19 -1.31657e-20 -6.42213e-18 7.99672e-18 -0.82531 -0.00177413 1.51786e-20 -3.45007e-20 0.00177413 -0.82531 
170 0.624427 -0.00455443 9.96939e-18 0 -0.00455443 0.624427 8.09021e-17 1.26129e-21 -7.74218e-18 7.18252e-17 -0.624409 -0.00110614 1.34471e-20 -1.21014e-19 0.00110614 -0.624409 
171 0.577612 -0.00341302 -4.65449e-19 0 -0.00341302 0.577612 7.32672e-17 -2.04987e-21 2.3747e-19 6.66414e-17 -0.577602 -0.000828635 5.21385e-22 -7.90366e-20 0.000828635 -0.577602 
172 0.853301 -0.00400194 -1.13843e-17 0 -0.00400194 0.853301 3.26494e-16 3.49602e-19 1.11737e-17 3.23447e-16 -0.853291 -0.000971321 -1.36026e-20 -1.3404e-20 0.000971321 -0.853291 
173 0.699067 -0.00251284 6.05655e-18 0 -0.00251284 0.699067 -2.65484e-16 -2.59552e-19 -2.53234e-19 -2.66187e-16 -0.699062 -0.000609729 1.36343e-21 -3.15411e-20 0.000609729 -0.699062 
174 0.740944 -0.00200837 -3.26777e-18 0 -0.00200837 0.740944 -2.59127e-16 -1.13981e-19 8.12589e-19 -2.54702e-16 -0.740941 -0.000487215 -1.92867e-22 7.35473e-20 0.000487215 -0.740941 
175 0.622045 -0.00112273 -3.35937e-20 0 -0.00112273 0.622045 1.70427e-16 -2.237e-21 -1.96291e-19 1.81632e-16 -0.622044 -0.000272301 -6.87287e-22 -9.71338e-20 0.000272301 -0.622044 
176 0.444114 -0.000513334 3.71425e-18 0 -0.000513334 0.444114 5.26754e-16 -5.95629e-21 -1.51626e-18 5.26877e-16 -0.444114 -0.000124482 3.78184e-22 -1.47685e-19 0.000124482 -0.444114 
177 0.739927 -0.000462071 1.1168e-18 0 -0.000462071 0.739927 -2.09015e-16 -3.10812e-20 -1.24095e-18 -2.09015e-16 -0.739927 -0.000112036 5.75931e-22 -7.85215e-21 0.000112036 -0.739927 
178 0.295896 -7.16322e-05 -5.46922e-18 0 -7.16322e-05 0.295896 2.77852e-16 6.60233e-20 2.80746e-18 2.81779e-16 -0.295896 -1.73665e-05 2.08932e-23 5.51908e-20 1.73665e-05 -0.295896 
179 1.1834 -0.000137295 -3.74803e-18 0 -0.000137295 1.1834 4.55048e-15 1.08072e-19 -6.86102e-18 4.50729e-15 -1.1834 -3.32847e-05 3.00036e-23 -1.37057e-20 3.32847e-05 -1.1834 
180 0 0 0 0 0 0 0 0 0 0 0 0 0 0 0 0 
