0 0 0 0 0 0 0 
1 1.06562 -0.0403941 1.06562 1.06478 -0.012831 1.06478 
2 2.58129 -0.150209 2.58129 2.57642 -0.0477107 2.57642 
3 2.28883 -0.209758 2.28883 2.27817 -0.0666168 2.27817 
4 3.27605 -0.402347 3.27605 3.24858 -0.127759 3.24858 
5 3.04832 -0.463265 3.04832 3.00919 -0.147072 3.00919 
6 3.3007 -0.593354 3.3007 3.24132 -0.188326 3.24132 
7 3.64881 -0.767912 3.64881 3.55866 -0.243565 3.55866 
8 3.36654 -0.80228 3.36654 3.25949 -0.254429 3.25949 
9 4.13417 -1.11024 4.13417 3.96658 -0.351958 3.96658 
10 3.22791 -0.947587 3.22791 3.07092 -0.300241 3.07092 
11 4.01808 -1.31028 4.01808 3.77555 -0.414902 3.77555 
12 2.65159 -0.934528 2.65159 2.46364 -0.295682 2.46364 
13 2.99756 -1.14916 2.99756 2.74444 -0.36354 2.74444 
14 2.59967 -1.06389 2.59967 2.34792 -0.336332 2.34792 
15 2.99519 -1.30055 2.99519 2.66648 -0.41085 2.66648 
16 2.71261 -1.24895 2.71261 2.3754 -0.394105 2.3754 
17 2.69703 -1.31475 2.69703 2.31794 -0.414608 2.31794 
18 2.43392 -1.24854 2.43392 2.05175 -0.393679 2.05175 
19 3.12233 -1.68115 3.12233 2.57713 -0.529458 2.57713 
20 2.95381 -1.66 2.95381 2.38659 -0.522348 2.38659 
21 2.22952 -1.30602 2.22952 1.75953 -0.410727 1.75953 
22 2.12911 -1.29768 2.12911 1.63785 -0.407702 1.63785 
23 2.32482 -1.46814 2.32482 1.74265 -0.460424 1.74265 
24 2.14453 -1.40217 2.14453 1.56184 -0.439411 1.56185 
25 2.47997 -1.67479 2.47997 1.75206 -0.52453 1.75206 
26 1.8548 -1.29098 1.8548 1.26905 -0.40336 1.26905 
27 2.02126 -1.44564 2.02126 1.33839 -0.451533 1.33839 
28 1.51872 -1.11588 1.51872 0.969478 -0.348265 0.969478 
29 1.81369 -1.36662 1.81369 1.1136 -0.425981 1.1136 
30 1.86574 -1.43903 1.86574 1.09964 -0.44797 1.09964 
31 1.43293 -1.12904 1.43293 0.809434 -0.351012 0.809434 
32 1.82226 -1.46379 1.82226 0.985465 -0.454494 0.985465 
33 1.61583 -1.32378 1.61583 0.830571 -0.410426 0.830571 
34 1.93008 -1.6098 1.93008 0.940805 -0.498374 0.940805 
35 1.51027 -1.27921 1.51027 0.698553 -0.395481 0.698553 
36 1.71149 -1.47211 1.71148 0.745249 -0.454083 0.745252 
37 1.45215 -1.2669 1.45215 0.592517 -0.390469 0.592517 
38 1.51604 -1.33983 1.51604 0.577137 -0.412295 0.577137 
39 1.62176 -1.45076 1.62176 0.571461 -0.445693 0.571461 
40 1.32535 -1.19798 1.32535 0.431558 -0.367453 0.431558 
41 1.50465 -1.37325 1.50465 0.448442 -0.420141 0.448444 
42 1.40886 -1.29718 1.40886 0.380559 -0.396546 0.380559 
43 1.32658 -1.23086 1.32658 0.32181 -0.375631 0.32181 
44 1.28248 -1.1984 1.28248 0.274214 -0.365064 0.274214 
45 1.39044 -1.30715 1.39044 0.257998 -0.397472 0.257998 
46 1.27925 -1.20861 1.27925 0.202606 -0.366861 0.202606 
47 1.32452 -1.25692 1.32452 0.171499 -0.380794 0.171499 
48 1.36199 -1.29682 1.36199 0.139132 -0.392162 0.139132 
49 1.21597 -1.16087 1.21597 0.0900426 -0.350375 0.0900426 
50 1.14538 -1.09544 1.14538 0.0541065 -0.330009 0.0541065 
51 1.14668 -1.09789 1.14668 0.0217662 -0.330085 0.0217662 
52 1.1998 -1.14911 1.1998 -0.00980197 -0.344806 -0.00980197 
53 1.06556 -1.02011 1.06556 -0.0375959 -0.305484 -0.0375959 
54 0.953701 -0.911998 0.953701 -0.0588417 -0.272567 -0.0588417 
55 1.13936 -1.08747 1.13936 -0.101351 -0.32433 -0.101351 
56 1.10463 -1.05161 1.10463 -0.127722 -0.312977 -0.127722 
57 0.982656 -0.932443 0.982656 -0.13934 -0.276929 -0.13934 
58 1.11553 -1.05447 1.11553 -0.186448 -0.312519 -0.186448 
59 1.09325 -1.02874 1.09325 -0.210401 -0.304246 -0.210401 
60 0.934816 -0.874995 0.934816 -0.203826 -0.258209 -0.203826 
61 1.00763 -0.93776 1.00763 -0.244178 -0.276141 -0.244178 
62 1.07748 -0.996366 1.07748 -0.287128 -0.292762 -0.287128 
63 1.05107 -0.96505 1.05107 -0.305491 -0.28293 -0.305491 
64 0.915725 -0.83448 0.915725 -0.28734 -0.244116 -0.28734 
65 0.998724 -0.902424 0.998724 -0.337129 -0.263385 -0.337129 
66 0.885043 -0.792953 0.885043 -0.318058 -0.230934 -0.318058 
67 0.934084 -0.829082 0.934084 -0.356453 -0.24091 -0.356453 
68 0.903663 -0.794039 0.903663 -0.364801 -0.230195 -0.364801 
69 0.913097 -0.793979 0.913097 -0.388028 -0.229653 -0.388028 
70 0.833617 -0.717145 0.833617 -0.371154 -0.206966 -0.371154 
71 0.868074 -0.738108 0.868074 -0.404419 -0.212518 -0.404419 
72 0.832088 -0.69904 0.832088 -0.404182 -0.200804 -0.404182 
73 0.977861 -0.811113 0.977861 -0.494204 -0.23245 -0.494204 
74 0.848313 -0.694622 0.848313 -0.44459 -0.198608 -0.44459 
75 0.946202 -0.764395 0.946202 -0.513244 -0.218049 -0.513244 
76 0.85255 -0.679075 0.85255 -0.47783 -0.193255 -0.47783 
77 0.948865 -0.745004 0.948865 -0.54821 -0.211526 -0.54821 
78 0.833429 -0.644563 0.833429 -0.495769 -0.182575 -0.495769 
79 0.861347 -0.655848 0.861347 -0.526695 -0.185331 -0.526695 
80 0.852868 -0.63916 0.852868 -0.535128 -0.180191 -0.535128 
81 0.863037 -0.63653 0.863037 -0.554601 -0.179037 -0.554601 
82 0.870155 -0.630741 0.870155 -0.572702 -0.176977 -0.572702 
83 0.877845 -0.625677 0.877845 -0.590286 -0.175152 -0.590286 
84 0.812481 -0.568613 0.812481 -0.558185 -0.158791 -0.558185 
85 0.78064 -0.536735 0.78064 -0.546745 -0.149544 -0.546745 
86 0.881977 -0.59496 0.881977 -0.629712 -0.165366 -0.629712 
87 0.776348 -0.513978 0.776348 -0.564101 -0.142526 -0.564101 
88 0.911589 -0.59203 0.911589 -0.673532 -0.163788 -0.673532 
89 0.821898 -0.52338 0.821898 -0.617013 -0.144459 -0.617013 
90 0.837628 -0.52218 0.837628 -0.638952 -0.143775 -0.638952 
91 0.780783 -0.476819 0.780783 -0.604231 -0.13098 -0.604231 
92 0.769425 -0.459832 0.769425 -0.603884 -0.126013 -0.603884 
93 0.775203 -0.45306 0.775203 -0.616703 -0.123858 -0.616703 
94 0.798185 -0.456645 0.798185 -0.642687 -0.124558 -0.642687 
95 0.757507 -0.423774 0.757507 -0.617188 -0.115324 -0.617188 
96 0.794987 -0.435052 0.794987 -0.654801 -0.11813 -0.654801 
97 0.699823 -0.374133 0.699823 -0.582661 -0.101354 -0.582661 
98 0.737773 -0.384863 0.737773 -0.620774 -0.104014 -0.620774 
99 0.781594 -0.397955 0.781594 -0.664075 -0.107306 -0.664075 
100 0.776106 -0.385848 0.776106 -0.665338 -0.103812 -0.665338 
101 0.740448 -0.358813 0.740448 -0.640492 -0.0963153 -0.640492 
102 0.685797 -0.324105 0.685797 -0.598105 -0.0868062 -0.598105 
103 0.766979 -0.353236 0.766979 -0.67421 -0.0943975 -0.67421 
104 0.851512 -0.382006 0.851512 -0.75416 -0.101859 -0.75416 
105 0.803295 -0.350752 0.803295 -0.716616 -0.0933167 -0.716616 
106 0.744136 -0.316542 0.744136 -0.668183 -0.0840377 -0.668183 
107 0.833012 -0.34449 0.833012 -0.752926 -0.091254 -0.752926 
108 0.718097 -0.288792 0.718097 -0.653015 -0.0763353 -0.653015 
109 0.827885 -0.323448 0.827885 -0.75729 -0.0853098 -0.75729 
110 0.692911 -0.263052 0.692911 -0.637283 -0.069234 -0.637283 
111 0.636493 -0.234286 0.636493 -0.588594 -0.0615267 -0.588594 
112 0.756944 -0.270528 0.756944 -0.703382 -0.0708979 -0.703382 
113 0.755461 -0.261758 0.755461 -0.705345 -0.0684548 -0.705345 
114 0.777416 -0.261193 0.777416 -0.729041 -0.0681674 -0.729041 
115 0.730148 -0.237745 0.730148 -0.687571 -0.061922 -0.687571 
116 0.755769 -0.238416 0.755769 -0.714491 -0.0619728 -0.714491 
117 0.714183 -0.218149 0.714183 -0.677688 -0.0565926 -0.677688 
118 0.809062 -0.239131 0.809062 -0.770427 -0.0619138 -0.770427 
119 0.734832 -0.209934 0.734832 -0.70211 -0.054247 -0.70211 
120 0.674758 -0.186383 0.674758 -0.646719 -0.0480697 -0.646719 
121 0.748195 -0.199426 0.748195 -0.719295 -0.0513327 -0.719295 
122 0.690767 -0.177901 0.690767 -0.665895 -0.0457084 -0.665895 
123 0.728998 -0.181068 0.728998 -0.704622 -0.0464349 -0.704622 
124 0.724226 -0.173333 0.724226 -0.701774 -0.0443686 -0.701774 
125 0.681433 -0.157251 0.681433 -0.661819 -0.0401806 -0.661819 
126 0.757098 -0.168247 0.757098 -0.736916 -0.0429137 -0.736916 
127 0.750078 -0.160355 0.750078 -0.731595 -0.0408286 -0.731595 
128 0.696909 -0.143117 0.696909 -0.681083 -0.0363749 -0.681083 
129 0.746361 -0.147182 0.746361 -0.730749 -0.0373431 -0.730749 
130 0.797447 -0.150962 0.797447 -0.782091 -0.0382378 -0.782091 
131 0.685053 -0.12452 0.685053 -0.672903 -0.0314892 -0.672903 
132 0.744268 -0.129643 0.744268 -0.732157 -0.0327312 -0.732157 
133 0.798484 -0.133192 0.798484 -0.786579 -0.0335733 -0.786579 
134 0.703252 -0.11216 0.703252 -0.693675 -0.0282269 -0.693675 
135 0.678435 -0.103302 0.678435 -0.67002 -0.0259563 -0.67002 
136 0.690325 -0.100449 0.690325 -0.682511 -0.0252019 -0.682511 
137 0.683881 -0.094856 0.683881 -0.676853 -0.0237627 -0.676853 
138 0.661958 -0.0875344 0.661958 -0.655778 -0.021897 -0.655778 
139 0.667033 -0.0838106 0.667033 -0.661415 -0.0209345 -0.661415 
140 0.736995 -0.0881819 0.736995 -0.731369 -0.0219966 -0.731369 
141 0.678543 -0.0771248 0.678543 -0.67387 -0.0192124 -0.67387 
142 0.764868 -0.0824408 0.764868 -0.760134 -0.0205092 -0.760134 
143 0.743596 -0.0757533 0.743596 -0.739487 -0.01882 -0.739487 
144 0.690784 -0.0664582 0.690784 -0.687381 -0.0164892 -0.687381 
145 0.640145 -0.0582929 0.640145 -0.637321 -0.0144461 -0.637321 
146 0.813683 -0.0697971 0.813683 -0.810499 -0.0172759 -0.810499 
147 0.764106 -0.0617942 0.764106 -0.761449 -0.0152776 -0.761449 
148 0.741319 -0.0561963 0.741319 -0.739055 -0.0138771 -0.739055 
149 0.717482 -0.0510299 0.717482 -0.715554 -0.0125874 -0.715554 
150 0.666626 -0.0443565 0.666626 -0.665058 -0.0109295 -0.665058 
151 0.810006 -0.050363 0.810006 -0.808343 -0.0123966 -0.808343 
152 0.73734 -0.042592 0.73734 -0.736034 -0.0104728 -0.736034 
153 0.751037 -0.0402728 0.751037 -0.749891 -0.00989277 -0.749891 
154 0.724712 -0.0361285 0.724712 -0.723756 -0.0088667 -0.723756 
155 0.727228 -0.0334332 0.727228 -0.726412 -0.00819755 -0.726412 
156 0.704782 -0.0298069 0.704782 -0.704113 -0.00730193 -0.704113 
157 0.713787 -0.0277996 0.713787 -0.713212 -0.00680467 -0.713212 
158 0.772049 -0.0274829 0.772049 -0.77153 -0.00672167 -0.77153 
159 0.742151 -0.0240569 0.742151 -0.741738 -0.00587916 -0.741738 
160 0.596408 -0.0174558 0.596408 -0.596137 -0.00426266 -0.596137 
161 0.785143 -0.0208143 0.785143 -0.784851 -0.00507937 -0.784851 
162 0.785398 -0.0186793 0.785398 -0.785163 -0.0045553 -0.785163 
163 0.865417 -0.01833 0.865417 -0.865211 -0.00446724 -0.865211 
164 0.730606 -0.0136032 0.730606 -0.730471 -0.00331317 -0.730471 
165 0.668342 -0.0109414 0.668342 -0.668247 -0.00266339 -0.668247 
166 0.597624 -0.0086057 0.597624 -0.597558 -0.00209379 -0.597558 
167 0.723041 -0.00894808 0.723041 -0.722983 -0.00217599 -0.722983 
168 0.720205 -0.00751464 0.720205 -0.720163 -0.00182653 -0.720163 
169 0.825345 -0.00730198 0.825345 -0.82531 -0.00177413 -0.82531 
170 0.624427 -0.00455443 0.624427 -0.624409 -0.00110614 -0.624409 
171 0.577612 -0.00341302 0.577612 -0.577602 -0.000828635 -0.577602 
172 0.853301 -0.00400194 0.853301 -0.853291 -0.000971321 -0.853291 
173 0.699067 -0.00251284 0.699067 -0.699062 -0.000609729 -0.699062 
174 0.740944 -0.00200837 0.740944 -0.740941 -0.000487215 -0.740941 
175 0.622045 -0.00112273 0.622045 -0.622044 -0.000272301 -0.622044 
176 0.444114 -0.000513334 0.444114 -0.444114 -0.000124482 -0.444114 
177 0.739927 -0.000462071 0.739927 -0.739927 -0.000112036 -0.739927 
178 0.295896 -7.16322e-05 0.295896 -0.295896 -1.73665e-05 -0.295896 
179 1.1834 -0.000137295 1.1834 -1.1834 -3.32847e-05 -1.1834 
180 0 0 0 0 0 0 
