0 9.32554 0.0262218 0.0402194 0.0351666 0.106148 9.21139 0.0651657 0.0626046 -0.048357 -0.0232128 9.14833 -0.0021211 0.00186827 0.0404713 0.000814888 9.21632 
1 16.0334 -0.0670117 0.0144096 -0.00392148 -0.0562024 15.8772 0.098453 -0.155662 -0.0236114 0.0353494 15.4851 0.100698 0.00368798 -0.0118075 -0.104438 15.4188 
2 14.0218 -0.021644 -0.00957573 0.003793 -0.0327448 13.8998 0.0127109 0.0693619 0.00171024 0.043298 13.7511 0.0142601 0.0188532 0.00840712 0.00534198 13.6758 
3 12.7146 -0.0292029 0.00643037 -0.00275778 -0.0281605 12.6708 -0.00884819 0.00654474 0.0108618 0.00923526 12.651 -0.00453885 -0.002517 -0.00936693 0.0213122 12.6228 
4 11.5108 -0.0119716 0.0192025 -0.00330765 -0.0329654 11.2823 -0.0310528 0.0153198 0.0114836 -0.0443645 11.3864 0.0184446 -0.0010578 -0.0221228 -0.00500042 11.1807 
5 12.6849 -0.00491783 0.0108092 0.00529746 -0.00506165 12.4286 -0.105411 0.00346818 -0.00362728 -0.0999641 12.2969 0.0471464 -0.00298991 -0.000341743 -0.0276906 12.1211 
6 11.8118 -0.0255638 0.00205811 -0.00527526 -0.0348921 11.6501 0.00849491 -0.0521931 -0.00549079 -0.0154789 11.5686 0.0522676 -0.00016223 0.0332685 -0.0194484 11.4383 
7 11.7993 -0.0361428 -0.00710634 -0.00044859 -0.0508587 11.5521 0.0178245 0.018935 -0.000633074 -0.0153005 11.553 0.00779935 -0.00177195 0.000475521 0.0552359 11.3894 
8 11.9396 -0.0311237 -0.00521946 -0.00345232 -0.0283909 11.6477 0.025633 0.0707496 -0.000626439 0.0203137 11.6943 -0.0311213 0.00201157 -0.0202027 0.038346 11.4843 
9 9.68157 -0.0320874 0.000155374 -0.00254511 -0.0337052 9.58357 -0.021776 -0.00680519 -0.00469439 -0.0214771 9.56146 -0.012751 0.0030181 0.0122573 -0.0260314 9.50613 
10 9.7044 0.00503905 0.00256329 -0.00149823 0.00513411 9.46047 -0.0229193 0.00580879 0.00269287 0.0268591 9.45165 0.0437851 -0.00469161 0.0381398 -0.0463702 9.30323 
11 10.0754 -0.041921 -0.000175029 -0.00277821 -0.0356357 9.89131 0.0151787 0.0107386 -0.00774783 -0.0145766 9.94723 0.0100414 0.000989046 -0.00710187 0.0300884 9.83882 
12 10.1961 0.0193669 0.0107839 -0.00185974 0.018918 9.94816 0.0474134 -0.0260158 0.0122844 0.037445 9.96085 0.00685997 0.00211163 0.0295139 -0.00251375 9.75566 
13 9.56802 0.0362492 0.0153715 0.00402101 0.0370946 9.38505 8.13164e-05 0.0115501 0.0123036 -0.00729004 9.30575 0.0154158 0.00246202 0.0307094 -0.0153173 9.1846 
14 9.34794 0.0174686 0.00190816 0.00135978 0.0082142 9.1958 0.0223898 -0.0477108 0.00651829 -0.00996044 9.23645 0.0130285 0.00471366 0.0718114 0.0184624 9.11676 
15 9.38982 0.0220983 0.00518709 0.00403847 0.030458 9.23089 -0.0204575 -0.0117 0.00425438 0.00539171 9.22372 -0.0124855 0.00165191 -0.00282592 -0.00742986 9.12768 
16 9.05861 0.0463408 0.00357814 0.00195506 0.0497369 8.92199 0.0210123 0.00585245 0.00249791 0.0707362 8.86731 -0.0368357 0.000877212 -0.0153045 0.0196043 8.77313 
17 8.67275 0.0566979 -0.000433306 0.000209529 0.0546858 8.58701 -0.00377089 -0.00486542 -0.00329019 0.0200902 8.49873 -0.021636 0.00074596 0.00107778 0.0171464 8.4334 
18 8.54513 0.0693133 0.00611371 -0.00243777 0.0698621 8.40512 0.021063 0.0067692 0.00613846 0.0243345 8.37443 -0.0118905 0.000751891 -0.0110504 0.0200156 8.25763 
19 7.87963 0.0456795 -0.00272517 -0.000599801 0.0455673 7.78875 0.00187188 -0.0199129 -0.00277742 0.00733069 7.75507 -0.00538673 -0.0019135 0.0078576 0.0179302 7.69873 
20 7.33349 0.0679198 -0.00235304 -0.00130094 0.0650999 7.21175 0.00851899 0.0286723 -0.000457644 0.00499835 7.17687 -0.00692233 0.00067468 -0.0105968 0.0256051 7.09559 
21 6.92567 0.0950695 -0.0022384 -0.00144699 0.0947753 6.80032 -0.038167 0.00534988 0.00227727 -0.0341329 6.78131 -0.0080672 -0.000648105 0.0191123 0.00523544 6.70089 
22 6.63533 0.0799341 0.00194342 0.00141138 0.0819748 6.49365 -0.00447741 0.0115516 0.00391515 0.00187515 6.462 -9.67857e-05 5.12105e-05 0.0024744 0.0177537 6.40417 
23 6.49623 0.131618 0.00410381 -4.68417e-05 0.129782 6.41679 -0.00424724 -0.000439309 0.00190902 0.00151877 6.37082 -0.021493 0.000665528 0.00665821 0.0162418 6.31676 
24 6.27368 0.105011 -0.00126352 -0.000431678 0.104575 6.14639 0.00510513 -0.0168138 -0.00408708 0.00211641 6.08603 -0.0372803 -0.00114827 0.000266535 0.0422293 5.98724 
25 6.10391 0.165762 0.00182679 0.00102411 0.163945 6.00576 -0.0155244 -0.00184908 0.00540777 0.0141718 5.94126 -0.0206677 -7.98279e-05 0.00879198 0.0111329 5.89486 
26 5.79982 0.138824 -0.00167013 -0.00141669 0.140047 5.73525 -0.00629973 -0.00832364 -0.00641982 0.00394885 5.67678 -0.00317212 -0.0017762 0.00527536 0.00467089 5.63397 
27 5.07995 0.142501 -0.00462579 -0.00146309 0.145865 4.99875 -0.0123066 0.00974439 -0.00212134 -0.00864705 4.92471 -0.00701471 -0.000204544 0.00223442 -0.00861615 4.87814 
28 4.77963 0.129341 -0.00381594 0.000382636 0.130183 4.71392 0.000478563 0.00338314 -0.00188698 0.0174231 4.6403 -0.0292405 0.00142466 0.0159772 0.0256128 4.60688 
29 4.79098 0.170904 -0.0122738 -0.000129984 0.169671 4.70276 -0.00638732 -0.0108015 -0.0098926 -0.0134046 4.64935 -0.0118574 0.00109995 0.00824147 0.0177056 4.61597 
30 4.48139 0.145988 -0.000108196 0.0015381 0.145984 4.41002 0.0121107 0.0143827 -0.00105108 0.00340372 4.35638 -0.0054731 0.000233444 -0.00624607 0.00643561 4.30494 
31 4.31297 0.186816 -0.00324714 9.74007e-05 0.187005 4.24359 -0.0103756 -0.0129051 -0.0040196 -0.0232877 4.17217 -0.0217461 -0.000552133 0.00616945 0.0179229 4.12384 
32 4.24104 0.183518 -0.000350454 -0.000620442 0.183364 4.1874 0.00230431 -0.000168764 -0.00257991 0.00616804 4.10548 -0.0157417 -0.000274643 -0.00387176 0.0328647 4.07869 
33 3.90622 0.167528 0.00448871 -0.000249783 0.165895 3.84029 -0.0043855 -0.0128658 0.00201461 -0.00453009 3.75563 -0.00846164 -0.000971533 0.00733398 0.0138102 3.71911 
34 3.68508 0.184353 0.00368764 -0.000239209 0.187017 3.61181 0.00174511 -0.00653884 0.000128709 0.00613863 3.56763 0.00536556 -0.00159983 -0.000701379 -0.00207318 3.52147 
35 3.38811 0.174656 0.00420273 -0.000696455 0.172582 3.34763 0.0116665 -0.00324769 0.00350322 -0.0119376 3.26394 -0.00516501 0.000224009 0.0124008 0.0131149 3.24446 
36 3.18187 0.168725 0.0013831 2.08761e-05 0.169036 3.10837 -0.0126956 -0.00623027 0.000983325 0.00519442 3.04855 -0.00612825 0.000480493 -0.00844845 0.0142203 3.01019 
37 2.94002 0.178367 -0.000309511 0.000145594 0.177046 2.90635 0.0123153 0.0040144 -0.00144201 -0.00888465 2.83549 -0.0073135 -0.00113065 -0.00701445 0.000338666 2.83371 
38 3.14799 0.21728 -0.00348888 0.000854972 0.220603 3.09507 -0.002807 -0.00414938 -0.00390845 0.000187058 2.99999 -0.0218853 -9.04273e-05 0.000764929 0.0217214 2.97194 
39 2.73803 0.182753 -0.00228024 0.000777293 0.185188 2.69613 -0.00235705 0.00999888 -0.00229991 -0.0135132 2.60138 -0.0202972 -0.00107536 0.00159908 0.00891025 2.59259 
40 2.59969 0.194105 -0.00591914 0.00133489 0.193528 2.54946 0.0110009 -0.00738559 -0.0101253 -0.022101 2.46545 -0.0131591 -6.38292e-05 -0.00107155 0.0179059 2.44479 
41 2.32308 0.150126 -0.00266956 -0.000133392 0.150389 2.28608 -0.00774589 -0.000572056 -0.00167417 -0.00473947 2.17995 -0.0144303 0.000532559 0.00668007 0.014551 2.16617 
42 2.30474 0.168229 -0.00100448 -0.000127413 0.166319 2.2581 0.0180678 0.00719348 -0.00258874 -0.00604881 2.17246 -0.020456 -0.000889696 -0.0167992 0.0144684 2.14979 
43 2.06872 0.174621 0.00205997 -0.000127323 0.175772 2.03284 0.001804 0.00191762 -0.000440483 -0.00492689 1.9465 -0.0121189 0.000529326 -0.00198021 0.00723184 1.93113 
44 1.98739 0.168164 0.00414672 -0.000545471 0.166865 1.94018 -0.0120913 -0.00123952 0.00181496 0.0079345 1.84489 -0.0151755 -0.000547458 0.00226395 0.0145344 1.82549 
45 1.92813 0.165213 -0.0029231 -0.0012347 0.164986 1.88805 -0.00165365 0.00735545 -0.000704871 0.00257597 1.76881 -0.0207798 -0.000430289 -0.00420855 0.0234713 1.75982 
46 1.73735 0.168447 -0.000592274 0.000154142 0.168115 1.70336 -0.00608658 0.00877424 0.000575289 0.0092046 1.6242 -0.0102032 -0.000496637 -0.00343085 0.00575625 1.60479 
47 1.70388 0.146959 -0.00103612 -0.00148937 0.147605 1.66592 0.0158876 0.000200919 -0.000437619 -0.00384867 1.54157 -0.00712415 0.00116004 0.00557874 0.0137311 1.53161 
48 1.39957 0.128612 -0.00111826 0.000780666 0.13123 1.35499 -0.0174534 0.012712 0.000125702 -0.00773152 1.22865 -0.0219054 -0.000219901 -0.00425646 0.0217163 1.20749 
49 1.4136 0.151644 0.00185075 -0.000267186 0.15122 1.37649 -0.0028172 0.00384611 0.0018581 0.0109942 1.25351 -0.0116211 -0.000147544 -0.00514522 0.0188195 1.24568 
50 1.28484 0.133 -0.00257265 -0.000306036 0.132318 1.25052 -0.0168298 0.00829505 -0.000133622 -0.00997816 1.14582 -0.018163 -0.000507254 -0.00247032 0.0201667 1.12656 
51 1.28367 0.145622 0.00151493 0.000848744 0.148406 1.24778 0.00718209 0.00191281 -0.00119536 -0.000851966 1.15182 -0.0138563 -0.000452292 -0.00369014 0.00732895 1.14136 
52 1.05337 0.0995469 0.00286935 -0.000901474 0.0993766 1.01517 0.00894467 -0.000401462 0.00268203 0.00455108 0.911122 -0.0197962 -0.000866459 -0.00524438 0.0202413 0.897339 
53 1.04055 0.112321 -0.000189554 0.000200375 0.11341 1.00541 -0.00531174 -0.000977907 0.00151332 0.00931431 0.920534 -0.0158661 8.97911e-05 0.000455541 0.0175679 0.907869 
54 0.890199 0.0727417 -8.40098e-05 -0.000185542 0.0731291 0.849524 -0.0106821 0.00550832 -0.0011843 -0.00501042 0.734197 -0.0211364 0.000566228 -0.00193108 0.0154412 0.720721 
55 0.766967 0.0772233 -0.000302013 -0.000105239 0.0755909 0.744659 0.00706706 0.000810908 0.00122248 0.0125948 0.62786 -0.00464966 0.000590503 0.00750041 0.00965468 0.620011 
56 0.747124 0.068954 0.00161394 -0.00182136 0.0681536 0.717874 -0.00316881 -0.00140641 0.00263484 0.00183953 0.627356 -0.0152636 0.00245339 0.000444577 0.0131966 0.617314 
57 0.701629 0.0663249 0.00183521 -0.000962873 0.0672507 0.662894 0.0109078 -0.0046993 -0.00177538 -0.00457164 0.566379 -0.0181287 4.16348e-05 -0.00451573 0.0309487 0.549191 
58 0.618376 0.0546516 -0.000855913 -0.00111975 0.0547653 0.580999 0.00342187 0.00265524 -0.00259187 -0.00564921 0.467565 -0.00962654 0.000502392 -0.00216304 0.0118332 0.452881 
59 0.472268 0.015534 -0.0022145 0.000545821 0.014522 0.45148 0.00375318 0.0047725 3.39599e-05 0.00571625 0.344079 -0.0142665 -0.000207098 0.00046593 0.0142079 0.33988 
60 0.494959 0.0312617 0.000852206 0.000560506 0.0317384 0.461283 0.00554635 -0.00669328 -0.000533449 0.00777806 0.34753 -0.0155059 0.000671044 -0.0122692 0.0121764 0.336763 
61 0.479912 0.0331124 0.000146163 -0.000506986 0.0330396 0.452015 0.00659596 0.00947251 0.00153448 0.0195901 0.328969 -0.0279077 0.00112333 0.0104051 0.0286774 0.324912 
62 0.359983 0.00777625 -0.00227591 -0.000497179 0.00906034 0.331289 -0.00876656 -0.00315495 0.00136892 -0.00626595 0.236748 -0.00721167 -0.00017071 0.00433928 0.00761753 0.237348 
63 0.32617 -0.00206786 -0.00260369 -0.00121241 -0.00146423 0.299125 -0.00300418 0.000958143 0.00182052 0.0126447 0.201598 -0.024988 -0.000288719 0.00676965 0.0193099 0.198333 
64 0.302729 -0.0142604 -0.000398085 0.00103995 -0.0153276 0.274475 -0.00511717 0.000861545 -0.000990766 -0.00639751 0.161635 -0.0321503 0.000123089 0.00574311 0.0245276 0.16557 
65 0.28046 -0.0222803 -0.000198678 -0.000199012 -0.0221134 0.249121 -0.0107707 -0.00528212 -0.000375382 -0.00570796 0.134793 -0.0239737 3.73822e-05 -0.00247227 0.0234652 0.123761 
66 0.257833 -0.0261829 0.00026601 -0.000549872 -0.0228855 0.222342 0.00186379 0.00487175 -0.00224824 0.00461986 0.120597 -0.0188616 0.000365924 0.0084629 0.0223363 0.114927 
67 0.225532 -0.0277411 -0.000783935 0.000389587 -0.0285284 0.198291 0.0034959 0.0074587 -0.00048717 -0.00407372 0.089844 -0.0131694 0.000616915 -0.000945064 0.00979731 0.0890425 
68 0.24487 -0.0258289 0.00164216 -0.000384677 -0.0268432 0.218336 0.00454128 0.00175791 0.00339712 -0.00277414 0.0955564 -0.0189244 0.000971671 0.000253884 0.0221991 0.0880444 
69 0.177475 -0.0429859 -0.000849733 0.000307045 -0.0432866 0.153901 -0.0121501 0.00358449 1.81215e-05 -0.00455849 0.0519528 -0.0276182 0.00016293 -0.000861177 0.028685 0.0405553 
70 0.174869 -0.040925 0.00175957 0.000853076 -0.0422103 0.152503 0.00498179 0.00866789 0.00172605 -7.47512e-05 0.0451794 -0.0271056 0.000538286 0.00264985 0.0263981 0.0453115 
71 0.17551 -0.0392225 0.000294552 0.000114144 -0.0401777 0.149025 0.00377541 -0.0032374 0.000123791 0.00133279 0.0233002 -0.03041 0.00133185 0.00386443 0.0283697 0.0165487 
72 0.120434 -0.044834 0.000171605 -4.8709e-05 -0.0448036 0.104823 -0.00225722 -0.00566941 9.9607e-05 -0.00252588 0.0189167 -0.0069468 3.13458e-05 -0.00212674 0.00196145 0.0151038 
73 0.138897 -0.0429596 -0.00160822 0.0004115 -0.0428942 0.116624 -0.00667496 -0.000531067 0.00202565 0.00854392 0.0168814 -0.00947932 0.000796734 0.00191631 0.0130725 0.0193687 
74 0.158243 -0.0431556 -0.000621778 0.000237653 -0.0432072 0.125136 -0.00362915 -0.000382831 0.00215222 0.0156629 0.0191333 -0.0247238 -0.000124583 0.00650459 0.0208875 0.013776 
75 0.114214 -0.0470339 0.000290261 -0.000578248 -0.0465783 0.0936804 -0.00275056 -0.0063964 -0.000175879 0.00454744 -0.000574995 -0.0218276 -0.000131042 0.00467949 0.0188957 0.00383408 
76 0.106782 -0.039599 0.000820305 1.93998e-05 -0.0397542 0.0889026 0.0037392 0.00140212 0.00119013 -0.00263573 -0.00745952 -0.00472906 0.000485745 0.00573649 0.00655539 -0.0061908 
77 0.128109 -0.0399912 0.0023392 0.000115835 -0.0391467 0.101814 0.00975707 -0.00286545 -0.00279564 -0.00495978 -0.00752756 -0.0195289 0.000236737 -0.0038581 0.026165 -0.0167264 
78 0.116115 -0.0421835 -0.00176649 5.41219e-05 -0.0409557 0.09237 -0.00688927 -0.000356192 0.000830347 0.00310147 -0.0129789 -0.0171069 -3.82906e-05 0.00891351 0.021331 -0.00691346 
79 0.101928 -0.041236 0.000253978 -0.00125592 -0.0417242 0.0762044 0.00171229 -0.00168676 -0.000381788 0.00188395 -0.0139755 -0.0118682 -0.000245342 -0.00268914 0.00876655 -0.0224232 
80 0.123945 -0.0384262 0.00053082 0.000506243 -0.0391021 0.104473 -0.000858482 -0.001799 0.00163131 0.0123722 -0.0149931 -0.0145509 0.000959122 0.00863973 0.0122555 -0.0198499 
81 0.0924746 -0.0451239 -0.000456315 0.00021287 -0.0458743 0.0741047 -0.000909799 0.00320975 -0.00179304 0.00138544 -0.0165111 -0.0105471 0.000368944 0.00635697 0.0126975 -0.0144114 
82 0.117611 -0.0403981 -0.000650726 0.000752107 -0.038662 0.0841636 -0.0043072 0.0039678 9.0271e-05 -0.000641853 -0.0227182 -0.0142754 -0.000487571 0.0057428 0.011384 -0.030112 
83 0.0980301 -0.0414397 0.00184412 -0.000384319 -0.0417688 0.0796137 0.00664677 -0.00775543 0.000946323 -0.00259807 -0.0208891 -0.0167609 0.00085344 -0.00744935 0.0162335 -0.0199731 
84 0.0933336 -0.0388275 0.000278146 8.62051e-05 -0.037331 0.0709723 -0.00431776 0.000133714 -0.00231659 -0.00734056 -0.0249895 -0.00117729 -0.000868865 -0.00450255 0.00586778 -0.0206098 
85 0.0967349 -0.0397488 0.00108202 0.00076864 -0.0386734 0.0723862 0.00647803 0.00199383 -0.00156553 0.000523706 -0.01878 -0.0186339 0.000673717 -0.00245987 0.0148917 -0.0268371 
86 0.0995825 -0.0375912 0.000689677 0.000212926 -0.0389769 0.0811738 -0.00657981 0.00495184 -0.00112135 -0.00228319 -0.0264512 -0.0106105 -0.000406579 -0.00029164 0.00777229 -0.0289927 
87 0.0906472 -0.0366871 0.000613536 0.000863057 -0.037739 0.0733896 -0.00243049 -0.00130894 -0.00245164 -0.00156007 -0.0184323 -0.00794524 -0.00126008 -0.00216598 0.00619191 -0.0162028 
88 0.10317 -0.0349918 0.000216633 0.000284421 -0.0350991 0.082697 2.60127e-06 0.000146315 0.00164759 0.00281626 -0.0299368 -0.0172617 0.000792107 -0.0022635 0.0148259 -0.02724 
89 0.104187 -0.0304555 0.00112136 9.09467e-05 -0.03058 0.0851364 0.00217264 -0.00870132 -0.00103566 -0.00343403 -0.0321139 -0.00672758 -0.000624236 0.000847323 0.0069411 -0.0351572 
90 0.102959 -0.0350503 0.000936345 -3.17685e-05 -0.0339504 0.0746136 0.00693672 0.0023955 0.00132627 0.00301155 -0.028398 -0.0202639 -0.000206415 -0.00203509 0.0160504 -0.0342191 
91 0.0896112 -0.0357833 -0.000329078 4.23142e-05 -0.0363822 0.066439 -0.00226812 0.0022951 0.00218266 0.00641777 -0.0265354 -0.014044 0.000224159 0.000399562 0.00722341 -0.027954 
92 0.0987538 -0.0319864 0.001687 9.53579e-05 -0.0313398 0.0704556 -0.00312001 -0.000454701 -0.0009748 0.0106272 -0.0325051 -0.0119192 -0.000790432 -0.00375584 0.0140245 -0.0373861 
93 0.107968 -0.0276352 -0.000199118 -0.00027148 -0.0275483 0.0812926 -0.00660178 -0.000411438 -0.00129562 -0.00656705 -0.0254252 0.00217305 -0.000877156 0.000488466 0.00658057 -0.0292725 
94 0.0782951 -0.0333982 0.000752492 -0.000108427 -0.033764 0.0674503 -0.00103808 -0.000285822 6.70902e-05 -0.0039433 -0.0282915 -0.00541963 0.000370387 0.00246603 0.00546977 -0.0271199 
95 0.0865534 -0.0304284 -0.000476532 0.000244697 -0.0307519 0.0719622 -0.00395148 -0.000923313 -5.85095e-05 0.0044308 -0.0284615 -0.00639174 -0.000111961 0.00541607 0.00567031 -0.0282258 
96 0.0891292 -0.0320107 0.00109884 -0.00044684 -0.0321808 0.0738961 -0.00427791 -0.00240328 -0.000634288 0.000490339 -0.0336406 -0.0142023 -2.32589e-06 -0.00628151 0.0145142 -0.034902 
97 0.0719201 -0.0311563 -0.00185538 -0.000153544 -0.0299014 0.057548 -0.00852932 0.00112613 -0.000950213 -0.00690285 -0.0240445 -0.00453267 -0.000376568 -0.00199237 0.00500606 -0.0274377 
98 0.0888943 -0.0297197 -0.0017953 0.000282986 -0.0304411 0.0716227 -0.00554596 -0.00101992 0.00208247 0.00965722 -0.0323621 -0.00219597 0.000312813 0.00144809 -0.00168713 -0.0310657 
99 0.10714 -0.0321142 -0.001124 0.000690435 -0.0318103 0.0787272 -0.00418713 0.00236136 -0.000273802 -0.00429647 -0.0324976 -0.00581723 0.000335549 -0.000229596 0.00741774 -0.0329619 
100 0.0810196 -0.0298676 0.000914839 -3.17513e-05 -0.0299138 0.0616316 0.000649435 -0.00609161 -0.00275103 -0.010427 -0.0299303 -0.00584147 0.000705591 -0.00143017 0.00633244 -0.0302035 
101 0.0914233 -0.0287287 -0.00057429 0.000182318 -0.0279698 0.074178 -0.00806114 0.00218569 -0.00116386 -0.00440967 -0.0338736 -0.0135546 0.000716383 0.0110739 0.0114703 -0.0336448 
102 0.0946236 -0.0271989 0.000526316 0.00117081 -0.026695 0.0703065 0.00156651 0.00271943 -0.00036645 0.00321437 -0.0338154 -0.000753687 -0.000335766 0.000249811 -0.0028915 -0.0348907 
103 0.0894696 -0.0254566 0.00195885 -0.000596555 -0.0260919 0.0710356 0.00406475 -0.00456644 -0.000200135 0.00593515 -0.0305944 -0.00584053 -0.00082716 -0.00169326 0.0105878 -0.0315947 
104 0.0739434 -0.0269469 -0.000104195 -0.000171545 -0.0277666 0.0608952 -0.00705598 0.00485798 0.00107447 0.00639401 -0.0274235 -0.00952391 -0.000201537 6.56462e-05 0.0144099 -0.02593 
105 0.0837496 -0.0274006 -0.00127517 -0.000243511 -0.0277707 0.0566526 -0.00514104 -0.0068292 0.00125717 0.00883941 -0.0336933 0.00132847 -0.000333128 0.00207146 -0.00146697 -0.0307912 
106 0.0883812 -0.0270512 0.00181754 -0.000660219 -0.0274426 0.0701209 -0.00298918 -0.00319792 -0.000946612 -0.0105984 -0.0290905 -0.00454372 -0.000169408 -0.00576469 0.00737007 -0.0210073 
107 0.0818129 -0.024835 0.0010029 -0.00022851 -0.0231031 0.0591533 0.00271677 -0.00085012 0.00127661 0.0033616 -0.032641 0.00237538 0.000136234 -0.00555699 -0.00288487 -0.032143 
108 0.0772319 -0.0265029 -0.000141332 -7.93247e-05 -0.0260268 0.0634945 0.0131536 -0.000696564 0.00137065 0.00420907 -0.0330886 0.000868582 -1.68524e-05 0.00471644 -0.00182462 -0.0334947 
109 0.101082 -0.0164482 0.00208512 -0.000781497 -0.0175556 0.0723078 0.00509195 -0.00429865 -0.000770865 -0.00263241 -0.0423563 0.0118859 -1.78078e-06 -0.00884176 -0.00690938 -0.0380697 
110 0.0771653 -0.0195819 0.000129664 0.000454441 -0.0202207 0.0654981 -0.00317004 0.00244228 -0.000575845 -0.00524374 -0.0404104 0.00673226 0.000105299 0.00509936 -0.00855445 -0.0410195 
111 0.122156 -0.0206231 0.00212984 -0.000528636 -0.0204423 0.0772417 0.002902 -0.0059138 -0.00178005 -0.00143385 -0.0417765 -0.00526566 9.7838e-05 -0.0154822 0.00497982 -0.0347947 
112 0.0894337 -0.0197673 -0.000384565 3.24209e-05 -0.0195572 0.0615637 0.0023062 0.00396421 0.000607992 0.00233161 -0.0273907 -0.000882322 -0.000170439 0.00252777 0.00533257 -0.0206494 
113 0.0879732 -0.0221175 -0.00163264 0.000651881 -0.0221806 0.0533148 -0.00986405 0.00887545 -0.000949349 0.0043781 -0.0398526 -0.00694708 0.000256686 0.00235068 0.00904098 -0.0249754 
114 0.0842082 -0.0230158 0.00117168 0.000146714 -0.0222253 0.0657271 0.0013096 -0.0041262 0.000783769 0.00235197 -0.0362726 -0.00242773 -0.000142076 -0.00336368 -6.83189e-05 -0.0346281 
115 0.102762 -0.0210772 9.37116e-05 0.00117468 -0.0206862 0.0755349 0.000813517 0.00345518 -0.000915193 0.00363908 -0.0345698 -0.00615258 -0.0003299 0.0023802 0.00489556 -0.0329642 
116 0.0889588 -0.0246184 -0.000732237 0.00109343 -0.0243866 0.0653749 -0.00748594 -0.00577506 -0.000894434 -0.00238282 -0.0319003 -0.000307986 -0.000843627 -0.0022601 0.000750804 -0.0269625 
117 0.0979145 -0.0221413 0.0015015 -0.000136867 -0.0229055 0.0782376 0.00513974 -3.65306e-05 -2.06041e-05 0.00179878 -0.034737 -0.00186028 -0.000659445 0.00629638 -0.000274277 -0.0299019 
118 0.0998622 -0.019654 -7.30998e-05 -0.00138892 -0.0216567 0.0798028 0.000782924 -0.00361436 0.00176255 0.00340662 -0.0286768 -0.00453754 -0.000112974 0.00314163 0.0051642 -0.0215179 
119 0.0839381 -0.0163313 -0.000673339 -0.00071546 -0.0172468 0.0581681 0.00767756 -0.000159063 -9.14708e-05 0.00222929 -0.0236945 -0.00796943 0.000787554 0.00100853 0.00677584 -0.0110383 
120 0.110758 -0.0177537 -0.00158074 0.000335169 -0.0171651 0.0803104 0.00260457 0.00571539 8.63272e-06 -0.000430424 -0.0178352 0.00335502 0.000496259 -0.00575591 -0.00512318 -0.0147661 
121 0.116506 -0.0176513 -0.00128963 0.00102235 -0.0186523 0.0801127 0.0063029 -0.000947278 0.00034303 0.00242203 -0.0406741 0.00363226 -7.74871e-05 0.00695206 -0.00800343 -0.0316315 
122 0.116444 -0.0214138 -0.00114266 -8.5752e-05 -0.0187633 0.0768872 -0.00879921 0.0157115 0.000558531 0.00722261 -0.0324911 0.0078592 -0.00108344 0.00848278 0.00761783 -0.0178686 
123 0.139684 -0.0182617 -0.000711392 0.000837029 -0.0177399 0.102297 0.0066282 0.000775703 0.00149967 0.00126046 -0.0255442 0.00485327 0.00120418 -0.00998038 -0.00752127 -0.00168966 
124 0.141799 -0.0186913 -0.00060247 -0.00115781 -0.0180225 0.101014 -0.00370655 -0.00387428 -0.000853757 -0.00154855 -0.0273791 -0.014896 -0.000460214 -0.00451951 0.00483748 -0.00279303 
125 0.126835 -0.0164884 9.81502e-06 0.000865861 -0.0180976 0.097255 0.00134108 0.00886277 -0.00202467 -0.00648727 -0.0105998 -0.0194638 0.000213744 -0.00331786 0.021509 -0.000914702 
126 0.160381 -0.0146058 0.00327643 0.000306675 -0.0146229 0.116978 -0.00799587 0.0123373 -0.00205345 0.00188692 -0.0327733 -0.00960662 8.52368e-06 -0.000143755 0.0141289 -0.018093 
127 0.14059 -0.021631 -0.000181553 -0.00141538 -0.0194975 0.110385 0.00161535 -0.0123086 0.000925099 0.00863022 -0.00339537 -0.0143612 -0.000829596 -0.00931472 0.0119409 0.0150456 
128 0.161385 -0.0189085 -0.00227442 0.000964212 -0.0197161 0.120286 -0.00375239 0.000965919 0.00144947 0.012837 -0.0134504 -0.00680285 -0.00132723 -0.00247175 0.0129563 0.00719336 
129 0.187555 -0.00879918 0.0026676 -0.000947738 -0.00943816 0.132635 0.000665988 -0.00622369 -0.000784983 -0.0119873 0.01707 -0.0433573 0.000668213 -0.00449099 0.0504717 0.0477073 
130 0.172896 -0.0158274 -0.00144085 0.00177458 -0.0159547 0.137844 0.00117851 -0.00410213 -0.00212476 0.0121006 0.0256093 -0.042897 -4.27578e-05 -0.00407359 0.0429874 0.0384997 
131 0.197526 -0.0144547 -0.000399841 -0.000667182 -0.0160402 0.147266 0.00178473 -0.00316162 0.000763684 0.00385929 0.0190089 -0.0330057 -0.000724308 0.00464937 0.0359324 0.0397325 
132 0.231485 -0.0210255 -0.00211864 0.000880649 -0.0196729 0.178574 0.0038374 0.0231971 0.00279008 0.00699592 0.0427391 -0.0463538 0.00125545 0.0144703 0.0492126 0.0741087 
133 0.236467 -0.0171467 0.00405658 -0.000636533 -0.0178068 0.189919 -0.00380495 -0.0031025 0.00266156 0.00471482 0.0582536 -0.0358876 0.000785229 0.00963924 0.0332237 0.0778094 
134 0.272858 -0.0212242 0.00365194 -0.000698516 -0.0248173 0.217147 -0.00980638 -0.00424909 0.00215579 0.0177282 0.0786064 -0.0586617 0.000404883 0.0142196 0.0556611 0.103542 
135 0.310338 -0.0302054 -0.00541265 0.00031654 -0.0308543 0.256405 -0.00670202 -0.00225563 0.000703985 -0.00493588 0.0883991 -0.0488061 -0.00117589 -0.00982976 0.0509479 0.12637 
136 0.320328 -0.0356771 -0.00262873 0.000383133 -0.0363743 0.261308 0.00645126 -0.00436267 0.00327663 0.00145128 0.0669118 -0.0636559 0.000824224 -0.0087782 0.0630821 0.109805 
137 0.304932 -0.0323001 -0.000356005 0.00108456 -0.0345729 0.234682 0.0025268 -0.00105675 0.000969306 0.0125406 0.0586608 -0.0328776 0.00192532 0.00703149 0.0406628 0.097967 
138 0.401079 -0.0400024 0.00281274 -6.80321e-06 -0.0383064 0.30622 0.0158085 -0.00269142 0.00453826 0.00504099 0.0971493 -0.0846648 -0.000672486 -0.00285912 0.0855033 0.15724 
139 0.393337 -0.0533179 0.00276241 -0.0014691 -0.0571445 0.308799 0.00772397 0.00828636 -0.00511188 0.00267502 0.0986874 -0.0862658 -0.000677661 0.00518043 0.0865385 0.156919 
140 0.399199 -0.0605037 -0.00247075 0.000769454 -0.0611874 0.340402 -0.00527712 0.00730217 0.00117706 0.0136343 0.11664 -0.0771371 0.00079452 0.0105287 0.0774805 0.161479 
141 0.383839 -0.0842436 0.00223801 0.000466493 -0.0847383 0.329509 0.003862 -0.000972211 -0.00384127 0.0131395 0.0941762 -0.0746546 -0.000760305 0.00486189 0.0777074 0.125657 
142 0.452634 -0.0938542 0.00320239 -0.000199925 -0.0931774 0.35104 0.010753 -0.00961074 -0.00355278 -0.000777135 0.0795153 -0.0751167 -0.000334717 -0.00795073 0.067505 0.155387 
143 0.432077 -0.107134 0.00967725 -0.000664749 -0.112117 0.332328 0.0188908 -0.00448598 -0.00946514 -0.0250642 0.0636603 -0.0698322 0.00091956 -0.00813953 0.0616238 0.140187 
144 0.457718 -0.129061 -0.00500086 0.00135875 -0.12772 0.360195 -0.00672278 -0.00255471 0.000284022 0.0190109 0.0548894 -0.0326249 -0.000377186 0.00519812 0.0361695 0.121467 
145 0.504436 -0.135567 -0.00250936 -5.05779e-06 -0.134231 0.398187 0.000127457 0.00643461 0.00474243 0.0002395 0.0417095 -0.0923236 -0.000162561 0.00845325 0.08618 0.126038 
146 0.430407 -0.167196 -0.00409787 -0.000533365 -0.169045 0.359327 -0.0255168 -0.00149388 0.00129873 0.00565072 -0.00106788 -0.0306114 -0.000583948 -0.00749894 0.031703 0.043461 
147 0.521746 -0.15366 -0.00527879 0.00254679 -0.155558 0.403102 -0.00576706 -0.00064305 0.00111664 0.0342902 0.0133089 -0.0682046 -0.00273766 -0.00314722 0.0681875 0.083891 
148 0.485407 -0.154178 -0.00277638 -0.00225642 -0.156885 0.376887 0.00178784 0.0113874 -0.0016839 0.00147506 -0.0424254 -0.0826914 -0.000502115 0.0162048 0.0793311 0.0453798 
149 0.51461 -0.160368 0.00165396 -0.000542042 -0.159584 0.411238 -0.0281647 0.00889301 -0.000326507 0.0238608 -0.0556161 -0.0753472 0.00184111 0.00554184 0.0773018 0.0196472 
150 0.508197 -0.160219 0.00580592 -0.000374975 -0.15897 0.395915 -0.00530245 -0.00760728 -0.00722026 0.00322089 -0.0892997 -0.0404975 0.00142571 0.000118027 0.0310361 -0.0244796 
151 0.545571 -0.16592 -0.00080159 -0.00297883 -0.168935 0.421514 -0.0107051 0.000921587 0.00735414 0.0144155 -0.117604 -0.0655625 -0.000571563 -0.000108971 0.0716864 -0.0393635 
152 0.512344 -0.153805 -0.00805026 0.000216455 -0.153567 0.414175 -0.00353425 0.00113433 0.00345885 0.0139314 -0.101064 -0.0850133 0.000102399 -0.0106804 0.0868782 -0.0261253 
153 0.509349 -0.166382 -0.0082526 0.00190631 -0.167042 0.411879 0.00872907 -0.02127 0.0109061 0.0135506 -0.142188 -0.0476739 -0.000157339 -0.0128032 0.0441311 -0.071748 
154 0.505121 -0.167978 -0.00847841 -0.000644672 -0.167845 0.401024 0.00409015 0.00296498 0.00512146 -0.0133473 -0.192632 -0.0360252 0.00110109 0.00216849 0.0262642 -0.142633 
155 0.458843 -0.158312 0.00211842 0.00198035 -0.161697 0.381507 0.00510021 -0.0247092 -0.00233343 0.0118348 -0.193652 -0.0301876 -0.00116559 -0.0135179 0.0277732 -0.14562 
156 0.492176 -0.142247 -0.0042599 0.00274857 -0.142127 0.40668 -0.0103618 0.0179254 0.00171587 0.00864205 -0.193816 -0.0692186 -0.0020343 0.00257365 0.0683502 -0.131167 
157 0.518127 -0.140187 0.00239714 -0.00149295 -0.139513 0.374287 0.00442901 -0.0255395 -0.00476713 0.0118268 -0.23784 -0.0584052 -0.000442677 -0.0133258 0.0416772 -0.14388 
158 0.533891 -0.129673 -0.00548714 0.00112528 -0.13204 0.391837 -0.0302546 -0.00674565 0.0074279 0.00438383 -0.256028 -0.0109741 0.000412795 -0.0134493 0.0440196 -0.168429 
159 0.462813 -0.118895 -0.00203845 0.00121186 -0.1212 0.368535 0.0237763 -0.0115625 -0.00121427 -0.0191941 -0.246745 -0.0203401 -9.29897e-05 -0.0118344 0.0274429 -0.179566 
160 0.475271 -0.113227 -0.00288445 -0.00116528 -0.11534 0.360344 0.0176302 -0.010319 0.00532509 0.0159711 -0.289765 -0.00499304 0.00255998 -0.0178125 -0.00526996 -0.214351 
161 0.475189 -0.0783184 -0.00523882 -0.000508935 -0.0815084 0.332647 0.0126774 -0.00443809 3.61171e-05 0.0132108 -0.32438 -0.00779725 0.00149908 -0.00497904 0.0504137 -0.229745 
162 0.419542 -0.0708391 -0.00270784 0.0008656 -0.0648582 0.313737 0.0180039 0.0058273 0.000799781 0.0174619 -0.258502 0.0171509 -0.00142229 -0.00518694 0.0170661 -0.224445 
163 0.400014 -0.079319 0.000727738 0.00152094 -0.0796698 0.307449 0.00350759 -0.0127496 0.000238223 0.0054163 -0.27208 0.00228144 -1.26963e-05 -0.0236793 0.0135973 -0.237071 
164 0.519852 -0.0563358 -0.00470564 -6.12188e-05 -0.0590956 0.347799 0.0248436 -0.015722 -0.00213767 -2.28109e-05 -0.341534 -0.0424429 0.000536472 -0.00842392 0.0347777 -0.231467 
165 0.393456 -0.0470628 -0.00166673 0.00168637 -0.0466768 0.306876 0.0170465 -0.0121704 -0.00330225 -0.0137887 -0.276861 -0.00872755 0.000537452 -0.0388467 -0.0152608 -0.228873 
166 0.430918 -0.0402335 0.00685006 -0.00193171 -0.0334943 0.351529 0.0282119 -0.011988 -0.00245334 0.00920661 -0.315345 0.0196342 -0.00151394 -0.00978435 -0.00654006 -0.283372 
167 0.426584 -0.032858 -0.00124291 0.000927846 -0.0309315 0.33096 -0.0139063 0.0101534 0.00014815 0.0124608 -0.303026 -0.0327848 -7.49105e-05 0.0260746 0.0410927 -0.26718 
168 0.388756 -0.026215 -0.0021627 0.000856518 -0.0301287 0.299514 -0.0118416 -0.00356671 -0.00363576 -0.0155939 -0.309626 0.00291957 0.00106575 0.00150246 -0.0153246 -0.249766 
169 0.554102 -0.0318018 -0.00183165 -0.000267327 -0.0413761 0.380287 0.0261226 -0.0377482 -0.00759812 0.000332622 -0.322474 -0.10147 0.00504216 -0.0488682 0.078349 -0.28877 
170 0.486007 -0.0138641 0.0132714 0.00233084 -0.0151384 0.349342 -0.0360593 0.00887907 -0.00626105 0.0487583 -0.316943 -0.0396291 -0.000735264 0.0151076 0.0631447 -0.213917 
171 0.385487 -0.0183143 -0.00360917 -0.000321796 -0.0110265 0.276648 -0.0199937 0.00837944 -0.00222849 -0.00864002 -0.316153 -0.0189217 0.00233062 0.0273186 0.0311157 -0.2576 
172 0.382728 -0.00612503 -0.00657487 0.00246617 -0.0131988 0.278637 -0.000692755 0.0206177 -0.00964251 0.0070724 -0.228415 0.0457061 -0.00124533 -0.0222288 -0.0663188 -0.226722 
173 0.356498 -0.0155048 0.00357073 -0.000782292 -0.0194833 0.276267 0.00314232 0.0157472 -0.00406758 -0.0508056 -0.264838 0.0128863 -0.00131906 -0.0270843 -0.0261063 -0.255297 
174 0.306733 -0.00319367 0.016123 -0.0013986 -0.00508303 0.244383 0.00557989 0.021269 -0.00375976 -0.000688975 -0.239905 -0.0015377 0.000719241 0.0229504 0.00495054 -0.190034 
175 0.341171 -0.019924 -0.00519754 0.00285435 -0.00752197 0.246459 -0.0221501 -0.00983257 0.0082649 -0.00756309 -0.264176 -0.0176514 0.0035221 -0.00558554 0.0619725 -0.231496 
176 0.442254 0.0081142 0.00391671 -0.00290892 -0.00309543 0.315915 0.0455246 0.0467083 -0.0063006 -0.0668444 -0.267421 0.0595484 -0.0110529 0.0206768 -0.0272972 -0.230328 
177 0.34708 -0.00260581 -0.0123306 -0.000223864 -0.0112197 0.216341 0.0222673 -0.0602907 0.00186196 -0.0348776 -0.245917 -0.017202 0.00198028 -0.0160661 0.00940627 -0.171088 
178 0.369998 0.0136492 -0.0114062 0.00195214 0.0137974 0.249916 -0.0471375 0.0320692 0.00043387 -0.0268342 -0.289377 0.0463242 -0.00542459 -0.00298211 -0.0542685 -0.190295 
179 0.255286 0.00911168 0.0109101 -0.00642143 0.00339662 0.235288 0.000434703 0.00715184 -0.0190072 -0.00907758 -0.24375 0.00117942 0.00557082 0.00917172 0.00405572 -0.232234 
180 0.132772 -1.32493e-05 -0.000641494 3.10832e-05 -9.28903e-05 0.132046 1.99556e-05 -4.57211e-06 0.000786001 -7.31573e-05 -0.132482 3.01705e-05 -0.000106887 2.76098e-05 3.87085e-05 -0.131966 
