0 9.32554 0.0262218 9.21139 9.14833 -0.0021211 9.21632 
1 16.0334 -0.0670117 15.8772 15.4851 0.100698 15.4188 
2 14.0218 -0.021644 13.8998 13.7511 0.0142601 13.6758 
3 12.7146 -0.0292029 12.6708 12.651 -0.00453885 12.6228 
4 11.5108 -0.0119716 11.2823 11.3864 0.0184446 11.1807 
5 12.6849 -0.00491783 12.4286 12.2969 0.0471464 12.1211 
6 11.8118 -0.0255638 11.6501 11.5686 0.0522676 11.4383 
7 11.7993 -0.0361428 11.5521 11.553 0.00779935 11.3894 
8 11.9396 -0.0311237 11.6477 11.6943 -0.0311213 11.4843 
9 9.68157 -0.0320874 9.58357 9.56146 -0.012751 9.50613 
10 9.7044 0.00503905 9.46047 9.45165 0.0437851 9.30323 
11 10.0754 -0.041921 9.89131 9.94723 0.0100414 9.83882 
12 10.1961 0.0193669 9.94816 9.96085 0.00685997 9.75566 
13 9.56802 0.0362492 9.38505 9.30575 0.0154158 9.1846 
14 9.34794 0.0174686 9.1958 9.23645 0.0130285 9.11676 
15 9.38982 0.0220983 9.23089 9.22372 -0.0124855 9.12768 
16 9.05861 0.0463408 8.92199 8.86731 -0.0368357 8.77313 
17 8.67275 0.0566979 8.58701 8.49873 -0.021636 8.4334 
18 8.54513 0.0693133 8.40512 8.37443 -0.0118905 8.25763 
19 7.87963 0.0456795 7.78875 7.75507 -0.00538673 7.69873 
20 7.33349 0.0679198 7.21175 7.17687 -0.00692233 7.09559 
21 6.92567 0.0950695 6.80032 6.78131 -0.0080672 6.70089 
22 6.63533 0.0799341 6.49365 6.462 -9.67857e-05 6.40417 
23 6.49623 0.131618 6.41679 6.37082 -0.021493 6.31676 
24 6.27368 0.105011 6.14639 6.08603 -0.0372803 5.98724 
25 6.10391 0.165762 6.00576 5.94126 -0.0206677 5.89486 
26 5.79982 0.138824 5.73525 5.67678 -0.00317212 5.63397 
27 5.07995 0.142501 4.99875 4.92471 -0.00701471 4.87814 
28 4.77963 0.129341 4.71392 4.6403 -0.0292405 4.60688 
29 4.79098 0.170904 4.70276 4.64935 -0.0118574 4.61597 
30 4.48139 0.145988 4.41002 4.35638 -0.0054731 4.30494 
31 4.31297 0.186816 4.24359 4.17217 -0.0217461 4.12384 
32 4.24104 0.183518 4.1874 4.10548 -0.0157417 4.07869 
33 3.90622 0.167528 3.84029 3.75563 -0.00846164 3.71911 
34 3.68508 0.184353 3.61181 3.56763 0.00536556 3.52147 
35 3.38811 0.174656 3.34763 3.26394 -0.00516501 3.24446 
36 3.18187 0.168725 3.10837 3.04855 -0.00612825 3.01019 
37 2.94002 0.178367 2.90635 2.83549 -0.0073135 2.83371 
38 3.14799 0.21728 3.09507 2.99999 -0.0218853 2.97194 
39 2.73803 0.182753 2.69613 2.60138 -0.0202972 2.59259 
40 2.59969 0.194105 2.54946 2.46545 -0.0131591 2.44479 
41 2.32308 0.150126 2.28608 2.17995 -0.0144303 2.16617 
42 2.30474 0.168229 2.2581 2.17246 -0.020456 2.14979 
43 2.06872 0.174621 2.03284 1.9465 -0.0121189 1.93113 
44 1.98739 0.168164 1.94018 1.84489 -0.0151755 1.82549 
45 1.92813 0.165213 1.88805 1.76881 -0.0207798 1.75982 
46 1.73735 0.168447 1.70336 1.6242 -0.0102032 1.60479 
47 1.70388 0.146959 1.66592 1.54157 -0.00712415 1.53161 
48 1.39957 0.128612 1.35499 1.22865 -0.0219054 1.20749 
49 1.4136 0.151644 1.37649 1.25351 -0.0116211 1.24568 
50 1.28484 0.133 1.25052 1.14582 -0.018163 1.12656 
51 1.28367 0.145622 1.24778 1.15182 -0.0138563 1.14136 
52 1.05337 0.0995469 1.01517 0.911122 -0.0197962 0.897339 
53 1.04055 0.112321 1.00541 0.920534 -0.0158661 0.907869 
54 0.890199 0.0727417 0.849524 0.734197 -0.0211364 0.720721 
55 0.766967 0.0772233 0.744659 0.62786 -0.00464966 0.620011 
56 0.747124 0.068954 0.717874 0.627356 -0.0152636 0.617314 
57 0.701629 0.0663249 0.662894 0.566379 -0.0181287 0.549191 
58 0.618376 0.0546516 0.580999 0.467565 -0.00962654 0.452881 
59 0.472268 0.015534 0.45148 0.344079 -0.0142665 0.33988 
60 0.494959 0.0312617 0.461283 0.34753 -0.0155059 0.336763 
61 0.479912 0.0331124 0.452015 0.328969 -0.0279077 0.324912 
62 0.359983 0.00777625 0.331289 0.236748 -0.00721167 0.237348 
63 0.32617 -0.00206786 0.299125 0.201598 -0.024988 0.198333 
64 0.302729 -0.0142604 0.274475 0.161635 -0.0321503 0.16557 
65 0.28046 -0.0222803 0.249121 0.134793 -0.0239737 0.123761 
66 0.257833 -0.0261829 0.222342 0.120597 -0.0188616 0.114927 
67 0.225532 -0.0277411 0.198291 0.089844 -0.0131694 0.0890425 
68 0.24487 -0.0258289 0.218336 0.0955564 -0.0189244 0.0880444 
69 0.177475 -0.0429859 0.153901 0.0519528 -0.0276182 0.0405553 
70 0.174869 -0.040925 0.152503 0.0451794 -0.0271056 0.0453115 
71 0.17551 -0.0392225 0.149025 0.0233002 -0.03041 0.0165487 
72 0.120434 -0.044834 0.104823 0.0189167 -0.0069468 0.0151038 
73 0.138897 -0.0429596 0.116624 0.0168814 -0.00947932 0.0193687 
74 0.158243 -0.0431556 0.125136 0.0191333 -0.0247238 0.013776 
75 0.114214 -0.0470339 0.0936804 -0.000574995 -0.0218276 0.00383408 
76 0.106782 -0.039599 0.0889026 -0.00745952 -0.00472906 -0.0061908 
77 0.128109 -0.0399912 0.101814 -0.00752756 -0.0195289 -0.0167264 
78 0.116115 -0.0421835 0.09237 -0.0129789 -0.0171069 -0.00691346 
79 0.101928 -0.041236 0.0762044 -0.0139755 -0.0118682 -0.0224232 
80 0.123945 -0.0384262 0.104473 -0.0149931 -0.0145509 -0.0198499 
81 0.0924746 -0.0451239 0.0741047 -0.0165111 -0.0105471 -0.0144114 
82 0.117611 -0.0403981 0.0841636 -0.0227182 -0.0142754 -0.030112 
83 0.0980301 -0.0414397 0.0796137 -0.0208891 -0.0167609 -0.0199731 
84 0.0933336 -0.0388275 0.0709723 -0.0249895 -0.00117729 -0.0206098 
85 0.0967349 -0.0397488 0.0723862 -0.01878 -0.0186339 -0.0268371 
86 0.0995825 -0.0375912 0.0811738 -0.0264512 -0.0106105 -0.0289927 
87 0.0906472 -0.0366871 0.0733896 -0.0184323 -0.00794524 -0.0162028 
88 0.10317 -0.0349918 0.082697 -0.0299368 -0.0172617 -0.02724 
89 0.104187 -0.0304555 0.0851364 -0.0321139 -0.00672758 -0.0351572 
90 0.102959 -0.0350503 0.0746136 -0.028398 -0.0202639 -0.0342191 
91 0.0896112 -0.0357833 0.066439 -0.0265354 -0.014044 -0.027954 
92 0.0987538 -0.0319864 0.0704556 -0.0325051 -0.0119192 -0.0373861 
93 0.107968 -0.0276352 0.0812926 -0.0254252 0.00217305 -0.0292725 
94 0.0782951 -0.0333982 0.0674503 -0.0282915 -0.00541963 -0.0271199 
95 0.0865534 -0.0304284 0.0719622 -0.0284615 -0.00639174 -0.0282258 
96 0.0891292 -0.0320107 0.0738961 -0.0336406 -0.0142023 -0.034902 
97 0.0719201 -0.0311563 0.057548 -0.0240445 -0.00453267 -0.0274377 
98 0.0888943 -0.0297197 0.0716227 -0.0323621 -0.00219597 -0.0310657 
99 0.10714 -0.0321142 0.0787272 -0.0324976 -0.00581723 -0.0329619 
100 0.0810196 -0.0298676 0.0616316 -0.0299303 -0.00584147 -0.0302035 
101 0.0914233 -0.0287287 0.074178 -0.0338736 -0.0135546 -0.0336448 
102 0.0946236 -0.0271989 0.0703065 -0.0338154 -0.000753687 -0.0348907 
103 0.0894696 -0.0254566 0.0710356 -0.0305944 -0.00584053 -0.0315947 
104 0.0739434 -0.0269469 0.0608952 -0.0274235 -0.00952391 -0.02593 
105 0.0837496 -0.0274006 0.0566526 -0.0336933 0.00132847 -0.0307912 
106 0.0883812 -0.0270512 0.0701209 -0.0290905 -0.00454372 -0.0210073 
107 0.0818129 -0.024835 0.0591533 -0.032641 0.00237538 -0.032143 
108 0.0772319 -0.0265029 0.0634945 -0.0330886 0.000868582 -0.0334947 
109 0.101082 -0.0164482 0.0723078 -0.0423563 0.0118859 -0.0380697 
110 0.0771653 -0.0195819 0.0654981 -0.0404104 0.00673226 -0.0410195 
111 0.122156 -0.0206231 0.0772417 -0.0417765 -0.00526566 -0.0347947 
112 0.0894337 -0.0197673 0.0615637 -0.0273907 -0.000882322 -0.0206494 
113 0.0879732 -0.0221175 0.0533148 -0.0398526 -0.00694708 -0.0249754 
114 0.0842082 -0.0230158 0.0657271 -0.0362726 -0.00242773 -0.0346281 
115 0.102762 -0.0210772 0.0755349 -0.0345698 -0.00615258 -0.0329642 
116 0.0889588 -0.0246184 0.0653749 -0.0319003 -0.000307986 -0.0269625 
117 0.0979145 -0.0221413 0.0782376 -0.034737 -0.00186028 -0.0299019 
118 0.0998622 -0.019654 0.0798028 -0.0286768 -0.00453754 -0.0215179 
119 0.0839381 -0.0163313 0.0581681 -0.0236945 -0.00796943 -0.0110383 
120 0.110758 -0.0177537 0.0803104 -0.0178352 0.00335502 -0.0147661 
121 0.116506 -0.0176513 0.0801127 -0.0406741 0.00363226 -0.0316315 
122 0.116444 -0.0214138 0.0768872 -0.0324911 0.0078592 -0.0178686 
123 0.139684 -0.0182617 0.102297 -0.0255442 0.00485327 -0.00168966 
124 0.141799 -0.0186913 0.101014 -0.0273791 -0.014896 -0.00279303 
125 0.126835 -0.0164884 0.097255 -0.0105998 -0.0194638 -0.000914702 
126 0.160381 -0.0146058 0.116978 -0.0327733 -0.00960662 -0.018093 
127 0.14059 -0.021631 0.110385 -0.00339537 -0.0143612 0.0150456 
128 0.161385 -0.0189085 0.120286 -0.0134504 -0.00680285 0.00719336 
129 0.187555 -0.00879918 0.132635 0.01707 -0.0433573 0.0477073 
130 0.172896 -0.0158274 0.137844 0.0256093 -0.042897 0.0384997 
131 0.197526 -0.0144547 0.147266 0.0190089 -0.0330057 0.0397325 
132 0.231485 -0.0210255 0.178574 0.0427391 -0.0463538 0.0741087 
133 0.236467 -0.0171467 0.189919 0.0582536 -0.0358876 0.0778094 
134 0.272858 -0.0212242 0.217147 0.0786064 -0.0586617 0.103542 
135 0.310338 -0.0302054 0.256405 0.0883991 -0.0488061 0.12637 
136 0.320328 -0.0356771 0.261308 0.0669118 -0.0636559 0.109805 
137 0.304932 -0.0323001 0.234682 0.0586608 -0.0328776 0.097967 
138 0.401079 -0.0400024 0.30622 0.0971493 -0.0846648 0.15724 
139 0.393337 -0.0533179 0.308799 0.0986874 -0.0862658 0.156919 
140 0.399199 -0.0605037 0.340402 0.11664 -0.0771371 0.161479 
141 0.383839 -0.0842436 0.329509 0.0941762 -0.0746546 0.125657 
142 0.452634 -0.0938542 0.35104 0.0795153 -0.0751167 0.155387 
143 0.432077 -0.107134 0.332328 0.0636603 -0.0698322 0.140187 
144 0.457718 -0.129061 0.360195 0.0548894 -0.0326249 0.121467 
145 0.504436 -0.135567 0.398187 0.0417095 -0.0923236 0.126038 
146 0.430407 -0.167196 0.359327 -0.00106788 -0.0306114 0.043461 
147 0.521746 -0.15366 0.403102 0.0133089 -0.0682046 0.083891 
148 0.485407 -0.154178 0.376887 -0.0424254 -0.0826914 0.0453798 
149 0.51461 -0.160368 0.411238 -0.0556161 -0.0753472 0.0196472 
150 0.508197 -0.160219 0.395915 -0.0892997 -0.0404975 -0.0244796 
151 0.545571 -0.16592 0.421514 -0.117604 -0.0655625 -0.0393635 
152 0.512344 -0.153805 0.414175 -0.101064 -0.0850133 -0.0261253 
153 0.509349 -0.166382 0.411879 -0.142188 -0.0476739 -0.071748 
154 0.505121 -0.167978 0.401024 -0.192632 -0.0360252 -0.142633 
155 0.458843 -0.158312 0.381507 -0.193652 -0.0301876 -0.14562 
156 0.492176 -0.142247 0.40668 -0.193816 -0.0692186 -0.131167 
157 0.518127 -0.140187 0.374287 -0.23784 -0.0584052 -0.14388 
158 0.533891 -0.129673 0.391837 -0.256028 -0.0109741 -0.168429 
159 0.462813 -0.118895 0.368535 -0.246745 -0.0203401 -0.179566 
160 0.475271 -0.113227 0.360344 -0.289765 -0.00499304 -0.214351 
161 0.475189 -0.0783184 0.332647 -0.32438 -0.00779725 -0.229745 
162 0.419542 -0.0708391 0.313737 -0.258502 0.0171509 -0.224445 
163 0.400014 -0.079319 0.307449 -0.27208 0.00228144 -0.237071 
164 0.519852 -0.0563358 0.347799 -0.341534 -0.0424429 -0.231467 
165 0.393456 -0.0470628 0.306876 -0.276861 -0.00872755 -0.228873 
166 0.430918 -0.0402335 0.351529 -0.315345 0.0196342 -0.283372 
167 0.426584 -0.032858 0.33096 -0.303026 -0.0327848 -0.26718 
168 0.388756 -0.026215 0.299514 -0.309626 0.00291957 -0.249766 
169 0.554102 -0.0318018 0.380287 -0.322474 -0.10147 -0.28877 
170 0.486007 -0.0138641 0.349342 -0.316943 -0.0396291 -0.213917 
171 0.385487 -0.0183143 0.276648 -0.316153 -0.0189217 -0.2576 
172 0.382728 -0.00612503 0.278637 -0.228415 0.0457061 -0.226722 
173 0.356498 -0.0155048 0.276267 -0.264838 0.0128863 -0.255297 
174 0.306733 -0.00319367 0.244383 -0.239905 -0.0015377 -0.190034 
175 0.341171 -0.019924 0.246459 -0.264176 -0.0176514 -0.231496 
176 0.442254 0.0081142 0.315915 -0.267421 0.0595484 -0.230328 
177 0.34708 -0.00260581 0.216341 -0.245917 -0.017202 -0.171088 
178 0.369998 0.0136492 0.249916 -0.289377 0.0463242 -0.190295 
179 0.255286 0.00911168 0.235288 -0.24375 0.00117942 -0.232234 
180 0.132772 -1.32493e-05 0.132046 -0.132482 3.01705e-05 -0.131966 
