0 0 0 0 0 0 0 0 0 0 0 0 0 0 0 0 0 
1 6.419 -0.202329 -4.96889e-16 0 -0.202329 6.419 -1.8734e-16 1.08939e-16 -5.3426e-16 1.56116e-17 6.41528 -0.0642696 -2.22632e-18 -1.09647e-16 0.0642696 6.41528 
2 1.01877 -0.0641158 1.51749e-16 0 -0.0641158 1.01877 4.6842e-17 -1.07908e-17 1.42593e-16 2.3421e-17 1.01654 -0.0203648 2.31662e-18 1.01247e-17 0.0203648 1.01654 
3 3.92058 -0.345797 -2.38079e-07 -2.7883e-06 -0.345797 3.92058 5.41333e-06 3.95629e-08 3.04384e-07 -5.41637e-06 3.90367 -0.109819 -2.78795e-06 5.25036e-08 0.109819 3.90367 
4 2.57697 -0.304193 -4.22858e-17 0 -0.304193 2.57697 3.51896e-16 -2.28888e-18 -1.20221e-17 -2.74083e-16 2.55704 -0.0965944 -7.51572e-19 -9.09338e-18 0.0965944 2.55704 
5 3.22198 -0.480336 -6.31577e-17 0 -0.480336 3.22198 2.25082e-16 2.43156e-17 -4.55115e-17 -2.33483e-16 3.18223 -0.152495 1.55948e-18 -3.67382e-17 0.152495 3.18223 
6 3.86004 -0.687907 4.29726e-06 2.00671e-05 -0.687907 3.86004 -3.91039e-05 -7.34699e-07 -3.97108e-06 3.90726e-05 3.79183 -0.218281 2.00704e-05 -6.68361e-07 0.218281 3.79183 
7 4.47228 -0.922936 7.71309e-17 0 -0.922936 4.47228 -2.15184e-16 -2.73858e-19 4.1806e-17 1.84443e-16 4.36599 -0.292854 2.52926e-18 1.58244e-17 0.292854 4.36599 
8 3.55025 -0.840591 3.92578e-05 0.000154622 -0.840591 3.55025 -0.000302135 -6.35357e-06 -4.45145e-05 0.000302812 3.43881 -0.266494 0.000154595 -7.79087e-06 0.266494 3.43881 
9 3.77988 -1.01074 -1.90442e-06 -6.27747e-06 -1.01074 3.77988 1.22735e-05 3.23379e-07 1.8579e-06 -1.22671e-05 3.62797 -0.320414 -6.27837e-06 3.15569e-07 0.320414 3.62797 
10 3.54507 -1.06033 -3.05499e-05 -9.38694e-05 -1.06033 3.54507 0.000183149 5.04611e-06 3.58964e-05 -0.000184047 3.36592 -0.335908 -9.37905e-05 6.22726e-06 0.335908 3.36592 
11 4.06336 -1.32087 4.51439e-06 1.39409e-05 -1.32087 4.06336 -2.70868e-05 -7.6455e-07 -5.64461e-06 2.72787e-05 3.81968 -0.418373 1.39157e-05 -9.63815e-07 0.418373 3.81968 
12 2.74903 -0.968042 3.4353e-05 0.000105263 -0.968042 2.74903 -0.000204408 -4.9763e-06 -5.4241e-05 0.00020838 2.55455 -0.306432 0.000105039 -1e-05 0.306432 2.55455 
13 2.34618 -0.890641 -9.37923e-17 0 -0.890641 2.34618 1.69417e-16 4.20516e-18 -2.02256e-17 -1.02195e-16 2.15208 -0.281828 -9.54224e-19 -1.57645e-17 0.281828 2.15208 
14 3.08444 -1.25472 5.91513e-06 1.2503e-05 -1.25472 3.08444 -2.46842e-05 -1.00574e-06 -5.93679e-06 2.4689e-05 2.7895 -0.396676 1.25023e-05 -1.00928e-06 0.396676 2.7895 
15 3.33209 -1.45221 -2.67324e-05 -4.67245e-05 -1.45221 3.33209 9.27454e-05 4.57354e-06 2.22631e-05 -9.16622e-05 2.96355 -0.458822 -4.68583e-05 3.76943e-06 0.458822 2.96355 
16 2.57907 -1.19359 -3.84424e-17 0 -1.19359 2.57907 -2.90673e-17 1.07576e-17 -5.86221e-17 8.22288e-17 2.25484 -0.376919 -4.30439e-18 -5.36711e-18 0.376919 2.25484 
17 2.58947 -1.25691 -6.52329e-18 0 -1.25691 2.58947 6.21168e-17 -5.63889e-19 1.68856e-17 -3.87611e-17 2.22883 -0.396658 2.73848e-18 -5.1764e-18 0.396658 2.22883 
18 3.11576 -1.59722 -7.63547e-05 -0.00012308 -1.59722 3.11576 0.000247302 1.47251e-05 7.59072e-05 -0.000246867 2.62729 -0.50344 -0.000122076 1.08404e-05 0.50344 2.62729 
19 2.60798 -1.40205 -6.42565e-17 0 -1.40205 2.60798 1.87251e-17 1.27112e-17 -5.38301e-17 -1.70514e-17 2.15411 -0.441719 -2.77319e-18 -1.5868e-17 0.441719 2.15411 
20 2.70367 -1.52093 0.00012145 0.000176257 -1.52093 2.70367 -0.000353764 -2.06556e-05 -0.000119699 0.000353151 2.18336 -0.478403 0.000176345 -2.03928e-05 0.478403 2.18337 
21 2.2127 -1.29812 -0.000148663 -0.00019338 -1.29812 2.2127 0.000393514 2.53905e-05 0.000135557 -0.000389116 1.74471 -0.408035 -0.000193778 2.27149e-05 0.408035 1.74471 
22 2.51111 -1.52853 0.000135463 0.000175054 -1.52853 2.5111 -0.000356032 -2.30068e-05 -0.000131792 0.00035476 1.93344 -0.480039 0.000175182 -2.2302e-05 0.480039 1.93344 
23 2.63437 -1.66477 5.06476e-17 0 -1.66477 2.63437 1.74436e-17 -1.49745e-17 5.8863e-17 -4.5336e-17 1.97351 -0.522512 2.94113e-18 5.46067e-18 0.522512 1.97351 
24 1.92518 -1.25807 6.59205e-05 7.50847e-05 -1.25807 1.92518 -0.00015441 -1.12232e-05 -6.22566e-05 0.000153013 1.4028 -0.394219 7.52674e-05 -1.06476e-05 0.394219 1.4028 
25 1.92054 -1.29572 -0.000116791 -0.000122548 -1.29572 1.92054 0.00025306 2.00597e-05 9.6597e-05 -0.000245108 1.35819 -0.405641 -0.000123415 1.63633e-05 0.405641 1.35819 
26 1.92903 -1.34089 -2.64468e-05 -2.8484e-05 -1.34089 1.92903 5.89211e-05 4.50244e-06 2.47578e-05 -5.82467e-05 1.32174 -0.41926 -2.85763e-05 4.25084e-06 0.41926 1.32174 
27 1.77831 -1.27139 -1.42535e-17 0 -1.27139 1.77831 6.1515e-18 6.78979e-19 -2.14031e-18 -3.63839e-18 1.17806 -0.397297 -9.09076e-20 -3.9197e-18 0.397297 1.17806 
28 1.87248 -1.37575 -1.12444e-18 0 -1.37575 1.87248 -5.73101e-18 1.15879e-18 1.66165e-18 1.012e-17 1.19535 -0.429373 1.97143e-18 -2.22168e-18 0.429373 1.19535 
29 1.93891 -1.46122 -1.19117e-17 0 -1.46122 1.93891 -1.22849e-17 8.79357e-18 -2.87834e-17 3.13663e-17 1.19014 -0.455465 -1.24184e-19 -3.77151e-18 0.455465 1.19014 
30 1.5702 -1.21129 0.000115221 0.000112622 -1.21129 1.5702 -0.000233058 -1.98166e-05 -0.000125735 0.000238002 0.925229 -0.376791 0.000112004 -2.14172e-05 0.376791 0.925232 
31 1.99777 -1.57289 -4.68838e-05 -4.35704e-05 -1.57289 1.99777 9.14319e-05 8.07092e-06 4.90493e-05 -9.24684e-05 1.1304 -0.488724 -4.34302e-05 8.37093e-06 0.488724 1.1304 
32 1.75109 -1.40811 1.43963e-17 0 -1.40811 1.75109 -9.39939e-18 1.09419e-18 -3.41322e-18 6.99733e-18 0.944571 -0.437174 5.58171e-21 1.18195e-18 0.437174 0.944571 
33 1.44308 -1.18174 4.59066e-17 0 -1.18174 1.44308 -2.23123e-17 -1.25635e-17 5.08416e-17 -3.37128e-17 0.742689 -0.366399 5.12241e-18 1.00716e-17 0.366399 0.742689 
34 1.98077 -1.652 -5.48049e-18 0 -1.652 1.98077 1.24246e-17 -4.94432e-18 2.36495e-17 -3.03192e-17 0.965654 -0.511441 4.0964e-18 -2.94389e-18 0.511441 0.965654 
35 1.4907 -1.26294 -8.7285e-18 0 -1.26294 1.4907 3.13514e-17 -8.37964e-18 2.70286e-17 -3.53593e-17 0.688879 -0.390443 1.75622e-20 -2.76106e-18 0.390443 0.688879 
36 1.46611 -1.26143 -2.55525e-17 0 -1.26143 1.46611 2.77036e-17 -2.14232e-18 7.8003e-18 -2.44371e-17 0.637584 -0.389378 6.23342e-19 -9.81034e-18 0.389378 0.637584 
37 1.54129 -1.34502 3.38488e-17 0 -1.34502 1.54129 -3.25489e-17 -1.16118e-17 3.53842e-17 -2.26481e-17 0.62808 -0.414534 -1.55235e-18 1.08709e-17 0.414534 0.62808 
38 1.52426 -1.34697 -3.01003e-17 0 -1.34697 1.52426 2.08206e-17 1.06048e-17 -3.4139e-17 1.65818e-17 0.580575 -0.414499 3.12616e-19 -1.13663e-17 0.414499 0.580575 
39 1.4965 -1.33912 4.08253e-18 0 -1.33912 1.4965 -2.04431e-17 4.86695e-18 -1.53758e-17 1.74201e-17 0.526202 -0.411376 3.01739e-19 6.80703e-19 0.411376 0.526202 
40 1.34883 -1.21916 5.80177e-18 0 -1.21916 1.34883 -9.40469e-18 -2.59064e-18 8.94078e-18 -1.14976e-17 0.439361 -0.37395 4.59757e-19 4.53677e-19 0.37395 0.439361 
41 1.34585 -1.22839 2.45221e-17 0 -1.22839 1.34585 -1.56532e-17 -6.34287e-18 2.16831e-17 -1.67133e-17 0.400947 -0.376152 8.76978e-19 5.13121e-18 0.376152 0.400947 
42 1.39299 -1.28262 -3.73466e-18 0 -1.28262 1.39299 3.09843e-18 -5.44768e-18 1.85473e-17 -1.80927e-17 0.376077 -0.39209 6.77094e-19 7.5234e-19 0.39209 0.376077 
43 1.29073 -1.19762 2.39265e-17 0 -1.19762 1.29073 -2.54309e-17 -1.19994e-18 2.73055e-18 3.8936e-18 0.313009 -0.365483 -1.29407e-18 7.138e-18 0.365483 0.313009 
44 1.28223 -1.19792 -1.50148e-18 0 -1.19792 1.28223 -5.36854e-18 1.09478e-17 -3.73113e-17 3.74649e-17 0.275325 -0.364938 -1.82999e-18 -1.2165e-18 0.364938 0.275325 
45 1.16279 -1.09332 1.01236e-17 0 -1.09332 1.16279 -1.44675e-17 2.78459e-18 -8.16983e-18 1.08827e-17 0.214751 -0.332434 1.50654e-18 4.54554e-19 0.332434 0.214751 
46 1.21568 -1.14855 -1.15997e-18 0 -1.14855 1.21568 -7.45693e-19 7.44224e-18 -2.41287e-17 2.59128e-17 0.192503 -0.348629 6.30008e-19 9.97217e-19 0.348629 0.192503 
47 1.35859 -1.2892 -5.21851e-18 0 -1.2892 1.35859 7.94564e-19 1.90677e-18 -5.21585e-18 5.31965e-18 0.176175 -0.39058 2.40748e-18 -3.04074e-18 0.39058 0.176175 
48 1.18032 -1.12382 -1.79306e-17 0 -1.12382 1.18032 1.49746e-17 7.12383e-18 -2.41416e-17 2.24089e-17 0.120768 -0.339851 -1.65276e-18 -6.30721e-18 0.339851 0.120768 
49 1.13593 -1.08445 -1.58564e-17 0 -1.08445 1.13593 1.68097e-17 2.59046e-18 -8.51391e-18 7.43146e-18 0.0841863 -0.327311 5.21133e-19 -5.17829e-18 0.327311 0.0841863 
50 1.29482 -1.23843 -1.50758e-17 0 -1.23843 1.29482 2.04039e-17 5.49392e-18 -1.8293e-17 1.86021e-17 0.0597884 -0.37306 -5.10415e-20 -4.08953e-18 0.37306 0.0597884 
51 1.18162 -1.13136 2.78501e-17 0 -1.13136 1.18162 -2.13477e-17 -1.15796e-17 3.83992e-17 -3.97446e-17 0.0221876 -0.340142 -1.26478e-18 7.70239e-18 0.340142 0.0221876 
52 1.17241 -1.12288 -3.30198e-17 0 -1.12288 1.17241 2.84818e-17 3.73702e-18 -1.24545e-17 1.30542e-17 -0.00916204 -0.336943 -2.08748e-18 -5.36464e-18 0.336943 -0.00916204 
53 1.03916 -0.994828 -2.2655e-18 0 -0.994828 1.03916 8.73683e-18 8.5459e-19 -2.76881e-18 2.67554e-18 -0.036942 -0.297908 -5.65789e-19 3.66478e-20 0.297908 -0.036942 
54 1.01444 -0.969994 -1.50051e-17 0 -0.969994 1.01444 1.29792e-17 -1.34362e-18 4.42247e-18 -4.21254e-18 -0.064108 -0.289867 2.31529e-19 -2.72713e-18 0.289867 -0.064108 
55 1.0576 -1.00944 -1.57052e-17 0 -1.00944 1.0576 1.95563e-17 2.88407e-18 -9.18079e-18 1.11694e-17 -0.0940783 -0.301057 -1.37951e-18 -2.95332e-18 0.301057 -0.0940783 
56 0.984338 -0.93714 5.70896e-18 0 -0.93714 0.984338 -5.35335e-18 -5.9517e-18 2.05449e-17 -2.21228e-17 -0.113312 -0.278921 -1.36286e-18 3.23351e-18 0.278921 -0.113312 
57 0.972328 -0.922658 9.1421e-18 0 -0.922658 0.972328 -1.28477e-17 -5.8673e-18 1.90671e-17 -2.06643e-17 -0.137784 -0.274025 1.36678e-18 8.21063e-19 0.274025 -0.137784 
58 1.06157 -1.00359 -1.2491e-17 0 -1.00359 1.06157 1.74533e-17 3.6611e-18 -1.18925e-17 1.54101e-17 -0.176632 -0.297458 -7.67349e-19 -2.85763e-18 0.297458 -0.176632 
59 1.02318 -0.962779 -3.09791e-18 0 -0.962779 1.02318 7.507e-18 1.50028e-18 -4.5444e-18 5.66098e-18 -0.197007 -0.284737 -7.76818e-19 -9.88972e-19 0.284737 -0.197007 
60 1.04915 -0.982108 8.70156e-18 0 -0.982108 1.04915 -9.50644e-18 -2.93271e-18 1.02602e-17 -1.19737e-17 -0.228317 -0.289829 -4.12991e-19 2.00629e-18 0.289829 -0.228317 
61 0.87633 -0.815549 6.89722e-18 0 -0.815549 0.87633 -3.39264e-18 8.16942e-19 -3.46203e-18 1.49675e-19 -0.212403 -0.240153 7.31676e-19 2.54326e-18 0.240153 -0.212403 
62 0.98006 -0.906275 -2.73865e-18 0 -0.906275 0.98006 9.01634e-19 3.09667e-18 -1.19332e-17 1.35528e-17 -0.261193 -0.26629 1.38563e-18 -3.80061e-18 0.26629 -0.261193 
63 0.956046 -0.877987 1.75256e-17 0 -0.877987 0.956046 -8.93001e-18 1.97969e-19 -1.49223e-18 -1.28348e-18 -0.277221 -0.257422 7.60855e-19 1.99599e-18 0.257422 -0.277221 
64 1.06961 -0.974797 1.69658e-17 0 -0.974797 1.06961 -2.91444e-17 -8.31567e-18 2.99946e-17 -3.84148e-17 -0.335349 -0.285171 -1.36791e-18 5.52476e-18 0.285171 -0.335349 
65 0.881462 -0.796689 -1.48294e-17 0 -0.796689 0.881462 1.94985e-17 1.25189e-18 -4.46879e-18 1.03517e-17 -0.296901 -0.232542 1.46105e-19 -4.59748e-18 0.232542 -0.296901 
66 0.926923 -0.830302 -2.11591e-17 0 -0.830302 0.926923 2.50619e-17 -3.65013e-18 1.03895e-17 -4.31524e-18 -0.333582 -0.241799 1.5857e-18 -6.5113e-18 0.241799 -0.333582 
67 0.956927 -0.849199 1.5891e-17 0 -0.849199 0.956927 -2.20258e-17 -3.58605e-18 8.7003e-18 -1.66044e-17 -0.365575 -0.246745 2.40815e-18 1.36664e-18 0.246745 -0.365575 
68 0.870152 -0.764708 -1.88942e-18 0 -0.764708 0.870152 7.69312e-18 5.24997e-18 -1.92063e-17 2.10143e-17 -0.350996 -0.221699 6.95559e-19 2.07767e-19 0.221699 -0.350996 
69 0.876537 -0.762317 4.75616e-18 0 -0.762317 0.876537 -4.81316e-18 -7.05752e-19 1.62442e-18 -4.55552e-18 -0.3722 -0.220503 4.90243e-19 1.43528e-18 0.220503 -0.3722 
70 0.94101 -0.809437 -4.30389e-19 0 -0.809437 0.94101 -2.07266e-19 -1.54176e-18 7.93096e-18 -6.59232e-18 -0.419173 -0.233595 -1.46021e-18 2.15761e-19 0.233595 -0.419173 
71 0.953574 -0.810913 -1.77826e-17 0 -0.810913 0.953574 2.62338e-17 2.56546e-18 -6.55402e-18 1.79304e-17 -0.444035 -0.233486 -1.2684e-18 -4.20773e-18 0.233486 -0.444035 
72 0.830297 -0.697451 -1.60005e-17 0 -0.697451 0.830297 1.84115e-17 -2.16876e-19 1.89032e-18 5.66194e-18 -0.403473 -0.200343 -5.43538e-19 -3.32462e-18 0.200343 -0.403473 
73 0.841721 -0.698479 -2.35941e-18 0 -0.698479 0.841721 -4.89689e-20 -2.38712e-18 1.02865e-17 -8.49833e-18 -0.424874 -0.200186 -9.12928e-19 -1.02167e-18 0.200186 -0.424874 
74 0.833785 -0.683066 2.85101e-18 0 -0.683066 0.833785 -7.06941e-18 -1.77093e-18 5.53182e-18 -5.81828e-18 -0.436397 -0.19532 2.86416e-19 -4.58515e-19 0.19532 -0.436397 
75 0.829149 -0.669649 5.17867e-20 0 -0.669649 0.829149 -8.30129e-18 -2.52963e-18 1.09267e-17 -1.23274e-17 -0.45005 -0.191014 -8.61575e-19 1.29659e-18 0.191014 -0.45005 
76 0.88516 -0.7052 -5.49921e-18 0 -0.7052 0.88516 -8.64342e-19 -1.91659e-18 7.945e-18 -8.32039e-18 -0.495874 -0.200697 -4.78715e-19 -9.7787e-19 0.200697 -0.495874 
77 0.85933 -0.674647 5.20151e-18 0 -0.674647 0.85933 -4.083e-18 -5.79117e-19 3.42083e-18 -5.9399e-18 -0.496568 -0.191547 -5.10697e-19 1.5527e-18 0.191547 -0.496568 
78 0.819328 -0.63389 -5.78095e-18 0 -0.63389 0.819328 9.77201e-18 1.33662e-18 -2.09263e-18 6.45392e-18 -0.48705 -0.179562 -9.71538e-19 -7.05617e-19 0.179562 -0.48705 
79 0.847023 -0.644922 -1.1052e-17 0 -0.644922 0.847023 1.65251e-17 -5.82229e-19 2.01493e-18 5.2628e-18 -0.517965 -0.182242 1.02058e-20 -3.25063e-18 0.182242 -0.517965 
80 0.766572 -0.574529 -4.64276e-18 0 -0.574529 0.766572 -8.48147e-18 -3.55598e-18 1.24393e-17 -1.67511e-17 -0.48093 -0.161972 5.22892e-20 -5.65215e-19 0.161972 -0.48093 
81 0.988665 -0.728774 -1.33948e-17 0 -0.728774 0.988665 1.72262e-17 1.40599e-18 -2.93345e-18 1.73067e-17 -0.635849 -0.204966 -6.59839e-19 -3.02671e-18 0.204966 -0.635849 
82 0.918244 -0.666035 -9.92002e-19 0 -0.666035 0.918244 -9.55246e-18 -3.28186e-18 1.01855e-17 -1.47527e-17 -0.603831 -0.186897 4.77529e-19 -1.16961e-18 0.186897 -0.603831 
83 0.805214 -0.573947 -4.79599e-18 0 -0.573947 0.805214 5.51862e-18 7.17701e-19 1.04024e-18 -1.11264e-18 -0.541404 -0.160672 -1.07394e-18 6.89601e-19 0.160672 -0.541404 
84 0.825035 -0.577473 -3.51013e-19 0 -0.577473 0.825035 -6.14594e-18 -2.01464e-18 9.06407e-18 -1.2621e-17 -0.566726 -0.161268 -5.07961e-19 4.87994e-19 0.161268 -0.566726 
85 0.82761 -0.568487 -1.39742e-18 0 -0.568487 0.82761 1.29315e-17 2.16564e-18 -8.43852e-18 1.22798e-17 -0.580223 -0.158371 1.69829e-19 -3.1677e-19 0.158371 -0.580223 
86 0.891114 -0.601472 -5.21046e-18 0 -0.601472 0.891114 1.09277e-17 8.3478e-19 -1.09908e-19 1.05463e-17 -0.63588 -0.167188 -7.66451e-19 -1.857e-18 0.167188 -0.63588 
87 0.757429 -0.501478 -9.79966e-19 0 -0.501478 0.757429 1.66378e-17 3.13122e-18 -1.26983e-17 2.23347e-17 -0.550331 -0.139061 3.66676e-19 -1.55634e-18 0.139061 -0.550331 
88 0.789884 -0.51271 4.78694e-18 0 -0.51271 0.789884 -1.94023e-17 -3.52885e-18 1.28477e-17 -2.69272e-17 -0.583875 -0.141835 -3.55048e-20 1.41026e-18 0.141835 -0.583875 
89 0.777384 -0.494729 -1.96925e-18 0 -0.494729 0.777384 -9.84627e-19 -1.80163e-18 4.3751e-18 -8.20593e-18 -0.583874 -0.136542 4.95113e-19 -4.90451e-19 0.136542 -0.583874 
90 0.793359 -0.494693 -2.61605e-18 0 -0.494693 0.793359 1.15732e-17 1.65191e-18 -4.12292e-18 1.06739e-17 -0.605085 -0.13621 -4.14996e-19 -1.85188e-19 0.13621 -0.605085 
91 0.725803 -0.443204 3.78948e-19 0 -0.443204 0.725803 -1.19928e-17 -1.30245e-18 5.54195e-18 -1.07417e-17 -0.561717 -0.121745 -1.75075e-19 1.24682e-18 0.121745 -0.561717 
92 0.878951 -0.52577 7.74137e-18 0 -0.52577 0.878951 -5.26244e-18 5.38134e-19 -3.98785e-18 -5.79971e-18 -0.689448 -0.144097 4.21643e-19 1.22189e-18 0.144097 -0.689448 
93 0.779024 -0.45591 -5.58805e-18 0 -0.45591 0.779024 1.26306e-17 9.67252e-19 -6.28846e-18 1.63813e-17 -0.61925 -0.124655 5.58153e-19 -1.67904e-18 0.124655 -0.61925 
94 0.771309 -0.441475 -3.75548e-18 0 -0.441475 0.771309 4.42976e-18 9.56096e-19 -6.99006e-19 1.06327e-17 -0.620887 -0.120426 -5.39789e-19 -1.15198e-18 0.120426 -0.620887 
95 0.78332 -0.438399 -9.89306e-19 0 -0.438399 0.78332 -2.44442e-18 -2.37166e-19 2.7485e-18 -4.22218e-18 -0.638083 -0.11931 -3.47029e-19 4.78627e-19 0.11931 -0.638083 
96 0.754403 -0.412889 -2.22059e-19 0 -0.412889 0.754403 8.52865e-18 3.12106e-19 -3.35718e-18 3.86275e-18 -0.621341 -0.112114 3.91177e-19 -6.01297e-19 0.112114 -0.621341 
97 0.712074 -0.380618 2.53061e-18 0 -0.380618 0.712074 -2.05022e-17 -1.70814e-18 7.74211e-18 -2.01591e-17 -0.592905 -0.10311 -2.54456e-19 1.44009e-18 0.10311 -0.592905 
98 0.799231 -0.416922 1.61886e-18 0 -0.416922 0.799231 -7.41745e-18 -5.62003e-19 4.61207e-18 -5.62636e-18 -0.672486 -0.112679 -4.29275e-19 4.63758e-19 0.112679 -0.672486 
99 0.862002 -0.439025 -1.47627e-19 0 -0.439025 0.862002 5.18228e-18 -4.26859e-19 -1.96528e-18 7.23882e-18 -0.732309 -0.118384 5.75186e-19 -1.16197e-18 0.118384 -0.732309 
100 0.713722 -0.354644 4.38447e-18 0 -0.354644 0.713722 -1.17344e-17 -8.65236e-19 1.2176e-18 -3.29403e-18 -0.611975 -0.0954125 3.0973e-19 -3.26917e-20 0.0954125 -0.611975 
101 0.804681 -0.390173 3.62319e-18 0 -0.390173 0.804681 -6.85389e-18 1.04119e-19 8.32865e-19 -6.79318e-18 -0.695913 -0.104739 -1.82554e-19 1.23648e-18 0.104739 -0.695913 
102 0.821879 -0.388631 5.17163e-18 0 -0.388631 0.821879 -2.17017e-18 5.5316e-19 -6.53395e-18 1.11365e-18 -0.71666 -0.104094 6.5546e-19 8.67945e-19 0.104094 -0.71666 
103 0.734814 -0.338384 -9.41449e-18 0 -0.338384 0.734814 -5.13269e-18 -1.94912e-18 1.38409e-17 -1.08115e-17 -0.645958 -0.0904277 -9.16431e-19 -7.29653e-19 0.0904277 -0.645958 
104 0.813284 -0.364853 1.59377e-18 0 -0.364853 0.813284 -6.26977e-18 -6.94889e-20 2.44733e-18 -4.65516e-18 -0.720304 -0.0972857 -3.00042e-19 8.4926e-19 0.0972857 -0.720304 
105 0.834366 -0.364364 -3.92311e-18 0 -0.364364 0.834366 -7.75698e-18 -4.68532e-19 5.6046e-18 -1.21236e-17 -0.74431 -0.0969393 -5.01977e-19 9.22519e-19 0.0969393 -0.74431 
106 0.781091 -0.331727 -4.38503e-18 0 -0.331727 0.781091 -2.94291e-18 -4.75627e-19 2.31691e-18 -2.60743e-18 -0.701638 -0.088058 -6.25483e-20 -5.25085e-19 0.088058 -0.701638 
107 0.689032 -0.284817 2.0485e-18 0 -0.284817 0.689032 -1.36873e-17 -4.36345e-19 2.5143e-18 -1.0466e-17 -0.622853 -0.0754442 -1.06458e-19 1.10077e-18 0.0754442 -0.622853 
108 0.769547 -0.309639 1.59649e-18 0 -0.309639 0.769547 -5.66641e-18 -1.40561e-19 -4.45798e-18 -1.15852e-18 -0.699728 -0.081849 5.87809e-19 -3.31385e-19 0.081849 -0.699728 
109 0.792082 -0.309381 -3.23067e-18 0 -0.309381 0.792082 6.09814e-18 9.40326e-20 8.54826e-19 1.14454e-17 -0.724575 -0.0815982 -1.32797e-19 -5.17598e-19 0.0815982 -0.724575 
110 0.795508 -0.30176 -1.99395e-18 0 -0.30176 0.795508 7.22261e-18 -2.18373e-19 1.43847e-18 3.64245e-18 -0.73175 -0.0794173 -5.99518e-20 -7.72436e-19 0.0794173 -0.73175 
111 0.782384 -0.288292 6.79223e-18 0 -0.288292 0.782384 -2.52868e-17 -7.53571e-19 4.37336e-18 -2.69404e-17 -0.723375 -0.075715 -1.5637e-19 1.69058e-18 0.075715 -0.723375 
112 0.712627 -0.254717 -2.93801e-18 0 -0.254717 0.712627 1.51876e-17 3.54381e-19 -2.63051e-18 1.26348e-17 -0.662188 -0.0667549 1.26591e-19 -7.31776e-19 0.0667549 -0.662188 
113 0.705231 -0.24447 -3.81145e-18 0 -0.24447 0.705231 -7.11938e-18 -8.02328e-19 7.04287e-18 -7.98943e-18 -0.658401 -0.0639357 -3.86427e-19 -6.27245e-20 0.0639357 -0.658401 
114 0.703793 -0.236573 -2.10636e-18 0 -0.236573 0.703793 7.32215e-18 -5.2961e-21 1.08695e-18 8.40096e-18 -0.659955 -0.0617441 -1.00641e-19 -6.32752e-19 0.0617441 -0.659955 
115 0.844325 -0.275235 1.00684e-17 0 -0.275235 0.844325 -3.43643e-17 -1.62988e-18 3.669e-18 -3.93751e-17 -0.794973 -0.0716919 2.41059e-19 1.74057e-18 0.0716919 -0.794973 
116 0.762861 -0.240749 1.75138e-18 0 -0.240749 0.762861 -3.12969e-18 1.06372e-18 -1.83121e-18 -2.05545e-18 -0.721162 -0.0625808 -2.01969e-19 1.4572e-18 0.0625808 -0.721162 
117 0.783213 -0.239327 8.35546e-19 0 -0.239327 0.783213 8.64334e-18 1.58507e-19 -4.07101e-18 9.50218e-18 -0.743158 -0.0620879 2.93728e-19 -6.53387e-19 0.0620879 -0.743158 
118 0.79532 -0.235205 1.0449e-17 0 -0.235205 0.79532 -2.48022e-17 -1.60445e-19 -3.20258e-18 -2.29724e-17 -0.757297 -0.0608994 3.10208e-19 1.54629e-18 0.0608994 -0.757297 
119 0.766161 -0.218843 4.67035e-18 0 -0.218843 0.766161 -1.09056e-17 -5.89643e-19 1.03757e-18 -1.08898e-17 -0.732057 -0.0565486 1.01029e-19 2.99807e-19 0.0565486 -0.732057 
120 0.724802 -0.200072 8.86808e-18 0 -0.200072 0.724802 -1.52881e-17 -9.7443e-19 -5.63717e-18 -1.52623e-17 -0.694724 -0.0515981 7.00522e-19 -8.08033e-20 0.0515981 -0.694724 
121 0.692096 -0.184688 -3.3183e-19 0 -0.184688 0.692096 2.90874e-17 1.3641e-18 -6.61223e-18 2.86634e-17 -0.665298 -0.0475423 9.16736e-20 -7.13326e-19 0.0475423 -0.665298 
122 0.754035 -0.194284 -1.06948e-17 0 -0.194284 0.754035 3.17577e-17 -1.80745e-19 4.61298e-18 3.01965e-17 -0.72686 -0.049919 -2.68929e-19 -2.08714e-18 0.049919 -0.72686 
123 0.696748 -0.173301 3.56471e-18 0 -0.173301 0.696748 -6.12942e-18 4.50172e-20 -5.28701e-18 -8.29185e-18 -0.673383 -0.0444463 3.38647e-19 4.74618e-19 0.0444463 -0.673383 
124 0.769944 -0.184459 -9.48711e-19 0 -0.184459 0.769944 1.05995e-17 2.30585e-19 -1.24357e-18 1.14731e-17 -0.746026 -0.0472189 2.48462e-20 -6.57374e-19 0.0472189 -0.746026 
125 0.772242 -0.177948 7.62866e-18 0 -0.177948 0.772242 -3.02938e-17 -6.83424e-20 1.19281e-18 -3.35757e-17 -0.750081 -0.0454659 -5.8131e-20 1.77025e-18 0.0454659 -0.750081 
126 0.774915 -0.171936 8.9786e-18 0 -0.171936 0.774915 -4.02452e-17 -1.43363e-18 1.38824e-18 -4.4355e-17 -0.754323 -0.0438515 2.43298e-19 1.09618e-18 0.0438515 -0.754323 
127 0.833028 -0.177639 3.53151e-18 0 -0.177639 0.833028 -1.7399e-17 -6.3004e-19 1.19007e-21 -1.91954e-17 -0.812607 -0.0452241 1.34489e-19 4.9108e-19 0.0452241 -0.812607 
128 0.738672 -0.151853 -4.94798e-18 0 -0.151853 0.738672 3.2874e-18 -3.13329e-19 6.21274e-18 6.63152e-18 -0.721861 -0.0385968 -2.6703e-19 -6.65853e-19 0.0385968 -0.721861 
129 0.788429 -0.155538 7.65549e-19 0 -0.155538 0.788429 -1.54205e-17 -1.98787e-19 2.13759e-18 -1.95783e-17 -0.771924 -0.039464 -7.10038e-20 5.41807e-19 0.039464 -0.771924 
130 0.731929 -0.138737 -1.33555e-18 0 -0.138737 0.731929 3.65102e-18 -1.12948e-19 2.55239e-18 -2.16738e-19 -0.717798 -0.0351431 -1.02827e-19 -2.4891e-19 0.0351431 -0.717798 
131 0.800664 -0.145421 1.69675e-18 0 -0.145421 0.800664 2.50876e-18 2.63326e-19 1.15797e-18 -1.93551e-19 -0.786486 -0.0367737 -1.02722e-19 2.09879e-19 0.0367737 -0.786486 
132 0.736282 -0.128025 -5.56737e-18 0 -0.128025 0.736282 -8.94641e-18 -1.2182e-18 6.22582e-18 -8.72971e-18 -0.724344 -0.0323205 -6.09386e-20 -9.85768e-19 0.0323205 -0.724344 
133 0.737212 -0.122833 -2.41243e-18 0 -0.122833 0.737212 -9.95024e-18 -7.61829e-19 4.33465e-18 -1.1471e-17 -0.726246 -0.030961 -5.58337e-20 -2.91709e-19 0.030961 -0.726246 
134 0.71692 -0.114238 1.1829e-18 0 -0.114238 0.71692 4.59519e-17 1.61622e-18 -8.4382e-18 4.5727e-17 -0.707174 -0.0287487 8.25581e-20 -1.73107e-19 0.0287487 -0.707174 
135 0.677994 -0.103465 3.6845e-18 0 -0.103465 0.677994 -2.77436e-17 -2.69871e-19 -7.01626e-19 -2.96578e-17 -0.669547 -0.0259992 7.15491e-20 8.38602e-19 0.0259992 -0.669547 
136 0.656479 -0.0954579 3.20787e-20 0 -0.0954579 0.656479 -1.99187e-17 -7.24389e-19 3.61152e-18 -2.14684e-17 -0.649058 -0.0239492 -2.48779e-20 1.98888e-19 0.0239492 -0.649058 
137 0.653308 -0.0904982 -1.83117e-18 0 -0.0904982 0.653308 -6.12344e-18 -4.66004e-20 6.19329e-19 -3.73266e-18 -0.646611 -0.0226702 -1.32031e-20 1.25869e-19 0.0226702 -0.646611 
138 0.761844 -0.100693 5.89704e-18 0 -0.100693 0.761844 -6.74402e-18 -1.87725e-19 -5.41934e-18 -5.21071e-18 -0.754738 -0.0251883 2.01068e-19 -2.06774e-20 0.0251883 -0.754738 
139 0.714009 -0.089845 2.0262e-18 0 -0.089845 0.714009 6.55718e-18 2.85803e-19 -2.29515e-18 1.11774e-17 -0.707977 -0.0224427 3.76077e-20 -2.5216e-19 0.0224427 -0.707977 
140 0.784583 -0.0939238 6.95086e-18 0 -0.0939238 0.784583 8.88479e-18 5.47512e-19 -8.54749e-18 7.92114e-18 -0.778587 -0.0234292 1.92549e-19 2.78891e-19 0.0234292 -0.778587 
141 0.772539 -0.0877059 5.42787e-18 0 -0.0877059 0.772539 -1.15745e-17 -4.30965e-19 -3.60775e-18 -9.6736e-18 -0.767232 -0.0218475 1.51816e-19 -3.21326e-20 0.0218475 -0.767232 
142 0.760242 -0.0818406 -1.70765e-18 0 -0.0818406 0.760242 7.68303e-19 4.22455e-20 -6.45863e-19 7.14562e-18 -0.755549 -0.0203592 9.79993e-21 5.73985e-21 0.0203592 -0.755549 
143 0.816014 -0.0833874 -6.04909e-18 0 -0.0833874 0.816014 -1.29842e-17 -2.0158e-20 8.73329e-18 -8.1527e-18 -0.811477 -0.0207181 -2.21167e-19 2.90805e-19 0.0207181 -0.811477 
144 0.782836 -0.0756651 5.54862e-18 0 -0.0756651 0.782836 -3.44713e-17 6.71458e-20 -7.81928e-19 -3.82772e-17 -0.778943 -0.0187756 1.29546e-20 9.08346e-19 0.0187756 -0.778943 
145 0.681082 -0.0619244 5.5133e-18 0 -0.0619244 0.681082 -1.14896e-17 -4.11396e-19 -4.69306e-18 -5.38109e-18 -0.678087 -0.0153456 1.46134e-19 -3.22866e-19 0.0153456 -0.678087 
146 0.730645 -0.062626 5.96677e-18 0 -0.062626 0.730645 2.07e-17 7.3774e-19 -8.70653e-18 2.322e-17 -0.727791 -0.0155007 1.19931e-19 3.1071e-19 0.0155007 -0.727791 
147 0.712318 -0.0576587 8.11333e-19 0 -0.0576587 0.712318 1.78041e-17 8.84185e-20 -3.20086e-19 1.59966e-17 -0.709836 -0.0142554 1.51076e-21 -3.25242e-19 0.0142554 -0.709836 
148 0.780467 -0.0591245 -7.1361e-18 0 -0.0591245 0.780467 -1.13676e-18 -4.47901e-19 8.79618e-18 -5.3213e-18 -0.778086 -0.0146 -1.30816e-19 -2.76503e-19 0.0146 -0.778086 
149 0.728107 -0.0517658 6.26134e-19 0 -0.0517658 0.728107 -1.09604e-17 1.81137e-19 6.84943e-20 -1.31013e-17 -0.726152 -0.0127689 -1.40159e-20 3.78677e-19 0.0127689 -0.726152 
150 0.780734 -0.0519181 -3.31955e-18 0 -0.0519181 0.780734 2.86765e-17 5.28612e-21 3.30309e-18 2.91873e-17 -0.7789 -0.0127925 -5.56781e-20 -4.8266e-19 0.0127925 -0.7789 
151 0.783922 -0.0486441 4.75281e-18 0 -0.0486441 0.783922 -8.32455e-18 2.10239e-20 -4.22933e-18 -3.10854e-18 -0.782319 -0.0119732 6.2947e-20 1.61903e-20 0.0119732 -0.782319 
152 0.787579 -0.0455482 -7.62596e-18 0 -0.0455482 0.787579 -4.99151e-17 -6.766e-20 1.13772e-17 -4.19171e-17 -0.78618 -0.0111999 -1.59148e-19 5.47768e-19 0.0111999 -0.78618 
153 0.740842 -0.0396362 -1.39311e-18 0 -0.0396362 0.740842 2.20929e-17 -2.36776e-19 -1.44125e-18 1.35314e-17 -0.739716 -0.0097361 2.97819e-20 -4.26227e-19 0.0097361 -0.739716 
154 0.67348 -0.0334859 2.29629e-18 0 -0.0334859 0.67348 1.2955e-17 1.85614e-19 -2.07426e-18 6.52849e-18 -0.672597 -0.00821791 1.61492e-20 1.43395e-19 0.00821791 -0.672597 
155 0.698537 -0.0321467 4.76943e-18 0 -0.0321467 0.698537 -2.75658e-17 -1.33973e-19 -2.35801e-18 -2.84875e-17 -0.697752 -0.00788222 3.45803e-20 1.61489e-19 0.00788222 -0.697752 
156 0.738389 -0.0312296 -7.2796e-18 0 -0.0312296 0.738389 -2.07241e-17 4.7113e-20 1.10733e-17 -9.47238e-18 -0.737688 -0.00765043 -1.15658e-19 1.51808e-19 0.00765043 -0.737688 
157 0.735748 -0.0285121 -4.62581e-18 0 -0.0285121 0.735748 3.68594e-17 3.39877e-19 5.12499e-18 3.65325e-17 -0.735162 -0.00697874 -6.17771e-20 2.41743e-20 0.00697874 -0.735162 
158 0.698867 -0.0248339 -1.49698e-17 0 -0.0248339 0.698867 3.37751e-17 -1.57622e-19 1.35791e-17 3.26898e-17 -0.698399 -0.00607369 -1.13385e-19 -4.13693e-19 0.00607369 -0.698399 
159 0.780636 -0.025203 3.66823e-18 0 -0.025203 0.780636 -2.4923e-17 -1.18287e-19 -3.58929e-19 -2.09434e-17 -0.780205 -0.00615907 6.09161e-21 9.63345e-20 0.00615907 -0.780205 
160 0.690355 -0.0202741 -3.09313e-18 0 -0.0202741 0.690355 3.17279e-17 3.21076e-19 3.59054e-18 3.57982e-17 -0.69004 -0.00495101 -3.51196e-20 8.90754e-20 0.00495101 -0.69004 
161 0.740985 -0.0196505 8.46644e-18 0 -0.0196505 0.740985 -3.43921e-17 2.23534e-20 -7.25856e-18 -2.74486e-17 -0.740709 -0.00479538 4.68671e-20 2.17047e-19 0.00479538 -0.740709 
162 0.705909 -0.0167596 1.59485e-18 0 -0.0167596 0.705909 -2.30482e-17 -1.36909e-19 2.00144e-18 -2.88206e-17 -0.705698 -0.00408709 -9.23639e-21 3.71322e-20 0.00408709 -0.705698 
163 0.746081 -0.0157819 8.77369e-18 0 -0.0157819 0.746081 7.83486e-17 -1.40487e-20 -1.22503e-17 8.13081e-17 -0.745904 -0.00384621 6.21808e-20 -3.75654e-19 0.00384621 -0.745904 
164 0.66102 -0.0123828 -7.64813e-18 0 -0.0123828 0.66102 7.2344e-17 1.05046e-19 6.43133e-18 7.6823e-17 -0.660897 -0.00301602 -3.24041e-20 -2.3288e-19 0.00301602 -0.660897 
165 0.614729 -0.0101507 2.89263e-18 0 -0.0101507 0.614729 -1.12837e-17 1.61729e-19 -2.48733e-18 -6.79325e-18 -0.61464 -0.00247099 6.86543e-21 2.22377e-19 0.00247099 -0.61464 
166 0.753123 -0.0108535 -8.35877e-18 0 -0.0108535 0.753123 1.17339e-16 3.96756e-19 9.26146e-18 1.11779e-16 -0.75304 -0.00264069 -3.94811e-20 -5.11425e-20 0.00264069 -0.75304 
167 0.616005 -0.007596 -1.5968e-20 0 -0.007596 0.616005 4.36032e-17 1.21946e-19 2.82297e-18 4.05373e-17 -0.615955 -0.00184717 -9.86974e-21 -3.2823e-20 0.00184717 -0.615955 
168 0.802249 -0.00833416 1.3072e-17 0 -0.00833416 0.802249 -2.91169e-17 -1.73243e-19 -1.55583e-17 -2.84411e-17 -0.802203 -0.00202569 4.08467e-20 -1.0398e-19 0.00202569 -0.802203 
169 0.578285 -0.00511813 -7.38086e-18 0 -0.00511813 0.578285 3.20837e-17 2.04369e-20 7.42778e-18 3.32438e-17 -0.578261 -0.00124353 -1.46098e-20 -6.91999e-20 0.00124353 -0.578261 
170 0.827538 -0.00603118 -1.31823e-17 0 -0.00603118 0.827538 1.05861e-16 2.24391e-19 1.04832e-17 1.00149e-16 -0.827515 -0.0014648 -2.0294e-20 5.37968e-20 0.0014648 -0.827515 
171 0.70535 -0.00414031 -8.55022e-18 0 -0.00414031 0.70535 1.01087e-16 2.44345e-19 4.82681e-18 1.00299e-16 -0.705337 -0.0010052 -6.1285e-21 1.09678e-19 0.0010052 -0.705337 
172 0.590014 -0.00277224 6.65065e-18 0 -0.00277224 0.590014 -2.12809e-16 -7.29962e-20 -3.02559e-18 -2.08879e-16 -0.590007 -0.000672859 3.73964e-21 1.57995e-19 0.000672859 -0.590007 
173 0.610619 -0.00222563 1.23243e-17 0 -0.00222563 0.610619 -1.68759e-16 5.655e-20 -1.32362e-17 -1.60375e-16 -0.610615 -0.000540046 1.21025e-20 1.87455e-19 0.000540046 -0.610615 
174 0.687369 -0.00179092 -1.90199e-17 0 -0.00179092 0.687369 3.17716e-16 1.02029e-19 1.28661e-17 3.14967e-16 -0.687366 -0.000434449 -8.70198e-21 -1.20811e-19 0.000434449 -0.687366 
175 0.529959 -0.000960441 4.45313e-18 0 -0.000960441 0.529959 6.34215e-16 1.24503e-19 -5.71013e-18 6.51408e-16 -0.529958 -0.000232942 2.09446e-21 -1.31273e-19 0.000232942 -0.529958 
176 0.882862 -0.000963718 -2.0747e-17 0 -0.000963718 0.882862 -4.68828e-16 1.46582e-19 1.36897e-17 -4.76884e-16 -0.882861 -0.000233695 -4.09015e-21 2.64664e-19 0.000233695 -0.882861 
177 0.539335 -0.000342738 1.32171e-17 0 -0.000342738 0.539335 -2.0824e-17 7.54228e-20 -1.66415e-17 -1.3015e-17 -0.539335 -8.3102e-05 2.45576e-21 2.47844e-20 8.3102e-05 -0.539335 
178 0.588216 -0.000165804 -1.06985e-17 0 -0.000165804 0.588216 3.30578e-16 4.28943e-20 6.07298e-18 3.36921e-16 -0.588216 -4.01981e-05 -9.75517e-22 -3.05259e-21 4.01981e-05 -0.588216 
179 1.17625 -0.000123541 -6.57353e-18 0 -0.000123541 1.17625 -4.09025e-15 -2.1492e-21 8.86566e-21 -4.07269e-15 -1.17625 -2.99501e-05 -3.15621e-22 8.3256e-20 2.99501e-05 -1.17625 
180 1.17619 -1.37224e-05 5.8707e-17 0 -1.37224e-05 1.17619 -3.76531e-14 4.53815e-20 -6.54786e-17 -3.77156e-14 -1.17619 -3.32665e-06 1.84666e-22 1.51734e-19 3.32665e-06 -1.17619 
