0 0 0 0 0 0 0 
1 6.419 -0.202329 6.419 6.41528 -0.0642696 6.41528 
2 1.01877 -0.0641158 1.01877 1.01654 -0.0203648 1.01654 
3 3.92058 -0.345797 3.92058 3.90367 -0.109819 3.90367 
4 2.57697 -0.304193 2.57697 2.55704 -0.0965944 2.55704 
5 3.22198 -0.480336 3.22198 3.18223 -0.152495 3.18223 
6 3.86004 -0.687907 3.86004 3.79183 -0.218281 3.79183 
7 4.47228 -0.922936 4.47228 4.36599 -0.292854 4.36599 
8 3.55025 -0.840591 3.55025 3.43881 -0.266494 3.43881 
9 3.77988 -1.01074 3.77988 3.62797 -0.320414 3.62797 
10 3.54507 -1.06033 3.54507 3.36592 -0.335908 3.36592 
11 4.06336 -1.32087 4.06336 3.81968 -0.418373 3.81968 
12 2.74903 -0.968042 2.74903 2.55455 -0.306432 2.55455 
13 2.34618 -0.890641 2.34618 2.15208 -0.281828 2.15208 
14 3.08444 -1.25472 3.08444 2.7895 -0.396676 2.7895 
15 3.33209 -1.45221 3.33209 2.96355 -0.458822 2.96355 
16 2.57907 -1.19359 2.57907 2.25484 -0.376919 2.25484 
17 2.58947 -1.25691 2.58947 2.22883 -0.396658 2.22883 
18 3.11576 -1.59722 3.11576 2.62729 -0.50344 2.62729 
19 2.60798 -1.40205 2.60798 2.15411 -0.441719 2.15411 
20 2.70367 -1.52093 2.70367 2.18336 -0.478403 2.18337 
21 2.2127 -1.29812 2.2127 1.74471 -0.408035 1.74471 
22 2.51111 -1.52853 2.5111 1.93344 -0.480039 1.93344 
23 2.63437 -1.66477 2.63437 1.97351 -0.522512 1.97351 
24 1.92518 -1.25807 1.92518 1.4028 -0.394219 1.4028 
25 1.92054 -1.29572 1.92054 1.35819 -0.405641 1.35819 
26 1.92903 -1.34089 1.92903 1.32174 -0.41926 1.32174 
27 1.77831 -1.27139 1.77831 1.17806 -0.397297 1.17806 
28 1.87248 -1.37575 1.87248 1.19535 -0.429373 1.19535 
29 1.93891 -1.46122 1.93891 1.19014 -0.455465 1.19014 
30 1.5702 -1.21129 1.5702 0.925229 -0.376791 0.925232 
31 1.99777 -1.57289 1.99777 1.1304 -0.488724 1.1304 
32 1.75109 -1.40811 1.75109 0.944571 -0.437174 0.944571 
33 1.44308 -1.18174 1.44308 0.742689 -0.366399 0.742689 
34 1.98077 -1.652 1.98077 0.965654 -0.511441 0.965654 
35 1.4907 -1.26294 1.4907 0.688879 -0.390443 0.688879 
36 1.46611 -1.26143 1.46611 0.637584 -0.389378 0.637584 
37 1.54129 -1.34502 1.54129 0.62808 -0.414534 0.62808 
38 1.52426 -1.34697 1.52426 0.580575 -0.414499 0.580575 
39 1.4965 -1.33912 1.4965 0.526202 -0.411376 0.526202 
40 1.34883 -1.21916 1.34883 0.439361 -0.37395 0.439361 
41 1.34585 -1.22839 1.34585 0.400947 -0.376152 0.400947 
42 1.39299 -1.28262 1.39299 0.376077 -0.39209 0.376077 
43 1.29073 -1.19762 1.29073 0.313009 -0.365483 0.313009 
44 1.28223 -1.19792 1.28223 0.275325 -0.364938 0.275325 
45 1.16279 -1.09332 1.16279 0.214751 -0.332434 0.214751 
46 1.21568 -1.14855 1.21568 0.192503 -0.348629 0.192503 
47 1.35859 -1.2892 1.35859 0.176175 -0.39058 0.176175 
48 1.18032 -1.12382 1.18032 0.120768 -0.339851 0.120768 
49 1.13593 -1.08445 1.13593 0.0841863 -0.327311 0.0841863 
50 1.29482 -1.23843 1.29482 0.0597884 -0.37306 0.0597884 
51 1.18162 -1.13136 1.18162 0.0221876 -0.340142 0.0221876 
52 1.17241 -1.12288 1.17241 -0.00916204 -0.336943 -0.00916204 
53 1.03916 -0.994828 1.03916 -0.036942 -0.297908 -0.036942 
54 1.01444 -0.969994 1.01444 -0.064108 -0.289867 -0.064108 
55 1.0576 -1.00944 1.0576 -0.0940783 -0.301057 -0.0940783 
56 0.984338 -0.93714 0.984338 -0.113312 -0.278921 -0.113312 
57 0.972328 -0.922658 0.972328 -0.137784 -0.274025 -0.137784 
58 1.06157 -1.00359 1.06157 -0.176632 -0.297458 -0.176632 
59 1.02318 -0.962779 1.02318 -0.197007 -0.284737 -0.197007 
60 1.04915 -0.982108 1.04915 -0.228317 -0.289829 -0.228317 
61 0.87633 -0.815549 0.87633 -0.212403 -0.240153 -0.212403 
62 0.98006 -0.906275 0.98006 -0.261193 -0.26629 -0.261193 
63 0.956046 -0.877987 0.956046 -0.277221 -0.257422 -0.277221 
64 1.06961 -0.974797 1.06961 -0.335349 -0.285171 -0.335349 
65 0.881462 -0.796689 0.881462 -0.296901 -0.232542 -0.296901 
66 0.926923 -0.830302 0.926923 -0.333582 -0.241799 -0.333582 
67 0.956927 -0.849199 0.956927 -0.365575 -0.246745 -0.365575 
68 0.870152 -0.764708 0.870152 -0.350996 -0.221699 -0.350996 
69 0.876537 -0.762317 0.876537 -0.3722 -0.220503 -0.3722 
70 0.94101 -0.809437 0.94101 -0.419173 -0.233595 -0.419173 
71 0.953574 -0.810913 0.953574 -0.444035 -0.233486 -0.444035 
72 0.830297 -0.697451 0.830297 -0.403473 -0.200343 -0.403473 
73 0.841721 -0.698479 0.841721 -0.424874 -0.200186 -0.424874 
74 0.833785 -0.683066 0.833785 -0.436397 -0.19532 -0.436397 
75 0.829149 -0.669649 0.829149 -0.45005 -0.191014 -0.45005 
76 0.88516 -0.7052 0.88516 -0.495874 -0.200697 -0.495874 
77 0.85933 -0.674647 0.85933 -0.496568 -0.191547 -0.496568 
78 0.819328 -0.63389 0.819328 -0.48705 -0.179562 -0.48705 
79 0.847023 -0.644922 0.847023 -0.517965 -0.182242 -0.517965 
80 0.766572 -0.574529 0.766572 -0.48093 -0.161972 -0.48093 
81 0.988665 -0.728774 0.988665 -0.635849 -0.204966 -0.635849 
82 0.918244 -0.666035 0.918244 -0.603831 -0.186897 -0.603831 
83 0.805214 -0.573947 0.805214 -0.541404 -0.160672 -0.541404 
84 0.825035 -0.577473 0.825035 -0.566726 -0.161268 -0.566726 
85 0.82761 -0.568487 0.82761 -0.580223 -0.158371 -0.580223 
86 0.891114 -0.601472 0.891114 -0.63588 -0.167188 -0.63588 
87 0.757429 -0.501478 0.757429 -0.550331 -0.139061 -0.550331 
88 0.789884 -0.51271 0.789884 -0.583875 -0.141835 -0.583875 
89 0.777384 -0.494729 0.777384 -0.583874 -0.136542 -0.583874 
90 0.793359 -0.494693 0.793359 -0.605085 -0.13621 -0.605085 
91 0.725803 -0.443204 0.725803 -0.561717 -0.121745 -0.561717 
92 0.878951 -0.52577 0.878951 -0.689448 -0.144097 -0.689448 
93 0.779024 -0.45591 0.779024 -0.61925 -0.124655 -0.61925 
94 0.771309 -0.441475 0.771309 -0.620887 -0.120426 -0.620887 
95 0.78332 -0.438399 0.78332 -0.638083 -0.11931 -0.638083 
96 0.754403 -0.412889 0.754403 -0.621341 -0.112114 -0.621341 
97 0.712074 -0.380618 0.712074 -0.592905 -0.10311 -0.592905 
98 0.799231 -0.416922 0.799231 -0.672486 -0.112679 -0.672486 
99 0.862002 -0.439025 0.862002 -0.732309 -0.118384 -0.732309 
100 0.713722 -0.354644 0.713722 -0.611975 -0.0954125 -0.611975 
101 0.804681 -0.390173 0.804681 -0.695913 -0.104739 -0.695913 
102 0.821879 -0.388631 0.821879 -0.71666 -0.104094 -0.71666 
103 0.734814 -0.338384 0.734814 -0.645958 -0.0904277 -0.645958 
104 0.813284 -0.364853 0.813284 -0.720304 -0.0972857 -0.720304 
105 0.834366 -0.364364 0.834366 -0.74431 -0.0969393 -0.74431 
106 0.781091 -0.331727 0.781091 -0.701638 -0.088058 -0.701638 
107 0.689032 -0.284817 0.689032 -0.622853 -0.0754442 -0.622853 
108 0.769547 -0.309639 0.769547 -0.699728 -0.081849 -0.699728 
109 0.792082 -0.309381 0.792082 -0.724575 -0.0815982 -0.724575 
110 0.795508 -0.30176 0.795508 -0.73175 -0.0794173 -0.73175 
111 0.782384 -0.288292 0.782384 -0.723375 -0.075715 -0.723375 
112 0.712627 -0.254717 0.712627 -0.662188 -0.0667549 -0.662188 
113 0.705231 -0.24447 0.705231 -0.658401 -0.0639357 -0.658401 
114 0.703793 -0.236573 0.703793 -0.659955 -0.0617441 -0.659955 
115 0.844325 -0.275235 0.844325 -0.794973 -0.0716919 -0.794973 
116 0.762861 -0.240749 0.762861 -0.721162 -0.0625808 -0.721162 
117 0.783213 -0.239327 0.783213 -0.743158 -0.0620879 -0.743158 
118 0.79532 -0.235205 0.79532 -0.757297 -0.0608994 -0.757297 
119 0.766161 -0.218843 0.766161 -0.732057 -0.0565486 -0.732057 
120 0.724802 -0.200072 0.724802 -0.694724 -0.0515981 -0.694724 
121 0.692096 -0.184688 0.692096 -0.665298 -0.0475423 -0.665298 
122 0.754035 -0.194284 0.754035 -0.72686 -0.049919 -0.72686 
123 0.696748 -0.173301 0.696748 -0.673383 -0.0444463 -0.673383 
124 0.769944 -0.184459 0.769944 -0.746026 -0.0472189 -0.746026 
125 0.772242 -0.177948 0.772242 -0.750081 -0.0454659 -0.750081 
126 0.774915 -0.171936 0.774915 -0.754323 -0.0438515 -0.754323 
127 0.833028 -0.177639 0.833028 -0.812607 -0.0452241 -0.812607 
128 0.738672 -0.151853 0.738672 -0.721861 -0.0385968 -0.721861 
129 0.788429 -0.155538 0.788429 -0.771924 -0.039464 -0.771924 
130 0.731929 -0.138737 0.731929 -0.717798 -0.0351431 -0.717798 
131 0.800664 -0.145421 0.800664 -0.786486 -0.0367737 -0.786486 
132 0.736282 -0.128025 0.736282 -0.724344 -0.0323205 -0.724344 
133 0.737212 -0.122833 0.737212 -0.726246 -0.030961 -0.726246 
134 0.71692 -0.114238 0.71692 -0.707174 -0.0287487 -0.707174 
135 0.677994 -0.103465 0.677994 -0.669547 -0.0259992 -0.669547 
136 0.656479 -0.0954579 0.656479 -0.649058 -0.0239492 -0.649058 
137 0.653308 -0.0904982 0.653308 -0.646611 -0.0226702 -0.646611 
138 0.761844 -0.100693 0.761844 -0.754738 -0.0251883 -0.754738 
139 0.714009 -0.089845 0.714009 -0.707977 -0.0224427 -0.707977 
140 0.784583 -0.0939238 0.784583 -0.778587 -0.0234292 -0.778587 
141 0.772539 -0.0877059 0.772539 -0.767232 -0.0218475 -0.767232 
142 0.760242 -0.0818406 0.760242 -0.755549 -0.0203592 -0.755549 
143 0.816014 -0.0833874 0.816014 -0.811477 -0.0207181 -0.811477 
144 0.782836 -0.0756651 0.782836 -0.778943 -0.0187756 -0.778943 
145 0.681082 -0.0619244 0.681082 -0.678087 -0.0153456 -0.678087 
146 0.730645 -0.062626 0.730645 -0.727791 -0.0155007 -0.727791 
147 0.712318 -0.0576587 0.712318 -0.709836 -0.0142554 -0.709836 
148 0.780467 -0.0591245 0.780467 -0.778086 -0.0146 -0.778086 
149 0.728107 -0.0517658 0.728107 -0.726152 -0.0127689 -0.726152 
150 0.780734 -0.0519181 0.780734 -0.7789 -0.0127925 -0.7789 
151 0.783922 -0.0486441 0.783922 -0.782319 -0.0119732 -0.782319 
152 0.787579 -0.0455482 0.787579 -0.78618 -0.0111999 -0.78618 
153 0.740842 -0.0396362 0.740842 -0.739716 -0.0097361 -0.739716 
154 0.67348 -0.0334859 0.67348 -0.672597 -0.00821791 -0.672597 
155 0.698537 -0.0321467 0.698537 -0.697752 -0.00788222 -0.697752 
156 0.738389 -0.0312296 0.738389 -0.737688 -0.00765043 -0.737688 
157 0.735748 -0.0285121 0.735748 -0.735162 -0.00697874 -0.735162 
158 0.698867 -0.0248339 0.698867 -0.698399 -0.00607369 -0.698399 
159 0.780636 -0.025203 0.780636 -0.780205 -0.00615907 -0.780205 
160 0.690355 -0.0202741 0.690355 -0.69004 -0.00495101 -0.69004 
161 0.740985 -0.0196505 0.740985 -0.740709 -0.00479538 -0.740709 
162 0.705909 -0.0167596 0.705909 -0.705698 -0.00408709 -0.705698 
163 0.746081 -0.0157819 0.746081 -0.745904 -0.00384621 -0.745904 
164 0.66102 -0.0123828 0.66102 -0.660897 -0.00301602 -0.660897 
165 0.614729 -0.0101507 0.614729 -0.61464 -0.00247099 -0.61464 
166 0.753123 -0.0108535 0.753123 -0.75304 -0.00264069 -0.75304 
167 0.616005 -0.007596 0.616005 -0.615955 -0.00184717 -0.615955 
168 0.802249 -0.00833416 0.802249 -0.802203 -0.00202569 -0.802203 
169 0.578285 -0.00511813 0.578285 -0.578261 -0.00124353 -0.578261 
170 0.827538 -0.00603118 0.827538 -0.827515 -0.0014648 -0.827515 
171 0.70535 -0.00414031 0.70535 -0.705337 -0.0010052 -0.705337 
172 0.590014 -0.00277224 0.590014 -0.590007 -0.000672859 -0.590007 
173 0.610619 -0.00222563 0.610619 -0.610615 -0.000540046 -0.610615 
174 0.687369 -0.00179092 0.687369 -0.687366 -0.000434449 -0.687366 
175 0.529959 -0.000960441 0.529959 -0.529958 -0.000232942 -0.529958 
176 0.882862 -0.000963718 0.882862 -0.882861 -0.000233695 -0.882861 
177 0.539335 -0.000342738 0.539335 -0.539335 -8.3102e-05 -0.539335 
178 0.588216 -0.000165804 0.588216 -0.588216 -4.01981e-05 -0.588216 
179 1.17625 -0.000123541 1.17625 -1.17625 -2.99501e-05 -1.17625 
180 1.17619 -1.37224e-05 1.17619 -1.17619 -3.32665e-06 -1.17619 
