0 0 0 0 0 0 0 0 0 0 0 0 0 0 0 0 0 
1 1.05701 -0.0425046 4.29994e-17 0 -0.0425046 1.05701 1.25089e-16 -4.63327e-17 8.72395e-17 -1.87634e-16 1.05607 -0.0135013 -7.49475e-19 4.39767e-17 0.0135013 1.05607 
2 4.09461 -0.249164 -4.70744e-16 0 -0.249164 4.09461 3.08861e-16 1.70387e-16 -5.0988e-16 -2.97132e-16 4.08617 -0.079141 5.19734e-19 -1.77277e-16 0.079141 4.08617 
3 3.90925 -0.356132 4.19089e-16 0 -0.356132 3.90925 -3.1285e-16 -1.65283e-16 3.81358e-16 2.45066e-16 3.89116 -0.113103 -4.13362e-18 1.74838e-16 0.113103 3.89116 
4 4.44795 -0.531672 -2.34771e-06 -1.56176e-05 -0.531672 4.44795 3.03572e-05 3.98578e-07 2.35946e-06 -3.03583e-05 4.41261 -0.168797 -1.56175e-05 4.00424e-07 0.168797 4.41261 
5 2.15125 -0.320646 8.57262e-06 4.2839e-05 -0.320646 2.15125 -8.34836e-05 -1.51294e-06 -7.22073e-06 8.33652e-05 2.12471 -0.101752 4.28454e-05 -1.16402e-06 0.101752 2.12471 
6 3.57171 -0.642044 -8.55971e-16 0 -0.642044 3.57171 -1.03121e-16 2.98923e-16 -9.01456e-16 3.12627e-16 3.50746 -0.20378 2.2687e-18 -2.85256e-16 0.20378 3.50746 
7 4.33468 -0.91286 -8.40343e-06 -3.48141e-05 -0.91286 4.33468 6.7908e-05 1.43107e-06 8.13975e-06 -6.78785e-05 4.22736 -0.289604 -3.4817e-05 1.37589e-06 0.289604 4.22736 
8 2.75908 -0.658166 8.41514e-06 3.23236e-05 -0.658166 2.75908 -6.30687e-05 -1.42343e-06 -8.77358e-06 6.31134e-05 2.6712 -0.208716 3.23186e-05 -1.49386e-06 0.208716 2.6712 
9 3.45296 -0.92076 3.76382e-06 1.50745e-05 -0.92076 3.45296 -2.91965e-05 -6.06668e-07 -5.38634e-06 2.94288e-05 3.31495 -0.291926 1.50515e-05 -9.4836e-07 0.291926 3.31495 
10 3.92761 -1.16438 2.74925e-06 5.42457e-06 -1.16438 3.92761 -1.07957e-05 -4.80498e-07 -8.16466e-07 1.04967e-05 3.73268 -0.368895 5.46127e-06 -1.24586e-07 0.368895 3.73268 
11 3.0523 -0.991865 3.94222e-06 3.44326e-06 -0.991865 3.0523 -8.01577e-06 -7.57426e-07 1.6154e-06 7.00016e-06 2.86936 -0.314006 3.54842e-06 3.79835e-07 0.314006 2.86936 
12 2.63835 -0.930859 2.03538e-05 7.58868e-05 -0.930859 2.63835 -0.000146056 -2.30088e-06 -4.34038e-05 0.000150724 2.45088 -0.294617 7.5682e-05 -8.46153e-06 0.294617 2.45088 
13 2.89087 -1.10229 0.00012391 0.000224628 -1.10229 2.89087 -0.000449217 -2.79819e-05 -8.06824e-05 0.000439554 2.64953 -0.348469 0.000223022 -5.93854e-06 0.348469 2.64953 
14 3.08088 -1.25953 6.48954e-17 0 -1.25953 3.08088 5.86561e-17 -4.15908e-17 9.89355e-17 -9.95462e-17 2.78318 -0.398296 -4.5132e-18 2.97863e-17 0.398296 2.78318 
15 2.48972 -1.08722 6.10899e-05 0.000117575 -1.08722 2.48972 -0.000232906 -1.03186e-05 -6.39104e-05 0.0002336 2.21318 -0.34343 0.000117505 -1.08847e-05 0.34343 2.21318 
16 2.95269 -1.36212 -2.20841e-06 -4.15213e-06 -1.36212 2.95269 8.22616e-06 3.76048e-07 2.28096e-06 -8.24413e-06 2.58404 -0.430018 -4.14962e-06 3.8774e-07 0.430018 2.58404 
17 2.41776 -1.18048 1.56338e-16 0 -1.18048 2.41776 -6.59187e-17 -4.52809e-17 1.50883e-16 -2.75925e-17 2.07673 -0.372506 1.30561e-18 4.86952e-17 0.372506 2.07673 
18 2.73031 -1.39717 -4.83541e-05 -7.21495e-05 -1.39717 2.73031 0.000144419 8.31696e-06 3.94856e-05 -0.000141928 2.30389 -0.440449 -7.24308e-05 6.64438e-06 0.440449 2.30389 
19 2.66798 -1.43362 0.00013221 0.000187329 -1.43362 2.66798 -0.000378683 -2.27678e-05 -0.000114805 0.000373392 2.20417 -0.451508 0.000187763 -1.9e-05 0.451509 2.20417 
20 2.55387 -1.43746 1.63202e-05 2.30002e-05 -1.43746 2.55387 -4.63847e-05 -2.7759e-06 -1.55074e-05 4.613e-05 2.06175 -0.452277 2.30353e-05 -2.64806e-06 0.452277 2.06175 
21 2.22035 -1.29916 -8.63696e-05 -0.000136817 -1.29916 2.22034 0.000271753 1.36641e-05 0.000112905 -0.000280645 1.75357 -0.408195 -0.00013617 1.95918e-05 0.408195 1.75358 
22 2.09562 -1.27877 -6.80434e-17 0 -1.27877 2.09562 5.00821e-18 1.89608e-17 -6.34446e-17 2.07158e-17 1.6108 -0.401749 -7.77165e-19 -1.84507e-17 0.401749 1.6108 
23 2.13072 -1.34678 4.24117e-17 0 -1.34678 2.13072 -4.05948e-18 -1.05102e-17 5.43493e-17 -3.2143e-17 1.59598 -0.422704 5.44381e-18 1.91243e-18 0.422704 1.59598 
24 2.43935 -1.59399 4.08266e-17 0 -1.59399 2.43935 -5.49632e-17 1.29526e-18 1.22814e-17 3.74458e-17 1.77746 -0.499782 4.56941e-18 9.67071e-18 0.499782 1.77746 
25 2.52526 -1.70238 -4.94852e-05 -5.42751e-05 -1.70238 2.52526 0.000112168 8.42372e-06 4.65699e-05 -0.000111017 1.7873 -0.532773 -5.4425e-05 7.97237e-06 0.532773 1.7873 
26 1.94327 -1.35473 2.02217e-17 0 -1.35473 1.94327 -5.75818e-18 -6.14109e-18 1.59448e-17 1.52708e-17 1.32708 -0.423781 -1.20149e-18 8.19227e-18 0.423781 1.32708 
27 2.02565 -1.45042 7.17808e-17 0 -1.45042 2.02565 -2.92115e-17 -2.56511e-17 7.98005e-17 -3.87491e-17 1.33934 -0.453213 -8.13371e-19 2.56361e-17 0.453213 1.33934 
28 1.93368 -1.42025 0.000107698 0.000113246 -1.42025 1.93368 -0.000233801 -1.84205e-05 -0.000113322 0.000236229 1.23503 -0.442999 0.000112943 -1.93017e-05 0.442999 1.23504 
29 1.99964 -1.50506 3.39134e-17 0 -1.50506 1.99964 -1.11344e-17 -1.2096e-17 4.93026e-17 -3.16003e-17 1.22999 -0.469161 4.11511e-18 7.83192e-18 0.469161 1.22999 
30 1.58809 -1.22388 -1.72261e-17 0 -1.22388 1.58809 2.93014e-17 -4.99329e-18 1.08362e-17 -3.02395e-17 0.937421 -0.381013 -2.09642e-18 -3.84602e-18 0.381013 0.937421 
31 1.69457 -1.33531 -9.85174e-18 0 -1.33531 1.69457 4.08971e-18 2.86152e-18 -2.23773e-18 4.45398e-18 0.957065 -0.415137 3.08113e-18 -2.28908e-18 0.415137 0.957065 
32 1.99643 -1.60522 6.98699e-17 0 -1.60522 1.99643 -6.59393e-17 -1.60765e-17 6.22298e-17 -2.47001e-17 1.07718 -0.498375 4.74253e-18 1.77411e-17 0.498375 1.07718 
33 1.81635 -1.48815 -4.59552e-18 0 -1.48815 1.81635 1.91258e-17 -7.54135e-18 2.78967e-17 -4.21386e-17 0.933495 -0.461386 1.83021e-18 -5.7033e-18 0.461386 0.933495 
34 1.56964 -1.3079 -0.000257853 -0.000219334 -1.3079 1.56963 0.000468954 4.38164e-05 0.000263806 -0.000472012 0.767445 -0.40464 -0.00021901 4.47897e-05 0.40464 0.767462 
35 1.70076 -1.44086 -2.70964e-17 0 -1.44086 1.70076 4.00982e-17 3.70671e-19 -2.1933e-18 -1.17418e-17 0.786032 -0.445448 -5.55919e-19 -6.3894e-18 0.445448 0.786032 
36 1.48741 -1.27966 -1.65641e-17 0 -1.27966 1.48741 1.63947e-17 8.3158e-18 -2.53504e-17 1.68623e-17 0.647034 -0.39501 9.58217e-19 -9.68327e-18 0.39501 0.647034 
37 1.46461 -1.27727 2.66132e-17 0 -1.27727 1.46461 -2.02313e-17 -1.86097e-18 7.00693e-18 2.11311e-18 0.598771 -0.393683 6.57604e-19 6.56163e-18 0.393683 0.598771 
38 1.63106 -1.44029 -0.000106525 -8.11835e-05 -1.44029 1.63105 0.000174185 1.8586e-05 0.000116343 -0.000179888 0.623934 -0.44292 -8.04421e-05 1.98514e-05 0.44292 0.623937 
39 1.27141 -1.13685 2.56109e-18 0 -1.13685 1.27141 -6.84313e-18 6.23057e-18 -2.21142e-17 2.15474e-17 0.449386 -0.349277 -1.43697e-18 -1.37201e-19 0.349277 0.449386 
40 1.63337 -1.47648 -1.24742e-17 0 -1.47648 1.63337 1.62187e-18 8.75858e-18 -2.78096e-17 2.22344e-17 0.531632 -0.452874 6.66574e-19 -6.3316e-18 0.452874 0.531632 
41 1.52129 -1.38847 -2.70563e-17 0 -1.38847 1.52129 2.74073e-17 -3.45115e-18 1.01253e-17 -1.87174e-17 0.453377 -0.425175 -1.02777e-18 -5.93776e-18 0.425175 0.453377 
42 1.41654 -1.30443 -2.91723e-17 0 -1.30443 1.41654 1.77085e-17 4.64156e-18 -1.44852e-17 1.02402e-17 0.382014 -0.39875 7.2502e-19 -3.65291e-18 0.39875 0.382014 
43 1.33506 -1.23856 -3.06975e-18 0 -1.23856 1.33506 5.71437e-18 -2.64352e-18 9.46853e-18 -1.26776e-17 0.324588 -0.377991 9.17698e-19 -6.86553e-18 0.377991 0.324588 
44 1.2374 -1.15605 3.19181e-19 0 -1.15605 1.2374 -6.67825e-18 1.30357e-17 -4.19196e-17 4.38567e-17 0.26567 -0.35218 1.06109e-18 -2.58721e-18 0.35218 0.26567 
45 1.24878 -1.17403 -7.8383e-18 0 -1.17403 1.24878 9.80899e-18 2.76736e-19 -1.15955e-18 5.70027e-20 0.23138 -0.356988 -2.91595e-19 -2.20115e-18 0.356988 0.23138 
46 1.23021 -1.16223 6.60916e-18 0 -1.16223 1.23021 -1.10607e-17 -1.42788e-18 4.24029e-18 -1.21588e-18 0.195094 -0.352786 -6.33051e-19 3.70172e-18 0.352786 0.195094 
47 1.33122 -1.26314 1.91345e-17 0 -1.26314 1.33122 -1.93677e-17 2.42421e-18 -7.30355e-18 9.99283e-18 0.173347 -0.3827 1.56568e-18 3.09871e-18 0.3827 0.173347 
48 1.30386 -1.24146 4.43518e-18 0 -1.24146 1.30386 5.27789e-18 1.94306e-18 -5.49799e-18 5.7374e-18 0.133394 -0.375424 2.3351e-18 -8.91124e-20 0.375424 0.133394 
49 1.26115 -1.20398 1.8757e-17 0 -1.20398 1.26115 -1.46497e-17 4.08611e-18 -1.36635e-17 1.587e-17 0.0936957 -0.363394 -4.97827e-19 7.13345e-18 0.363394 0.0936957 
50 1.16676 -1.11594 -2.72322e-17 0 -1.11594 1.16676 2.86592e-17 6.73573e-18 -2.25413e-17 2.17987e-17 0.0540864 -0.336165 -1.27204e-18 -9.53665e-18 0.336165 0.0540864 
51 1.07293 -1.02729 -1.45354e-17 0 -1.02729 1.07293 1.68137e-17 5.98776e-18 -1.98204e-17 2.02682e-17 0.019996 -0.30885 3.9272e-19 -6.95734e-18 0.30885 0.019996 
52 1.1591 -1.11013 -1.20867e-17 0 -1.11013 1.1591 9.21755e-18 1.01317e-18 -3.31328e-18 3.58487e-18 -0.00878616 -0.333123 -2.0948e-18 -1.51506e-18 0.333123 -0.00878616 
53 1.05583 -1.01079 -2.05016e-18 0 -1.01079 1.05583 -6.51353e-19 1.5412e-18 -4.94494e-18 4.99243e-18 -0.0372482 -0.302695 -1.20056e-18 2.23836e-18 0.302695 -0.0372482 
54 1.13643 -1.08664 6.21123e-18 0 -1.08664 1.13643 3.16227e-20 -7.63547e-19 2.98665e-18 -3.28645e-18 -0.0717917 -0.324726 -2.08625e-18 4.72035e-18 0.324726 -0.0717917 
55 1.16269 -1.10978 5.59043e-18 0 -1.10978 1.16269 -4.94498e-20 1.6788e-18 -5.86146e-18 6.62822e-18 -0.102868 -0.330995 9.0841e-19 -2.02484e-18 0.330995 -0.102868 
56 1.13633 -1.08181 2.22442e-19 0 -1.08181 1.13633 -4.42891e-18 6.1976e-19 -1.46922e-18 1.56688e-18 -0.131124 -0.321972 -1.54435e-18 1.43237e-18 0.321972 -0.131124 
57 1.0497 -0.996131 9.20984e-18 0 -0.996131 1.0497 -8.8387e-18 -5.60086e-18 1.83761e-17 -2.0137e-17 -0.148295 -0.295856 9.13873e-19 6.57437e-19 0.295856 -0.148295 
58 0.959149 -0.906778 1.62928e-17 0 -0.906778 0.959149 -1.30222e-17 2.65502e-19 -1.8959e-18 -6.83792e-19 -0.159471 -0.268767 1.80862e-18 3.59619e-18 0.268767 -0.159471 
59 0.995155 -0.936418 1.27222e-17 0 -0.936418 0.995155 -1.83476e-17 -6.47736e-18 2.12135e-17 -2.42031e-17 -0.191583 -0.276942 9.83009e-19 2.48953e-18 0.276942 -0.191583 
60 1.08855 -1.01919 8.39458e-18 0 -1.01919 1.08855 -4.31299e-18 2.09438e-18 -9.00375e-18 7.30156e-18 -0.235894 -0.300796 2.43349e-18 9.66239e-19 0.300796 -0.235894 
61 1.01487 -0.94432 -1.53518e-17 0 -0.94432 1.01487 1.29142e-17 5.42924e-20 1.53071e-18 8.14146e-19 -0.246684 -0.278055 -1.96044e-18 -3.96714e-19 0.278055 -0.246684 
62 1.02544 -0.9484 1.64191e-17 0 -0.9484 1.02544 -1.56368e-17 1.01871e-18 -4.02961e-18 9.00636e-19 -0.272679 -0.278683 5.20647e-19 4.6384e-18 0.278683 -0.272679 
63 1.08559 -0.997011 -1.77702e-17 0 -0.997011 1.08559 1.61151e-17 4.55579e-19 -2.21135e-18 7.66632e-18 -0.314566 -0.292324 6.46018e-19 -4.54919e-18 0.292324 -0.314566 
64 0.964662 -0.878986 2.18936e-18 0 -0.878986 0.964662 3.0836e-18 1.76618e-18 -4.24379e-18 4.41608e-18 -0.302976 -0.257129 -1.53498e-18 1.42972e-18 0.257129 -0.302976 
65 0.983337 -0.888706 -1.03762e-17 0 -0.888706 0.983337 1.08307e-17 9.55173e-19 -1.57004e-18 6.33235e-18 -0.331395 -0.259395 -1.33273e-18 -1.63811e-18 0.259395 -0.331395 
66 0.93912 -0.841058 1.02091e-17 0 -0.841058 0.93912 -1.52166e-17 -2.03578e-19 2.02892e-18 -6.01351e-18 -0.338442 -0.244919 -9.34117e-19 4.55021e-18 0.244919 -0.338442 
67 0.994836 -0.883262 3.92572e-19 0 -0.883262 0.994836 4.07626e-18 -1.12283e-18 2.4958e-18 -1.76368e-18 -0.378972 -0.256671 9.70575e-19 -2.10906e-18 0.256671 -0.378972 
68 1.03735 -0.911641 -5.42077e-18 0 -0.911641 1.03735 -1.22315e-17 -5.62268e-18 2.13464e-17 -2.33932e-17 -0.418451 -0.264297 -1.2149e-18 1.90848e-19 0.264297 -0.418451 
69 0.8884 -0.772709 1.60333e-17 0 -0.772709 0.8884 -2.36834e-17 -3.34578e-18 8.82827e-18 -2.17538e-17 -0.377071 -0.223513 1.6483e-18 3.64066e-18 0.223513 -0.377071 
70 0.870611 -0.748709 1.08061e-17 0 -0.748709 0.870611 -2.00508e-17 -3.66465e-18 1.26303e-17 -1.72741e-17 -0.388179 -0.21606 4.93626e-20 1.85599e-18 0.21606 -0.388179 
71 0.904669 -0.769373 3.10259e-18 0 -0.769373 0.904669 -5.30833e-18 1.58907e-18 -6.10623e-18 5.95573e-18 -0.421169 -0.221528 2.96554e-19 5.56932e-19 0.221528 -0.421169 
72 0.917972 -0.771368 1.34208e-17 0 -0.771368 0.917972 -2.21677e-17 -1.91561e-18 6.0859e-18 -1.59247e-17 -0.445562 -0.22159 2.80299e-19 3.56816e-18 0.22159 -0.445562 
73 0.937524 -0.777628 1.48525e-17 0 -0.777628 0.937524 -2.29077e-17 -3.03875e-18 6.40885e-18 -1.38683e-17 -0.473866 -0.222852 1.97038e-18 3.89301e-19 0.222852 -0.473866 
74 0.863876 -0.707397 7.2183e-18 0 -0.707397 0.863876 -8.39182e-18 -2.64784e-19 1.65855e-19 -3.16072e-18 -0.452692 -0.202262 3.35494e-19 2.53952e-18 0.202262 -0.452692 
75 0.849764 -0.686612 -7.86504e-18 0 -0.686612 0.849764 1.16099e-17 1.66479e-18 -5.79443e-18 1.07237e-17 -0.460727 -0.195867 -1.59197e-20 -1.27997e-18 0.195867 -0.460727 
76 0.773458 -0.616336 -9.27991e-18 0 -0.616336 0.773458 6.81794e-18 -2.54481e-18 1.04426e-17 -7.37218e-18 -0.433102 -0.175413 -6.08297e-19 -2.32327e-18 0.175413 -0.433102 
77 0.835857 -0.656275 1.50361e-17 0 -0.656275 0.835857 -1.09664e-17 -5.90234e-19 -1.04688e-18 -1.06097e-17 -0.482922 -0.186333 1.2036e-18 2.86631e-18 0.186333 -0.482922 
78 0.802119 -0.62048 -7.1272e-19 0 -0.62048 0.802119 -4.24907e-18 4.94735e-19 -3.09049e-18 9.01252e-19 -0.476952 -0.175759 4.72078e-19 8.47308e-20 0.175759 -0.476952 
79 0.827181 -0.630012 8.24649e-18 0 -0.630012 0.827181 -9.56915e-18 -3.06589e-18 1.03458e-17 -2.0506e-17 -0.505561 -0.178038 1.61977e-19 2.34152e-18 0.178038 -0.505561 
80 0.797886 -0.598 -7.28682e-18 0 -0.598 0.797886 -2.72769e-18 -3.12602e-18 1.61309e-17 -1.35713e-17 -0.500574 -0.168589 -1.69705e-18 -1.7048e-19 0.168589 -0.500574 
81 0.903736 -0.666198 -5.32938e-18 0 -0.666198 0.903736 -1.95346e-18 -3.3899e-18 1.291e-17 -1.63058e-17 -0.581195 -0.187367 -2.77539e-19 -4.79798e-19 0.187367 -0.581195 
82 0.830978 -0.602752 -1.8385e-17 0 -0.602752 0.830978 1.80163e-17 -9.37065e-19 7.46805e-18 3.0269e-18 -0.546428 -0.16914 -1.27201e-18 -2.92609e-18 0.16914 -0.546428 
83 0.87974 -0.62695 -1.32045e-18 0 -0.62695 0.87974 5.59005e-18 3.31439e-19 8.44017e-20 5.45687e-18 -0.59165 -0.175506 -3.77165e-19 -5.35377e-19 0.175506 -0.59165 
84 0.884609 -0.619364 -1.116e-17 0 -0.619364 0.884609 1.10293e-17 -1.25581e-18 7.47147e-18 -4.46958e-19 -0.607436 -0.172974 -8.37213e-19 -1.436e-18 0.172974 -0.607436 
85 0.803183 -0.552333 4.82919e-18 0 -0.552333 0.803183 -9.53406e-18 -1.18805e-18 1.40615e-18 -6.58135e-18 -0.562432 -0.153893 7.81336e-19 2.10819e-19 0.153893 -0.562432 
86 0.81478 -0.549341 2.32588e-18 0 -0.549341 0.81478 1.15148e-17 3.43632e-18 -1.17565e-17 1.51505e-17 -0.582032 -0.152676 -1.54868e-19 -4.40202e-19 0.152676 -0.582032 
87 0.724343 -0.479439 6.5359e-18 0 -0.479439 0.724343 -1.06362e-17 -1.22633e-18 5.47645e-18 -1.22077e-17 -0.526423 -0.132945 -2.66023e-19 5.30381e-19 0.132945 -0.526423 
88 0.762819 -0.495275 -8.80069e-18 0 -0.495275 0.762819 1.40463e-17 -5.20966e-19 4.32555e-18 6.62585e-18 -0.563742 -0.137016 -6.02995e-19 -2.19964e-18 0.137016 -0.563742 
89 0.758862 -0.482952 7.99e-18 0 -0.482952 0.758862 -1.83266e-17 -2.83633e-18 8.21801e-18 -2.3895e-17 -0.569953 -0.133292 4.71919e-19 1.9316e-18 0.133292 -0.569953 
90 0.774902 -0.483045 1.61068e-18 0 -0.483045 0.774902 -4.01018e-18 1.89202e-19 -2.95188e-18 2.71823e-19 -0.591133 -0.132998 5.08761e-19 -3.43509e-19 0.132998 -0.591133 
91 0.799687 -0.488469 3.53103e-18 0 -0.488469 0.799687 3.18987e-18 1.14559e-18 -5.40807e-18 5.05347e-18 -0.61877 -0.134184 2.65864e-19 -2.98517e-20 0.134184 -0.61877 
92 0.79381 -0.474341 -9.51346e-18 0 -0.474341 0.79381 1.09067e-17 7.60017e-19 -7.72986e-20 1.16736e-17 -0.623076 -0.129987 -5.62943e-19 -1.27874e-18 0.129987 -0.623076 
93 0.841347 -0.492423 -6.38219e-18 0 -0.492423 0.841347 1.31583e-17 1.02031e-19 -2.02179e-18 1.42652e-17 -0.668759 -0.13464 3.38739e-19 -2.59039e-18 0.13464 -0.668759 
94 0.797484 -0.456604 -8.99205e-19 0 -0.456604 0.797484 -6.6882e-18 -9.54921e-19 4.9263e-18 -9.07753e-18 -0.641844 -0.124557 -2.81443e-19 5.602e-19 0.124557 -0.641844 
95 0.756939 -0.423679 2.01168e-19 0 -0.423679 0.756939 5.2293e-18 1.19512e-18 -2.52656e-18 5.24e-18 -0.616558 -0.115305 -3.48866e-19 8.58442e-19 0.115305 -0.616558 
96 0.810743 -0.443736 1.23144e-17 0 -0.443736 0.810743 -3.36226e-17 -1.92989e-18 6.02834e-18 -3.21655e-17 -0.667736 -0.12049 1.94071e-19 4.13825e-18 0.12049 -0.667736 
97 0.75174 -0.401813 3.48774e-19 0 -0.401813 0.75174 -1.4547e-18 -4.37177e-19 2.56693e-18 -8.89789e-19 -0.62594 -0.108851 -1.54985e-19 -4.59125e-20 0.108851 -0.62594 
98 0.781238 -0.407567 9.64308e-18 0 -0.407567 0.781238 -1.26956e-17 9.927e-19 -8.86849e-18 2.13782e-18 -0.657326 -0.110151 8.81251e-19 1.15758e-18 0.110151 -0.657326 
99 0.745172 -0.379712 -5.69757e-18 0 -0.379712 0.745172 1.58643e-17 6.80005e-19 -1.21777e-18 1.47003e-17 -0.632934 -0.102395 -2.13825e-19 -1.19382e-18 0.102395 -0.632934 
100 0.769828 -0.38251 -2.65083e-18 0 -0.38251 0.769828 -9.96471e-18 -3.09432e-18 1.22578e-17 -1.46916e-17 -0.66009 -0.102909 -1.11748e-19 -1.50435e-18 0.102909 -0.66009 
101 0.756416 -0.366697 5.91556e-18 0 -0.366697 0.756416 -9.82868e-18 -5.06446e-19 -2.16498e-18 -6.05945e-18 -0.654216 -0.0984353 6.12108e-19 4.869e-19 0.0984353 -0.654216 
102 0.809437 -0.3829 -1.97197e-18 0 -0.3829 0.809437 -3.39795e-18 -1.56008e-20 3.36744e-18 -2.93806e-18 -0.705724 -0.102562 -4.74004e-19 3.40285e-19 0.102562 -0.705724 
103 0.71392 -0.328774 -5.34205e-18 0 -0.328774 0.71392 2.00204e-17 9.18538e-19 -2.46349e-18 1.834e-17 -0.627584 -0.0878598 -1.33379e-19 -1.45445e-18 0.0878598 -0.627584 
104 0.739988 -0.331871 2.93829e-18 0 -0.331871 0.739988 -2.38569e-17 -2.02858e-18 9.67523e-18 -2.8703e-17 -0.655442 -0.0884889 -2.78883e-19 1.8993e-18 0.0884889 -0.655442 
105 0.783124 -0.342106 -2.42297e-18 0 -0.342106 0.783124 -1.20154e-17 -9.47763e-19 5.46285e-18 -7.86062e-18 -0.698536 -0.09102 -2.47252e-19 -4.08667e-21 0.09102 -0.698536 
106 0.787917 -0.334893 -7.31713e-18 0 -0.334893 0.787917 2.76267e-17 1.4102e-18 -6.52741e-18 2.41048e-17 -0.707634 -0.088904 1.55067e-19 -1.88365e-18 0.088904 -0.707634 
107 0.756875 -0.312728 1.45465e-19 0 -0.312728 0.756875 5.58551e-18 6.69087e-19 -3.49481e-18 1.02956e-17 -0.684245 -0.0828347 1.16129e-19 -2.60312e-19 0.0828347 -0.684245 
108 0.667399 -0.268361 -3.83772e-18 0 -0.268361 0.667399 2.76396e-18 -7.61858e-19 2.56367e-18 7.52412e-18 -0.606931 -0.0709342 3.58534e-20 -1.3471e-18 0.0709342 -0.606931 
109 0.824122 -0.321659 -3.01098e-18 0 -0.321659 0.824122 2.88787e-17 1.77885e-18 -7.57594e-18 3.24154e-17 -0.753994 -0.0848317 9.32665e-20 -1.43672e-18 0.0848317 -0.753994 
110 0.703839 -0.266927 4.37219e-18 0 -0.266927 0.703839 1.24555e-17 5.56937e-19 -6.55582e-18 1.25338e-17 -0.647456 -0.0702488 4.82265e-19 -9.66848e-19 0.0702488 -0.647456 
111 0.693073 -0.255292 1.08757e-18 0 -0.255292 0.693073 -4.43022e-18 2.22553e-19 -1.26e-18 -3.72801e-18 -0.640839 -0.0670466 4.52542e-20 6.08727e-19 0.0670466 -0.640839 
112 0.767803 -0.274628 -1.86588e-18 0 -0.274628 0.767803 6.93681e-18 1.11026e-18 -8.33647e-19 2.90993e-18 -0.713382 -0.0719765 -3.45702e-19 1.04482e-18 0.0719765 -0.713382 
113 0.866507 -0.300563 1.92696e-18 0 -0.300563 0.866507 -4.00678e-18 -1.00841e-18 2.06502e-18 -5.02584e-18 -0.808894 -0.0786089 1.68563e-19 -3.71003e-19 0.0786089 -0.808894 
114 0.676116 -0.227187 1.71397e-18 0 -0.227187 0.676116 5.51589e-18 5.0212e-19 -3.5814e-18 6.23017e-18 -0.634032 -0.0592929 1.53509e-19 1.66837e-19 0.0592929 -0.634032 
115 0.750071 -0.244435 -3.03922e-18 0 -0.244435 0.750071 1.72015e-17 7.53083e-19 -2.20992e-18 2.04924e-17 -0.706256 -0.063668 -6.36458e-20 -8.7382e-19 0.063668 -0.706256 
116 0.653256 -0.206272 -4.846e-18 0 -0.206272 0.653256 1.55129e-17 -3.96459e-19 1.72259e-18 1.61581e-17 -0.617508 -0.0536206 -1.89504e-20 -1.70903e-18 0.0536206 -0.617508 
117 0.796187 -0.243229 1.67183e-17 0 -0.243229 0.796187 -2.77067e-17 8.96799e-19 -9.60017e-18 -1.97424e-17 -0.75549 -0.0630992 5.10497e-19 2.09805e-18 0.0630992 -0.75549 
118 0.761025 -0.224984 -1.73789e-18 0 -0.224984 0.761025 2.70432e-18 -1.49953e-19 1.33449e-18 1.88095e-18 -0.724668 -0.0582516 -6.20735e-20 -5.03288e-19 0.0582516 -0.724668 
119 0.704657 -0.201237 -7.46481e-18 0 -0.201237 0.704657 -2.23921e-18 2.58749e-19 8.59879e-18 -2.61078e-18 -0.673303 -0.0519984 -7.45582e-19 6.2315e-19 0.0519984 -0.673303 
120 0.759066 -0.209452 -1.24396e-18 0 -0.209452 0.759066 -1.03283e-17 -9.55915e-20 5.67398e-18 -1.63842e-17 -0.72759 -0.0540163 -3.96126e-19 9.48429e-19 0.0540163 -0.72759 
121 0.753971 -0.201042 -6.57202e-18 0 -0.201042 0.753971 1.53572e-17 -9.48563e-19 2.91352e-18 1.37048e-17 -0.724825 -0.0517499 5.77646e-20 -1.91949e-18 0.0517499 -0.724825 
122 0.730626 -0.187931 4.49115e-18 0 -0.187931 0.730626 -1.70747e-17 -1.04395e-18 2.27045e-18 -1.88847e-17 -0.704387 -0.0482824 1.23747e-19 -1.50365e-19 0.0482824 -0.704387 
123 0.759857 -0.188845 -8.1676e-18 0 -0.188845 0.759857 1.14341e-17 4.73963e-20 5.69768e-18 1.00462e-17 -0.734419 -0.0484309 -3.87329e-19 -5.7641e-19 0.0484309 -0.734419 
124 0.724146 -0.17364 3.18652e-18 0 -0.17364 0.724146 2.08401e-17 6.35558e-19 -5.12364e-18 1.89629e-17 -0.701611 -0.0444512 1.67298e-19 -6.73675e-19 0.0444512 -0.701611 
125 0.786135 -0.181157 7.23335e-18 0 -0.181157 0.786135 -1.98908e-17 -5.24496e-19 -1.23872e-18 -2.28929e-17 -0.763573 -0.0462859 1.99016e-19 7.33558e-19 0.0462859 -0.763573 
126 0.673495 -0.14934 2.05053e-18 0 -0.14934 0.673495 -1.06437e-17 -2.50477e-19 2.57627e-18 -1.10284e-17 -0.655621 -0.0380874 -9.11022e-20 2.87981e-19 0.0380874 -0.655621 
127 0.736955 -0.157299 9.47665e-19 0 -0.157299 0.736955 -3.54654e-17 -6.9934e-19 5.69127e-18 -2.72994e-17 -0.718855 -0.0400475 -1.61074e-19 8.55902e-19 0.0400475 -0.718855 
128 0.644457 -0.132249 -3.47653e-18 0 -0.132249 0.644457 1.72339e-18 -2.93403e-19 1.09842e-18 2.95167e-18 -0.629843 -0.0336116 6.20963e-21 -4.53336e-19 0.0336116 -0.629843 
129 0.756353 -0.149277 1.19813e-18 0 -0.149277 0.756353 3.54708e-18 5.61209e-19 -1.64431e-18 6.28764e-18 -0.740505 -0.0378762 -3.07408e-20 4.67218e-19 0.0378762 -0.740505 
130 0.722928 -0.136813 4.07195e-19 0 -0.136813 0.722928 -1.4419e-17 -9.4501e-19 4.11151e-18 -7.96927e-18 -0.709016 -0.0346535 -1.80718e-20 -2.2708e-19 0.0346535 -0.709016 
131 0.633993 -0.11508 -6.03088e-18 0 -0.11508 0.633993 1.03954e-17 1.68625e-20 3.39043e-18 7.9463e-18 -0.62278 -0.0291003 -1.61865e-19 -5.4268e-19 0.0291003 -0.62278 
132 0.730485 -0.127058 9.47425e-19 0 -0.127058 0.730485 1.11511e-17 5.06734e-19 -3.27102e-18 1.0999e-17 -0.718632 -0.0320769 5.20086e-20 2.25471e-19 0.0320769 -0.718632 
133 0.632397 -0.105564 5.96312e-19 0 -0.105564 0.632397 3.07218e-17 1.14979e-18 -4.41697e-18 3.11314e-17 -0.622954 -0.02661 -7.22068e-21 -4.10796e-19 0.02661 -0.622954 
134 0.804211 -0.128145 -7.62424e-19 0 -0.128145 0.804211 -5.9275e-20 -8.14256e-20 2.81389e-18 -1.70712e-18 -0.793279 -0.0322487 -9.88769e-20 -1.99868e-19 0.0322487 -0.793279 
135 0.649848 -0.0990958 -1.46097e-18 0 -0.0990958 0.649848 -2.11051e-19 4.29522e-19 2.07568e-18 4.08535e-19 -0.641764 -0.0249007 -1.46819e-19 4.13152e-19 0.0249007 -0.641764 
136 0.616648 -0.0896809 -1.91183e-18 0 -0.0896809 0.616648 8.5404e-18 4.52501e-19 -2.60516e-19 1.39887e-17 -0.609676 -0.0224999 -5.70218e-20 -1.0979e-19 0.0224999 -0.609676 
137 0.75647 -0.105059 -3.00762e-18 0 -0.105059 0.75647 -1.45485e-17 -4.84869e-19 5.64247e-18 -1.48533e-17 -0.748675 -0.0263197 -1.30617e-19 -2.52036e-20 0.0263197 -0.748675 
138 0.759194 -0.100483 1.09514e-18 0 -0.100483 0.759194 -9.16811e-18 -1.84036e-19 4.8072e-19 -5.84258e-18 -0.752093 -0.0251367 9.60466e-21 9.13276e-20 0.0251367 -0.752093 
139 0.730845 -0.0919019 -7.18572e-19 0 -0.0919019 0.730845 -4.29275e-18 2.36837e-20 3.84529e-18 -4.73794e-18 -0.724679 -0.0229561 -1.21845e-19 1.21455e-19 0.0229561 -0.724679 
140 0.797832 -0.0952668 -7.92072e-19 0 -0.0952668 0.797832 2.20628e-17 3.33756e-19 -1.40028e-18 1.94625e-17 -0.791766 -0.0237626 6.16575e-22 -2.09316e-19 0.0237626 -0.791766 
141 0.798314 -0.090582 -3.59942e-20 0 -0.090582 0.798314 -1.69283e-17 -1.84853e-19 2.40636e-19 -1.36321e-17 -0.792836 -0.0225637 1.30897e-20 2.27081e-19 0.0225637 -0.792836 
142 0.753068 -0.0810605 -3.46112e-18 0 -0.0810605 0.753068 -2.57082e-17 -6.65792e-19 6.29707e-18 -3.1969e-17 -0.74842 -0.0201651 -9.69734e-20 7.61826e-20 0.0201651 -0.74842 
143 0.68892 -0.0702836 -2.16359e-18 0 -0.0702836 0.68892 4.67506e-17 2.78939e-19 -3.63418e-18 4.37855e-17 -0.685102 -0.0174617 6.64967e-20 -9.22605e-19 0.0174617 -0.685102 
144 0.805964 -0.0778322 1.45025e-18 0 -0.0778322 0.805964 -3.38631e-17 -2.35006e-19 2.26909e-18 -3.46889e-17 -0.801963 -0.0193129 -3.23775e-20 6.24874e-19 0.0193129 -0.801963 
145 0.753963 -0.0687066 -2.29288e-19 0 -0.0687066 0.753963 2.67359e-17 5.45602e-19 -3.30655e-18 3.02446e-17 -0.750632 -0.0170271 2.60794e-20 -1.2806e-19 0.0170271 -0.750632 
146 0.612132 -0.052574 -5.51864e-19 0 -0.052574 0.612132 2.50255e-17 2.43171e-19 1.75256e-19 2.5117e-17 -0.609731 -0.0130132 -2.57007e-20 -2.68545e-19 0.0130132 -0.609731 
147 0.74178 -0.0598739 1.28686e-18 0 -0.0598739 0.74178 -4.43894e-18 3.6555e-19 1.3469e-18 -6.09083e-18 -0.73921 -0.0148023 -5.82731e-20 3.18168e-19 0.0148023 -0.73921 
148 0.839956 -0.0636349 5.56712e-18 0 -0.0636349 0.839956 6.14441e-17 7.636e-19 -8.42805e-18 6.03135e-17 -0.837393 -0.0157138 9.90342e-20 -1.609e-19 0.0157138 -0.837393 
149 0.719261 -0.0511397 5.23115e-18 0 -0.0511397 0.719261 -9.67789e-18 -6.2354e-20 -2.97965e-18 -1.32709e-17 -0.717329 -0.0126144 5.71613e-20 2.32582e-19 0.0126144 -0.717329 
150 0.694508 -0.0463087 -3.43589e-18 0 -0.0463087 0.694508 3.80338e-18 -2.71028e-19 3.97547e-18 -3.01457e-18 -0.692867 -0.0114109 -4.81043e-20 -3.40111e-19 0.0114109 -0.692867 
151 0.774546 -0.0481654 -4.05668e-18 0 -0.0481654 0.774546 1.53824e-17 4.88146e-19 2.81545e-18 1.85926e-17 -0.772955 -0.0118557 -7.4906e-20 1.25741e-19 0.0118557 -0.772955 
152 0.761424 -0.0439081 -1.37441e-18 0 -0.0439081 0.761424 -4.02732e-17 -5.38997e-19 7.20279e-18 -3.55504e-17 -0.760079 -0.0107962 -7.39196e-20 -5.21523e-21 0.0107962 -0.760079 
153 0.685367 -0.0368255 2.94762e-18 0 -0.0368255 0.685367 1.86337e-17 1.70522e-19 -1.91858e-18 7.68266e-18 -0.684317 -0.00904618 1.69106e-20 1.40146e-20 0.00904618 -0.684317 
154 0.780121 -0.0389704 4.80557e-18 0 -0.0389704 0.780121 4.75244e-17 6.59762e-19 -8.91727e-18 4.23693e-17 -0.779088 -0.0095644 7.68383e-20 1.41644e-19 0.0095644 -0.779088 
155 0.736134 -0.0337423 -3.5473e-18 0 -0.0337423 0.736134 9.97318e-18 2.60164e-20 6.61236e-19 1.10023e-17 -0.735314 -0.00827309 -7.07327e-21 -6.3294e-20 0.00827309 -0.735314 
156 0.865968 -0.0366636 2.70121e-18 0 -0.0366636 0.865968 -2.83307e-17 -1.92143e-19 9.21344e-19 -3.06894e-17 -0.865145 -0.00898175 -7.68407e-22 1.34193e-19 0.00898175 -0.865145 
157 0.671111 -0.0261585 1.0517e-17 0 -0.0261585 0.671111 8.16534e-18 -6.96795e-21 -9.85612e-18 1.27322e-17 -0.67057 -0.006403 9.51368e-20 -1.88008e-19 0.006403 -0.67057 
158 0.699964 -0.0248857 -8.82092e-18 0 -0.0248857 0.699964 2.82622e-17 -5.17514e-20 5.47572e-18 2.30264e-17 -0.699495 -0.00608638 -4.56907e-20 -2.27646e-19 0.00608638 -0.699495 
159 0.624056 -0.0202217 -1.2017e-18 0 -0.0202217 0.624056 -3.42545e-17 1.42348e-19 -3.89398e-19 -2.41531e-17 -0.623709 -0.0049419 -2.39912e-21 3.46345e-19 0.0049419 -0.623709 
160 0.834236 -0.0244147 4.02871e-18 0 -0.0244147 0.834236 3.6565e-17 1.85404e-19 -3.53517e-18 3.54305e-17 -0.833857 -0.00596202 2.05673e-20 -7.90373e-20 0.00596202 -0.833857 
161 0.694777 -0.0183504 -4.42261e-18 0 -0.0183504 0.694777 3.74829e-17 4.83791e-20 5.08626e-18 4.02594e-17 -0.69452 -0.00447798 -3.5352e-20 -2.51498e-19 0.00447798 -0.69452 
162 0.640474 -0.0151323 -7.2169e-18 0 -0.0151323 0.640474 9.47937e-17 2.79932e-19 2.6529e-18 1.00382e-16 -0.640285 -0.00369015 -2.27939e-20 -2.7715e-19 0.00369015 -0.640285 
163 0.756044 -0.0160108 -3.69061e-18 0 -0.0160108 0.756044 3.96387e-17 1.26813e-19 6.90495e-18 3.90554e-17 -0.755865 -0.00390203 -3.72521e-20 -1.05846e-19 0.00390203 -0.755865 
164 0.671383 -0.0125433 -3.31418e-18 0 -0.0125433 0.671383 -6.92149e-18 -1.89527e-20 4.00487e-18 -1.24276e-17 -0.671259 -0.00305507 -1.72284e-20 8.06316e-21 0.00305507 -0.671259 
165 0.615694 -0.0101508 1.47377e-18 0 -0.0101508 0.615694 3.57638e-17 1.95968e-20 -1.75253e-19 3.33282e-17 -0.615606 -0.00247101 6.00786e-22 -1.04535e-19 0.00247101 -0.615606 
166 0.669314 -0.00958253 7.57051e-18 0 -0.00958253 0.669314 1.73906e-16 2.746e-20 -1.27174e-17 1.71545e-16 -0.669241 -0.00233141 4.44911e-20 -5.83141e-19 0.00233141 -0.669241 
167 0.82263 -0.010161 -5.37248e-18 0 -0.010161 0.82263 2.50202e-17 -1.24019e-19 6.36634e-18 2.16084e-17 -0.822563 -0.00247094 -1.74224e-20 -1.73332e-19 0.00247094 -0.822563 
168 0.741701 -0.00773222 -5.63253e-18 0 -0.00773222 0.741701 -6.60362e-18 9.54366e-20 4.47503e-18 -2.95317e-18 -0.741658 -0.00187941 -1.2634e-20 8.56776e-20 0.00187941 -0.741658 
169 0.70042 -0.00625541 -4.18296e-19 0 -0.00625541 0.70042 3.03352e-17 1.5187e-21 -6.38502e-18 2.90056e-17 -0.70039 -0.00151988 1.49644e-20 -4.66131e-20 0.00151988 -0.70039 
170 0.725233 -0.0052747 7.66376e-20 0 -0.0052747 0.725233 9.47444e-17 -1.8228e-19 -8.60521e-19 8.81392e-17 -0.725213 -0.00128106 2.49346e-21 -3.41152e-19 0.00128106 -0.725213 
171 0.65717 -0.00388292 -2.03999e-18 0 -0.00388292 0.65717 1.49912e-16 1.02925e-19 2.31196e-18 1.49149e-16 -0.657158 -0.00094272 -4.66382e-21 -1.06258e-19 0.00094272 -0.657158 
172 0.867944 -0.00414038 -3.46345e-18 0 -0.00414038 0.867944 2.87745e-16 1.93599e-19 -2.68761e-18 2.89583e-16 -0.867934 -0.00100494 3.30214e-21 -1.7018e-19 0.00100494 -0.867934 
173 0.780289 -0.00275583 -1.19132e-17 0 -0.00275583 0.780289 1.68079e-16 -9.35641e-20 8.58033e-18 1.69199e-16 -0.780284 -0.00066868 -7.36925e-21 -2.64045e-19 0.00066868 -0.780284 
174 0.786798 -0.00208506 1.06899e-17 0 -0.00208506 0.786798 -1.90578e-16 -1.57355e-19 -1.16352e-17 -1.93842e-16 -0.786795 -0.00050581 7.50979e-21 -2.422e-20 0.00050581 -0.786795 
175 0.737211 -0.00136528 -1.48741e-17 0 -0.00136528 0.737211 -1.76513e-16 -6.43961e-20 1.74533e-17 -1.8006e-16 -0.737209 -0.000331133 -7.41901e-21 1.24217e-20 0.000331133 -0.737209 
176 0.478968 -0.000575224 -6.78156e-18 0 -0.000575224 0.478968 -4.75555e-17 1.97258e-20 9.12218e-18 -5.9536e-17 -0.478967 -0.000139491 -2.52816e-21 6.10656e-20 0.000139491 -0.478967 
177 0.491074 -0.000347068 5.274e-18 0 -0.000347068 0.491074 -8.69463e-16 -5.13456e-20 -3.87726e-18 -8.7598e-16 -0.491074 -8.41533e-05 1.37863e-21 1.19025e-19 8.41533e-05 -0.491074 
178 0.957352 -0.000301843 2.17619e-17 0 -0.000301843 0.957352 -2.27449e-15 -1.36475e-19 -1.09665e-17 -2.255e-15 -0.957352 -7.31801e-05 8.27372e-22 7.76688e-20 7.31801e-05 -0.957352 
179 0.58905 -3.92675e-05 -1.87275e-17 0 -3.92675e-05 0.58905 -9.47942e-16 -3.77021e-20 2.27637e-17 -9.48064e-16 -0.58905 -9.51961e-06 -2.78781e-22 2.61702e-21 9.51961e-06 -0.58905 
180 0 0 0 0 0 0 0 0 0 0 0 0 0 0 0 0 
