0 0 0 0 0 0 0 
1 1.05701 -0.0425046 1.05701 1.05607 -0.0135013 1.05607 
2 4.09461 -0.249164 4.09461 4.08617 -0.079141 4.08617 
3 3.90925 -0.356132 3.90925 3.89116 -0.113103 3.89116 
4 4.44795 -0.531672 4.44795 4.41261 -0.168797 4.41261 
5 2.15125 -0.320646 2.15125 2.12471 -0.101752 2.12471 
6 3.57171 -0.642044 3.57171 3.50746 -0.20378 3.50746 
7 4.33468 -0.91286 4.33468 4.22736 -0.289604 4.22736 
8 2.75908 -0.658166 2.75908 2.6712 -0.208716 2.6712 
9 3.45296 -0.92076 3.45296 3.31495 -0.291926 3.31495 
10 3.92761 -1.16438 3.92761 3.73268 -0.368895 3.73268 
11 3.0523 -0.991865 3.0523 2.86936 -0.314006 2.86936 
12 2.63835 -0.930859 2.63835 2.45088 -0.294617 2.45088 
13 2.89087 -1.10229 2.89087 2.64953 -0.348469 2.64953 
14 3.08088 -1.25953 3.08088 2.78318 -0.398296 2.78318 
15 2.48972 -1.08722 2.48972 2.21318 -0.34343 2.21318 
16 2.95269 -1.36212 2.95269 2.58404 -0.430018 2.58404 
17 2.41776 -1.18048 2.41776 2.07673 -0.372506 2.07673 
18 2.73031 -1.39717 2.73031 2.30389 -0.440449 2.30389 
19 2.66798 -1.43362 2.66798 2.20417 -0.451508 2.20417 
20 2.55387 -1.43746 2.55387 2.06175 -0.452277 2.06175 
21 2.22035 -1.29916 2.22034 1.75357 -0.408195 1.75358 
22 2.09562 -1.27877 2.09562 1.6108 -0.401749 1.6108 
23 2.13072 -1.34678 2.13072 1.59598 -0.422704 1.59598 
24 2.43935 -1.59399 2.43935 1.77746 -0.499782 1.77746 
25 2.52526 -1.70238 2.52526 1.7873 -0.532773 1.7873 
26 1.94327 -1.35473 1.94327 1.32708 -0.423781 1.32708 
27 2.02565 -1.45042 2.02565 1.33934 -0.453213 1.33934 
28 1.93368 -1.42025 1.93368 1.23503 -0.442999 1.23504 
29 1.99964 -1.50506 1.99964 1.22999 -0.469161 1.22999 
30 1.58809 -1.22388 1.58809 0.937421 -0.381013 0.937421 
31 1.69457 -1.33531 1.69457 0.957065 -0.415137 0.957065 
32 1.99643 -1.60522 1.99643 1.07718 -0.498375 1.07718 
33 1.81635 -1.48815 1.81635 0.933495 -0.461386 0.933495 
34 1.56964 -1.3079 1.56963 0.767445 -0.40464 0.767462 
35 1.70076 -1.44086 1.70076 0.786032 -0.445448 0.786032 
36 1.48741 -1.27966 1.48741 0.647034 -0.39501 0.647034 
37 1.46461 -1.27727 1.46461 0.598771 -0.393683 0.598771 
38 1.63106 -1.44029 1.63105 0.623934 -0.44292 0.623937 
39 1.27141 -1.13685 1.27141 0.449386 -0.349277 0.449386 
40 1.63337 -1.47648 1.63337 0.531632 -0.452874 0.531632 
41 1.52129 -1.38847 1.52129 0.453377 -0.425175 0.453377 
42 1.41654 -1.30443 1.41654 0.382014 -0.39875 0.382014 
43 1.33506 -1.23856 1.33506 0.324588 -0.377991 0.324588 
44 1.2374 -1.15605 1.2374 0.26567 -0.35218 0.26567 
45 1.24878 -1.17403 1.24878 0.23138 -0.356988 0.23138 
46 1.23021 -1.16223 1.23021 0.195094 -0.352786 0.195094 
47 1.33122 -1.26314 1.33122 0.173347 -0.3827 0.173347 
48 1.30386 -1.24146 1.30386 0.133394 -0.375424 0.133394 
49 1.26115 -1.20398 1.26115 0.0936957 -0.363394 0.0936957 
50 1.16676 -1.11594 1.16676 0.0540864 -0.336165 0.0540864 
51 1.07293 -1.02729 1.07293 0.019996 -0.30885 0.019996 
52 1.1591 -1.11013 1.1591 -0.00878616 -0.333123 -0.00878616 
53 1.05583 -1.01079 1.05583 -0.0372482 -0.302695 -0.0372482 
54 1.13643 -1.08664 1.13643 -0.0717917 -0.324726 -0.0717917 
55 1.16269 -1.10978 1.16269 -0.102868 -0.330995 -0.102868 
56 1.13633 -1.08181 1.13633 -0.131124 -0.321972 -0.131124 
57 1.0497 -0.996131 1.0497 -0.148295 -0.295856 -0.148295 
58 0.959149 -0.906778 0.959149 -0.159471 -0.268767 -0.159471 
59 0.995155 -0.936418 0.995155 -0.191583 -0.276942 -0.191583 
60 1.08855 -1.01919 1.08855 -0.235894 -0.300796 -0.235894 
61 1.01487 -0.94432 1.01487 -0.246684 -0.278055 -0.246684 
62 1.02544 -0.9484 1.02544 -0.272679 -0.278683 -0.272679 
63 1.08559 -0.997011 1.08559 -0.314566 -0.292324 -0.314566 
64 0.964662 -0.878986 0.964662 -0.302976 -0.257129 -0.302976 
65 0.983337 -0.888706 0.983337 -0.331395 -0.259395 -0.331395 
66 0.93912 -0.841058 0.93912 -0.338442 -0.244919 -0.338442 
67 0.994836 -0.883262 0.994836 -0.378972 -0.256671 -0.378972 
68 1.03735 -0.911641 1.03735 -0.418451 -0.264297 -0.418451 
69 0.8884 -0.772709 0.8884 -0.377071 -0.223513 -0.377071 
70 0.870611 -0.748709 0.870611 -0.388179 -0.21606 -0.388179 
71 0.904669 -0.769373 0.904669 -0.421169 -0.221528 -0.421169 
72 0.917972 -0.771368 0.917972 -0.445562 -0.22159 -0.445562 
73 0.937524 -0.777628 0.937524 -0.473866 -0.222852 -0.473866 
74 0.863876 -0.707397 0.863876 -0.452692 -0.202262 -0.452692 
75 0.849764 -0.686612 0.849764 -0.460727 -0.195867 -0.460727 
76 0.773458 -0.616336 0.773458 -0.433102 -0.175413 -0.433102 
77 0.835857 -0.656275 0.835857 -0.482922 -0.186333 -0.482922 
78 0.802119 -0.62048 0.802119 -0.476952 -0.175759 -0.476952 
79 0.827181 -0.630012 0.827181 -0.505561 -0.178038 -0.505561 
80 0.797886 -0.598 0.797886 -0.500574 -0.168589 -0.500574 
81 0.903736 -0.666198 0.903736 -0.581195 -0.187367 -0.581195 
82 0.830978 -0.602752 0.830978 -0.546428 -0.16914 -0.546428 
83 0.87974 -0.62695 0.87974 -0.59165 -0.175506 -0.59165 
84 0.884609 -0.619364 0.884609 -0.607436 -0.172974 -0.607436 
85 0.803183 -0.552333 0.803183 -0.562432 -0.153893 -0.562432 
86 0.81478 -0.549341 0.81478 -0.582032 -0.152676 -0.582032 
87 0.724343 -0.479439 0.724343 -0.526423 -0.132945 -0.526423 
88 0.762819 -0.495275 0.762819 -0.563742 -0.137016 -0.563742 
89 0.758862 -0.482952 0.758862 -0.569953 -0.133292 -0.569953 
90 0.774902 -0.483045 0.774902 -0.591133 -0.132998 -0.591133 
91 0.799687 -0.488469 0.799687 -0.61877 -0.134184 -0.61877 
92 0.79381 -0.474341 0.79381 -0.623076 -0.129987 -0.623076 
93 0.841347 -0.492423 0.841347 -0.668759 -0.13464 -0.668759 
94 0.797484 -0.456604 0.797484 -0.641844 -0.124557 -0.641844 
95 0.756939 -0.423679 0.756939 -0.616558 -0.115305 -0.616558 
96 0.810743 -0.443736 0.810743 -0.667736 -0.12049 -0.667736 
97 0.75174 -0.401813 0.75174 -0.62594 -0.108851 -0.62594 
98 0.781238 -0.407567 0.781238 -0.657326 -0.110151 -0.657326 
99 0.745172 -0.379712 0.745172 -0.632934 -0.102395 -0.632934 
100 0.769828 -0.38251 0.769828 -0.66009 -0.102909 -0.66009 
101 0.756416 -0.366697 0.756416 -0.654216 -0.0984353 -0.654216 
102 0.809437 -0.3829 0.809437 -0.705724 -0.102562 -0.705724 
103 0.71392 -0.328774 0.71392 -0.627584 -0.0878598 -0.627584 
104 0.739988 -0.331871 0.739988 -0.655442 -0.0884889 -0.655442 
105 0.783124 -0.342106 0.783124 -0.698536 -0.09102 -0.698536 
106 0.787917 -0.334893 0.787917 -0.707634 -0.088904 -0.707634 
107 0.756875 -0.312728 0.756875 -0.684245 -0.0828347 -0.684245 
108 0.667399 -0.268361 0.667399 -0.606931 -0.0709342 -0.606931 
109 0.824122 -0.321659 0.824122 -0.753994 -0.0848317 -0.753994 
110 0.703839 -0.266927 0.703839 -0.647456 -0.0702488 -0.647456 
111 0.693073 -0.255292 0.693073 -0.640839 -0.0670466 -0.640839 
112 0.767803 -0.274628 0.767803 -0.713382 -0.0719765 -0.713382 
113 0.866507 -0.300563 0.866507 -0.808894 -0.0786089 -0.808894 
114 0.676116 -0.227187 0.676116 -0.634032 -0.0592929 -0.634032 
115 0.750071 -0.244435 0.750071 -0.706256 -0.063668 -0.706256 
116 0.653256 -0.206272 0.653256 -0.617508 -0.0536206 -0.617508 
117 0.796187 -0.243229 0.796187 -0.75549 -0.0630992 -0.75549 
118 0.761025 -0.224984 0.761025 -0.724668 -0.0582516 -0.724668 
119 0.704657 -0.201237 0.704657 -0.673303 -0.0519984 -0.673303 
120 0.759066 -0.209452 0.759066 -0.72759 -0.0540163 -0.72759 
121 0.753971 -0.201042 0.753971 -0.724825 -0.0517499 -0.724825 
122 0.730626 -0.187931 0.730626 -0.704387 -0.0482824 -0.704387 
123 0.759857 -0.188845 0.759857 -0.734419 -0.0484309 -0.734419 
124 0.724146 -0.17364 0.724146 -0.701611 -0.0444512 -0.701611 
125 0.786135 -0.181157 0.786135 -0.763573 -0.0462859 -0.763573 
126 0.673495 -0.14934 0.673495 -0.655621 -0.0380874 -0.655621 
127 0.736955 -0.157299 0.736955 -0.718855 -0.0400475 -0.718855 
128 0.644457 -0.132249 0.644457 -0.629843 -0.0336116 -0.629843 
129 0.756353 -0.149277 0.756353 -0.740505 -0.0378762 -0.740505 
130 0.722928 -0.136813 0.722928 -0.709016 -0.0346535 -0.709016 
131 0.633993 -0.11508 0.633993 -0.62278 -0.0291003 -0.62278 
132 0.730485 -0.127058 0.730485 -0.718632 -0.0320769 -0.718632 
133 0.632397 -0.105564 0.632397 -0.622954 -0.02661 -0.622954 
134 0.804211 -0.128145 0.804211 -0.793279 -0.0322487 -0.793279 
135 0.649848 -0.0990958 0.649848 -0.641764 -0.0249007 -0.641764 
136 0.616648 -0.0896809 0.616648 -0.609676 -0.0224999 -0.609676 
137 0.75647 -0.105059 0.75647 -0.748675 -0.0263197 -0.748675 
138 0.759194 -0.100483 0.759194 -0.752093 -0.0251367 -0.752093 
139 0.730845 -0.0919019 0.730845 -0.724679 -0.0229561 -0.724679 
140 0.797832 -0.0952668 0.797832 -0.791766 -0.0237626 -0.791766 
141 0.798314 -0.090582 0.798314 -0.792836 -0.0225637 -0.792836 
142 0.753068 -0.0810605 0.753068 -0.74842 -0.0201651 -0.74842 
143 0.68892 -0.0702836 0.68892 -0.685102 -0.0174617 -0.685102 
144 0.805964 -0.0778322 0.805964 -0.801963 -0.0193129 -0.801963 
145 0.753963 -0.0687066 0.753963 -0.750632 -0.0170271 -0.750632 
146 0.612132 -0.052574 0.612132 -0.609731 -0.0130132 -0.609731 
147 0.74178 -0.0598739 0.74178 -0.73921 -0.0148023 -0.73921 
148 0.839956 -0.0636349 0.839956 -0.837393 -0.0157138 -0.837393 
149 0.719261 -0.0511397 0.719261 -0.717329 -0.0126144 -0.717329 
150 0.694508 -0.0463087 0.694508 -0.692867 -0.0114109 -0.692867 
151 0.774546 -0.0481654 0.774546 -0.772955 -0.0118557 -0.772955 
152 0.761424 -0.0439081 0.761424 -0.760079 -0.0107962 -0.760079 
153 0.685367 -0.0368255 0.685367 -0.684317 -0.00904618 -0.684317 
154 0.780121 -0.0389704 0.780121 -0.779088 -0.0095644 -0.779088 
155 0.736134 -0.0337423 0.736134 -0.735314 -0.00827309 -0.735314 
156 0.865968 -0.0366636 0.865968 -0.865145 -0.00898175 -0.865145 
157 0.671111 -0.0261585 0.671111 -0.67057 -0.006403 -0.67057 
158 0.699964 -0.0248857 0.699964 -0.699495 -0.00608638 -0.699495 
159 0.624056 -0.0202217 0.624056 -0.623709 -0.0049419 -0.623709 
160 0.834236 -0.0244147 0.834236 -0.833857 -0.00596202 -0.833857 
161 0.694777 -0.0183504 0.694777 -0.69452 -0.00447798 -0.69452 
162 0.640474 -0.0151323 0.640474 -0.640285 -0.00369015 -0.640285 
163 0.756044 -0.0160108 0.756044 -0.755865 -0.00390203 -0.755865 
164 0.671383 -0.0125433 0.671383 -0.671259 -0.00305507 -0.671259 
165 0.615694 -0.0101508 0.615694 -0.615606 -0.00247101 -0.615606 
166 0.669314 -0.00958253 0.669314 -0.669241 -0.00233141 -0.669241 
167 0.82263 -0.010161 0.82263 -0.822563 -0.00247094 -0.822563 
168 0.741701 -0.00773222 0.741701 -0.741658 -0.00187941 -0.741658 
169 0.70042 -0.00625541 0.70042 -0.70039 -0.00151988 -0.70039 
170 0.725233 -0.0052747 0.725233 -0.725213 -0.00128106 -0.725213 
171 0.65717 -0.00388292 0.65717 -0.657158 -0.00094272 -0.657158 
172 0.867944 -0.00414038 0.867944 -0.867934 -0.00100494 -0.867934 
173 0.780289 -0.00275583 0.780289 -0.780284 -0.00066868 -0.780284 
174 0.786798 -0.00208506 0.786798 -0.786795 -0.00050581 -0.786795 
175 0.737211 -0.00136528 0.737211 -0.737209 -0.000331133 -0.737209 
176 0.478968 -0.000575224 0.478968 -0.478967 -0.000139491 -0.478967 
177 0.491074 -0.000347068 0.491074 -0.491074 -8.41533e-05 -0.491074 
178 0.957352 -0.000301843 0.957352 -0.957352 -7.31801e-05 -0.957352 
179 0.58905 -3.92675e-05 0.58905 -0.58905 -9.51961e-06 -0.58905 
180 0 0 0 0 0 0 
