0 1.71553 -0.132215 -0.0345211 0.0295854 0.112732 0.899028 -0.826385 0.399843 -0.0947491 0.395209 -0.147876 -1.21516 0.0030311 0.889461 0.962575 0.16365 
1 1.08702 0.243432 0.0189838 0.0379025 0.0182915 0.042409 0.278718 -0.305644 -0.0339829 0.019722 0.360379 -0.0911251 -0.0149649 -0.0808913 -0.145145 0.204518 
2 1.18386 0.0295182 -0.0473327 -0.00271962 0.0313594 0.607782 -0.0165176 -0.206281 -0.0625266 -0.111503 0.613808 0.0405421 -0.0158691 0.0915764 0.018229 0.482181 
3 1.17801 -0.0388479 -0.0482609 -0.0371301 -0.00678598 0.791749 -0.0262197 -0.00494937 -0.0242769 -0.0660567 0.723747 0.0801724 -0.0306493 0.0117636 -0.102996 0.711515 
4 1.14402 0.0413716 0.0111454 0.00209244 0.0300166 0.432636 -0.104487 -0.0665682 0.0161329 -0.00471956 0.55696 -0.0856095 -0.0195864 0.0267447 0.00812416 0.364744 
5 1.06482 -0.0407948 -0.0218969 0.0170256 -0.022347 0.457509 0.00766966 -0.0415943 -0.0278069 0.013198 0.484389 0.05345 0.00471654 -0.100656 -0.0629651 0.570777 
6 1.08762 -0.00527128 0.00637504 -0.00281565 0.00229319 0.662589 0.00760765 -0.0354066 0.000810677 -0.00129962 0.625949 -0.0103409 0.0313436 0.0337619 0.0248626 0.604819 
7 0.860904 -0.00458344 0.0191803 -0.0048349 0.00355762 0.399456 0.0578056 0.0250647 0.0142205 -0.017997 0.402585 -0.0474202 0.0106469 0.0237536 0.00393627 0.345243 
8 1.28186 -0.0619629 0.0241848 0.00548804 -0.0685235 0.738347 0.0700831 -0.0356374 -0.0051481 -0.0560434 0.769883 -0.0154895 -0.00576989 0.0339736 -0.00744522 0.64458 
9 1.30368 -0.0345236 0.0101184 -0.0127873 -0.0217117 0.818574 -0.013844 0.0233078 0.0131082 0.00690988 0.749848 0.0204665 0.0124128 -0.0569761 -0.0282046 0.704813 
10 1.14596 -0.0135683 -0.0101147 0.0108901 -0.0209077 0.5341 0.00983091 0.000486374 -0.00557675 0.00244108 0.630246 -0.0263343 -0.0178788 0.0261022 0.0105867 0.490661 
11 1.09526 -0.0333995 -0.027159 -0.00147783 -0.0410175 0.604748 0.0711415 0.0359783 -0.00274893 -0.0159778 0.634735 -0.0161134 0.0050442 -0.0247414 0.0893639 0.563055 
12 0.983858 -0.0277407 -0.00667149 0.00332844 -0.0472038 0.43327 -0.0101686 -0.0846631 -0.0142104 -0.0454059 0.417886 0.00338674 -0.0110869 0.0692407 0.0223854 0.327077 
13 1.18624 -0.0850332 -0.0176559 -0.00902462 -0.0752279 0.56583 -0.0194888 -0.0364175 -0.00130502 0.00383317 0.619025 0.0153559 -0.0034116 0.0109698 -0.00077965 0.459851 
14 0.996073 -0.0578289 -0.00548747 0.0174448 -0.0341938 0.399739 0.0488117 0.0572211 -0.000496327 0.0152093 0.476547 -0.0241129 -0.00120185 -0.0252473 0.0298937 0.377106 
15 1.02152 -0.0728233 0.00878337 0.00437991 -0.0477092 0.467897 -0.0151417 0.0144477 0.00781909 -0.0118593 0.480745 -0.0193423 -0.00106645 0.0526031 -0.000186361 0.488302 
16 0.920332 -0.0239535 0.0125998 -0.0137164 -0.0358816 0.403818 -0.0708834 0.0344883 0.00786149 -0.00785472 0.38612 -0.0124297 0.0140456 0.0535696 0.024781 0.334254 
17 1.12085 -0.0407499 -0.0170273 0.008559 -0.0377044 0.409545 -0.0631825 0.0602993 0.000618554 0.0263379 0.347442 -0.0219018 0.00419688 0.00572517 -0.000932705 0.288263 
18 0.987088 -0.0148763 -0.0316125 -0.0184605 -0.0319837 0.381116 0.0353279 -0.0614583 -0.0131912 0.0685046 0.397499 -0.00130542 0.0122782 -0.00713731 -0.00216957 0.277769 
19 1.11453 -0.0265939 -0.00391046 0.0103314 -0.0411947 0.440058 -0.0315144 -0.018718 0.00163906 -0.0384466 0.454308 -0.0125723 -0.0012636 0.00493495 -0.017847 0.398545 
20 1.00767 -0.035207 0.00811983 -0.00857859 -0.0587874 0.50759 0.0200464 -0.0404024 0.00447894 0.019305 0.520788 0.00668101 0.000615693 0.0641232 -0.0175139 0.435565 
21 1.06868 -0.0578743 -0.0318611 0.00999894 -0.0502485 0.430316 -0.0230494 -0.039514 -0.00563265 0.0589336 0.395761 0.00657076 -0.00623231 0.0169469 0.00626307 0.369532 
22 1.02656 -0.057311 -0.00627507 0.000692576 -0.071803 0.447202 0.0413748 0.0134286 -0.00202536 0.0265067 0.44193 0.0419417 -0.00183084 0.0337771 0.0396629 0.348706 
23 1.10464 -0.0591173 -0.00851144 -0.0104538 -0.053816 0.526913 0.0212241 0.0230133 -0.0149904 -0.0458173 0.50587 0.00476592 -0.00219204 0.00444877 -0.00337963 0.430946 
24 0.978125 -0.0212368 0.000951024 0.00417321 -0.0268382 0.420548 0.0228999 0.0290237 0.0163303 -0.00360118 0.368468 -0.0429234 0.0194735 -0.0279085 0.004347 0.336367 
25 1.0416 -0.0322956 -0.00635087 0.000675119 -0.0347555 0.429986 -0.0213992 0.00986885 -0.0091957 0.000717292 0.398509 -0.0128006 0.0150115 0.0196311 0.0109852 0.245024 
26 1.05832 -0.0709639 -0.0183509 -0.00528236 -0.0671121 0.360131 -0.0196994 0.00623897 -0.0151723 0.00680493 0.371175 -0.00923185 0.00277712 0.00075969 0.0470405 0.328991 
27 1.00465 -0.0715139 0.00536789 0.0105024 -0.0400902 0.35044 0.00378465 -0.0195322 -0.0047446 -0.00361151 0.336938 -0.00820847 -0.00565365 0.0596103 0.0425394 0.254169 
28 0.950676 -0.0551546 0.00517329 -0.00553887 -0.0532127 0.416781 0.0373078 0.0335661 -0.00608156 0.0185471 0.389409 -0.0389984 0.0100752 -0.0299793 0.0418293 0.33025 
29 1.02588 -0.0678938 0.00435196 -0.000481881 -0.073921 0.335887 0.0241906 -0.0337491 0.00240021 -0.0227028 0.297953 0.0170644 -0.00208051 0.0205005 -0.0283293 0.315105 
30 0.968733 -0.101626 0.00784813 -0.00229129 -0.0914039 0.439756 0.0292408 -0.00737054 0.016288 -0.0223719 0.365025 0.0202195 0.0023153 0.0164566 -0.00371509 0.356369 
31 0.953321 -0.0644255 -0.0108821 0.00315964 -0.0591703 0.432933 0.00438045 0.0197214 0.00596313 -0.0288757 0.374553 0.00249676 -0.000928152 -0.00203237 0.0238316 0.359356 
32 0.949235 -0.0492386 0.0153563 -0.00972795 -0.0608576 0.356568 -0.0271112 -0.00866362 0.00586907 -0.0345434 0.327296 -0.0780347 0.00027615 0.0324568 0.0147275 0.289418 
33 0.98896 -0.0502454 0.00432886 -0.00563485 -0.0509587 0.379272 0.0102627 0.0515393 -0.00682482 -0.0190417 0.394772 -0.0386699 -0.0015472 -0.00856809 0.00709668 0.330491 
34 1.05957 -0.0707602 -0.000166311 0.00950143 -0.0708796 0.420105 0.0469675 -0.00078158 -0.0012492 0.000682297 0.420727 -0.0134248 0.00224568 -0.0269548 0.0347197 0.364739 
35 1.12792 -0.0821818 0.00404236 0.0137938 -0.0818603 0.479262 0.0343791 0.0118511 0.00958808 -0.0226695 0.441631 -0.00720012 0.00706609 0.00267504 0.0317184 0.333316 
36 0.99518 -0.0551083 -0.002925 0.00402526 -0.0638601 0.428835 0.0437106 0.00082161 -0.00147278 0.0216055 0.346631 -0.0412248 0.00851067 -0.00778646 0.0525766 0.273204 
37 1.00616 -0.0923504 -0.00232819 -0.00825071 -0.0922216 0.416991 0.0162923 -0.0202531 -0.00135974 -0.0416152 0.361593 0.00249575 -0.00517189 0.0246276 -0.0450207 0.300925 
38 1.03876 -0.0975198 0.00141643 -0.00573839 -0.0907653 0.409649 0.0305985 0.00845825 -0.00103475 -0.0101729 0.347613 -0.0456903 0.00415182 -0.0204488 0.0335816 0.348279 
39 0.961084 -0.0827396 0.012362 -0.00235327 -0.0804273 0.334058 0.0160973 0.00245877 -0.00430191 -0.0414981 0.274716 -0.00421444 0.00550556 0.0244348 0.0572734 0.301986 
40 0.930352 -0.0671384 0.00134577 0.00351398 -0.0620705 0.376796 0.0333014 0.020641 0.00829348 0.00211011 0.301019 -0.0392888 0.00242778 -0.0123133 0.0655928 0.296115 
41 0.92402 -0.0683744 0.00917784 -0.00515713 -0.070494 0.301047 0.000676164 0.0170456 -0.010806 0.0251032 0.228613 -0.0364526 -0.00934501 0.0507767 0.0226661 0.209983 
42 0.982657 -0.0729039 -0.00735204 0.00466632 -0.0734333 0.325477 0.0397591 0.0176584 -0.0100778 -0.0245985 0.221877 -0.0083607 -0.000309237 0.000479072 0.0153706 0.2775 
43 0.98722 -0.0737047 -0.00176058 -0.00120644 -0.0619705 0.331934 0.000603374 0.00652248 -0.00395252 0.0374233 0.262482 -0.0506232 0.00184882 0.000481544 0.0397592 0.281456 
44 0.932918 -0.0722103 0.00778261 0.00222735 -0.0795169 0.312069 0.0034038 -0.0185186 -0.00287604 -0.0373275 0.273091 -0.0535536 0.00528438 0.0104552 0.0455788 0.222974 
45 0.890978 -0.0485103 0.0169573 -0.005628 -0.052657 0.266363 -0.0482355 -0.0258551 0.0094144 -0.00531173 0.177798 0.00618913 0.00175114 -0.0278512 0.0143426 0.212438 
46 0.930876 -0.070962 -0.011659 -0.0108549 -0.0803872 0.306665 -0.0224717 -0.0298035 -0.00223605 -0.0272645 0.220593 -0.0221691 -0.00359925 0.00221081 0.0517588 0.22769 
47 0.997888 -0.0558799 -0.0022066 0.0172297 -0.0606398 0.285755 -0.0203572 -0.00386633 -0.00351625 -0.00370703 0.229229 -0.079037 0.000543124 -0.0226059 0.0425866 0.202983 
48 0.914656 -0.0857027 -0.00760101 -0.000763939 -0.0751065 0.310947 -0.015518 -0.0121453 -0.00385508 0.0146567 0.23367 -0.0386359 0.00468027 -0.022865 0.0175325 0.200783 
49 0.967064 -0.064689 0.0141598 0.0022295 -0.0643741 0.284162 0.0241035 0.0224623 0.0129573 0.00251628 0.185831 -0.0533414 0.00588328 -0.0499648 0.0554976 0.18705 
50 0.92796 -0.0684208 0.00743954 -0.00197466 -0.0720392 0.292651 -0.0390233 -0.00492262 0.0162536 -0.000842002 0.232572 -0.0626941 0.00777317 -0.000552453 0.0315041 0.234806 
51 0.960832 -0.0814652 -0.00678309 -0.000912509 -0.0860447 0.377687 0.00206128 -0.0305059 -0.00128561 -0.0232929 0.259617 -0.0578514 -0.000327312 0.0119968 0.0404997 0.242217 
52 0.89114 -0.079721 0.000114773 -0.00412098 -0.0836849 0.265407 -0.0164552 0.0189744 0.0146247 -0.00887276 0.178752 -0.0509548 -0.00247809 0.000582239 0.0254275 0.160119 
53 0.833034 -0.0631821 -0.00297962 -0.00382464 -0.0531263 0.270797 0.0104978 0.00156837 -0.000453588 -0.0325116 0.172734 -0.0597575 0.000501031 -0.00521918 0.0256378 0.169789 
54 0.945343 -0.0702286 -0.00123392 2.75757e-05 -0.079399 0.27903 0.000526876 -0.0249406 0.00996591 -0.0170254 0.187184 -0.0170192 0.00360834 -0.00698374 0.037534 0.163597 
55 0.976627 -0.0838926 0.000281276 0.00816669 -0.0865787 0.316783 0.00649232 -0.00406857 0.00926103 -0.0458798 0.189173 -0.0433796 -0.000174221 0.00793903 0.0624217 0.17817 
56 0.9683 -0.0857887 -0.00323068 -0.00942261 -0.0746782 0.285158 0.00200652 0.00394451 -0.0038692 0.0110083 0.185728 -0.0294362 -0.00868211 0.00825209 0.0596101 0.184859 
57 0.8934 -0.0610481 -0.00413782 0.00327933 -0.0780902 0.261245 -0.0249975 -0.0137764 -0.000644901 0.0333777 0.141409 -0.0609203 0.000340545 0.00744462 0.0249892 0.154845 
58 0.906442 -0.0716605 0.00571878 0.00462712 -0.0861438 0.260583 -0.0291346 -0.0157427 -0.0117246 -0.047312 0.172372 -0.0568663 0.00659179 0.00717052 0.0647746 0.186838 
59 0.874528 -0.086669 0.0122362 0.00241172 -0.0898261 0.206036 -0.0129003 -0.00861582 0.00135127 -0.0181765 0.11195 -0.0215993 -0.00290304 0.0142431 0.0409715 0.117204 
60 0.912384 -0.0715292 0.019302 0.00467667 -0.0664449 0.221387 0.0225849 -0.0103233 -0.00540269 0.0118857 0.171046 -0.0333529 0.00321388 0.00070835 0.0549146 0.153892 
61 0.910005 -0.0902088 0.000489061 -0.00295556 -0.0935837 0.287368 -0.0127959 0.00217361 -0.0104813 0.0323912 0.160931 -0.0518889 0.00358505 -0.0307036 0.0359787 0.140936 
62 0.927554 -0.0763612 -0.000726581 -0.00210898 -0.0570706 0.234344 0.0344443 -0.000386843 0.0100409 -0.0157096 0.151256 -0.0383738 -0.00333642 -0.0231795 0.0595287 0.157848 
63 0.854682 -0.0774682 -0.000655233 0.00574752 -0.0807863 0.182163 -0.0147019 -0.0211287 -0.00562259 -0.0239653 0.0910008 -0.0403762 -0.00478399 0.012484 0.0722797 0.0903937 
64 0.922339 -0.0783016 0.00492254 0.0035684 -0.0752099 0.206254 -0.00855967 -0.016249 0.0162925 -0.028557 0.0936203 -0.0386093 0.00251843 -0.0133256 0.0388999 0.0805797 
65 0.963605 -0.0673091 -0.0066768 0.00273977 -0.06828 0.28171 -0.00222826 0.0109014 0.00475797 2.53875e-06 0.139612 -0.0638824 0.0049316 -0.0341681 0.0633331 0.196918 
66 0.833603 -0.0709837 -0.00405395 4.95489e-05 -0.0844282 0.253792 -0.00283913 0.0137015 -0.00244196 -0.000519583 0.121106 -0.0391101 0.00193223 8.41257e-05 0.0754753 0.119021 
67 0.923393 -0.0805426 0.00486472 -0.000576007 -0.0687944 0.23492 0.0162387 0.0314539 -0.00105956 0.000324941 0.128972 -0.0761207 -0.000352476 -0.0163585 0.0406457 0.116073 
68 0.925843 -0.0750503 -0.00713626 0.0084535 -0.0710198 0.222245 -0.0386152 0.00888133 -0.0177792 -0.0147757 0.0816662 -0.0832052 -0.00599009 -0.00014889 0.101043 0.123211 
69 0.928363 -0.0583095 0.0119751 0.00286986 -0.0612195 0.244597 -0.0034081 -0.0302206 -0.00355674 -0.000321655 0.0705754 -0.0600898 -0.0103496 -0.00841423 0.0747108 0.12653 
70 0.898639 -0.0740099 -0.00463411 0.00565311 -0.0676798 0.235756 -0.0160691 0.00513736 -0.0104238 -0.0243796 0.0841309 -0.0731078 -0.00180503 0.00887542 0.0798107 0.106518 
71 0.867764 -0.0653317 -0.00374132 0.00922179 -0.0708046 0.189513 -0.00234866 0.000943185 -0.00368568 0.0117023 0.0686158 -0.0728723 0.00182554 0.00781237 0.0668339 0.0835729 
72 0.923277 -0.0751845 -0.00522343 -0.00515205 -0.0702837 0.22174 0.00553107 -0.0139011 0.00433115 -0.0570273 0.0741488 -0.019178 -0.00215521 -0.00068224 0.0320819 0.074368 
73 0.919504 -0.0879967 0.00174519 -0.0046145 -0.0881968 0.205557 -0.00431263 0.00215883 -0.00281564 -0.0219596 0.0790648 -0.0566259 -0.0030975 -0.0408759 0.0868892 0.0756304 
74 0.954843 -0.06442 -0.0124486 0.00507642 -0.0571741 0.232477 -0.000496413 -0.0103179 0.00226642 -0.0183368 0.0589339 -0.0976534 0.00206616 0.0129347 0.0909813 0.0845966 
75 0.934744 -0.0754889 0.000376385 0.000915722 -0.0812545 0.209806 0.0206969 0.0329056 -0.00266236 0.00777592 0.0263572 -0.0680219 0.00729455 -0.0120333 0.0855535 0.112724 
76 0.905401 -0.0648842 0.0110703 0.00296556 -0.0622865 0.206469 -0.0504715 0.0208255 0.0140258 0.0335081 0.0575941 -0.0744749 -0.00294309 0.0293351 0.0620168 0.0934967 
77 1.03604 -0.0713024 -0.00464943 0.00243739 -0.0621339 0.25948 -0.00342658 -0.00547483 -0.00513947 -0.00499058 0.0617257 -0.100284 -0.00114903 0.0114866 0.112453 0.141983 
78 0.908568 -0.0636882 -0.00425366 0.00175466 -0.0779036 0.219491 0.0166531 0.00241417 -0.0173938 0.0118161 0.0703025 -0.040187 -0.0028376 0.0109451 0.0951427 0.0998376 
79 0.94489 -0.0809614 -0.00210507 -0.00124095 -0.07153 0.202025 0.0131662 -0.0311507 0.0069854 -0.0279097 0.0612366 -0.0635035 -0.00188101 0.0214384 0.0430634 0.0988265 
80 0.918025 -0.073669 -0.00325108 -0.00951213 -0.063186 0.215174 -0.00856609 0.0041016 -0.00105068 -0.00628996 0.0208493 -0.0910791 -6.52291e-05 -0.0142935 0.0921401 0.0923951 
81 0.897494 -0.0490753 -0.00455785 -0.00795171 -0.0649678 0.244267 -0.0119504 0.0137744 -0.00805073 0.00323848 0.0606011 -0.0821074 0.00652962 0.0196067 0.10463 0.111062 
82 0.939907 -0.0671789 0.000631254 -0.00163129 -0.0744379 0.227715 -0.00306617 0.0446123 0.0061642 0.00834259 0.0387246 -0.052455 0.00436364 0.0146159 0.00994288 0.0691941 
83 1.00267 -0.0714444 0.0109771 0.00332618 -0.089248 0.200185 -0.0273701 0.00363705 -0.0156772 0.0100534 0.0361741 -0.0686401 0.000463969 0.025076 0.0905837 0.104252 
84 1.02364 -0.0650295 0.0140851 9.6026e-05 -0.0620712 0.206554 0.0477304 0.0172282 0.00856868 -0.0115493 0.00746599 -0.0943126 0.00300036 0.00841043 0.115019 0.100633 
85 0.88984 -0.0604535 0.00126878 0.000300651 -0.076667 0.241627 -0.0355998 -0.00984935 0.00634185 0.00640446 0.017956 -0.0773038 -0.00114162 0.00540492 0.1094 0.0349927 
86 0.972362 -0.0653712 0.00956552 0.00235474 -0.069009 0.205244 -0.0192442 -0.0186475 0.00484805 -0.00220811 0.0141518 -0.0712639 -0.00288727 0.00627112 0.0721807 0.0630925 
87 0.918099 -0.0626057 -0.00290749 0.00529748 -0.0717296 0.190276 -0.0148974 0.0275829 0.00259364 -0.00143175 0.0143648 -0.0430837 0.000641485 -0.00666155 0.0694647 0.0613492 
88 0.9557 -0.0726782 -0.00178279 0.00489228 -0.0655328 0.242889 -0.0437659 0.048702 -0.00753998 0.0473929 0.0146574 -0.101521 -0.000892441 -0.00595359 0.0951034 0.0988814 
89 1.01584 -0.0693194 0.00370235 0.0138626 -0.0653483 0.21565 0.00334701 0.040382 0.00430018 0.0221325 -0.000732816 -0.0583241 0.00340687 -0.00658081 0.0980964 0.0505372 
90 0.975906 -0.0632164 0.00374058 -0.00112126 -0.0617649 0.286904 -0.0143867 0.0233178 -0.00575009 0.0132039 -0.00839989 -0.0892028 0.00555909 0.00185593 0.0973116 0.0516919 
91 0.998494 -0.0476588 -0.000997003 -0.00146125 -0.0561102 0.188079 0.00174938 0.0318301 -0.00492048 -0.0141178 -0.0332794 -0.0832636 -0.00147439 0.0153695 0.0601722 0.0506908 
92 1.01308 -0.0616385 -0.000420477 -0.00184443 -0.0713279 0.231575 -0.00969423 -0.0085446 0.0102214 -0.00746248 0.00188158 -0.11587 0.00534464 0.00989125 0.111849 0.0694768 
93 0.968855 -0.0625128 -0.00813383 0.00906182 -0.0656886 0.210154 -0.0102754 0.00725676 -0.00246303 0.000610696 -0.0445335 -0.0979668 -0.00510987 -0.00527558 0.093653 0.0554557 
94 0.944609 -0.0552645 0.00736191 -0.000189957 -0.0644862 0.239191 0.0305898 0.0130826 -0.00948548 0.00739643 -0.00431739 -0.0836463 0.00154429 0.015868 0.107474 0.0203992 
95 1.03037 -0.0523887 0.00825564 -0.00383924 -0.0568564 0.218682 -0.00471112 0.00383121 -0.00758426 -0.00401755 -0.0358089 -0.0699865 -0.00693761 0.0150516 0.100902 0.0242734 
96 0.967787 -0.0551947 0.0142351 0.00864979 -0.0742618 0.197533 -0.0161828 -0.0377023 -0.00459643 -0.00780511 -0.0288588 -0.020654 0.00451492 -0.0205955 0.0650897 0.0474384 
97 0.984048 -0.0632614 -0.00688895 0.00430762 -0.0476396 0.224871 -0.0136066 -0.0227904 0.0119815 0.014987 -0.0399205 -0.0597064 -0.00199861 -0.00511931 0.0860135 0.00587947 
98 0.988049 -0.0593548 -0.00210188 0.00473131 -0.0654915 0.234511 -0.0289483 0.0254089 0.0105633 0.0149188 -0.0631558 -0.101209 0.00103489 -0.00881413 0.0795768 0.0378656 
99 0.971201 -0.0571303 0.000124296 0.000962843 -0.050542 0.249536 -0.00204778 0.000210816 -0.011112 -0.00854875 -0.0293003 -0.10435 -0.00578487 -0.0242456 0.100255 0.060099 
100 0.975908 -0.0488364 0.00798586 0.00325518 -0.0457998 0.210364 0.0207873 0.00811675 0.00225651 0.000269843 -0.0314849 -0.0988297 0.00375532 -0.0106505 0.105501 0.0470758 
101 0.928937 -0.0614887 -0.00488224 0.000545385 -0.0527484 0.170315 -0.0044038 -0.0109213 0.00473265 -0.00819911 -0.0774064 -0.0652656 -0.00522343 -0.00911882 0.0705857 -0.0193083 
102 1.0638 -0.0523777 -0.00526348 -0.00512875 -0.0642231 0.244984 0.0254761 -0.00846926 0.0109649 -0.0197366 -0.0488836 -0.107581 0.00428558 0.0132435 0.120912 0.0275301 
103 1.00861 -0.0490274 -0.00195391 0.00223867 -0.0534534 0.187584 -0.0163554 0.00507511 0.0110807 0.00286127 -0.0522222 -0.0880388 -0.00712382 0.039247 0.0933923 0.0265318 
104 0.975563 -0.0598967 0.0021967 -0.00292187 -0.066211 0.183053 -0.0146866 -0.0322668 0.00365351 0.00948754 -0.107947 -0.0821364 0.00600892 -0.00590684 0.0838678 0.0255084 
105 1.04727 -0.049215 -0.00529745 0.00540193 -0.048661 0.196253 -0.0119109 0.00644908 -0.00289511 -0.00634234 -0.0819318 -0.0649467 0.00239005 0.0541355 0.0672232 0.0028805 
106 0.991488 -0.051648 -0.00655855 -0.000708344 -0.0484253 0.174447 -0.00870828 -0.00657745 0.0107664 0.00430412 -0.097471 -0.120176 0.00455577 0.00151508 0.0610097 -0.00330723 
107 1.03854 -0.0710254 0.00668364 -0.00620171 -0.0565813 0.195471 -0.0348685 0.0274498 0.00146649 0.0413132 -0.107281 -0.0799134 0.00681752 -0.011341 0.0722262 0.0350316 
108 1.01798 -0.0567888 -0.0121373 -0.00458008 -0.0484897 0.213928 0.018607 -0.0516826 0.000826681 -0.0168099 -0.0628757 -0.139897 -0.000582578 0.0131852 0.083602 0.0283973 
109 1.03091 -0.062469 0.000308013 -0.00511157 -0.0485756 0.194802 -0.00577098 0.016343 0.000885332 -0.00995226 -0.0987399 -0.0980611 -0.00382675 -0.0236641 0.0879073 0.00236852 
110 1.03637 -0.0517753 5.65168e-05 -0.00183332 -0.0463962 0.231385 0.0309853 0.0139859 0.0021062 -0.00026449 -0.0922001 -0.0648162 0.0071452 -0.0027897 0.104266 0.0171915 
111 1.04092 -0.048907 0.00195917 -0.011205 -0.0373014 0.226075 -0.0280674 -0.0252063 0.00245085 0.0088274 -0.0745485 -0.0801429 -0.00182551 0.0131631 0.0893657 0.0239635 
112 0.969631 -0.0523564 -0.00792577 0.00104027 -0.0322993 0.195461 -0.00997254 -0.0210836 0.00186676 0.0167769 -0.065243 -0.0767298 -0.00124277 0.00139116 0.100367 0.0407875 
113 1.05015 -0.0568991 0.0165351 -0.00526849 -0.0562995 0.219542 -0.0267037 -0.00946164 0.012535 0.0411686 -0.141124 -0.103328 -0.0039352 0.00420216 0.0874685 -0.00279244 
114 1.03824 -0.0486934 0.00656797 -0.0107741 -0.0438386 0.198691 0.0125737 -0.0443935 0.000465632 -0.0160194 -0.0916271 -0.0841898 0.00507715 -0.0110427 0.0781887 -0.0206735 
115 1.03503 -0.0344684 -0.0114177 -0.00553376 -0.0267395 0.199167 0.0448296 0.0361714 -0.00662095 -0.0286383 -0.118063 -0.0554099 -0.00532525 -0.0439371 0.0868836 0.00617325 
116 0.999007 -0.0384707 -0.000607913 0.00159157 -0.0439465 0.205217 0.0152773 0.0150243 -0.0213436 -0.0343448 -0.132516 -0.0542599 0.00472113 0.00495101 0.0979397 0.00534365 
117 1.02625 -0.0422968 -0.00571167 -0.00010487 -0.0432443 0.185679 -0.0107268 0.00969451 -0.000609819 0.011991 -0.133656 -0.0231954 -0.00331496 -0.0107803 0.0273666 -0.00960004 
118 1.07429 -0.0526733 -0.00140589 0.00691233 -0.0526171 0.229694 0.0134274 0.0569457 -0.00615753 -0.00503109 -0.110243 -0.0792934 0.000780004 -0.0184559 0.0734416 -0.0287614 
119 0.987848 -0.0444443 0.00190658 -0.00767836 -0.0360973 0.193097 -0.0121236 -0.00413948 -0.00332638 0.0310173 -0.109454 -0.0575139 0.00283732 0.00440439 0.0597643 -0.0546709 
120 1.07115 -0.0517852 0.00854284 0.00428757 -0.0400283 0.226227 0.0127489 0.0341461 -0.00754021 0.0420718 -0.152347 -0.0980748 -0.00695907 0.0457349 0.0841792 0.023501 
121 1.00434 -0.0307575 -0.00215112 0.00605807 -0.0274396 0.216482 0.000166731 -0.0372233 -0.00131155 0.00250073 -0.146653 -0.0999115 0.0187951 -0.00860092 0.0754986 -0.034104 
122 1.10129 -0.0303955 0.00327585 -0.0015256 -0.0380623 0.225627 0.0124381 0.00861062 -0.00657933 0.00172551 -0.0661942 -0.0938534 0.00388123 -0.0145134 0.0695534 -0.00812693 
123 1.01018 -0.0398922 0.00305755 0.00287349 -0.0430492 0.253092 -0.0290157 -0.0190855 0.00114422 -0.00416082 -0.134231 -0.0957551 0.00442372 -0.0112584 0.0758296 0.0163082 
124 0.932482 -0.0386899 -0.0118588 -0.0059976 -0.0400273 0.2136 -0.00892832 0.00229566 0.0101602 0.0168529 -0.145124 -0.088466 -0.00497955 -0.0259549 0.0484934 -0.0438284 
125 0.977631 -0.0471695 -0.00692222 -0.00360944 -0.0328375 0.199694 -0.0132884 0.00777073 -0.000451902 0.00175677 -0.185629 -0.0627021 -0.0116153 0.0207756 0.0976665 -0.040213 
126 1.03406 -0.0443448 -0.0131489 0.000495729 -0.0327604 0.238434 -0.0435349 -0.0172761 0.000474472 -0.00507751 -0.146789 -0.0700037 -0.00323085 0.00386962 0.0772645 -0.0149526 
127 1.07819 -0.0261436 0.00279861 -0.0070769 -0.042816 0.250022 0.0383231 0.00942456 0.0128144 -0.0110166 -0.13828 -0.0527182 0.000503211 0.0275733 0.0659677 0.000707405 
128 1.0123 -0.0210364 -0.00594643 -0.00174893 -0.0342407 0.217559 -0.0182144 0.00750699 -0.00935364 -0.00605343 -0.166045 -0.0619971 -0.00389259 0.0266588 0.0482228 -0.0400716 
129 1.07275 -0.0298661 -0.00411942 0.00152419 -0.0205479 0.193622 -0.00592761 0.0244161 0.000500838 -0.0113876 -0.246642 -0.0585299 0.00297749 0.00766486 0.0546831 -0.0416406 
130 1.07968 -0.0343045 -0.00848602 0.00739426 -0.0398154 0.248183 -0.0457672 0.0503469 0.00317028 -0.00918158 -0.238412 -0.0769576 0.015568 0.0262662 0.0802071 -0.051894 
131 1.12361 -0.0189527 0.00819576 0.00503248 -0.0143713 0.222539 -0.033702 0.0128393 -0.00375991 -0.0201306 -0.23589 -0.0213133 -0.000523511 0.018859 -0.000397695 -0.0168576 
132 0.990832 -0.0306372 0.00850515 -0.00642353 -0.0247628 0.226358 0.0170223 0.0330356 0.00110288 0.0340985 -0.150221 -0.0549257 0.014405 0.0106977 0.100727 -0.0710626 
133 1.08908 -0.0212393 0.00774754 -0.00480469 -0.0211698 0.245118 -0.0315982 0.0337258 0.0081805 -0.0222356 -0.186565 -0.0592984 0.0104578 -0.00651263 0.0572493 -0.0680884 
134 1.0641 -0.033578 -0.0168237 0.00453463 -0.0182788 0.19367 0.00170525 0.00857687 -0.00460191 -0.00436272 -0.215875 -0.0509201 -0.00635637 0.00965411 0.051562 -0.0543266 
135 0.936747 -0.0206575 0.00367187 0.00391693 -0.0227291 0.181788 -0.00327753 -0.0532858 -0.014308 -0.0258949 -0.257812 0.00482458 -0.000210802 -0.0197963 0.00708098 -0.03602 
136 1.08103 -0.0181557 -0.00955103 -0.00184335 -0.0283006 0.232506 0.0132776 -0.00444457 -0.0265117 0.0217879 -0.186328 -0.0124587 0.00697915 0.00360741 0.0270801 -0.0237969 
137 1.06653 -0.0331493 0.00186196 0.00632643 -0.0248905 0.255171 -0.00610997 -0.0261533 -0.00650211 0.0354163 -0.143235 -0.060863 -0.00572917 0.0458196 0.0603266 -0.0625846 
138 1.117 -0.0195358 -0.00301467 0.00377674 -0.021094 0.28482 0.0147379 0.0210461 0.00149686 0.000528776 -0.244814 0.0136987 -0.00469553 -0.0181043 -0.0145406 -0.0448451 
139 1.03201 -0.0178269 0.00912364 -0.000918987 -0.0308711 0.226089 -0.0365207 0.0313732 0.00896191 -0.016415 -0.204221 -0.0401703 0.00908357 0.026893 0.00910192 -0.0681535 
140 1.10931 -0.00798752 -0.00725246 -0.0056077 -0.0113353 0.280094 0.0321687 0.0162555 -0.00473788 -0.0495081 -0.223315 -0.107907 0.00501692 0.0395932 0.0691719 -0.096921 
141 1.08896 -0.0148674 -0.0024815 -0.00349617 -0.0105728 0.287749 0.00451868 0.0178092 -0.00702619 0.00838462 -0.274185 -0.0705182 0.0100187 0.0109002 0.0118918 -0.116456 
142 1.02877 -0.0187097 0.000281039 0.000839007 -0.0187123 0.188943 -0.010779 0.0220702 0.0026056 0.0368824 -0.232858 -0.048149 -0.0097231 -0.0424927 0.0379307 -0.00772411 
143 1.13169 -0.0251859 0.0177514 -0.000418311 -0.0189048 0.245245 0.00852071 -0.0199569 -0.0271276 0.0192208 -0.217659 -0.0616926 -0.000454239 -0.0630332 0.0772916 -0.0865039 
144 1.11389 -0.00954683 -0.0140837 0.00527087 0.00115589 0.267674 -0.0180118 0.000902258 -0.00489904 0.0161511 -0.23255 -0.0417043 -0.00726517 -0.0265627 0.0772778 -0.0640613 
145 1.04171 -0.0242694 -0.00806529 0.00171829 -0.026146 0.235899 0.0299823 0.00351706 0.00961358 -0.0618838 -0.213772 0.0281005 -0.0051336 0.0301287 -0.00801831 -0.0457209 
146 1.02557 -0.0324859 0.00264171 0.000989755 -0.00738816 0.186115 0.00452058 -0.031693 -0.0082132 0.0373274 -0.267127 -0.00114094 0.007531 -0.0406257 -0.0029554 -0.0601291 
147 1.12438 -0.0228194 0.0184598 0.00406363 -0.013848 0.290673 0.00276339 0.0114998 -0.021419 0.0174135 -0.310063 -0.00438859 0.00479497 0.00148684 -0.00662436 -0.115877 
148 1.06614 -0.0207466 0.0035337 -0.000968848 -0.00468635 0.216119 0.00669488 -0.0254009 0.0144093 -0.0126046 -0.289987 -0.03877 0.00236305 -0.0501129 0.0385714 -0.13353 
149 1.03865 -0.0134321 -0.000749449 -0.013624 -0.019938 0.216278 0.0144034 0.0320938 -0.00164613 -0.023055 -0.243729 -0.00743668 -0.0104566 0.0557793 -0.00157748 -0.082942 
150 1.08008 -0.00737229 -0.0148404 -0.00971064 -0.0118979 0.246806 -0.0127294 0.0397134 -0.0118814 0.0173253 -0.252169 -0.0018744 -0.00891292 0.0583819 0.0218092 -0.0803485 
151 1.18155 -0.0244058 -0.00319082 -0.0159793 -0.00726522 0.294219 -0.0256373 0.0457733 -0.00479297 0.051996 -0.301095 -0.0164189 -0.00494954 0.0398675 0.0792549 -0.102049 
152 1.22201 -0.0153657 -0.00409366 -0.00235685 0.00150337 0.241337 0.0295716 -0.0568012 0.0116584 0.0237419 -0.28798 -0.0901302 -0.00716483 0.0237592 0.0517098 -0.091687 
153 0.997382 -0.0197975 -0.00468314 0.00439321 -0.0342045 0.241412 0.0289782 -0.0490935 -0.0170658 -0.0546648 -0.254285 -0.0467239 0.00030862 0.00305265 -0.021576 -0.0614196 
154 1.07649 -0.0039132 -0.0168155 -0.00151875 -0.0244005 0.266015 -0.0212399 -0.0113862 -0.00820555 -0.013982 -0.320505 -0.0709224 0.00280025 -0.0144185 0.031691 -0.172862 
155 1.20865 -0.000838926 -0.0070118 0.0147488 0.00904081 0.29407 0.0245591 -0.0257651 0.00640116 0.0119293 -0.29283 0.0169862 0.0117053 -0.0328099 -0.0428287 -0.0715018 
156 1.17845 -0.00459201 -0.00394256 0.0072795 -0.00245318 0.270002 0.000803066 0.0520963 0.00213782 -0.0752089 -0.318943 0.0298621 0.0126581 0.0741188 -0.016443 -0.11249 
157 1.14243 -0.0101952 -0.00868611 -0.000432961 -0.0243144 0.309477 0.0237997 -0.00654932 0.00642342 -0.0121948 -0.347723 -0.0519205 -0.009669 0.030548 0.0294924 -0.221043 
158 1.08278 -0.0155251 0.0061474 -0.0105244 -0.0216273 0.348999 -0.00317607 -0.0242707 -0.000786679 -0.00348037 -0.243153 0.00543944 -0.00136919 0.032971 0.0561467 -0.110047 
159 1.10995 0.0239904 0.0136223 -0.00251945 -0.0207817 0.266083 -0.0104727 0.0494417 0.011117 -0.0295815 -0.283991 -0.0352908 0.00883746 0.0848506 -0.0600947 -0.121629 
160 1.21272 -0.00674533 0.0064609 -0.0242937 -0.000934177 0.161991 0.00134629 -0.0259237 -0.0138673 -0.00349982 -0.363245 -0.0962368 -4.30105e-05 -0.00315186 0.0207828 -0.0427079 
161 1.13653 -0.011826 0.00961259 0.00896243 -0.0260662 0.269492 -0.0203799 -0.0506515 -0.00261997 0.00507076 -0.221083 -0.0265573 0.0130188 0.0395725 0.0217942 -0.139729 
162 1.12894 -0.0169282 -0.0169595 -0.0272921 -0.0135636 0.293391 0.00999464 -0.00682614 -0.00411787 0.014018 -0.232811 -0.00446268 0.00275966 -0.0173844 0.0215138 -0.0825618 
163 1.21182 -0.0323892 0.00458006 0.0109034 0.000871651 0.336272 -0.00596505 -0.0402978 0.0153899 0.0134999 -0.296821 0.0255834 0.00937386 0.00384144 -0.0485486 -0.205517 
164 1.28819 -0.0361906 0.0239615 -0.0202819 -0.00160412 0.38535 -0.00852471 0.00596648 -0.00481921 -0.0567208 -0.366832 -0.00109315 0.0225009 0.0633335 0.0878514 -0.0930735 
165 1.14682 -0.0084174 0.00477898 0.00301935 -0.00605272 0.354694 0.0506206 0.0949964 -0.00857471 0.036795 -0.376133 -0.0466798 -0.0120213 0.090511 0.0387257 -0.137478 
166 1.17724 0.0419619 0.0100228 -0.00600618 0.0201431 0.298722 -0.0584416 0.0357326 -0.0135045 0.0233464 -0.367367 -0.0815098 -0.00382169 0.00741449 0.10061 -0.127767 
167 1.19154 0.0030536 0.00816342 -0.00615299 0.0160952 0.343808 -0.00224687 0.00603697 -0.00387035 0.0278448 -0.450797 -0.0490487 0.00508612 -0.0298982 0.0207183 -0.217533 
168 1.21188 -0.0125365 -0.00551251 0.00843679 -0.0119012 0.290561 0.0500168 -0.05101 -0.00293291 0.0194467 -0.333176 -0.00233623 0.0220186 -0.0657812 -0.0419035 -0.202157 
169 1.42687 -0.016244 -0.00463793 -0.0056603 0.0178016 0.491574 -0.0320211 0.074448 -0.00163349 0.0388489 -0.38149 -0.0265981 -0.00775045 0.0987701 0.125904 -0.181106 
170 1.19538 -0.0174416 -0.0133273 0.00409783 0.0161738 0.387082 -0.054839 0.0340957 -0.0142579 0.0506733 -0.350754 0.0394702 0.000513399 0.00429521 -0.0389261 -0.109503 
171 0.990675 0.00699969 -0.0197499 0.0171365 -0.00834452 0.225866 -0.0632827 0.0281018 0.016488 0.0876574 -0.300555 -0.0359038 0.0210937 0.055058 -0.0225673 -0.0941258 
172 1.30624 0.0123483 -0.0209947 0.00399308 -0.00392295 0.346804 0.0700964 0.0257491 0.0215121 -0.0130708 -0.362536 0.0423736 0.0151785 0.0312938 -0.0150136 -0.0971419 
173 1.37672 -0.0484915 -0.0143122 -0.0104043 -0.0214866 0.449084 0.0801186 -0.051365 0.0488647 -0.105355 -0.5926 0.0189805 0.00342326 0.0430434 0.0519277 -0.233152 
174 1.40288 -0.0241352 0.0029584 -0.00386149 0.00894375 0.517008 -0.120505 -0.118635 -2.04932e-05 0.0614351 -0.367459 0.0922342 0.0224984 -0.107725 -0.0959265 -0.169559 
175 1.20957 0.0322178 -0.0316861 -0.0561792 0.00283389 0.403773 0.089115 -0.0315342 -0.0449713 -0.100902 -0.383433 0.0331578 -0.0323022 -0.091899 0.0515039 -0.0977699 
176 1.51725 0.0367211 0.0525735 -0.0142668 0.00413182 0.362121 0.0215599 -0.127498 -0.0306914 -0.0336027 -0.411598 -0.0515561 -0.0434357 -0.114919 0.00472364 0.0810649 
177 1.22092 -0.00997639 0.00807861 0.0109817 -0.042742 0.412878 0.00739252 0.193312 -0.0590342 0.0556887 -0.394713 -0.162994 -0.00221982 -0.0203268 0.150531 -0.37871 
178 1.26118 -0.0787375 0.0498364 -0.0258018 -0.059018 0.24629 -0.227769 -0.133992 -0.102256 0.159595 -0.317051 -0.0464705 -0.00436972 0.0682421 0.0938137 0.0563761 
179 1.78888 0.0419315 0.00609873 0.028566 0.123012 0.435352 0.500043 0.00704778 -0.050544 0.0982182 -0.710655 -0.232428 -0.028497 0.182412 0.0397892 -0.269416 
180 1.72668 0.0767649 -0.210757 0.316389 0.169703 0.431257 0.4272 0.708803 -0.379412 -0.202006 0.521729 -0.437188 -0.0132825 -0.963537 0.252277 0.483399 
