0 2.00013 0.00546617 -0.00137961 0.000504342 0.00547052 2.0001 -0.000113815 4.22167e-06 -0.00137422 6.76334e-05 2.00006 5.68707e-05 0.000492003 -1.13914e-05 -4.70471e-05 2.00003 
1 6.80003 -0.152607 0.00178327 -0.000577458 -0.152603 6.79996 -0.00021107 -4.90764e-06 0.00177567 0.000163085 6.79754 -0.000589817 -0.000575302 -3.89255e-06 0.000603681 6.79749 
2 5.00105 -0.168222 0.000553834 0.000313411 -0.16823 5.00086 -0.00022482 1.49168e-05 0.000550833 0.000207286 4.99687 -0.000661172 0.000314998 -2.87763e-05 0.000665543 4.99671 
3 5.95679 -0.355316 -0.000165161 0.00198055 -0.355328 5.95657 -0.000294672 -1.31321e-05 -0.000161819 0.000336244 5.94356 -0.00146729 0.00198373 2.60067e-06 0.00145104 5.94346 
4 6.60131 -0.5159 -0.000185613 0.000460794 -0.515914 6.60103 -0.000741501 2.52562e-05 -0.00017936 0.000812868 6.57612 -0.00207282 0.00045992 -9.00442e-06 0.00209986 6.57595 
5 5.49034 -0.51446 9.76002e-05 -0.000785974 -0.514461 5.49014 -0.000523555 -2.36022e-05 7.07124e-05 0.000491817 5.45904 -0.00209814 -0.000785929 -2.4486e-05 0.00209503 5.45898 
6 6.02489 -0.661221 -1.82683e-05 0.00109776 -0.661209 6.0247 -0.000339192 2.47037e-05 2.10146e-06 0.000400417 5.97807 -0.00272623 0.0011009 3.62674e-05 0.00271195 5.97804 
7 5.36259 -0.704562 -1.95404e-05 0.000372285 -0.704574 5.36237 -0.000163804 2.40121e-05 -2.68648e-05 0.000194455 5.30364 -0.0028914 0.000369554 -3.56156e-06 0.00289053 5.30363 
8 4.73282 -0.695819 -0.000390618 0.00165233 -0.695815 4.73265 -0.00131276 -8.86226e-06 -0.000403689 0.00135154 4.66589 -0.00281447 0.00164978 2.26899e-05 0.00279358 4.66589 
9 5.0166 -0.859545 -0.000545835 0.00144906 -0.859534 5.01636 -1.62166e-05 -6.49033e-06 -0.000548836 6.51357e-05 4.9247 -0.00352838 0.00144847 -1.02653e-05 0.00348443 4.92471 
10 5.59257 -1.0733 -0.000104859 -0.000893521 -1.07329 5.59238 0.000643571 -4.72983e-07 -0.000115289 -0.000651018 5.46428 -0.00439252 -0.000891897 5.92702e-06 0.00436539 5.46428 
11 3.83791 -0.726976 5.70165e-05 -0.000689834 -0.726983 3.83772 0.000850782 -1.68236e-05 5.25213e-05 -0.00084862 3.74213 -0.00299998 -0.000690402 4.00247e-06 0.00298176 3.74211 
12 4.15434 -0.873622 -0.000322549 7.91113e-05 -0.873628 4.15409 -0.000437653 -9.44853e-06 -0.000311262 0.000369401 4.02723 -0.00357929 7.94667e-05 8.71003e-06 0.00358032 4.02717 
13 4.15529 -0.935205 0.000110313 -0.000254234 -0.935208 4.15513 0.000360528 4.96368e-06 0.000106004 -0.000376626 4.00764 -0.00380603 -0.000252339 -2.1635e-05 0.00380839 4.00766 
14 4.22065 -1.03886 5.63457e-05 -4.94102e-05 -1.03886 4.22047 0.000256399 -7.20509e-07 6.79275e-05 -0.000251172 4.04351 -0.00425044 -4.70808e-05 5.53674e-06 0.0042381 4.04355 
15 4.11234 -1.03636 0.000316891 -0.000866226 -1.03635 4.11215 0.000811611 -5.98348e-06 0.00030383 -0.000826645 3.92258 -0.00426586 -0.000869085 -9.45734e-07 0.00426443 3.92262 
16 3.78817 -1.00616 -0.000292441 0.000226298 -1.00616 3.78798 -0.00163377 1.78321e-05 -0.000335239 0.00167757 3.59081 -0.00414916 0.000230899 1.85844e-07 0.00414627 3.59086 
17 4.18773 -1.21935 -0.000215759 0.000479554 -1.21934 4.18746 -0.00118261 4.12036e-07 -0.000225961 0.00121861 3.93179 -0.00502327 0.000476909 -1.08279e-05 0.00501184 3.93179 
18 4.05422 -1.27726 -6.77332e-05 0.000137624 -1.27725 4.05403 0.00101079 -1.01188e-06 -1.35355e-05 -0.00101131 3.77021 -0.00526062 0.000135409 1.87796e-05 0.00524731 3.77025 
19 4.1066 -1.25297 0.000189339 -1.84392e-05 -1.25297 4.10638 -0.000282857 6.71935e-06 0.000343479 0.000307807 3.81114 -0.00518721 -1.71629e-05 -6.41782e-06 0.00517858 3.81125 
20 3.59912 -1.13974 0.000103385 -4.73381e-05 -1.13972 3.59885 0.000538824 2.62533e-07 9.24593e-05 -0.000533253 3.31376 -0.00473668 -4.44096e-05 1.19842e-05 0.00471238 3.31385 
21 3.44838 -1.13913 -0.000381954 0.00014264 -1.13914 3.44812 0.000296862 -1.07728e-05 -0.000379072 -0.000277851 3.14731 -0.00474943 0.000144038 1.48568e-05 0.00474337 3.14743 
22 3.31234 -1.09994 -3.13502e-05 9.3011e-05 -1.09994 3.31208 -0.000695075 3.92065e-06 -3.3228e-05 0.000665587 3.00501 -0.00462875 9.15297e-05 -1.05376e-05 0.00461945 3.00513 
23 3.66764 -1.31878 0.000232745 6.15073e-05 -1.31877 3.66734 -0.000480705 3.29771e-06 0.000167791 0.000510851 3.28178 -0.00553279 6.01846e-05 -9.2799e-07 0.00553008 3.28191 
24 3.2462 -1.13288 -0.000338784 0.000308333 -1.13287 3.24589 -0.0016441 2.28126e-05 -0.000255684 0.00162873 2.89578 -0.00480165 0.000306797 -6.66969e-06 0.00480417 2.89597 
25 2.98676 -1.02 -0.000206171 -0.000219632 -1.02 2.98643 0.002318 -2.03097e-05 -0.000143144 -0.00228815 2.65236 -0.00438598 -0.000219831 1.59323e-05 0.00439631 2.65258 
26 3.216 -1.21536 -0.000288201 7.55281e-06 -1.21533 3.21564 0.000859814 -1.39964e-05 -0.000219951 -0.000879425 2.80346 -0.00516964 9.11119e-06 5.16058e-06 0.00516862 2.80371 
27 3.24956 -1.26797 0.000184828 -0.00017491 -1.26797 3.2492 0.00138743 -1.35317e-05 0.000110996 -0.00137706 2.79962 -0.00542455 -0.000174521 7.62997e-06 0.00542433 2.79991 
28 3.05291 -1.23515 9.6923e-06 1.33985e-05 -1.23514 3.0525 -0.000410335 -1.69187e-06 -0.000109673 0.000400256 2.59565 -0.00527892 1.26545e-05 -5.80601e-07 0.00527876 2.59596 
29 2.60356 -0.930722 2.25011e-05 8.02848e-05 -0.930714 2.60308 -0.000888642 1.08677e-05 9.01111e-05 0.000875807 2.23502 -0.00413121 8.16606e-05 6.83818e-06 0.00414249 2.23534 
30 2.87738 -1.1643 -4.78005e-05 8.77685e-05 -1.16429 2.87688 -0.000763132 1.19456e-05 9.93242e-06 0.000767749 2.40422 -0.00508853 8.74329e-05 -3.98461e-06 0.00508958 2.4046 
31 2.65422 -1.05808 5.30773e-05 -6.68522e-05 -1.05807 2.6537 0.00101038 -8.3336e-06 -2.0248e-05 -0.000994196 2.20353 -0.00468399 -6.55706e-05 4.87796e-06 0.00468972 2.20393 
32 2.34142 -0.88753 0.00011716 0.000127868 -0.887517 2.34092 -0.00200964 3.59854e-05 0.000276819 0.00205936 1.94216 -0.00404246 0.000125776 -2.06405e-05 0.0040526 1.94255 
33 2.56444 -1.05052 0.000129167 -0.000167342 -1.05049 2.56388 0.00307619 -3.47132e-05 -0.000212135 -0.00308448 2.0773 -0.00471406 -0.000164071 2.74095e-05 0.00471263 2.07777 
34 2.56128 -1.09532 0.000101043 6.50431e-05 -1.09529 2.56074 -0.000195951 3.7463e-06 5.98433e-05 0.000195573 2.03563 -0.00492124 6.57497e-05 9.71872e-06 0.00492121 2.03608 
35 2.47773 -0.999966 1.70137e-05 -4.55302e-05 -0.999917 2.47706 0.000490097 -1.35947e-05 -3.8757e-05 -0.000485365 1.97119 -0.00463811 -4.46089e-05 -7.63518e-07 0.00463818 1.97178 
36 2.36374 -1.00395 -0.000722765 0.000138432 -1.00391 2.36303 -0.00113061 5.8823e-06 -0.00101008 0.00102779 1.83969 -0.00463025 0.000138204 7.51635e-06 0.00463614 1.84033 
37 2.24298 -0.957973 -0.000351873 9.47982e-05 -0.957916 2.24227 -0.00122631 1.65469e-05 -0.000193911 0.00122262 1.72185 -0.00446314 9.31767e-05 -5.61313e-06 0.00447184 1.72245 
38 2.23417 -0.944735 -0.000147516 1.47778e-05 -0.944678 2.23339 0.000109288 -3.21891e-06 -0.000178761 -0.000115242 1.69806 -0.00450089 1.53026e-05 8.03781e-06 0.00450789 1.69876 
39 2.27701 -1.03683 -8.47949e-05 -0.000103626 -1.03685 2.27626 0.00298957 -4.18948e-05 -0.000415234 -0.00301093 1.67393 -0.0048821 -9.98321e-05 3.21981e-05 0.00489474 1.6746 
40 2.25336 -1.06141 3.43496e-05 -5.45825e-05 -1.06137 2.25264 0.00118886 -1.27949e-05 -0.000115728 -0.00119143 1.61659 -0.00496725 -5.30521e-05 8.52538e-06 0.00497747 1.61724 
41 2.01981 -0.904079 -0.000393537 8.58905e-05 -0.904073 2.01904 -0.00143711 2.32014e-05 -0.000177792 0.00139927 1.44786 -0.00442492 8.43288e-05 -2.60057e-06 0.00443565 1.44856 
42 1.97257 -0.913993 -0.000448065 8.95397e-05 -0.913958 1.97183 -0.00201174 3.22654e-05 -0.000175758 0.00197855 1.37683 -0.0044467 8.76934e-05 -1.83609e-05 0.00445577 1.3775 
43 1.99351 -0.93281 0.000276365 4.79292e-05 -0.932792 1.99257 -0.00181833 3.58075e-05 0.000535278 0.00188959 1.36454 -0.00459329 4.50493e-05 -1.61077e-05 0.00461538 1.3654 
44 1.99063 -0.938117 0.000417888 -9.17829e-05 -0.938135 1.98964 0.00226782 -2.88976e-05 8.71719e-05 -0.00222096 1.33456 -0.00470645 -8.87483e-05 1.46987e-05 0.00472903 1.33545 
45 1.98543 -0.941525 0.000584289 -9.61409e-05 -0.941482 1.98439 0.00279025 -3.38666e-05 0.000169936 -0.00272586 1.30229 -0.00475832 -9.13034e-05 2.24388e-05 0.00477791 1.30326 
46 1.83989 -0.871021 0.000146813 -2.07168e-05 -0.871006 1.83884 0.000660845 -1.23408e-05 3.63359e-05 -0.000669785 1.18429 -0.00446341 -1.98868e-05 8.13449e-06 0.00448197 1.18525 
47 1.70694 -0.81432 -0.000287655 5.17216e-05 -0.814277 1.70591 -0.00156974 1.79081e-05 -2.57082e-05 0.00152819 1.07243 -0.00423128 4.93588e-05 -8.96968e-06 0.00425109 1.07339 
48 1.75237 -0.87554 0.000281851 -6.54215e-05 -0.875551 1.7513 0.00262624 -3.62764e-05 -0.000124676 -0.0026084 1.0543 -0.00451767 -5.99398e-05 2.483e-05 0.00453948 1.0553 
49 1.6718 -0.823124 0.000270035 -2.24364e-06 -0.823054 1.67074 -0.000450287 1.29636e-05 0.000384458 0.000518145 0.987958 -0.00438037 -4.59172e-06 -1.14735e-05 0.00440012 0.98895 
50 1.65908 -0.833208 -2.27457e-05 -1.88069e-05 -0.833132 1.65782 0.00107837 -1.87374e-05 -0.000222495 -0.00110751 0.946202 -0.00438042 -1.58447e-05 1.15908e-05 0.00440554 0.947383 
51 1.59301 -0.751217 0.000437567 -8.57763e-05 -0.751159 1.59177 0.00263734 -4.60263e-05 -0.000166195 -0.00260461 0.911796 -0.00420099 -8.07272e-05 1.83213e-05 0.0042242 0.912935 
52 1.48604 -0.759178 8.64787e-05 1.17183e-05 -0.759129 1.48478 -0.000644057 1.30257e-05 0.000215823 0.000676058 0.793712 -0.0041416 1.03073e-05 -8.26867e-06 0.00416896 0.794908 
53 1.49814 -0.696737 -0.000336593 -3.16901e-06 -0.696734 1.49665 0.000757577 -1.98469e-05 -0.000508303 -0.000859553 0.817656 -0.00420158 -4.83577e-07 1.59488e-05 0.00423632 0.819065 
54 1.44235 -0.710506 -0.000478309 7.51627e-05 -0.710466 1.44093 -0.00384218 6.1771e-05 0.000380636 0.00383718 0.737196 -0.00417336 6.28577e-05 -4.1146e-05 0.00420514 0.738501 
55 1.48119 -0.801609 2.89159e-05 6.9805e-06 -0.801553 1.47984 1.63856e-06 8.94806e-06 5.02439e-05 1.02772e-05 0.685284 -0.00455198 6.32078e-06 -4.71359e-06 0.00458162 0.686522 
56 1.31591 -0.678731 -0.000115236 1.27728e-05 -0.678759 1.31451 -0.00121688 3.60006e-06 0.000115668 0.00122199 0.607042 -0.00407193 1.109e-05 -6.65835e-06 0.00410802 0.608349 
57 1.33738 -0.680291 0.000328169 1.99482e-05 -0.680259 1.33581 -0.00200493 5.38121e-05 0.000808024 0.00216857 0.59949 -0.0041847 1.09018e-05 -3.27078e-05 0.00422303 0.600964 
58 1.22937 -0.633658 0.000521582 -3.92161e-05 -0.633639 1.22794 0.00218361 -4.66465e-06 -5.49712e-06 -0.00210029 0.521365 -0.00411538 -3.68418e-05 7.8241e-06 0.00415274 0.522698 
59 1.21444 -0.660079 9.50473e-05 6.06595e-06 -0.660031 1.21307 -0.000428416 2.00478e-05 0.0002552 0.000469437 0.467465 -0.00406434 3.45701e-06 -1.0895e-05 0.0040978 0.46874 
60 1.18569 -0.626208 0.00042966 -1.28325e-05 -0.626201 1.18418 0.000383558 2.8261e-05 0.000329573 -0.000244887 0.44587 -0.00416856 -1.67068e-05 -2.17495e-05 0.00421499 0.447261 
61 1.20434 -0.619275 0.000299463 -2.45362e-05 -0.619231 1.20245 0.00169014 -4.52376e-06 -0.000189826 -0.0016625 0.441121 -0.00454844 -1.89132e-05 2.21848e-06 0.00460284 0.442891 
62 1.06358 -0.582669 -9.48004e-05 2.41943e-06 -0.582628 1.06217 -0.000304169 8.73083e-06 -3.18443e-05 0.0002647 0.340974 -0.00437764 5.95418e-07 -3.54037e-06 0.00442333 0.342269 
63 1.05871 -0.591129 -0.000658799 3.95635e-05 -0.591089 1.05714 -0.00263895 1.50259e-05 0.000156146 0.00256436 0.308451 -0.00454412 3.56756e-05 -9.04825e-06 0.00459903 0.309908 
64 1.08301 -0.581399 -0.000672657 6.00205e-05 -0.581332 1.08153 -0.00421681 7.13547e-05 0.000701715 0.00421356 0.309173 -0.00492933 3.7988e-05 -5.41054e-05 0.00498113 0.310539 
65 1.0451 -0.580965 0.000642459 -2.30429e-05 -0.581004 1.04352 0.00146854 -6.80446e-05 0.000158175 -0.00142158 0.259214 -0.00533731 -1.30602e-05 3.23834e-05 0.00541751 0.260635 
66 0.97732 -0.598164 0.000989068 -4.58786e-05 -0.598169 0.975604 0.00312665 -2.41432e-05 -1.51898e-05 -0.00286678 0.175552 -0.00598672 -4.33244e-05 1.5491e-05 0.00607964 0.177089 
67 0.93515 -0.565211 -0.00040238 4.44762e-06 -0.565209 0.933613 -0.000618307 -4.4278e-05 -0.000267413 0.000457152 0.153046 -0.00611665 2.65497e-05 4.27176e-05 0.00620415 0.154417 
68 0.987507 -0.59418 -0.000102388 -1.8839e-06 -0.594167 0.986138 0.000396764 -0.000144643 -0.000257561 -0.000600575 0.138789 -0.00686958 3.63368e-05 8.05565e-05 0.00696267 0.139973 
69 0.853235 -0.479091 -1.17927e-05 3.90699e-06 -0.479099 0.851588 -8.72582e-05 4.17797e-05 8.53601e-05 0.000112623 0.127747 -0.00652259 -6.04793e-06 -3.69059e-05 0.00662619 0.129237 
70 0.869173 -0.512591 -0.000705955 3.12174e-05 -0.51268 0.867393 -0.00231892 7.92694e-05 0.000258722 0.00228455 0.0876227 -0.00754135 6.84502e-06 -4.57121e-05 0.0076857 0.0892016 
71 0.795646 -0.488333 -7.71432e-06 7.7576e-06 -0.48838 0.794318 -0.00036285 6.65527e-06 0.000267327 0.000521421 0.0434945 -0.00858213 8.2589e-06 1.34736e-05 0.00870008 0.0445915 
72 0.72258 -0.427042 -0.000847282 2.48748e-05 -0.427016 0.721264 -0.00198789 9.20183e-06 -5.30767e-05 0.00178832 0.0351659 -0.0085846 1.82518e-05 -2.13716e-06 0.00872468 0.0362939 
73 0.80267 -0.54615 -0.000176863 9.80645e-06 -0.546214 0.801628 -0.000730945 4.84916e-05 0.000161088 0.000842876 -0.0436703 -0.00894307 -1.54456e-05 -4.46306e-05 0.00910273 -0.0428699 
74 0.811255 -0.550968 -9.71287e-05 3.53185e-06 -0.551021 0.809692 -0.000677454 0.000147038 0.000212195 0.000841979 -0.0665756 -0.0105083 -3.80845e-05 -9.9262e-05 0.0106998 -0.0652466 
75 0.700229 -0.458313 -0.000633216 2.25462e-05 -0.458323 0.699161 -0.00223221 0.000206298 0.000410488 0.00225187 -0.0610389 -0.00937937 -3.80825e-05 -0.000132592 0.00954324 -0.06016 
76 0.70368 -0.484838 -2.14684e-05 -4.01862e-07 -0.484924 0.702491 0.000202741 -2.16599e-05 -0.000136958 -0.000220235 -0.103177 -0.00903119 1.19675e-05 4.76417e-05 0.00917896 -0.102128 
77 0.683792 -0.468245 -9.47814e-05 3.14237e-06 -0.468301 0.682765 -0.000349259 9.44823e-05 0.000108439 0.00040399 -0.116383 -0.00985258 -2.87257e-05 -5.88708e-05 0.0100514 -0.115569 
78 0.653193 -0.448609 -0.000347738 6.0077e-06 -0.448674 0.652167 -0.000526692 -0.000412734 -0.000279469 9.50367e-05 -0.131828 -0.0103747 0.00012023 0.000219226 0.0105992 -0.131037 
79 0.610903 -0.409463 -9.19862e-06 -1.86756e-06 -0.409501 0.609892 0.000580058 -0.000150407 -0.000303774 -0.000661574 -0.130622 -0.00990531 4.0277e-05 7.65567e-05 0.0100926 -0.129782 
80 0.677357 -0.466586 5.81457e-05 -1.94928e-06 -0.46659 0.676239 0.000295846 -0.000172457 -0.000134659 -0.000453519 -0.177285 -0.00987937 6.43638e-05 9.28239e-05 0.0101222 -0.176382 
81 0.652981 -0.456924 -0.000356248 4.4423e-06 -0.457002 0.651788 -0.00114955 -3.14394e-05 0.000240109 0.00107535 -0.197302 -0.0103368 1.97515e-05 3.0071e-05 0.0105601 -0.196275 
82 0.61279 -0.443847 -0.000159205 8.50603e-06 -0.443893 0.612012 -0.000550648 0.000120353 9.49895e-05 0.000591352 -0.216999 -0.00861694 -3.30986e-05 -9.61327e-05 0.00882839 -0.216413 
83 0.564229 -0.413 1.27942e-05 5.47422e-06 -0.413044 0.563493 -0.000248601 5.51128e-06 0.000154705 0.000256181 -0.221793 -0.00847325 -7.6102e-06 -2.23669e-05 0.00866352 -0.221217 
84 0.536246 -0.37898 0.000126497 -2.28829e-06 -0.37899 0.5356 0.000318591 -5.30046e-05 -0.000119315 -0.000424861 -0.213172 -0.00756047 1.72478e-05 5.32402e-05 0.00771325 -0.212667 
85 0.564208 -0.409071 0.000202299 -6.8216e-06 -0.409109 0.5634 0.000945624 -0.000154174 -0.00039274 -0.000991423 -0.2523 -0.00743139 4.68066e-05 6.14917e-05 0.00764263 -0.251641 
86 0.571056 -0.416813 0.00024408 3.21524e-06 -0.416834 0.570523 0.000673271 -4.48074e-05 -0.000143124 -0.000633185 -0.276235 -0.00672092 1.24366e-06 2.41759e-05 0.00688449 -0.275815 
87 0.540241 -0.392035 -0.000181575 3.4754e-06 -0.392055 0.539702 -0.000651746 -4.04768e-05 0.00019329 0.000556852 -0.275411 -0.00590991 7.54227e-06 9.45765e-06 0.00605152 -0.274968 
88 0.500764 -0.35778 0.000287057 -7.77777e-06 -0.357791 0.500252 0.000797931 -0.000101292 -0.000272984 -0.000878989 -0.264305 -0.00572488 3.79594e-05 6.1514e-05 0.00589842 -0.263921 
89 0.500657 -0.356468 -6.66661e-05 -2.33106e-06 -0.356485 0.500162 -0.000352181 -1.03798e-05 0.000125618 0.000330896 -0.279103 -0.00520396 5.82341e-06 6.50219e-06 0.0053539 -0.278714 
90 0.502175 -0.352187 0.000212103 -9.34565e-06 -0.352188 0.50174 0.000620967 -1.66253e-05 -0.000186621 -0.000609103 -0.289783 -0.00456612 1.95774e-05 2.63994e-05 0.00468224 -0.289422 
91 0.55782 -0.397366 6.33677e-05 -2.4011e-06 -0.397361 0.55745 0.000164581 1.05752e-05 4.83553e-06 -9.74882e-05 -0.34531 -0.00431774 -1.10971e-05 -2.92448e-05 0.00441398 -0.344998 
92 0.511989 -0.359513 -0.000136488 1.53301e-06 -0.359526 0.511652 -0.000363324 6.67132e-05 0.000150226 0.000434567 -0.326751 -0.004177 -5.69826e-05 -8.34702e-05 0.0042919 -0.326484 
93 0.510218 -0.353346 -0.000142725 -7.23956e-06 -0.35335 0.509933 -0.000368638 4.58857e-05 0.00015886 0.000408201 -0.335621 -0.00338353 -7.57012e-06 -1.39903e-05 0.00345817 -0.335397 
94 0.47984 -0.331525 5.48131e-06 5.64205e-06 -0.331525 0.479664 6.74444e-05 1.69772e-05 -4.47883e-05 -8.75822e-05 -0.32927 -0.00245416 1.70278e-07 1.75288e-05 0.00250283 -0.329125 
95 0.483576 -0.327145 -2.90658e-05 4.37121e-06 -0.327145 0.483409 -0.000135311 -6.06175e-05 3.93648e-05 9.40243e-05 -0.339319 -0.00236698 3.09233e-05 3.0845e-05 0.00241572 -0.339199 
96 0.436233 -0.290738 2.73976e-05 -6.13163e-06 -0.29073 0.436083 3.14781e-05 -6.107e-06 5.47188e-06 -2.09139e-05 -0.313359 -0.00205888 1.32122e-05 2.19054e-05 0.00208129 -0.313238 
97 0.473301 -0.309711 1.71661e-05 6.94151e-06 -0.309706 0.47317 3.03774e-05 2.97777e-05 -1.77771e-05 -2.44078e-05 -0.348156 -0.00186589 1.01373e-05 2.7684e-05 0.00189289 -0.34805 
98 0.447487 -0.287344 2.20202e-05 5.70618e-06 -0.287339 0.447398 6.32354e-05 -2.43308e-05 -4.08854e-05 -8.34802e-05 -0.335821 -0.00173227 -3.36423e-07 5.07763e-06 0.00174767 -0.335755 
99 0.453558 -0.285672 -5.6489e-05 -1.79738e-06 -0.285668 0.453454 -0.000159409 3.05239e-05 5.01103e-05 0.000159143 -0.346984 -0.00146271 -1.79114e-05 -7.5355e-06 0.00146328 -0.346899 
100 0.489091 -0.302445 2.38483e-05 -3.43992e-06 -0.302441 0.489025 2.55683e-05 -7.4359e-06 -1.73232e-05 -2.63714e-05 -0.381771 -0.00137619 2.50236e-06 1.44252e-05 0.0013682 -0.381724 
101 0.448338 -0.271182 2.28099e-05 -4.94026e-07 -0.271171 0.448224 5.61537e-05 1.63697e-06 -4.81709e-06 -4.35701e-05 -0.355436 -0.00127929 1.37767e-05 2.9698e-06 0.00126834 -0.355351 
102 0.445777 -0.263384 1.18668e-05 -1.86281e-06 -0.263379 0.445702 1.65347e-05 -3.15439e-05 -1.94102e-05 -2.87488e-05 -0.35863 -0.00121207 -7.61362e-07 -1.90355e-05 0.00120584 -0.358573 
103 0.440173 -0.254133 -2.01752e-06 4.77261e-06 -0.254133 0.44012 -2.87483e-05 1.5661e-05 -6.25576e-06 7.87117e-06 -0.35888 -0.00105648 2.20594e-06 3.57917e-05 0.00105334 -0.358842 
104 0.434898 -0.244686 5.84625e-06 -4.50341e-07 -0.244693 0.434865 -2.89764e-06 1.74638e-05 2.23008e-06 2.16474e-05 -0.35917 -0.000977584 4.18288e-06 4.95944e-06 0.000983072 -0.359146 
105 0.461208 -0.253075 1.33007e-06 -3.65582e-07 -0.253078 0.461128 -5.85355e-06 -2.25543e-05 -1.10914e-05 -1.33302e-05 -0.385138 -0.0010616 -5.01388e-06 -9.23174e-06 0.00106138 -0.385068 
106 0.404138 -0.215528 -7.50825e-06 5.97799e-06 -0.21553 0.404089 -3.22996e-05 4.41417e-05 1.00392e-05 2.52767e-05 -0.341432 -0.000952889 7.52669e-06 4.71973e-05 0.000954379 -0.341393 
107 0.461872 -0.240117 -1.00934e-06 -1.15377e-06 -0.24011 0.461827 -5.14098e-07 -3.75131e-06 -9.28762e-07 -9.76706e-06 -0.394205 -0.000979886 -2.14807e-06 3.9957e-06 0.000971608 -0.394171 
108 0.469192 -0.237234 -9.34332e-06 -1.30371e-06 -0.237233 0.469135 -8.34343e-06 9.2205e-08 4.90769e-06 5.86065e-06 -0.404421 -0.00099365 -4.65491e-06 3.84844e-06 0.000993048 -0.404372 
109 0.465257 -0.229087 -7.01267e-06 8.01219e-07 -0.229088 0.465204 -1.08685e-05 9.50896e-06 4.88339e-06 7.60183e-06 -0.404667 -0.000879755 -2.69123e-06 5.33497e-06 0.000878046 -0.404621 
110 0.448392 -0.214157 -3.36986e-06 -1.18472e-06 -0.214164 0.448343 -2.12277e-05 3.59998e-05 9.38898e-06 2.8173e-05 -0.393577 -0.000932095 5.86857e-06 3.37844e-05 0.000936392 -0.393541 
111 0.41334 -0.191976 9.23049e-06 -2.98245e-06 -0.191981 0.413305 2.55668e-05 -4.71898e-05 -1.14029e-05 -2.5676e-05 -0.36585 -0.000724222 -4.84774e-06 -4.3133e-05 0.000727215 -0.365823 
112 0.478074 -0.215585 -1.90092e-07 -1.05646e-06 -0.21559 0.47802 8.94705e-07 3.76644e-06 3.01065e-06 2.15708e-06 -0.426332 -0.000933818 -3.56213e-06 -4.50897e-06 0.000937575 -0.426286 
113 0.439917 -0.192672 -1.32106e-06 -1.85243e-06 -0.192674 0.439904 6.51017e-07 5.09866e-06 3.21559e-06 4.37522e-06 -0.39534 -0.000686494 1.33971e-06 5.04511e-06 0.000687001 -0.395333 
114 0.473966 -0.201277 -1.92622e-06 -2.14527e-06 -0.201277 0.473945 -1.92771e-06 2.72629e-05 1.41596e-05 2.63535e-05 -0.42884 -0.000826286 7.05767e-06 1.4781e-05 0.000825881 -0.428823 
115 0.432636 -0.178171 3.03383e-06 3.35926e-06 -0.178167 0.432611 -1.04681e-05 1.96493e-05 1.74122e-06 1.02343e-05 -0.394052 -0.000687908 -1.32232e-07 1.78018e-05 0.000686853 -0.394038 
116 0.404683 -0.161338 3.47668e-06 1.8194e-06 -0.16134 0.404646 1.66054e-05 -2.54686e-05 -6.30304e-06 -2.06017e-05 -0.370919 -0.000662204 -9.68581e-07 -2.00247e-05 0.000665385 -0.370892 
117 0.453092 -0.174728 7.03353e-06 6.34089e-07 -0.17473 0.453067 1.35915e-05 -1.17166e-05 -2.19036e-06 -8.81615e-06 -0.4179 -0.000637353 7.76622e-07 -1.45931e-05 0.000636809 -0.417879 
118 0.421895 -0.157641 8.42957e-06 -4.8348e-06 -0.157638 0.421874 1.6245e-05 -6.7716e-06 -1.88354e-07 -1.17238e-06 -0.391227 -0.000558642 2.4815e-06 -1.65466e-05 0.000551304 -0.391212 
119 0.430216 -0.155482 -6.29452e-06 -2.1751e-06 -0.155489 0.430196 -2.25208e-05 3.29333e-05 9.0994e-06 2.89793e-05 -0.400985 -0.000582604 5.65859e-06 3.39384e-05 0.000585686 -0.400978 
120 0.40567 -0.141758 1.31503e-06 -2.91952e-06 -0.14176 0.405654 -7.65342e-06 1.3984e-05 1.3221e-06 9.48029e-06 -0.380027 -0.000474358 1.24756e-06 8.6447e-06 0.000476504 -0.380017 
121 0.421397 -0.14226 2.0074e-06 1.01276e-06 -0.142261 0.421387 1.02189e-05 -1.58499e-05 -4.14887e-06 -1.47949e-05 -0.39655 -0.000502396 -5.87434e-07 -1.33418e-05 0.000501222 -0.396543 
122 0.441094 -0.143666 1.93365e-06 1.97804e-07 -0.143664 0.441071 -4.16229e-06 4.25636e-06 3.29582e-06 9.06693e-07 -0.416929 -0.000517277 -1.27072e-06 6.2366e-06 0.00051358 -0.416923 
123 0.438111 -0.137506 -7.48398e-06 1.26924e-06 -0.137507 0.438099 2.95322e-06 3.29355e-06 4.97546e-06 -3.36482e-06 -0.415835 -0.000516352 -1.3865e-06 4.03471e-07 0.000514674 -0.415826 
124 0.399124 -0.120631 7.34202e-06 1.75414e-06 -0.12063 0.399105 1.96012e-05 -2.72969e-05 -9.51797e-06 -2.0405e-05 -0.380342 -0.000460017 -1.42694e-06 -2.81888e-05 0.000455112 -0.380328 
125 0.47994 -0.139821 1.30089e-05 -1.23648e-06 -0.139822 0.479906 2.6851e-05 -5.31538e-05 -1.16711e-05 -3.04415e-05 -0.459035 -0.000480668 -3.41158e-06 -4.88612e-05 0.000480213 -0.459005 
126 0.45572 -0.127886 3.58973e-07 -1.79955e-06 -0.127889 0.45571 9.02488e-06 -1.60183e-05 -1.40428e-06 -7.08628e-06 -0.43734 -0.000438784 -4.17404e-06 -1.76343e-05 0.000440721 -0.437333 
127 0.474076 -0.127988 3.35953e-06 2.36211e-06 -0.127989 0.474066 1.27386e-05 -1.66379e-05 -9.07495e-06 -9.2224e-06 -0.456403 -0.000430859 -2.0903e-06 -1.76361e-05 0.000430072 -0.456397 
128 0.430737 -0.111891 1.22206e-06 1.65865e-06 -0.111892 0.430732 4.99152e-06 -1.10901e-05 -3.6808e-06 -7.04644e-06 -0.415906 -0.000361119 -1.8446e-06 -9.82965e-06 0.000360186 -0.415903 
129 0.382748 -0.0953833 1.19821e-05 -2.59127e-07 -0.0953816 0.382726 1.72297e-05 -2.33484e-05 -3.9824e-06 -1.93545e-05 -0.370569 -0.000377989 1.2852e-06 -2.00046e-05 0.000375376 -0.370552 
130 0.395626 -0.0947955 -1.31512e-06 3.80539e-06 -0.0947952 0.395618 3.14205e-07 -1.05415e-06 -2.82038e-06 3.96098e-06 -0.383994 -0.000369905 1.61327e-06 -1.24869e-06 0.000367476 -0.383991 
131 0.39331 -0.0902179 1.78259e-06 -2.73096e-07 -0.0902198 0.393283 -6.40826e-06 -1.60405e-05 -2.12882e-06 -1.13375e-05 -0.382702 -0.000380408 -3.6828e-06 -7.76947e-06 0.000383998 -0.382679 
132 0.418946 -0.0921686 3.47153e-06 3.1872e-07 -0.0921712 0.418932 1.13082e-05 -2.10635e-05 -4.19463e-06 -1.61713e-05 -0.408589 -0.000351541 -2.70062e-06 -2.03075e-05 0.000351866 -0.408579 
133 0.431404 -0.0908023 -9.46104e-06 5.97702e-06 -0.0908008 0.43138 -1.68673e-05 2.51849e-05 6.06043e-06 5.55089e-06 -0.421629 -0.000363132 5.16511e-08 3.16498e-05 0.000362441 -0.421608 
134 0.415536 -0.0835489 -9.4487e-07 1.94108e-06 -0.0835497 0.415527 -5.57331e-06 2.21249e-06 -3.60911e-06 3.60539e-06 -0.406985 -0.000282368 -2.56927e-07 3.52125e-06 0.000279719 -0.40698 
135 0.40367 -0.077652 -1.54739e-06 -1.75056e-06 -0.0776537 0.403651 -1.96446e-05 3.53213e-05 5.74635e-06 2.35043e-05 -0.396008 -0.000338589 4.15896e-06 3.06239e-05 0.000341131 -0.395996 
136 0.453038 -0.0831487 -7.84114e-07 -8.11738e-07 -0.0831507 0.453031 3.03528e-07 -7.17917e-07 1.68261e-06 -2.47096e-06 -0.445294 -0.000276333 -4.53092e-07 -6.78961e-07 0.000274613 -0.445291 
137 0.413502 -0.0723525 -1.18901e-06 -4.0472e-06 -0.0723532 0.413492 -1.371e-06 4.74438e-06 1.98506e-06 7.32914e-06 -0.407067 -0.000244377 -1.93497e-06 -1.55852e-06 0.000245115 -0.407062 
138 0.476471 -0.0794135 -1.13572e-06 7.83417e-07 -0.0794119 0.47644 1.41618e-06 1.75577e-06 9.89825e-07 -1.10907e-06 -0.469635 -0.000385021 3.40793e-06 3.91431e-07 0.000383655 -0.469612 
139 0.391166 -0.0620049 1.37091e-07 -2.68749e-06 -0.0620033 0.391153 -3.49362e-06 9.72595e-06 -2.70408e-06 9.92059e-06 -0.386133 -0.000241604 -2.64025e-06 4.50347e-06 0.000240906 -0.386125 
140 0.428915 -0.0649318 -1.42549e-06 -2.05452e-07 -0.0649272 0.428895 3.97797e-06 -1.05103e-06 6.73356e-07 -2.45284e-07 -0.423835 -0.000292345 8.79257e-07 -3.02636e-07 0.000292233 -0.423824 
141 0.463586 -0.0665284 -7.44292e-06 -4.45943e-06 -0.0665246 0.463571 1.98144e-05 -8.53889e-06 1.135e-05 -1.46013e-05 -0.458663 -0.000264359 9.788e-07 -9.17187e-06 0.000262792 -0.458655 
142 0.428505 -0.0582055 3.0892e-06 8.40539e-06 -0.0581999 0.428483 8.63776e-06 3.52883e-06 -1.63672e-05 1.22028e-05 -0.423976 -0.000473816 -1.27277e-06 -9.93871e-07 0.000472279 -0.423967 
143 0.389182 -0.0500243 -6.40236e-06 -1.89573e-06 -0.0500227 0.389166 -1.70421e-05 1.05673e-05 -2.48847e-06 9.45458e-06 -0.385487 -0.000342274 9.71288e-08 2.34807e-07 0.000341362 -0.385479 
144 0.438359 -0.0532495 1.02662e-05 -1.08174e-05 -0.0532593 0.438242 -0.000167431 3.67984e-05 1.61271e-05 0.000162979 -0.434711 -0.000321683 -2.27717e-06 4.8013e-05 0.000314698 -0.434602 
145 0.400189 -0.0459294 -7.90366e-06 -3.8318e-06 -0.0459247 0.400161 8.41933e-06 -7.48073e-06 1.04775e-05 -1.22499e-05 -0.397363 -0.000247096 2.08883e-06 -5.51332e-06 0.000245747 -0.397345 
146 0.350308 -0.0378799 6.24654e-05 5.70685e-06 -0.0378324 0.34991 0.000304888 -0.00024127 -3.2822e-05 -0.0003237 -0.347745 -0.000385321 3.46124e-05 -0.000205064 0.00043535 -0.347364 
147 0.448704 -0.0455451 4.16565e-05 5.30408e-06 -0.0455394 0.448618 6.69163e-07 -1.54682e-05 -3.94353e-05 -1.98659e-05 -0.445303 -0.000409099 4.94197e-06 -3.04757e-06 0.000407032 -0.445233 
148 0.378176 -0.0362789 2.09358e-05 -8.00471e-06 -0.0362528 0.378033 -0.000175258 3.95362e-05 -2.43073e-05 0.000174808 -0.375063 -0.000671369 3.18235e-06 5.77363e-05 0.000678258 -0.374937 
149 0.46024 -0.0412077 -2.13477e-05 -3.38305e-06 -0.0411849 0.459924 -0.000304769 3.23452e-05 3.31204e-05 0.000293957 -0.457136 -0.000463098 5.60871e-07 4.66437e-05 0.000463514 -0.456836 
150 0.441749 -0.0372412 2.33802e-05 4.06879e-05 -0.0372824 0.441133 0.000183281 -0.000171607 -3.836e-05 -0.000163783 -0.439209 -0.000396638 -6.26893e-07 -0.000193036 0.000342356 -0.438626 
151 0.434386 -0.0337567 3.49122e-05 7.96813e-05 -0.0338567 0.432951 -0.000124784 8.51306e-05 -0.000101467 0.000140525 -0.427808 -0.00197237 -5.26893e-05 -6.75851e-05 0.00187892 -0.42644 
152 0.443798 -0.0325992 0.000103555 2.83396e-05 -0.0326197 0.443112 0.000426968 -0.00028963 -8.52469e-05 -0.000415563 -0.439217 -0.00117908 1.34397e-05 -0.000297268 0.00115238 -0.438565 
153 0.413504 -0.0283044 0.000170434 3.08964e-05 -0.0281479 0.411986 -5.16189e-05 -0.000269332 -0.000201464 9.25645e-05 -0.409922 -0.000777408 2.77047e-05 -0.000282022 0.000801247 -0.408452 
154 0.389939 -0.0251338 -8.81463e-05 -1.2459e-05 -0.0250304 0.387406 0.000363019 0.000246029 0.00027432 -0.000401903 -0.384505 -0.00131523 -9.90504e-06 0.000338141 0.00137611 -0.382054 
155 0.425583 -0.0256314 3.07526e-05 1.53057e-05 -0.025639 0.424603 5.93737e-05 -6.46485e-05 -4.57555e-05 -0.000111891 -0.41832 -0.00141391 -7.61984e-06 -0.000107763 0.00140957 -0.417432 
156 0.444121 -0.0244728 0.000219389 2.89956e-05 -0.0242849 0.441712 0.000509781 -0.000312153 -0.000169139 -0.000519017 -0.435214 -0.00259491 7.29655e-06 -0.000357801 0.00258521 -0.432913 
157 0.363412 -0.0187884 0.000329849 4.35065e-05 -0.0186413 0.359496 0.000800372 -0.000283711 -0.000467252 -0.000817742 -0.352066 -0.0032809 -2.60914e-05 -0.00042631 0.00326614 -0.348296 
158 0.373669 -0.0183694 -0.000133592 6.34341e-05 -0.0184193 0.366792 0.000589761 -0.000179221 -0.00022161 -0.00056839 -0.361536 -0.00334107 -2.60627e-05 -0.000400409 0.00329163 -0.354884 
159 0.322025 -0.0160047 0.000121839 -8.56243e-05 -0.0156812 0.315281 -0.000238101 0.00017774 0.000130714 0.000147402 -0.30846 -0.00243232 3.82684e-05 7.55098e-05 0.00260818 -0.302036 
160 0.459812 -0.0191203 0.000616891 6.87597e-05 -0.0190802 0.451819 0.000709816 -0.000702153 -0.000676905 -0.000673498 -0.443321 -0.00413611 7.79467e-06 -0.000716544 0.00407393 -0.435605 
161 0.429234 -0.0161557 -8.12822e-05 4.56661e-05 -0.0162023 0.41619 0.000780863 -0.000473218 -0.00027772 -0.000637581 -0.410526 -0.00529144 4.91516e-05 -0.000660689 0.00522359 -0.397916 
162 0.452644 -0.0161928 3.65711e-05 1.74307e-05 -0.0155887 0.441808 -0.000173169 5.67947e-05 -0.000198993 0.000186369 -0.431593 -0.00519675 -3.12681e-05 7.90368e-05 0.00534268 -0.421171 
163 0.481425 -0.0159261 0.000776538 0.000119282 -0.0151283 0.466758 -0.00126981 -0.000655583 -0.000959737 0.00139404 -0.457481 -0.00524959 0.000166508 -0.00078306 0.00560491 -0.443456 
164 0.536073 -0.0170989 0.00168925 6.99008e-05 -0.0165332 0.515889 0.000343167 -0.00272801 -0.00177174 -0.000475566 -0.511378 -0.00382932 0.000304378 -0.00279763 0.00407909 -0.491883 
165 0.521101 -0.014359 0.000811318 -0.000230378 -0.0141557 0.495307 -0.00133399 -0.000810472 -0.000139952 0.00114132 -0.48917 -0.00577294 0.000169692 -0.000488602 0.00591095 -0.463983 
166 0.44383 -0.0121432 -0.000152354 0.000313357 -0.0120528 0.413703 0.00236139 -0.00171626 -6.85879e-05 -0.00225493 -0.4111 -0.00535372 0.000113279 -0.00173705 0.00532485 -0.38186 
167 0.499912 -0.011139 -0.000105176 0.00024706 -0.0106861 0.473296 0.00342213 -0.00072775 -0.000334732 -0.00322896 -0.466204 -0.00504121 -1.09692e-05 -0.000888312 0.00503108 -0.440531 
168 0.487581 -0.010809 -0.000676013 -0.000200175 -0.0101374 0.452618 -0.00327589 0.00114183 0.001585 0.00326695 -0.454764 -0.00501997 0.000135883 0.00168237 0.00522916 -0.420882 
169 0.521218 -0.0112784 0.000769266 8.46602e-05 -0.00966548 0.490698 0.00187581 -0.00144077 -0.000673094 -0.00187907 -0.484098 -0.00433739 0.000133333 -0.00125869 0.00458279 -0.454768 
170 0.476767 -0.0091722 0.00130816 -6.58644e-05 -0.00822855 0.44045 -0.00261135 -0.00110536 -0.000924921 0.00234401 -0.443335 -0.00370561 -1.79742e-05 -0.000945835 0.00414724 -0.408196 
171 0.485845 -0.00697966 -0.00141735 -2.35189e-05 -0.00644328 0.441347 -0.00438883 0.00199305 0.00160992 0.0044406 -0.445278 -0.00301159 -7.44449e-05 0.00184027 0.00325841 -0.402334 
172 0.535642 -0.00596349 -0.000491937 -0.000277939 -0.00520872 0.497686 0.00193839 -0.000998163 -0.00028042 -0.00163797 -0.496102 -0.00252532 0.000459914 -0.000965182 0.00270035 -0.459627 
173 0.471911 -0.00537351 -1.45028e-05 0.000311964 -0.00450273 0.431072 -0.00195606 -0.000139674 0.000658974 0.00219071 -0.437386 -0.000111701 -5.34715e-05 -2.2486e-05 0.000375089 -0.398105 
174 0.486561 -0.00138803 0.00232667 0.000366805 -0.00130081 0.432153 -0.003238 -0.00257932 -0.000341151 0.0029137 -0.436888 -0.00365004 -0.000107635 -0.0017127 0.00335857 -0.384293 
175 0.682973 -0.00461574 0.000156386 -0.000593303 -0.00789495 0.641352 -0.000148951 0.00108246 0.000766804 -0.000362517 -0.621175 0.00253264 0.000410592 0.00127145 -0.00352465 -0.581131 
176 0.430972 -0.00140976 0.00291185 -0.000334463 -0.00106486 0.379401 0.000894296 -0.00215457 -0.00204283 -0.000540147 -0.381461 -0.000635668 7.62735e-05 -0.00155727 0.000596022 -0.331606 
177 0.433468 -0.00454043 -0.000758954 0.000366319 -0.00399938 0.382938 5.15396e-05 0.00249122 0.00145605 -0.000171861 -0.377109 0.00138415 -0.000670825 0.00252921 -0.000657152 -0.328025 
178 0.430422 -0.00290459 -0.00116826 -8.79776e-05 -0.00350644 0.383937 0.00889673 -0.00110675 0.00258789 -0.00951996 -0.378229 0.00267833 0.000105101 -0.000588825 -0.00232622 -0.333668 
179 0.427873 -0.00707863 -0.00304272 -0.00053847 -0.00852663 0.373886 0.0148882 0.00552506 0.000773857 -0.0139073 -0.379522 0.00553806 0.000189174 0.0049756 -0.00584187 -0.327044 
180 0.734103 -0.00869507 0.00637897 0.000122645 -0.00833503 0.710028 -0.00737494 -1.58059e-05 -0.0053669 0.00752686 -0.706487 -0.000238629 5.30098e-05 -0.000125534 0.000242422 -0.683068 
