0 2.00013 0.00546617 2.0001 2.00006 5.68707e-05 2.00003 
1 6.80003 -0.152607 6.79996 6.79754 -0.000589817 6.79749 
2 5.00105 -0.168222 5.00086 4.99687 -0.000661172 4.99671 
3 5.95679 -0.355316 5.95657 5.94356 -0.00146729 5.94346 
4 6.60131 -0.5159 6.60103 6.57612 -0.00207282 6.57595 
5 5.49034 -0.51446 5.49014 5.45904 -0.00209814 5.45898 
6 6.02489 -0.661221 6.0247 5.97807 -0.00272623 5.97804 
7 5.36259 -0.704562 5.36237 5.30364 -0.0028914 5.30363 
8 4.73282 -0.695819 4.73265 4.66589 -0.00281447 4.66589 
9 5.0166 -0.859545 5.01636 4.9247 -0.00352838 4.92471 
10 5.59257 -1.0733 5.59238 5.46428 -0.00439252 5.46428 
11 3.83791 -0.726976 3.83772 3.74213 -0.00299998 3.74211 
12 4.15434 -0.873622 4.15409 4.02723 -0.00357929 4.02717 
13 4.15529 -0.935205 4.15513 4.00764 -0.00380603 4.00766 
14 4.22065 -1.03886 4.22047 4.04351 -0.00425044 4.04355 
15 4.11234 -1.03636 4.11215 3.92258 -0.00426586 3.92262 
16 3.78817 -1.00616 3.78798 3.59081 -0.00414916 3.59086 
17 4.18773 -1.21935 4.18746 3.93179 -0.00502327 3.93179 
18 4.05422 -1.27726 4.05403 3.77021 -0.00526062 3.77025 
19 4.1066 -1.25297 4.10638 3.81114 -0.00518721 3.81125 
20 3.59912 -1.13974 3.59885 3.31376 -0.00473668 3.31385 
21 3.44838 -1.13913 3.44812 3.14731 -0.00474943 3.14743 
22 3.31234 -1.09994 3.31208 3.00501 -0.00462875 3.00513 
23 3.66764 -1.31878 3.66734 3.28178 -0.00553279 3.28191 
24 3.2462 -1.13288 3.24589 2.89578 -0.00480165 2.89597 
25 2.98676 -1.02 2.98643 2.65236 -0.00438598 2.65258 
26 3.216 -1.21536 3.21564 2.80346 -0.00516964 2.80371 
27 3.24956 -1.26797 3.2492 2.79962 -0.00542455 2.79991 
28 3.05291 -1.23515 3.0525 2.59565 -0.00527892 2.59596 
29 2.60356 -0.930722 2.60308 2.23502 -0.00413121 2.23534 
30 2.87738 -1.1643 2.87688 2.40422 -0.00508853 2.4046 
31 2.65422 -1.05808 2.6537 2.20353 -0.00468399 2.20393 
32 2.34142 -0.88753 2.34092 1.94216 -0.00404246 1.94255 
33 2.56444 -1.05052 2.56388 2.0773 -0.00471406 2.07777 
34 2.56128 -1.09532 2.56074 2.03563 -0.00492124 2.03608 
35 2.47773 -0.999966 2.47706 1.97119 -0.00463811 1.97178 
36 2.36374 -1.00395 2.36303 1.83969 -0.00463025 1.84033 
37 2.24298 -0.957973 2.24227 1.72185 -0.00446314 1.72245 
38 2.23417 -0.944735 2.23339 1.69806 -0.00450089 1.69876 
39 2.27701 -1.03683 2.27626 1.67393 -0.0048821 1.6746 
40 2.25336 -1.06141 2.25264 1.61659 -0.00496725 1.61724 
41 2.01981 -0.904079 2.01904 1.44786 -0.00442492 1.44856 
42 1.97257 -0.913993 1.97183 1.37683 -0.0044467 1.3775 
43 1.99351 -0.93281 1.99257 1.36454 -0.00459329 1.3654 
44 1.99063 -0.938117 1.98964 1.33456 -0.00470645 1.33545 
45 1.98543 -0.941525 1.98439 1.30229 -0.00475832 1.30326 
46 1.83989 -0.871021 1.83884 1.18429 -0.00446341 1.18525 
47 1.70694 -0.81432 1.70591 1.07243 -0.00423128 1.07339 
48 1.75237 -0.87554 1.7513 1.0543 -0.00451767 1.0553 
49 1.6718 -0.823124 1.67074 0.987958 -0.00438037 0.98895 
50 1.65908 -0.833208 1.65782 0.946202 -0.00438042 0.947383 
51 1.59301 -0.751217 1.59177 0.911796 -0.00420099 0.912935 
52 1.48604 -0.759178 1.48478 0.793712 -0.0041416 0.794908 
53 1.49814 -0.696737 1.49665 0.817656 -0.00420158 0.819065 
54 1.44235 -0.710506 1.44093 0.737196 -0.00417336 0.738501 
55 1.48119 -0.801609 1.47984 0.685284 -0.00455198 0.686522 
56 1.31591 -0.678731 1.31451 0.607042 -0.00407193 0.608349 
57 1.33738 -0.680291 1.33581 0.59949 -0.0041847 0.600964 
58 1.22937 -0.633658 1.22794 0.521365 -0.00411538 0.522698 
59 1.21444 -0.660079 1.21307 0.467465 -0.00406434 0.46874 
60 1.18569 -0.626208 1.18418 0.44587 -0.00416856 0.447261 
61 1.20434 -0.619275 1.20245 0.441121 -0.00454844 0.442891 
62 1.06358 -0.582669 1.06217 0.340974 -0.00437764 0.342269 
63 1.05871 -0.591129 1.05714 0.308451 -0.00454412 0.309908 
64 1.08301 -0.581399 1.08153 0.309173 -0.00492933 0.310539 
65 1.0451 -0.580965 1.04352 0.259214 -0.00533731 0.260635 
66 0.97732 -0.598164 0.975604 0.175552 -0.00598672 0.177089 
67 0.93515 -0.565211 0.933613 0.153046 -0.00611665 0.154417 
68 0.987507 -0.59418 0.986138 0.138789 -0.00686958 0.139973 
69 0.853235 -0.479091 0.851588 0.127747 -0.00652259 0.129237 
70 0.869173 -0.512591 0.867393 0.0876227 -0.00754135 0.0892016 
71 0.795646 -0.488333 0.794318 0.0434945 -0.00858213 0.0445915 
72 0.72258 -0.427042 0.721264 0.0351659 -0.0085846 0.0362939 
73 0.80267 -0.54615 0.801628 -0.0436703 -0.00894307 -0.0428699 
74 0.811255 -0.550968 0.809692 -0.0665756 -0.0105083 -0.0652466 
75 0.700229 -0.458313 0.699161 -0.0610389 -0.00937937 -0.06016 
76 0.70368 -0.484838 0.702491 -0.103177 -0.00903119 -0.102128 
77 0.683792 -0.468245 0.682765 -0.116383 -0.00985258 -0.115569 
78 0.653193 -0.448609 0.652167 -0.131828 -0.0103747 -0.131037 
79 0.610903 -0.409463 0.609892 -0.130622 -0.00990531 -0.129782 
80 0.677357 -0.466586 0.676239 -0.177285 -0.00987937 -0.176382 
81 0.652981 -0.456924 0.651788 -0.197302 -0.0103368 -0.196275 
82 0.61279 -0.443847 0.612012 -0.216999 -0.00861694 -0.216413 
83 0.564229 -0.413 0.563493 -0.221793 -0.00847325 -0.221217 
84 0.536246 -0.37898 0.5356 -0.213172 -0.00756047 -0.212667 
85 0.564208 -0.409071 0.5634 -0.2523 -0.00743139 -0.251641 
86 0.571056 -0.416813 0.570523 -0.276235 -0.00672092 -0.275815 
87 0.540241 -0.392035 0.539702 -0.275411 -0.00590991 -0.274968 
88 0.500764 -0.35778 0.500252 -0.264305 -0.00572488 -0.263921 
89 0.500657 -0.356468 0.500162 -0.279103 -0.00520396 -0.278714 
90 0.502175 -0.352187 0.50174 -0.289783 -0.00456612 -0.289422 
91 0.55782 -0.397366 0.55745 -0.34531 -0.00431774 -0.344998 
92 0.511989 -0.359513 0.511652 -0.326751 -0.004177 -0.326484 
93 0.510218 -0.353346 0.509933 -0.335621 -0.00338353 -0.335397 
94 0.47984 -0.331525 0.479664 -0.32927 -0.00245416 -0.329125 
95 0.483576 -0.327145 0.483409 -0.339319 -0.00236698 -0.339199 
96 0.436233 -0.290738 0.436083 -0.313359 -0.00205888 -0.313238 
97 0.473301 -0.309711 0.47317 -0.348156 -0.00186589 -0.34805 
98 0.447487 -0.287344 0.447398 -0.335821 -0.00173227 -0.335755 
99 0.453558 -0.285672 0.453454 -0.346984 -0.00146271 -0.346899 
100 0.489091 -0.302445 0.489025 -0.381771 -0.00137619 -0.381724 
101 0.448338 -0.271182 0.448224 -0.355436 -0.00127929 -0.355351 
102 0.445777 -0.263384 0.445702 -0.35863 -0.00121207 -0.358573 
103 0.440173 -0.254133 0.44012 -0.35888 -0.00105648 -0.358842 
104 0.434898 -0.244686 0.434865 -0.35917 -0.000977584 -0.359146 
105 0.461208 -0.253075 0.461128 -0.385138 -0.0010616 -0.385068 
106 0.404138 -0.215528 0.404089 -0.341432 -0.000952889 -0.341393 
107 0.461872 -0.240117 0.461827 -0.394205 -0.000979886 -0.394171 
108 0.469192 -0.237234 0.469135 -0.404421 -0.00099365 -0.404372 
109 0.465257 -0.229087 0.465204 -0.404667 -0.000879755 -0.404621 
110 0.448392 -0.214157 0.448343 -0.393577 -0.000932095 -0.393541 
111 0.41334 -0.191976 0.413305 -0.36585 -0.000724222 -0.365823 
112 0.478074 -0.215585 0.47802 -0.426332 -0.000933818 -0.426286 
113 0.439917 -0.192672 0.439904 -0.39534 -0.000686494 -0.395333 
114 0.473966 -0.201277 0.473945 -0.42884 -0.000826286 -0.428823 
115 0.432636 -0.178171 0.432611 -0.394052 -0.000687908 -0.394038 
116 0.404683 -0.161338 0.404646 -0.370919 -0.000662204 -0.370892 
117 0.453092 -0.174728 0.453067 -0.4179 -0.000637353 -0.417879 
118 0.421895 -0.157641 0.421874 -0.391227 -0.000558642 -0.391212 
119 0.430216 -0.155482 0.430196 -0.400985 -0.000582604 -0.400978 
120 0.40567 -0.141758 0.405654 -0.380027 -0.000474358 -0.380017 
121 0.421397 -0.14226 0.421387 -0.39655 -0.000502396 -0.396543 
122 0.441094 -0.143666 0.441071 -0.416929 -0.000517277 -0.416923 
123 0.438111 -0.137506 0.438099 -0.415835 -0.000516352 -0.415826 
124 0.399124 -0.120631 0.399105 -0.380342 -0.000460017 -0.380328 
125 0.47994 -0.139821 0.479906 -0.459035 -0.000480668 -0.459005 
126 0.45572 -0.127886 0.45571 -0.43734 -0.000438784 -0.437333 
127 0.474076 -0.127988 0.474066 -0.456403 -0.000430859 -0.456397 
128 0.430737 -0.111891 0.430732 -0.415906 -0.000361119 -0.415903 
129 0.382748 -0.0953833 0.382726 -0.370569 -0.000377989 -0.370552 
130 0.395626 -0.0947955 0.395618 -0.383994 -0.000369905 -0.383991 
131 0.39331 -0.0902179 0.393283 -0.382702 -0.000380408 -0.382679 
132 0.418946 -0.0921686 0.418932 -0.408589 -0.000351541 -0.408579 
133 0.431404 -0.0908023 0.43138 -0.421629 -0.000363132 -0.421608 
134 0.415536 -0.0835489 0.415527 -0.406985 -0.000282368 -0.40698 
135 0.40367 -0.077652 0.403651 -0.396008 -0.000338589 -0.395996 
136 0.453038 -0.0831487 0.453031 -0.445294 -0.000276333 -0.445291 
137 0.413502 -0.0723525 0.413492 -0.407067 -0.000244377 -0.407062 
138 0.476471 -0.0794135 0.47644 -0.469635 -0.000385021 -0.469612 
139 0.391166 -0.0620049 0.391153 -0.386133 -0.000241604 -0.386125 
140 0.428915 -0.0649318 0.428895 -0.423835 -0.000292345 -0.423824 
141 0.463586 -0.0665284 0.463571 -0.458663 -0.000264359 -0.458655 
142 0.428505 -0.0582055 0.428483 -0.423976 -0.000473816 -0.423967 
143 0.389182 -0.0500243 0.389166 -0.385487 -0.000342274 -0.385479 
144 0.438359 -0.0532495 0.438242 -0.434711 -0.000321683 -0.434602 
145 0.400189 -0.0459294 0.400161 -0.397363 -0.000247096 -0.397345 
146 0.350308 -0.0378799 0.34991 -0.347745 -0.000385321 -0.347364 
147 0.448704 -0.0455451 0.448618 -0.445303 -0.000409099 -0.445233 
148 0.378176 -0.0362789 0.378033 -0.375063 -0.000671369 -0.374937 
149 0.46024 -0.0412077 0.459924 -0.457136 -0.000463098 -0.456836 
150 0.441749 -0.0372412 0.441133 -0.439209 -0.000396638 -0.438626 
151 0.434386 -0.0337567 0.432951 -0.427808 -0.00197237 -0.42644 
152 0.443798 -0.0325992 0.443112 -0.439217 -0.00117908 -0.438565 
153 0.413504 -0.0283044 0.411986 -0.409922 -0.000777408 -0.408452 
154 0.389939 -0.0251338 0.387406 -0.384505 -0.00131523 -0.382054 
155 0.425583 -0.0256314 0.424603 -0.41832 -0.00141391 -0.417432 
156 0.444121 -0.0244728 0.441712 -0.435214 -0.00259491 -0.432913 
157 0.363412 -0.0187884 0.359496 -0.352066 -0.0032809 -0.348296 
158 0.373669 -0.0183694 0.366792 -0.361536 -0.00334107 -0.354884 
159 0.322025 -0.0160047 0.315281 -0.30846 -0.00243232 -0.302036 
160 0.459812 -0.0191203 0.451819 -0.443321 -0.00413611 -0.435605 
161 0.429234 -0.0161557 0.41619 -0.410526 -0.00529144 -0.397916 
162 0.452644 -0.0161928 0.441808 -0.431593 -0.00519675 -0.421171 
163 0.481425 -0.0159261 0.466758 -0.457481 -0.00524959 -0.443456 
164 0.536073 -0.0170989 0.515889 -0.511378 -0.00382932 -0.491883 
165 0.521101 -0.014359 0.495307 -0.48917 -0.00577294 -0.463983 
166 0.44383 -0.0121432 0.413703 -0.4111 -0.00535372 -0.38186 
167 0.499912 -0.011139 0.473296 -0.466204 -0.00504121 -0.440531 
168 0.487581 -0.010809 0.452618 -0.454764 -0.00501997 -0.420882 
169 0.521218 -0.0112784 0.490698 -0.484098 -0.00433739 -0.454768 
170 0.476767 -0.0091722 0.44045 -0.443335 -0.00370561 -0.408196 
171 0.485845 -0.00697966 0.441347 -0.445278 -0.00301159 -0.402334 
172 0.535642 -0.00596349 0.497686 -0.496102 -0.00252532 -0.459627 
173 0.471911 -0.00537351 0.431072 -0.437386 -0.000111701 -0.398105 
174 0.486561 -0.00138803 0.432153 -0.436888 -0.00365004 -0.384293 
175 0.682973 -0.00461574 0.641352 -0.621175 0.00253264 -0.581131 
176 0.430972 -0.00140976 0.379401 -0.381461 -0.000635668 -0.331606 
177 0.433468 -0.00454043 0.382938 -0.377109 0.00138415 -0.328025 
178 0.430422 -0.00290459 0.383937 -0.378229 0.00267833 -0.333668 
179 0.427873 -0.00707863 0.373886 -0.379522 0.00553806 -0.327044 
180 0.734103 -0.00869507 0.710028 -0.706487 -0.000238629 -0.683068 
