0 17.2492 -0.00845649 0.00432285 2.44464e-08 -0.00846392 17.249 -0.00131345 -1.45123e-08 0.00430761 0.00152131 17.249 9.6132e-09 -9.60317e-08 1.22098e-07 1.10969e-08 17.2488 
1 19.1825 -0.00591797 0.0185917 0.00285109 0.00779461 18.9911 0.0158684 0.115629 0.0167276 0.0172785 19.1718 -6.20288e-05 -0.00287921 -0.119026 -0.00846061 18.9864 
2 19.2083 -0.00940529 0.000668851 -0.00288103 -0.0191746 18.6456 0.02865 0.0584295 0.00750616 -0.0686491 19.0303 -0.00594517 -0.00491819 -0.0191397 0.0220299 18.541 
3 18.2178 -0.0239634 -0.00471352 -0.00028109 -0.0233877 18.1562 0.00787446 -0.0284557 -0.0044691 0.00680944 18.1732 0.038697 0.00247527 0.0270051 -0.0445301 18.1151 
4 16.661 -0.0117216 -0.0129203 -3.34529e-05 -0.00801297 16.4325 -0.069654 -0.123325 -0.012997 -0.0306716 16.5201 -0.0175155 0.00295966 0.120358 -0.00898416 16.3175 
5 15.9681 -0.0349074 -0.00337519 0.0019586 -0.0401877 15.7935 0.0166278 -0.0738715 -0.00824646 -0.0486307 15.7505 -0.00400968 0.00206421 0.0539812 0.0295012 15.6145 
6 17.7411 -0.0215949 -0.0048739 -0.00182766 -0.0293991 17.4777 -0.00982655 -0.0542769 -0.0114171 0.0330128 17.5646 0.0216428 -0.000318873 0.0351847 -0.00166708 17.3578 
7 15.9632 -0.00942278 -0.0100793 -0.00376082 -0.0121078 15.8513 -0.00800073 -0.00926767 -0.0114185 -0.0284172 15.8459 0.0242034 -0.00249017 0.0326977 -0.0339048 15.7556 
8 16.1572 0.00637138 0.00600699 -0.000784121 0.00822934 16.0767 0.0020654 -0.00801372 0.000156597 0.00650264 16.0048 -0.0297333 0.000151628 -0.0226152 0.0293854 15.944 
9 16.1659 0.00923642 0.00950938 -0.000285696 0.00743024 16.0093 -0.0813427 0.0352151 0.0108165 -0.0364395 16.0017 -0.0200338 0.000583713 -0.00479914 0.0115138 15.8781 
10 15.4397 0.0265566 -0.00924025 0.00263513 0.0299975 15.2485 0.0301874 0.0152189 -0.0104177 0.0273551 15.3278 -0.0387462 0.000230623 -0.0199727 0.0215135 15.1624 
11 14.3615 0.0614111 0.00536028 0.000721854 0.0611821 14.2574 0.0162218 0.0230267 0.00624218 -0.0169432 14.1293 -0.0799102 5.1987e-06 -0.0100766 0.0799207 14.0517 
12 13.8569 0.0467572 0.00514004 -0.0017604 0.045007 13.7363 -0.0103703 0.0106205 0.00630647 0.0297806 13.7304 -0.0222452 -0.0009359 -0.00746924 0.0373632 13.6379 
13 13.3894 0.081163 0.00409646 0.00262936 0.0810076 13.2415 0.0313323 0.0201574 0.00796246 0.0252516 13.1993 -0.0216872 -0.00151587 -0.0278992 0.0257875 13.0805 
14 12.8657 0.0845556 -0.0103808 -4.06067e-05 0.0864863 12.6861 -0.0189694 -0.0140683 -0.00974688 -0.000540185 12.7351 -0.0298911 -0.00139247 0.0245917 0.0254208 12.5801 
15 11.6239 0.0997342 0.00822692 0.0018847 0.100888 11.5517 0.0281916 0.0033198 0.00412559 0.0192872 11.5201 -0.00969238 0.00104882 -0.00879432 0.00976117 11.4772 
16 10.5726 0.103049 -0.00444716 0.00101663 0.102387 10.4576 -0.035683 0.0008227 7.01588e-05 -0.0237083 10.4364 -0.0302214 0.00280454 -0.0019814 0.0489948 10.3462 
17 10.4332 0.123187 -0.00301623 0.00187789 0.124433 10.3595 0.00979297 -0.0257924 -0.00464475 -0.00444515 10.3259 0.00687764 -0.000712972 0.0351733 -0.0174746 10.2767 
18 10.3716 0.136201 0.00451107 -0.000644652 0.136143 10.2877 -0.0103414 0.0185781 0.00322999 0.0173801 10.2315 -0.0331156 -0.000563188 -0.024741 0.0455614 10.166 
19 9.36409 0.164054 -0.00319058 -0.000398834 0.164447 9.27246 0.0116269 -0.00925196 -0.00193919 0.0091831 9.25203 0.0306384 -0.00154511 0.00401424 -0.0179841 9.17753 
20 8.98055 0.163778 -0.00488624 0.00223569 0.16354 8.91642 0.0205261 -0.0204744 -0.00741667 0.000883357 8.88453 -0.0188574 -0.000312532 0.0157797 0.0188319 8.83561 
21 8.27121 0.17181 -0.00224638 0.000195497 0.170822 8.22351 0.00732396 -0.00277236 0.00165246 0.00956156 8.15553 -0.0147124 0.000222368 0.00901365 0.0192587 8.12125 
22 7.5459 0.162455 -0.000345406 -0.00054218 0.16338 7.49597 0.0200932 0.000398184 0.000538239 0.0148775 7.40097 -0.0312129 0.000498583 -0.00294732 0.0374395 7.36789 
23 7.26083 0.185022 -0.000791286 0.000140119 0.183754 7.18052 -0.00363347 -0.00508993 -0.00148777 0.00545129 7.12685 -0.0123997 7.32125e-05 -0.00167895 0.0237455 7.06801 
24 6.84508 0.171667 -0.00148693 -1.55077e-05 0.173509 6.76304 -0.00537589 -0.0015461 -0.00158649 0.015013 6.73504 -0.0195139 0.00142044 0.0217605 0.0111515 6.68146 
25 6.48695 0.197574 0.00301681 0.000344548 0.19927 6.42893 0.00683034 -0.0123825 0.0024991 0.0136218 6.36848 -0.0220243 0.00031134 0.00562505 0.0216852 6.32672 
26 6.03353 0.199074 -0.00026214 0.000157632 0.197624 5.97563 -0.00173958 0.0153254 0.000751649 0.0162448 5.94642 -0.0286361 0.000396969 -0.00346035 0.0273245 5.90369 
27 5.45181 0.205392 0.000830374 -0.00076247 0.207338 5.41725 -0.0027033 -0.00539003 0.00106733 -0.012723 5.3338 -0.0298797 0.000278814 0.000824734 0.0281849 5.31459 
28 5.26507 0.196173 9e-05 -0.000889646 0.19547 5.2302 -0.00341601 -0.00343921 0.000610608 0.0125926 5.18587 -0.0290957 -8.09258e-05 0.00837768 0.0264344 5.16206 
29 4.6303 0.194645 0.00296591 0.000561032 0.193565 4.588 -0.0115885 -0.0145161 0.000858147 -0.00706831 4.52153 -0.0359333 0.000683201 0.0150483 0.0395237 4.49825 
30 4.5651 0.206576 -0.00185738 0.000431049 0.206465 4.52602 -0.00413995 -0.00485901 -0.00231433 -0.00540131 4.4623 -0.0340189 0.000852412 0.00429521 0.0403644 4.43322 
31 4.55894 0.228912 -0.000828184 -0.000820783 0.230089 4.49794 -0.000892657 -0.0036199 0.00104705 0.00244538 4.41885 -0.0492521 -1.45884e-05 1.91029e-05 0.0625888 4.38189 
32 3.98163 0.206743 -0.000826417 0.000286254 0.207113 3.95654 -0.000576619 -0.00606359 -0.00211717 -0.0188191 3.86975 -0.0310016 9.14779e-05 0.000128807 0.0290112 3.86289 
33 3.90494 0.224396 0.00495994 -4.35348e-05 0.224306 3.86336 0.00385519 0.00778037 0.00578226 0.0167103 3.7826 -0.0369942 -0.000349835 0.00146241 0.0376169 3.75236 
34 3.47073 0.190426 0.00376076 -0.000329087 0.19274 3.43197 0.00418964 -0.0167786 0.00418778 -0.0060216 3.36196 -0.0440364 -1.82689e-05 0.0123114 0.0473968 3.33272 
35 3.26521 0.208358 -0.0001754 0.000285582 0.208307 3.23899 0.000425033 0.0138232 0.00160534 0.0160469 3.14716 -0.0300306 0.000559972 0.000263209 0.0287587 3.12951 
36 2.75111 0.171688 0.000600453 0.000810633 0.172545 2.71802 0.0113136 -0.00679982 -0.00163842 -4.57214e-05 2.64765 -0.0300051 0.00039662 -0.00829622 0.0345546 2.63807 
37 2.6336 0.183933 0.00262575 -0.000181375 0.183147 2.57961 -0.00289624 0.00105271 0.00291328 0.000201349 2.4952 -0.00796089 2.33454e-07 0.0035136 0.00912301 2.45526 
38 2.53286 0.167294 -0.000586419 0.000207478 0.167609 2.51231 -0.00620574 0.00692766 0.000330687 0.00726399 2.42479 -0.0336551 0.000149862 -0.000301547 0.0307327 2.41233 
39 2.33987 0.184332 0.00402564 -0.000691811 0.184557 2.30452 -0.00248286 -0.00218015 0.00258369 0.000448428 2.2201 -0.0371327 -8.39434e-05 0.0035937 0.0382883 2.19988 
40 2.07707 0.16385 -0.00032978 7.49801e-05 0.16415 2.04757 -0.00668731 0.00197636 0.00128023 -0.00349735 1.96572 -0.0277725 0.000415236 0.00860435 0.0310997 1.95401 
41 1.77909 0.120748 0.00188743 0.000314657 0.12142 1.7523 0.00833451 0.00522094 0.00097654 0.0159876 1.67331 -0.0346184 -5.77971e-05 -0.014756 0.0347112 1.66328 
42 1.83464 0.161904 -0.000454461 -5.18828e-06 0.161989 1.79352 0.0080439 0.0078039 -9.27354e-05 0.0179837 1.71853 -0.0338943 0.000545 -0.00700765 0.0288239 1.68926 
43 1.51067 0.129779 -0.00186843 0.000693366 0.129796 1.47592 0.00532231 -0.00400219 -0.00145428 0.0079808 1.42368 -0.0302848 -0.000652483 0.00127367 0.0246468 1.41018 
44 1.60332 0.146862 0.00140774 0.000213305 0.147895 1.56382 0.009063 -0.00358707 0.00214835 0.000808435 1.49184 -0.0276447 -0.000229744 -0.00479882 0.0204403 1.47896 
45 1.18846 0.0883919 0.00113534 -2.56695e-05 0.0886807 1.1665 -0.00413809 -0.00207122 0.000580502 -0.000360928 1.09549 -0.0318881 0.000399031 0.00701888 0.0268612 1.08459 
46 1.12816 0.099186 -0.00084281 2.65353e-05 0.0991033 1.10685 -0.00213412 -0.0112227 -0.00150846 -0.00341222 1.03054 -0.0270508 0.000778043 0.004285 0.0249797 1.02675 
47 0.983459 0.0722752 -0.000431559 -0.000496977 0.0720117 0.976619 -0.00144178 0.000657456 0.000294063 0.00411505 0.91306 -0.00941587 3.87388e-06 -0.00322768 0.0086153 0.91073 
48 0.924871 0.0770422 0.00053131 -0.000222033 0.0767414 0.908024 -0.00418051 -0.00154215 0.000576814 0.0017343 0.830997 -0.0304345 -4.2767e-05 0.00654656 0.03033 0.820537 
49 0.761004 0.0646873 0.000954017 0.000231612 0.0653346 0.74648 0.0016513 -0.00276175 0.000163135 0.00957895 0.681944 -0.0182131 -0.000548722 0.00450964 0.0169363 0.67578 
50 0.767576 0.0607868 -0.00167826 0.000670216 0.0598832 0.741828 -0.00729634 -0.00602092 -0.0022471 -0.00157802 0.660842 -0.034276 -0.000838254 0.00512921 0.0327049 0.644172 
51 0.672585 0.0457439 -0.000594995 0.000267842 0.0453495 0.658572 -0.00190732 -0.00393136 -0.000429076 -0.00121526 0.583208 -0.0162095 0.000273492 -0.000444618 0.0186145 0.579466 
52 0.551384 0.0193634 0.00039052 -0.000227846 0.0197427 0.533476 -0.00314693 0.0084935 0.00157577 0.00447577 0.459582 -0.0180059 -0.000508219 -0.00273446 0.0212733 0.458715 
53 0.505528 0.0198517 0.000595195 0.000460848 0.0187184 0.490959 -0.00164112 0.000922656 0.00091788 0.0013228 0.425354 -0.0167733 0.000185499 0.00658772 0.0174981 0.419838 
54 0.424122 0.0112379 0.000117806 -8.50401e-06 0.0114921 0.402501 -0.00313617 0.00100181 -0.00138016 -0.00218098 0.33124 -0.020213 -4.21554e-05 -0.00695822 0.0221971 0.316336 
55 0.414303 0.0111129 -0.00121777 -0.000227177 0.0111078 0.395238 -0.00121347 0.00120245 -0.00186072 -0.00240984 0.33386 -0.00938932 -0.000285926 -0.00572118 0.0123793 0.321026 
56 0.323964 0.00164523 -0.000757578 0.000152343 0.00174535 0.316601 -0.00201524 -0.00266748 -0.000582809 -0.00694536 0.255076 -0.0140232 -0.000148483 0.00174014 0.0129177 0.251336 
57 0.28034 -0.000895927 0.000391077 0.000155781 -0.00156453 0.267858 0.000953634 0.00133844 0.000273942 0.00336085 0.211264 -0.010459 2.08252e-05 -0.00354759 0.0111814 0.20392 
58 0.26938 -0.0121308 -0.00057238 -0.00027146 -0.0122907 0.25929 -0.00574413 -0.00448288 -0.000271979 -0.00375859 0.174843 -0.0186227 -0.000448603 -0.00342107 0.0203708 0.171441 
59 0.240727 -0.0199034 -0.00121375 0.000631802 -0.0201969 0.222612 -0.00750388 0.00883571 -0.00116553 -0.00340001 0.150834 0.00450923 0.000306173 -0.00414557 -0.00188861 0.142601 
60 0.197159 -0.0240314 0.000651607 -0.000510575 -0.023773 0.18334 -0.00147249 0.00203155 0.000809274 0.00532489 0.103225 -0.0210317 0.000580683 -0.0047266 0.0246304 0.0971721 
61 0.17049 -0.033317 0.00264975 -0.000792875 -0.0343512 0.145523 0.0103622 0.000249771 0.0030939 0.0112626 0.0741764 -0.0177546 0.000116273 -0.00523571 0.00645686 0.0634014 
62 0.179135 -0.0328249 -0.000460263 -0.000264359 -0.0331334 0.150811 -0.00452393 0.00232188 0.000443233 -0.00113012 0.0805714 -0.0328282 -0.00027908 0.00549166 0.0290476 0.0671935 
63 0.140978 -0.040379 0.000270877 5.06608e-06 -0.0397479 0.125954 -0.00073944 0.00566038 0.000210226 0.0100327 0.0670047 -0.00875268 0.000330933 -0.00402512 0.00997988 0.0626678 
64 0.147053 -0.0414634 0.0012804 0.000398141 -0.0423408 0.12068 -0.00190202 0.00097216 0.000756552 0.00769143 0.0452141 -0.015871 -3.47679e-05 0.00300177 0.0149213 0.0333402 
65 0.111468 -0.0316735 -0.000178415 -7.42718e-05 -0.0322836 0.0978246 0.00507888 0.00402316 -0.000121307 0.00426035 0.0458496 -0.00462939 0.000596847 -0.000442988 0.00510681 0.0384683 
66 0.104044 -0.0461506 0.00107332 -2.65931e-06 -0.0465601 0.0843578 0.00254641 -0.0019578 -0.000354457 0.00829276 0.0223934 -0.0199659 0.000234206 -0.00460321 0.0115597 0.0183084 
67 0.0738 -0.0443908 0.000667645 -0.000133236 -0.0443678 0.0684067 0.000741581 0.00110036 0.000948134 -0.000239306 0.0223849 -0.0014679 -0.000221371 -0.000638632 0.00196322 0.0203514 
68 0.0943906 -0.040186 0.000234557 -5.64941e-05 -0.0405436 0.0847418 0.0039895 0.000739019 -0.000226525 0.00188488 0.0104748 -0.0126558 0.000194355 -0.00026677 0.0136099 0.00424373 
69 0.0883715 -0.0434721 0.00192618 0.000123955 -0.0425793 0.0754487 0.00735325 -0.000849148 0.0011719 -0.0025861 0.00915113 -0.0151978 0.000584565 0.000981552 0.0146597 0.00982528 
70 0.0942705 -0.0356863 -0.000877261 -0.000135468 -0.0364777 0.0771357 0.0008247 -0.00025289 0.000915586 0.000817745 0.0147843 -0.0161404 0.000148688 -0.0037597 0.0151228 0.0193868 
71 0.0931464 -0.0414112 0.00167505 4.52836e-05 -0.0413032 0.0782429 0.00889659 -0.00283917 0.00106835 0.0024872 0.017969 -0.0177226 -0.000755555 -0.00108048 0.0188767 0.00918508 
72 0.098549 -0.039031 -0.000306252 -0.000142954 -0.0393396 0.085606 0.00453634 0.00129898 -0.000233264 0.000982882 0.0216806 -0.022179 9.01087e-05 -0.00192802 0.0226236 0.015597 
73 0.0768378 -0.041345 -0.000744479 0.000526691 -0.0411426 0.0680117 -0.00441043 0.000142317 0.000556985 0.00647309 0.00522496 -0.00919202 4.04049e-05 0.001263 0.00945923 0.00686802 
74 0.10078 -0.0371517 0.000237062 -0.000134922 -0.0373509 0.0813233 -2.22598e-05 -0.00130204 -0.00103778 -0.000451704 0.000432295 -0.0230477 -0.000216273 0.00264571 0.018538 -0.0104562 
75 0.0981018 -0.041287 -9.53021e-05 -0.000148733 -0.0408924 0.0821376 -0.00433017 -0.00109931 0.000185808 -0.0027374 0.000804853 -0.0198876 0.000223243 0.00385702 0.0208107 -0.00224088 
76 0.0866794 -0.0347845 -0.00152106 0.000136209 -0.0345926 0.0771521 -0.00682936 0.000784099 -0.000276558 -0.000557904 0.00172283 -0.0250478 -0.000558161 0.00403215 0.0256618 -9.88464e-05 
77 0.0750253 -0.0381975 0.000184103 -2.47605e-05 -0.0380947 0.0607655 -0.00737444 0.00105438 0.000500389 0.00272076 -0.00022605 -0.0134062 0.000211988 -0.00190391 0.0147256 -0.0010948 
78 0.0723521 -0.032341 -0.000251259 -0.000242863 -0.0321689 0.0631029 0.00166636 -0.00268625 0.000492631 -0.00463576 -0.000819984 -0.0162807 -0.000242892 0.000239285 0.0152656 -0.00293817 
79 0.0759797 -0.0359139 -0.000491236 -0.000215809 -0.0353575 0.0642497 -0.00399793 -0.00105961 0.000348952 0.00492001 -0.00938122 -0.00861992 0.000223028 -0.00101784 0.00807672 -0.00606717 
80 0.0759918 -0.0318193 -0.000796573 -2.59694e-05 -0.0323231 0.0667904 -0.00110611 0.00260919 -0.000230521 0.00925914 0.00478202 -0.00577285 0.000129091 0.00298366 0.00743155 0.00516118 
81 0.0817928 -0.0293201 -0.000175652 -3.80848e-05 -0.0285907 0.0699831 0.00479861 -0.00567628 -0.00101434 -0.0101006 -0.000551231 -0.0171975 0.000381674 0.00112692 0.0164398 0.000354061 
82 0.0776879 -0.0338244 -0.00089685 0.000155643 -0.0333367 0.0677127 0.00229336 0.00327492 -5.87901e-05 0.00277283 -0.00831666 -0.0165919 0.000188448 -0.00557617 0.016944 -0.011573 
83 0.080353 -0.0277461 0.000174759 2.40509e-05 -0.0281294 0.0653772 -0.00294896 0.00019799 0.00122347 0.0128058 -0.00625141 -0.0224251 -0.000350434 -0.00258993 0.0198224 -0.00371791 
84 0.0883336 -0.0279352 -0.00116964 -5.19372e-06 -0.0273863 0.0748665 -0.00515963 0.00302078 -0.000992268 -0.00400311 -0.00352979 -0.0155611 -7.16239e-05 -0.000623316 0.0145429 -0.00349482 
85 0.0860148 -0.0286814 7.35775e-05 0.00019011 -0.0292568 0.0699904 -0.00528837 -0.00184165 0.000230378 0.000162949 0.00488103 -0.0246846 -0.000575868 0.00260963 0.022894 0.00328311 
86 0.0608471 -0.0257923 -7.77873e-05 5.79417e-05 -0.025713 0.0547352 0.000278633 -0.000516554 7.82248e-05 0.000798772 0.000162631 -0.0112138 2.12087e-06 -0.000450294 0.0135985 0.000421718 
87 0.0847275 -0.0260921 0.00102758 -0.000298897 -0.025998 0.0695546 0.000647881 -0.00157296 0.00188882 0.00430458 0.00249076 -0.0149537 0.000244424 0.00437979 0.0164873 0.0041203 
88 0.0743477 -0.0239514 0.00108237 0.000230581 -0.0235447 0.0591074 -0.000436808 -0.00541506 0.0023028 0.00624627 -0.001931 -0.00802602 -5.65941e-05 0.000327533 0.00693964 -0.000437445 
89 0.0649283 -0.0261807 -0.000561041 -0.000155523 -0.0265421 0.0574464 -0.0031396 0.000916285 0.00010595 0.0036685 -0.00450151 -0.0172328 -0.000101481 0.00073969 0.0178856 -0.00366331 
90 0.0793072 -0.0225662 -9.80567e-05 -0.000311996 -0.0232888 0.0660323 -0.00897654 0.00217243 -0.000260813 -0.00644771 -0.00747442 -0.0165378 0.000268864 0.00376029 0.0152326 -0.00423948 
91 0.0771328 -0.0211133 -0.00106061 0.000253086 -0.0207475 0.0676017 -0.00603362 0.00406169 0.000645688 0.001677 0.00033243 -0.0174664 -0.000156356 -0.000915983 0.019263 0.000859739 
92 0.0659273 -0.0254562 -0.00105884 7.60226e-05 -0.0251236 0.055675 -0.00329093 -0.00222652 -0.00029415 -0.0105098 -0.00679945 -0.012088 -0.000112072 -0.00342996 0.0114016 -0.00769815 
93 0.0864606 -0.0209657 0.000632284 2.48998e-05 -0.0212743 0.0724221 0.00542469 -0.000809367 -0.00160614 -0.00796433 -0.00681209 -0.0197716 0.000481981 0.00143528 0.0227354 -0.00329645 
94 0.0625289 -0.0278618 0.000735179 0.000259019 -0.028281 0.053835 -2.60857e-05 -0.00227632 -8.48448e-05 0.00202538 -0.00615808 -0.0122222 -0.000172284 0.000975033 0.0103143 -0.00763896 
95 0.0809952 -0.0179567 0.000321522 -0.000260739 -0.0175695 0.0698742 0.000501934 -0.00134099 0.000676219 -0.00117289 -0.00506352 -0.0101622 -4.25561e-05 0.00255667 0.0105709 -0.0063949 
96 0.084014 -0.0160548 0.00114492 0.000216965 -0.0168062 0.0732069 0.00312372 -0.00291343 -0.0017029 -0.00464676 -0.00715745 -0.0310005 0.000176933 -0.00203846 0.0318281 -0.000201391 
97 0.0734413 -0.0179096 0.000686026 0.000429425 -0.0175894 0.0627618 0.00922454 -0.00210168 -0.00139582 -0.000790974 -0.00613732 -0.0218033 -0.00032032 -0.0040482 0.023091 -0.00665768 
98 0.0607373 -0.0192743 -0.000270888 0.00014605 -0.0195268 0.0538878 -0.00113091 -0.00189175 0.0011845 0.00302527 -0.00907693 -0.0173654 -8.4004e-05 -0.00247491 0.017883 -0.00740707 
99 0.0701081 -0.0168896 -0.00109163 0.000400557 -0.0164162 0.0603369 0.00192529 0.00288537 0.0015355 0.00600242 -0.00743872 -0.0200629 -0.000207895 0.00411884 0.020931 -0.00495119 
100 0.0545022 -0.0155063 0.000586972 -0.000229811 -0.0154243 0.042709 -0.00147984 -0.00141001 0.00105646 0.00782494 -0.0120075 -0.000545929 0.000259591 0.000381006 0.00258631 -0.00893712 
101 0.0697363 -0.0189694 -0.00104752 2.10427e-05 -0.018761 0.0614625 -0.00364348 -0.00236574 0.000253562 -0.00338367 -0.0167386 -0.0168111 0.00032668 -0.00340982 0.0163258 -0.0155056 
102 0.0735984 -0.0165576 0.00105029 -0.000651817 -0.0171404 0.0593697 0.00725639 0.00143453 0.000636678 -0.00185789 -0.00792797 -0.0215848 0.000247437 -0.0044228 0.0228757 -0.00146532 
103 0.0815766 -0.0141448 -4.6743e-05 0.00020581 -0.014418 0.0695012 -0.00522641 -3.81992e-05 0.000162413 0.00362447 -0.0121338 -0.0318894 0.000346974 0.00214668 0.0304624 -0.00541134 
104 0.079882 -0.0158813 -0.00177993 -0.000577805 -0.0157102 0.0578276 -0.0116978 0.00110306 0.00055685 0.000240774 -0.00920246 -0.0184396 0.000509007 0.00924147 0.0222863 -0.00709697 
105 0.0741236 -0.0144715 -0.000525567 0.000330619 -0.0146765 0.0639935 -0.00441316 0.00292946 0.000106603 0.00463746 -0.0124702 -0.0216982 0.000165472 0.00139905 0.0207903 -0.00857874 
106 0.0772917 -0.0130485 0.00156109 -0.000518617 -0.0131771 0.0644281 -0.00612017 0.00255116 -0.000783511 0.00454998 -0.0206486 -0.0119659 0.000293688 -0.000586171 0.0125286 -0.016975 
107 0.0812653 -0.0113652 0.00156807 0.000190131 -0.0108703 0.0697732 0.000391183 0.00202278 -0.00242544 0.00289685 -0.0122465 -0.0153708 0.00030363 0.00412684 0.0147958 -0.0117899 
108 0.095833 -0.00780473 -0.000331844 0.000385907 -0.0071703 0.081486 0.00256842 0.00355474 9.06856e-05 0.0068624 -0.0149439 -0.0278562 0.000184143 0.0038306 0.0275488 -0.0104771 
109 0.0837928 -0.0104409 -0.000893911 -0.000117606 -0.0111893 0.0696515 -0.0106358 -0.0042944 -0.000422694 0.00330278 -0.00773504 -0.0280446 -8.92389e-05 -0.00263463 0.0257155 -0.00488344 
110 0.109517 -0.0107587 0.00043279 0.000308802 -0.0107375 0.0913774 0.00130575 -0.0086457 -0.00147869 -0.00618774 -0.00605796 -0.0409851 0.000280217 -0.000673375 0.0418511 -0.00482684 
111 0.0907077 -0.010761 0.000333156 -0.000109275 -0.0103094 0.0778913 -0.00609485 0.0022032 1.3469e-05 -0.00491102 -0.0153611 -0.021325 0.000210252 0.00395608 0.0239094 -0.0167956 
112 0.0885131 -0.0102107 -0.00012655 0.000180808 -0.0102741 0.0754071 0.00279481 -0.00278436 -1.42573e-05 -0.000704535 -0.00761097 -0.0202641 0.000178533 0.000941624 0.0211539 -0.000196037 
113 0.0969498 -0.0101988 -4.32506e-05 0.000326315 -0.0104727 0.0877097 0.00210616 -0.00424867 -0.00134231 -0.000124066 -0.0082546 -0.0303001 0.000100714 -0.00417219 0.0309428 -0.00899562 
114 0.117959 -0.00844356 -0.000393444 -0.000577963 -0.00802007 0.104609 -0.00142651 -0.00119483 0.00115625 -0.00148596 0.000752775 -0.038231 -0.000178348 0.0010042 0.0410943 0.00320135 
115 0.0908512 -0.0112877 -0.000922664 0.00013288 -0.0110545 0.0804489 0.00279255 0.00541365 0.000263072 0.00244164 -0.00220857 -0.0177278 -1.85836e-05 0.00141448 0.0175292 -0.00576221 
116 0.11325 -0.00813263 0.000780532 -0.000130865 -0.00787863 0.102172 0.00375912 -0.00373752 -6.39282e-06 0.00110908 0.00183745 -0.0222851 0.000845452 -0.00483316 0.0204002 0.00636831 
117 0.0990773 -0.0143315 0.000660989 0.000134518 -0.0139083 0.0869201 -6.14479e-05 -0.000999194 -0.000934562 -0.00237546 0.00705088 -0.0220713 0.000112425 -0.00215069 0.0230563 0.0132052 
118 0.184089 -0.00893205 0.000716953 0.000296768 -0.00858575 0.157946 0.0030112 -0.000733559 -0.000856266 -0.00606239 0.0691626 -0.0434603 0.00111126 0.00176386 0.046494 0.0809117 
119 0.157013 -0.007539 -0.00210094 0.00025194 -0.00733533 0.141923 -0.00919986 0.00360476 0.000437536 0.0106165 0.0439478 -0.030476 -0.000170195 0.00501243 0.0305538 0.0513334 
120 0.157355 -0.0116995 -0.00134597 -2.80731e-05 -0.0122617 0.141161 -0.00191388 -0.000804564 0.000372728 0.000903366 0.0501775 -0.0410141 -0.000307541 -0.00378204 0.04678 0.0545933 
121 0.14417 -0.0203009 -0.000510913 0.000392324 -0.0212214 0.129931 -0.00845475 0.00166539 -0.00111725 0.00507393 0.057145 -0.0183248 -7.98816e-05 -0.00472366 0.0209945 0.0581591 
122 0.179792 -0.0163725 0.0003093 0.000526995 -0.0162868 0.170517 0.00294851 0.00185535 0.000562774 -0.000153094 0.094877 -0.0423356 0.000429104 0.00254144 0.0437064 0.0984963 
123 0.192257 -0.0188518 0.00120759 -6.21426e-05 -0.0185578 0.177191 -0.00676864 -0.00375864 0.00222981 0.000970518 0.0967219 -0.0335199 0.000541769 -0.0025804 0.0375749 0.102624 
124 0.193562 -0.0287554 0.000432637 -0.000532414 -0.028315 0.170032 0.000705819 0.00121236 0.0012671 3.47827e-05 0.0807774 -0.0374319 0.000185997 0.0058374 0.0358336 0.0976652 
125 0.21162 -0.041414 8.30156e-05 -1.87774e-05 -0.0421431 0.192951 0.00141345 0.00109304 -0.000219503 -0.00441739 0.0885847 -0.0370742 0.000216918 -0.00221948 0.0374739 0.0999405 
126 0.223295 -0.0405599 0.00043553 8.12011e-05 -0.0409784 0.207314 7.58094e-05 -0.00159096 0.000657116 0.00602972 0.106931 -0.028927 0.00036716 -0.00243104 0.0306071 0.108222 
127 0.247646 -0.0473393 -0.00153922 -0.000639401 -0.0458757 0.223928 -0.00791274 0.0065634 0.000210672 0.00340837 0.0891436 -0.0327877 -2.52838e-06 0.000793743 0.0370193 0.100364 
128 0.259814 -0.0588504 0.00187959 -0.000685392 -0.0585318 0.239286 0.00165181 -0.00281066 0.000707731 0.00375523 0.12333 -0.0315696 0.000159994 -0.00129142 0.0319944 0.135908 
129 0.206623 -0.0631401 0.0010138 -0.000434943 -0.0642706 0.192889 0.00158819 -0.00499987 3.7813e-05 -0.00519771 0.0760069 -0.0251541 0.000269772 -0.00422422 0.0266087 0.0801604 
130 0.226145 -0.0863711 0.0027615 0.00016036 -0.0860122 0.200849 0.000385936 -0.0051666 -0.000625778 -0.00313995 0.0505689 -0.0194433 0.000428046 -0.00532163 0.0182172 0.0615756 
131 0.234939 -0.0855581 0.000983667 0.000176238 -0.0855076 0.218174 0.00635881 0.00280504 0.000882946 0.00506925 0.0813243 -0.0316871 0.000267394 -0.00308547 0.032297 0.086821 
132 0.24849 -0.0926634 0.00175065 0.000212509 -0.0918019 0.217284 -0.00423126 -0.00829428 -0.00186115 -0.001071 0.0653213 -0.0182067 4.88364e-05 -0.0101827 0.0242777 0.0877029 
133 0.26504 -0.097744 -0.00129235 0.00020842 -0.0976341 0.239076 -0.00437113 0.00190923 -0.00106094 6.46916e-05 0.0749894 -0.0173328 -0.000236792 0.00126788 0.0170793 0.0903976 
134 0.229263 -0.103876 0.00134307 0.000543518 -0.103327 0.200495 -0.00224494 0.00157977 0.00124346 0.00693367 0.0416069 -0.0105035 -8.20708e-05 -0.00169162 0.0104768 0.0524847 
135 0.243317 -0.109888 -0.00041966 0.000205657 -0.110461 0.223208 0.00458548 0.00468015 -0.000227068 -0.00180865 0.0290596 -0.0186557 -0.000331848 0.00302037 0.018982 0.040055 
136 0.219513 -0.109827 -0.000440091 5.63506e-05 -0.110665 0.200752 -0.00268835 0.00231371 0.000568791 -0.000594889 0.0235846 -0.0139526 0.0002561 0.00234189 0.0138938 0.0387937 
137 0.238301 -0.110203 0.0015786 -0.000282763 -0.110812 0.205867 0.00579155 0.00312125 -0.0013476 -0.0065768 -0.00796872 -0.018289 0.000281722 0.00321488 0.0142255 0.0147482 
138 0.221601 -0.119408 -0.000560128 0.000566467 -0.120454 0.200133 0.00354883 0.00214351 -0.00178186 -0.00725632 0.00807148 -0.0148685 0.000191161 0.00492582 0.01189 0.0222436 
139 0.240177 -0.117036 -0.00189526 0.000448398 -0.117973 0.213287 0.00121405 -0.000633017 -0.000596034 0.0128543 -0.00666697 -0.0244307 -7.27796e-05 -0.00761365 0.0235731 0.00970935 
140 0.230231 -0.110451 -0.00395527 0.00014021 -0.109249 0.200066 -0.0141994 0.00370589 0.00149929 0.00525464 -0.039436 -0.0105345 0.000430695 0.00021058 0.0136344 -0.0238266 
141 0.220373 -0.101591 2.2644e-05 -0.000938831 -0.103728 0.185463 -0.0158223 0.00360202 -0.000637833 -0.0116215 -0.0398667 -0.0131473 0.000150871 0.00353293 0.0166457 -0.0254861 
142 0.205336 -0.106174 -0.000834132 0.000201863 -0.104851 0.178712 0.000716305 0.0012283 2.88568e-05 -0.00227482 -0.0457832 -0.0111523 0.00042951 0.000674717 0.0131404 -0.0253504 
143 0.225443 -0.0960865 -0.00042983 -0.00101424 -0.096456 0.183413 0.00898024 -0.00339192 0.000146089 0.00522622 -0.0785871 -0.00943729 -0.000519842 0.000442311 0.0113477 -0.0468406 
144 0.209487 -0.0902657 -0.000162909 -0.000183951 -0.0904006 0.174533 -0.00563989 0.00354321 0.000380292 -0.00309535 -0.0842268 -0.00924212 -0.000411663 0.00438499 0.000128126 -0.0709175 
145 0.221699 -0.092893 -0.00245381 0.000724432 -0.0908651 0.190201 -0.0024573 2.24896e-05 0.00401832 -0.000658145 -0.0985354 -0.0124095 0.000711972 0.000860708 0.0169489 -0.0743488 
146 0.248726 -0.0771388 0.000857381 3.52531e-05 -0.0782306 0.209868 0.0143333 -0.000143074 -0.000429072 -0.00719769 -0.109984 -0.0143923 0.00109005 -0.00193391 0.0147039 -0.0902209 
147 0.185521 -0.0805696 -0.000371383 -0.000110576 -0.0792836 0.165654 0.00280027 -0.00363721 0.00107644 -0.00584281 -0.094852 -0.00719094 -1.16107e-05 -0.00304656 0.00919605 -0.0815041 
148 0.182821 -0.0728321 -0.00164719 0.000615153 -0.0714564 0.137916 -0.0157903 0.00296509 0.0018365 0.0109006 -0.0868275 -0.00588639 -0.000195542 0.00183225 0.00314222 -0.050264 
149 0.229307 -0.0743723 -0.00212103 -0.000156846 -0.0761819 0.163066 -0.00902483 -0.00244005 -0.00124857 0.00877733 -0.105211 -0.0133653 -0.000281198 -0.00487365 -0.000972452 -0.0761127 
150 0.23555 -0.0637689 -0.00113514 -0.000239707 -0.0637837 0.18849 -0.0140307 -0.00833574 -0.00188506 -0.00736356 -0.114476 -0.0143204 0.000475672 -0.00578775 0.0189704 -0.0811812 
151 0.258283 -0.0480914 0.000614866 -0.000847969 -0.0457575 0.181295 -0.0173111 -0.00897409 -0.000470545 0.0084758 -0.0910827 -0.0286485 -0.000136421 -0.00531057 0.0336161 -0.0365423 
152 0.197831 -0.0452551 -0.00587063 -0.00032748 -0.043721 0.157365 -0.0220404 -0.00804754 0.00377081 0.00807309 -0.0746651 -0.0168204 0.000649725 -0.00495746 0.0205407 -0.0473512 
153 0.284046 -0.0408089 0.00246834 -0.000329985 -0.0396916 0.197839 0.0123659 -6.92309e-06 -0.00142105 -0.0259211 -0.152728 -0.00772104 -0.00072272 -0.00276844 0.00207202 -0.0814161 
154 0.254217 -0.0393897 0.000932648 0.000203302 -0.0399543 0.18751 -0.00771596 0.00674612 -0.00273609 -0.0145511 -0.0935249 -0.0391421 0.000130447 0.00923643 0.0336917 -0.0449213 
155 0.235049 -0.0400773 4.78703e-05 -0.00116694 -0.0368482 0.144924 -0.00442719 0.000162253 0.00279704 -0.00512525 -0.106241 -0.0186992 0.000118885 0.00150589 0.0232456 -0.0297889 
156 0.298467 -0.0274646 -0.00101416 0.00106984 -0.0259642 0.205258 -0.0129543 0.00945214 -0.00420869 -0.00915547 -0.0961894 -0.0325648 -0.000235318 -0.00116948 0.0251249 -0.0335274 
157 0.262689 -0.0319722 -0.00268567 -0.000772348 -0.0295695 0.12395 -0.0219805 0.0077317 0.00241045 0.00531854 -0.131835 -0.0111129 -0.000792136 0.00585505 0.0202327 -0.00530389 
158 0.293322 -0.0190794 -0.0036026 -0.00023147 -0.0182783 0.164385 -0.0347347 0.0122325 0.00765473 0.0288587 -0.0942396 -0.0358627 0.000458457 0.00169442 0.0332569 0.0248519 
159 0.300618 -0.0121666 -0.00121789 -0.000564765 -0.0193439 0.171724 -0.0187591 -0.000909693 0.00235625 0.00873151 -0.108948 -0.0300719 0.000329505 0.0016043 0.0257245 -0.00458139 
160 0.30101 -0.0248929 0.00289241 -0.00164861 -0.0217952 0.177916 0.0231198 -0.030441 -0.00102369 -0.0139342 -0.106645 -0.0461687 0.000773825 -0.0372831 0.0392418 -0.00682771 
161 0.345707 -0.0079465 -0.00198506 -0.000985778 -0.00355836 0.178427 0.0170826 0.0263141 0.00375778 0.00185552 -0.111486 -0.0374964 0.000832388 0.0192704 0.0476013 0.0392595 
162 0.421705 -0.0043488 -0.00699729 -0.000403439 0.000457365 0.205829 0.00311986 0.0318161 0.00845692 -0.0062102 -0.106113 -0.0689265 -0.000424266 0.0215462 0.0665122 0.0847266 
163 0.394954 -0.00161462 0.000276347 0.0006388 -0.00359468 0.148428 -0.0258685 0.0148869 0.00219874 0.0405324 -0.154717 -0.0589033 -0.000419293 0.0162313 0.0687558 0.0716693 
164 0.453796 0.00679258 0.00627905 0.000108712 -0.000794967 0.22353 -0.0234957 0.0111516 -0.00288055 -0.00486132 -0.135358 -0.0648361 0.00198708 0.017578 0.0728751 0.0607285 
165 0.407067 -0.0103861 0.00518427 -0.0010367 -0.00955085 0.185838 -0.015122 -0.0218987 -0.00658915 0.0279865 -0.154198 -0.0770297 0.00118104 -0.020545 0.06532 0.0501202 
166 0.496288 0.0196288 0.0103784 0.000194785 0.0189484 0.258703 0.044561 -0.0231196 -0.00803352 -0.0286284 -0.162419 -0.0941413 0.0010952 -0.0112489 0.0800586 0.0390285 
167 0.529083 0.0146162 0.00418274 -0.00171375 0.0113189 0.267495 -0.0403097 -0.00453346 0.00304083 0.0232974 -0.138905 -0.0989906 0.00155685 0.0162418 0.0914656 0.0981047 
168 0.465302 0.00126105 0.00186982 -0.00074509 0.00318214 0.203739 0.0478606 -0.00660088 -0.0011696 -0.0201395 -0.16564 -0.0118653 0.00146184 -0.010869 0.0209728 0.0731377 
169 0.523979 0.00415926 -0.0101031 -0.00221003 0.00577583 0.222816 -0.0620843 0.0565707 0.0102 0.0440988 -0.188898 -0.0283886 -0.000146358 0.0372855 0.0330024 0.086442 
170 0.571262 -0.00622865 -0.0194881 0.00115155 -0.00922035 0.129904 -0.0412689 0.0556486 0.0118203 0.0291055 -0.233726 0.0178021 0.00149468 0.058404 -0.00870232 0.195112 
171 0.638149 0.0118077 0.00445083 0.000512036 0.0118637 0.262943 -0.0441118 -0.0283097 -0.00169099 0.0155573 -0.148265 -0.0818768 0.000329336 -0.0311825 0.0724125 0.188139 
172 0.661116 0.0140986 0.00478812 0.000366142 0.00418125 0.214329 0.000520256 -0.00381697 0.00120273 0.0598024 -0.10263 -0.0411799 0.000732 0.0342998 0.0545933 0.254996 
173 0.512179 0.003426 -0.000837425 -0.000103033 0.00392598 0.144663 -0.0063449 0.0440398 -0.000681331 -0.00301739 -0.149873 0.00372936 -0.00057174 0.037866 0.00199675 0.207054 
174 0.633034 -0.0103968 0.00803579 -0.00171034 -0.00718977 0.151373 -0.126065 0.0050372 -0.00357125 0.105805 -0.298263 0.0103309 0.000283747 -0.00539795 -0.00101565 0.169008 
175 0.744589 0.00320327 -0.00120316 0.00214225 0.0100363 0.0439188 -0.0355256 0.0461781 0.00836694 0.0571116 -0.375107 -0.03974 0.000485848 0.0873418 0.0606283 0.273491 
176 0.609508 0.0282886 -0.00984786 -0.00171763 0.0361969 0.263229 0.00931091 0.00722324 0.0094355 -0.0125384 -0.1028 -0.0485174 -0.00292626 0.0187368 0.0547494 0.23431 
177 0.942761 0.00183405 0.0107154 0.00344452 0.00656506 0.226096 -0.0405882 -0.0522784 -0.0231106 -0.0496767 -0.307306 -0.0228917 -0.00253719 -0.0804116 -0.0163787 0.285442 
178 1.02232 0.0114622 0.0321825 -0.00352919 0.0263865 0.352273 0.0854143 0.0796598 -0.0307585 -0.0896924 -0.305602 -0.16271 0.00730854 0.0611836 0.162791 0.348602 
179 0.510582 0.0113934 -0.0142767 0.0049933 0.017762 0.399041 -0.0712583 0.0527248 0.013059 0.0123671 -0.209192 -0.193568 0.00223733 0.0572868 0.194066 -0.108159 
180 0.390158 -0.069154 -0.0244344 0.00388183 -0.0701799 0.357773 0.111153 0.0474758 -0.00362728 0.0904071 -0.347552 0.0765083 -0.0208459 0.0792744 -0.0473203 -0.36142 
