0 17.2492 -0.00845649 17.249 17.249 9.6132e-09 17.2488 
1 19.1825 -0.00591797 18.9911 19.1718 -6.20288e-05 18.9864 
2 19.2083 -0.00940529 18.6456 19.0303 -0.00594517 18.541 
3 18.2178 -0.0239634 18.1562 18.1732 0.038697 18.1151 
4 16.661 -0.0117216 16.4325 16.5201 -0.0175155 16.3175 
5 15.9681 -0.0349074 15.7935 15.7505 -0.00400968 15.6145 
6 17.7411 -0.0215949 17.4777 17.5646 0.0216428 17.3578 
7 15.9632 -0.00942278 15.8513 15.8459 0.0242034 15.7556 
8 16.1572 0.00637138 16.0767 16.0048 -0.0297333 15.944 
9 16.1659 0.00923642 16.0093 16.0017 -0.0200338 15.8781 
10 15.4397 0.0265566 15.2485 15.3278 -0.0387462 15.1624 
11 14.3615 0.0614111 14.2574 14.1293 -0.0799102 14.0517 
12 13.8569 0.0467572 13.7363 13.7304 -0.0222452 13.6379 
13 13.3894 0.081163 13.2415 13.1993 -0.0216872 13.0805 
14 12.8657 0.0845556 12.6861 12.7351 -0.0298911 12.5801 
15 11.6239 0.0997342 11.5517 11.5201 -0.00969238 11.4772 
16 10.5726 0.103049 10.4576 10.4364 -0.0302214 10.3462 
17 10.4332 0.123187 10.3595 10.3259 0.00687764 10.2767 
18 10.3716 0.136201 10.2877 10.2315 -0.0331156 10.166 
19 9.36409 0.164054 9.27246 9.25203 0.0306384 9.17753 
20 8.98055 0.163778 8.91642 8.88453 -0.0188574 8.83561 
21 8.27121 0.17181 8.22351 8.15553 -0.0147124 8.12125 
22 7.5459 0.162455 7.49597 7.40097 -0.0312129 7.36789 
23 7.26083 0.185022 7.18052 7.12685 -0.0123997 7.06801 
24 6.84508 0.171667 6.76304 6.73504 -0.0195139 6.68146 
25 6.48695 0.197574 6.42893 6.36848 -0.0220243 6.32672 
26 6.03353 0.199074 5.97563 5.94642 -0.0286361 5.90369 
27 5.45181 0.205392 5.41725 5.3338 -0.0298797 5.31459 
28 5.26507 0.196173 5.2302 5.18587 -0.0290957 5.16206 
29 4.6303 0.194645 4.588 4.52153 -0.0359333 4.49825 
30 4.5651 0.206576 4.52602 4.4623 -0.0340189 4.43322 
31 4.55894 0.228912 4.49794 4.41885 -0.0492521 4.38189 
32 3.98163 0.206743 3.95654 3.86975 -0.0310016 3.86289 
33 3.90494 0.224396 3.86336 3.7826 -0.0369942 3.75236 
34 3.47073 0.190426 3.43197 3.36196 -0.0440364 3.33272 
35 3.26521 0.208358 3.23899 3.14716 -0.0300306 3.12951 
36 2.75111 0.171688 2.71802 2.64765 -0.0300051 2.63807 
37 2.6336 0.183933 2.57961 2.4952 -0.00796089 2.45526 
38 2.53286 0.167294 2.51231 2.42479 -0.0336551 2.41233 
39 2.33987 0.184332 2.30452 2.2201 -0.0371327 2.19988 
40 2.07707 0.16385 2.04757 1.96572 -0.0277725 1.95401 
41 1.77909 0.120748 1.7523 1.67331 -0.0346184 1.66328 
42 1.83464 0.161904 1.79352 1.71853 -0.0338943 1.68926 
43 1.51067 0.129779 1.47592 1.42368 -0.0302848 1.41018 
44 1.60332 0.146862 1.56382 1.49184 -0.0276447 1.47896 
45 1.18846 0.0883919 1.1665 1.09549 -0.0318881 1.08459 
46 1.12816 0.099186 1.10685 1.03054 -0.0270508 1.02675 
47 0.983459 0.0722752 0.976619 0.91306 -0.00941587 0.91073 
48 0.924871 0.0770422 0.908024 0.830997 -0.0304345 0.820537 
49 0.761004 0.0646873 0.74648 0.681944 -0.0182131 0.67578 
50 0.767576 0.0607868 0.741828 0.660842 -0.034276 0.644172 
51 0.672585 0.0457439 0.658572 0.583208 -0.0162095 0.579466 
52 0.551384 0.0193634 0.533476 0.459582 -0.0180059 0.458715 
53 0.505528 0.0198517 0.490959 0.425354 -0.0167733 0.419838 
54 0.424122 0.0112379 0.402501 0.33124 -0.020213 0.316336 
55 0.414303 0.0111129 0.395238 0.33386 -0.00938932 0.321026 
56 0.323964 0.00164523 0.316601 0.255076 -0.0140232 0.251336 
57 0.28034 -0.000895927 0.267858 0.211264 -0.010459 0.20392 
58 0.26938 -0.0121308 0.25929 0.174843 -0.0186227 0.171441 
59 0.240727 -0.0199034 0.222612 0.150834 0.00450923 0.142601 
60 0.197159 -0.0240314 0.18334 0.103225 -0.0210317 0.0971721 
61 0.17049 -0.033317 0.145523 0.0741764 -0.0177546 0.0634014 
62 0.179135 -0.0328249 0.150811 0.0805714 -0.0328282 0.0671935 
63 0.140978 -0.040379 0.125954 0.0670047 -0.00875268 0.0626678 
64 0.147053 -0.0414634 0.12068 0.0452141 -0.015871 0.0333402 
65 0.111468 -0.0316735 0.0978246 0.0458496 -0.00462939 0.0384683 
66 0.104044 -0.0461506 0.0843578 0.0223934 -0.0199659 0.0183084 
67 0.0738 -0.0443908 0.0684067 0.0223849 -0.0014679 0.0203514 
68 0.0943906 -0.040186 0.0847418 0.0104748 -0.0126558 0.00424373 
69 0.0883715 -0.0434721 0.0754487 0.00915113 -0.0151978 0.00982528 
70 0.0942705 -0.0356863 0.0771357 0.0147843 -0.0161404 0.0193868 
71 0.0931464 -0.0414112 0.0782429 0.017969 -0.0177226 0.00918508 
72 0.098549 -0.039031 0.085606 0.0216806 -0.022179 0.015597 
73 0.0768378 -0.041345 0.0680117 0.00522496 -0.00919202 0.00686802 
74 0.10078 -0.0371517 0.0813233 0.000432295 -0.0230477 -0.0104562 
75 0.0981018 -0.041287 0.0821376 0.000804853 -0.0198876 -0.00224088 
76 0.0866794 -0.0347845 0.0771521 0.00172283 -0.0250478 -9.88464e-05 
77 0.0750253 -0.0381975 0.0607655 -0.00022605 -0.0134062 -0.0010948 
78 0.0723521 -0.032341 0.0631029 -0.000819984 -0.0162807 -0.00293817 
79 0.0759797 -0.0359139 0.0642497 -0.00938122 -0.00861992 -0.00606717 
80 0.0759918 -0.0318193 0.0667904 0.00478202 -0.00577285 0.00516118 
81 0.0817928 -0.0293201 0.0699831 -0.000551231 -0.0171975 0.000354061 
82 0.0776879 -0.0338244 0.0677127 -0.00831666 -0.0165919 -0.011573 
83 0.080353 -0.0277461 0.0653772 -0.00625141 -0.0224251 -0.00371791 
84 0.0883336 -0.0279352 0.0748665 -0.00352979 -0.0155611 -0.00349482 
85 0.0860148 -0.0286814 0.0699904 0.00488103 -0.0246846 0.00328311 
86 0.0608471 -0.0257923 0.0547352 0.000162631 -0.0112138 0.000421718 
87 0.0847275 -0.0260921 0.0695546 0.00249076 -0.0149537 0.0041203 
88 0.0743477 -0.0239514 0.0591074 -0.001931 -0.00802602 -0.000437445 
89 0.0649283 -0.0261807 0.0574464 -0.00450151 -0.0172328 -0.00366331 
90 0.0793072 -0.0225662 0.0660323 -0.00747442 -0.0165378 -0.00423948 
91 0.0771328 -0.0211133 0.0676017 0.00033243 -0.0174664 0.000859739 
92 0.0659273 -0.0254562 0.055675 -0.00679945 -0.012088 -0.00769815 
93 0.0864606 -0.0209657 0.0724221 -0.00681209 -0.0197716 -0.00329645 
94 0.0625289 -0.0278618 0.053835 -0.00615808 -0.0122222 -0.00763896 
95 0.0809952 -0.0179567 0.0698742 -0.00506352 -0.0101622 -0.0063949 
96 0.084014 -0.0160548 0.0732069 -0.00715745 -0.0310005 -0.000201391 
97 0.0734413 -0.0179096 0.0627618 -0.00613732 -0.0218033 -0.00665768 
98 0.0607373 -0.0192743 0.0538878 -0.00907693 -0.0173654 -0.00740707 
99 0.0701081 -0.0168896 0.0603369 -0.00743872 -0.0200629 -0.00495119 
100 0.0545022 -0.0155063 0.042709 -0.0120075 -0.000545929 -0.00893712 
101 0.0697363 -0.0189694 0.0614625 -0.0167386 -0.0168111 -0.0155056 
102 0.0735984 -0.0165576 0.0593697 -0.00792797 -0.0215848 -0.00146532 
103 0.0815766 -0.0141448 0.0695012 -0.0121338 -0.0318894 -0.00541134 
104 0.079882 -0.0158813 0.0578276 -0.00920246 -0.0184396 -0.00709697 
105 0.0741236 -0.0144715 0.0639935 -0.0124702 -0.0216982 -0.00857874 
106 0.0772917 -0.0130485 0.0644281 -0.0206486 -0.0119659 -0.016975 
107 0.0812653 -0.0113652 0.0697732 -0.0122465 -0.0153708 -0.0117899 
108 0.095833 -0.00780473 0.081486 -0.0149439 -0.0278562 -0.0104771 
109 0.0837928 -0.0104409 0.0696515 -0.00773504 -0.0280446 -0.00488344 
110 0.109517 -0.0107587 0.0913774 -0.00605796 -0.0409851 -0.00482684 
111 0.0907077 -0.010761 0.0778913 -0.0153611 -0.021325 -0.0167956 
112 0.0885131 -0.0102107 0.0754071 -0.00761097 -0.0202641 -0.000196037 
113 0.0969498 -0.0101988 0.0877097 -0.0082546 -0.0303001 -0.00899562 
114 0.117959 -0.00844356 0.104609 0.000752775 -0.038231 0.00320135 
115 0.0908512 -0.0112877 0.0804489 -0.00220857 -0.0177278 -0.00576221 
116 0.11325 -0.00813263 0.102172 0.00183745 -0.0222851 0.00636831 
117 0.0990773 -0.0143315 0.0869201 0.00705088 -0.0220713 0.0132052 
118 0.184089 -0.00893205 0.157946 0.0691626 -0.0434603 0.0809117 
119 0.157013 -0.007539 0.141923 0.0439478 -0.030476 0.0513334 
120 0.157355 -0.0116995 0.141161 0.0501775 -0.0410141 0.0545933 
121 0.14417 -0.0203009 0.129931 0.057145 -0.0183248 0.0581591 
122 0.179792 -0.0163725 0.170517 0.094877 -0.0423356 0.0984963 
123 0.192257 -0.0188518 0.177191 0.0967219 -0.0335199 0.102624 
124 0.193562 -0.0287554 0.170032 0.0807774 -0.0374319 0.0976652 
125 0.21162 -0.041414 0.192951 0.0885847 -0.0370742 0.0999405 
126 0.223295 -0.0405599 0.207314 0.106931 -0.028927 0.108222 
127 0.247646 -0.0473393 0.223928 0.0891436 -0.0327877 0.100364 
128 0.259814 -0.0588504 0.239286 0.12333 -0.0315696 0.135908 
129 0.206623 -0.0631401 0.192889 0.0760069 -0.0251541 0.0801604 
130 0.226145 -0.0863711 0.200849 0.0505689 -0.0194433 0.0615756 
131 0.234939 -0.0855581 0.218174 0.0813243 -0.0316871 0.086821 
132 0.24849 -0.0926634 0.217284 0.0653213 -0.0182067 0.0877029 
133 0.26504 -0.097744 0.239076 0.0749894 -0.0173328 0.0903976 
134 0.229263 -0.103876 0.200495 0.0416069 -0.0105035 0.0524847 
135 0.243317 -0.109888 0.223208 0.0290596 -0.0186557 0.040055 
136 0.219513 -0.109827 0.200752 0.0235846 -0.0139526 0.0387937 
137 0.238301 -0.110203 0.205867 -0.00796872 -0.018289 0.0147482 
138 0.221601 -0.119408 0.200133 0.00807148 -0.0148685 0.0222436 
139 0.240177 -0.117036 0.213287 -0.00666697 -0.0244307 0.00970935 
140 0.230231 -0.110451 0.200066 -0.039436 -0.0105345 -0.0238266 
141 0.220373 -0.101591 0.185463 -0.0398667 -0.0131473 -0.0254861 
142 0.205336 -0.106174 0.178712 -0.0457832 -0.0111523 -0.0253504 
143 0.225443 -0.0960865 0.183413 -0.0785871 -0.00943729 -0.0468406 
144 0.209487 -0.0902657 0.174533 -0.0842268 -0.00924212 -0.0709175 
145 0.221699 -0.092893 0.190201 -0.0985354 -0.0124095 -0.0743488 
146 0.248726 -0.0771388 0.209868 -0.109984 -0.0143923 -0.0902209 
147 0.185521 -0.0805696 0.165654 -0.094852 -0.00719094 -0.0815041 
148 0.182821 -0.0728321 0.137916 -0.0868275 -0.00588639 -0.050264 
149 0.229307 -0.0743723 0.163066 -0.105211 -0.0133653 -0.0761127 
150 0.23555 -0.0637689 0.18849 -0.114476 -0.0143204 -0.0811812 
151 0.258283 -0.0480914 0.181295 -0.0910827 -0.0286485 -0.0365423 
152 0.197831 -0.0452551 0.157365 -0.0746651 -0.0168204 -0.0473512 
153 0.284046 -0.0408089 0.197839 -0.152728 -0.00772104 -0.0814161 
154 0.254217 -0.0393897 0.18751 -0.0935249 -0.0391421 -0.0449213 
155 0.235049 -0.0400773 0.144924 -0.106241 -0.0186992 -0.0297889 
156 0.298467 -0.0274646 0.205258 -0.0961894 -0.0325648 -0.0335274 
157 0.262689 -0.0319722 0.12395 -0.131835 -0.0111129 -0.00530389 
158 0.293322 -0.0190794 0.164385 -0.0942396 -0.0358627 0.0248519 
159 0.300618 -0.0121666 0.171724 -0.108948 -0.0300719 -0.00458139 
160 0.30101 -0.0248929 0.177916 -0.106645 -0.0461687 -0.00682771 
161 0.345707 -0.0079465 0.178427 -0.111486 -0.0374964 0.0392595 
162 0.421705 -0.0043488 0.205829 -0.106113 -0.0689265 0.0847266 
163 0.394954 -0.00161462 0.148428 -0.154717 -0.0589033 0.0716693 
164 0.453796 0.00679258 0.22353 -0.135358 -0.0648361 0.0607285 
165 0.407067 -0.0103861 0.185838 -0.154198 -0.0770297 0.0501202 
166 0.496288 0.0196288 0.258703 -0.162419 -0.0941413 0.0390285 
167 0.529083 0.0146162 0.267495 -0.138905 -0.0989906 0.0981047 
168 0.465302 0.00126105 0.203739 -0.16564 -0.0118653 0.0731377 
169 0.523979 0.00415926 0.222816 -0.188898 -0.0283886 0.086442 
170 0.571262 -0.00622865 0.129904 -0.233726 0.0178021 0.195112 
171 0.638149 0.0118077 0.262943 -0.148265 -0.0818768 0.188139 
172 0.661116 0.0140986 0.214329 -0.10263 -0.0411799 0.254996 
173 0.512179 0.003426 0.144663 -0.149873 0.00372936 0.207054 
174 0.633034 -0.0103968 0.151373 -0.298263 0.0103309 0.169008 
175 0.744589 0.00320327 0.0439188 -0.375107 -0.03974 0.273491 
176 0.609508 0.0282886 0.263229 -0.1028 -0.0485174 0.23431 
177 0.942761 0.00183405 0.226096 -0.307306 -0.0228917 0.285442 
178 1.02232 0.0114622 0.352273 -0.305602 -0.16271 0.348602 
179 0.510582 0.0113934 0.399041 -0.209192 -0.193568 -0.108159 
180 0.390158 -0.069154 0.357773 -0.347552 0.0765083 -0.36142 
