0 0 0 0 0 0 0 0 0 0 0 0 0 0 0 0 0 
1 2.32356 -0.0822478 -1.53787e-16 0 -0.0822478 2.32356 1.79418e-16 1.76007e-17 -1.30259e-16 -8.54374e-17 2.32203 -0.0148068 -1.78259e-19 -1.91567e-17 0.0148068 2.32203 
2 2.78743 -0.169887 -3.95208e-16 0 -0.169887 2.78743 5.12702e-17 5.39317e-17 -3.61968e-16 -1.70901e-17 2.78192 -0.0305818 -6.19933e-19 -5.47417e-17 0.0305818 2.78192 
3 2.86401 -0.242461 8.54721e-17 0 -0.242461 2.86401 2.84907e-16 -2.91246e-17 8.16296e-17 -3.87473e-16 2.85333 -0.0436421 -1.11874e-18 2.37719e-17 0.0436421 2.85333 
4 2.03101 -0.244903 4.08809e-17 0 -0.244903 2.03101 -4.27512e-17 -1.16754e-17 3.72006e-17 5.13015e-17 2.01563 -0.0440722 -6.37702e-19 1.24246e-17 0.0440722 2.01563 
5 3.28768 -0.501667 -1.51595e-06 -4.51581e-06 -0.501667 3.28768 1.64424e-05 1.57539e-07 1.26877e-06 -1.64215e-05 3.24779 -0.0902415 -4.51439e-06 9.55706e-08 0.0902415 3.24779 
6 3.25645 -0.580454 1.65116e-16 0 -0.580454 3.25645 -6.13391e-17 -2.20644e-17 1.54486e-16 4.27947e-17 3.20248 -0.104407 1.08923e-18 2.35371e-17 0.104407 3.20248 
7 4.59201 -0.945798 1.6709e-06 5.77202e-06 -0.945798 4.59201 -2.09028e-05 -1.26481e-07 -2.92737e-06 2.10372e-05 4.49015 -0.170065 5.7657e-06 -2.91705e-07 0.170065 4.49015 
8 4.3717 -1.03627 2.49838e-05 5.73351e-05 -1.03627 4.3717 -0.00020908 -2.23991e-06 -2.72351e-05 0.000209357 4.24284 -0.18621 5.73186e-05 -2.5054e-06 0.18621 4.24284 
9 3.17517 -0.848694 9.65812e-07 2.00934e-06 -0.848694 3.17517 -7.32909e-06 -8.79436e-08 -1.05087e-06 7.34042e-06 3.0557 -0.15245 2.00835e-06 -9.55732e-08 0.15245 3.0557 
10 4.2512 -1.24445 3.23032e-05 8.11319e-05 -1.24445 4.2512 -0.000295197 -1.88869e-06 -6.26149e-05 0.000299931 4.05868 -0.223424 8.1034e-05 -6.64658e-06 0.223424 4.05868 
11 3.2849 -1.0654 -2.40029e-05 -4.03524e-05 -1.0654 3.2849 0.000147703 2.16108e-06 2.58887e-05 -0.000148012 3.10131 -0.191181 -4.03327e-05 2.37364e-06 0.191181 3.10131 
12 2.95341 -1.0416 -2.69948e-05 -5.06079e-05 -1.0416 2.95341 0.000184781 2.07702e-06 3.85419e-05 -0.000186864 2.75718 -0.186698 -5.05609e-05 3.85224e-06 0.186698 2.75718 
13 3.87054 -1.46175 3.08299e-05 3.93735e-05 -1.46175 3.87054 -0.000145165 -2.82583e-06 -2.76912e-05 0.000144549 3.57418 -0.262011 3.94174e-05 -2.49938e-06 0.262011 3.57418 
14 3.79512 -1.53888 -9.09118e-18 0 -1.53888 3.79512 -1.10943e-17 2.02432e-18 -2.79872e-17 7.31917e-18 3.45802 -0.275708 -1.29522e-18 -2.80247e-18 0.275708 3.45802 
15 3.50138 -1.51229 0.00012626 0.000135753 -1.51229 3.50138 -0.000504251 -1.16935e-05 -0.000108767 0.000500278 3.14619 -0.270557 0.000135976 -9.61994e-06 0.270557 3.14619 
16 2.49244 -1.14937 4.71332e-05 4.8404e-05 -1.14937 2.49244 -0.00017991 -4.31136e-06 -4.28022e-05 0.000178855 2.20191 -0.205531 4.84818e-05 -3.88004e-06 0.205531 2.20191 
17 2.82713 -1.38007 9.48276e-18 0 -1.38007 2.82713 -1.7579e-17 3.7262e-18 -3.24851e-17 5.20038e-17 2.45493 -0.24667 -1.17139e-18 2.70737e-18 0.24667 2.45493 
18 2.52057 -1.29049 1.91759e-05 1.06925e-05 -1.29049 2.52057 -4.01279e-05 -4.98446e-06 -2.04364e-06 3.51352e-05 2.15276 -0.230363 9.31254e-06 3.07668e-06 0.230363 2.15276 
19 2.27815 -1.2241 -1.65296e-05 -1.53161e-05 -1.2241 2.27815 5.71849e-05 1.50768e-06 1.62336e-05 -5.71026e-05 1.90875 -0.218326 -1.53232e-05 1.4824e-06 0.218326 1.90875 
20 2.52675 -1.42137 -8.15188e-06 -7.36456e-06 -1.42137 2.52675 2.72699e-05 7.50324e-07 9.26906e-06 -2.76138e-05 2.07353 -0.253281 -7.33489e-06 8.44751e-07 0.253281 2.07353 
21 2.68267 -1.57175 -9.59702e-06 -8.3633e-06 -1.57175 2.68267 3.09891e-05 8.82989e-07 1.10858e-05 -3.14669e-05 2.15581 -0.279698 -8.3232e-06 1.01106e-06 0.279698 2.15581 
22 2.78136 -1.6964 -9.34899e-17 0 -1.6964 2.78136 6.03032e-17 8.22407e-18 -4.25653e-17 -1.30358e-17 2.18325 -0.301792 5.0152e-19 -1.43979e-17 0.301792 2.18325 
23 2.70585 -1.71376 4.4551e-07 3.3393e-07 -1.71376 2.70585 -1.26378e-06 -4.07604e-08 -4.46877e-07 1.26425e-06 2.07156 -0.304421 3.3389e-07 -4.0871e-08 0.304421 2.07156 
24 2.56014 -1.6751 -0.000250367 -0.000182178 -1.6751 2.56012 0.000692006 2.26439e-05 0.000253011 -0.000692978 1.91295 -0.297155 -0.000182067 2.27911e-05 0.297155 1.91296 
25 1.95766 -1.32352 0.000157719 0.00011183 -1.32352 1.95766 -0.000425601 -1.43112e-05 -0.000160897 0.000426758 1.42312 -0.234551 0.000111756 -1.46363e-05 0.234551 1.42313 
26 2.29676 -1.60307 -2.42033e-06 -1.62376e-06 -1.60307 2.29676 6.2056e-06 2.21816e-07 2.43316e-06 -6.21047e-06 1.61994 -0.283751 -1.62334e-06 2.22824e-07 0.283751 1.61994 
27 2.41185 -1.73259 4.2492e-17 0 -1.73259 2.41185 -6.14799e-18 -1.34951e-17 6.50436e-17 -6.18905e-17 1.64949 -0.306443 -2.07691e-18 8.00702e-18 0.306443 1.64949 
28 2.19858 -1.62434 9.87755e-05 6.38219e-05 -1.62434 2.19858 -0.000242851 -9.08205e-06 -0.000108314 0.000246775 1.45344 -0.286776 6.35158e-05 -9.89654e-06 0.286776 1.45345 
29 2.16781 -1.64259 -1.5811e-05 -8.5254e-06 -1.64259 2.16781 3.33921e-05 1.44454e-06 1.40449e-05 -3.26161e-05 1.38454 -0.289611 -8.5915e-06 1.30863e-06 0.289611 1.38454 
30 1.89097 -1.46911 2.18654e-17 0 -1.46911 1.89097 -1.72407e-18 -9.33629e-18 4.99777e-17 -3.99868e-17 1.162 -0.25878 -6.64744e-19 5.04582e-18 0.25878 1.162 
31 1.60662 -1.27593 5.60926e-17 0 -1.27593 1.60662 -5.24556e-17 -3.06691e-18 1.72802e-17 1.25213e-17 0.950056 -0.22444 -7.22556e-20 7.99772e-18 0.22444 0.950056 
32 1.49311 -1.21175 4.6076e-17 0 -1.21175 1.49311 -4.49153e-17 -2.20517e-18 1.09707e-17 1.29875e-17 0.845914 -0.212833 -3.84183e-19 6.76631e-18 0.212833 0.845914 
33 1.8446 -1.52795 -5.75613e-17 0 -1.52795 1.8446 5.59015e-17 3.48421e-18 -2.43348e-17 -6.03161e-19 0.997925 -0.267953 -1.17786e-18 -4.8809e-18 0.267953 0.997925 
34 1.81418 -1.53039 2.87065e-18 0 -1.53039 1.81418 2.64567e-18 -2.85454e-18 1.43351e-17 -7.87451e-18 0.936546 -0.267974 -5.98327e-19 1.78114e-19 0.267974 0.936546 
35 1.60932 -1.38092 -6.29175e-05 -2.98189e-05 -1.38092 1.60932 0.000119609 5.79754e-06 6.26758e-05 -0.000119485 0.79018 -0.241239 -2.98292e-05 5.78088e-06 0.241239 0.790181 
36 1.64723 -1.43683 9.45351e-18 0 -1.43683 1.64723 -1.26988e-17 -4.77333e-19 2.69057e-18 4.91206e-18 0.765379 -0.250785 -3.83535e-20 2.98599e-18 0.250785 0.765379 
37 1.7628 -1.56105 -1.35405e-17 0 -1.56105 1.7628 -2.89672e-18 3.64854e-18 -2.53982e-17 1.75173e-17 0.772257 -0.27201 -1.54954e-18 -7.45533e-19 0.27201 0.772257 
38 1.478 -1.32674 4.72579e-17 0 -1.32674 1.478 -3.56023e-17 -6.17113e-18 3.43272e-17 -1.82515e-17 0.608974 -0.230797 -4.51464e-19 9.21752e-18 0.230797 0.608974 
39 1.74957 -1.59047 7.45386e-17 0 -1.59047 1.74957 -6.24993e-17 -4.41496e-18 2.53235e-17 3.43557e-18 0.674477 -0.276203 -5.17447e-20 1.2894e-17 0.276203 0.674477 
40 1.71242 -1.5753 2.75467e-18 0 -1.5753 1.71242 4.53795e-18 -3.93957e-18 2.11081e-17 -2.23563e-17 0.613216 -0.273081 -7.53476e-19 2.11312e-18 0.273081 0.613216 
41 1.33769 -1.24378 2.71457e-17 0 -1.24378 1.33769 -1.53343e-17 -2.78139e-18 2.19547e-17 -1.57995e-17 0.442698 -0.215226 2.86114e-18 1.00545e-18 0.215226 0.442698 
42 1.30502 -1.22496 2.40667e-17 0 -1.22496 1.30502 -2.54786e-17 -1.43901e-20 1.20157e-18 6.26475e-18 0.397052 -0.211592 5.96586e-19 3.42921e-18 0.211592 0.397052 
43 1.16494 -1.1038 1.31596e-17 0 -1.1038 1.16494 -2.38511e-17 3.27933e-18 -1.67461e-17 2.20089e-17 0.319996 -0.190283 1.36747e-18 3.68129e-19 0.190283 0.319996 
44 1.39439 -1.3308 1.61659e-17 0 -1.3308 1.39439 -2.39604e-17 -1.73954e-18 1.05237e-17 -1.90335e-18 0.347444 -0.229014 2.51254e-19 4.91852e-18 0.229014 0.347444 
45 1.261 -1.21225 7.52878e-18 0 -1.21225 1.261 -5.16965e-18 -1.99747e-19 -3.03845e-19 3.67213e-18 0.277718 -0.208194 -1.08813e-18 3.7508e-18 0.208194 0.277718 
46 1.40426 -1.35804 -1.96857e-17 0 -1.35804 1.40426 1.87887e-17 4.14599e-18 -2.60393e-17 2.07974e-17 0.27087 -0.232784 -1.56233e-18 -2.96799e-18 0.232784 0.27087 
47 1.4207 -1.38106 2.77508e-18 0 -1.38106 1.4207 -2.49913e-18 3.13889e-18 -1.77562e-17 1.71383e-17 0.234731 -0.236264 6.14819e-19 -5.876e-19 0.236264 0.234731 
48 1.08141 -1.05605 1.68683e-17 0 -1.05605 1.08141 -1.57695e-17 -3.37585e-19 2.41837e-18 -5.44918e-19 0.147038 -0.18028 4.42351e-19 5.98998e-19 0.18028 0.147038 
49 1.2556 -1.23029 1.16752e-17 0 -1.23029 1.2556 -1.29039e-17 1.18614e-18 -6.71934e-18 9.60226e-18 0.137382 -0.209614 4.0456e-19 2.19875e-18 0.209614 0.137382 
50 1.15876 -1.13854 5.97325e-18 0 -1.13854 1.15876 -4.53164e-18 -1.86463e-18 1.19366e-17 -1.15481e-17 0.0942832 -0.193576 2.06916e-18 -1.27205e-18 0.193576 0.0942832 
51 1.18516 -1.16674 -5.08532e-17 0 -1.16674 1.18516 4.5133e-17 4.74154e-18 -2.85038e-17 2.61293e-17 0.063599 -0.197954 -1.89338e-18 -7.47863e-18 0.197954 0.063599 
52 1.0716 -1.05613 -2.08824e-17 0 -1.05613 1.0716 1.97825e-17 4.07705e-18 -2.42608e-17 2.4035e-17 0.0291457 -0.178822 -1.00619e-18 -2.19305e-18 0.178822 0.0291457 
53 0.988593 -0.974749 1.88819e-17 0 -0.974749 0.988593 -1.49013e-17 -2.32205e-18 1.38204e-17 -1.38139e-17 -0.000976585 -0.164676 2.30735e-19 2.94862e-18 0.164676 -0.000976585 
54 1.09517 -1.07948 1.87395e-17 0 -1.07948 1.09517 -1.78e-17 -6.27847e-20 6.01429e-20 -6.4202e-19 -0.0308476 -0.181973 1.72997e-18 1.13168e-18 0.181973 -0.0308476 
55 1.14356 -1.12593 -3.8553e-17 0 -1.12593 1.14356 3.95883e-17 -1.29348e-18 8.24393e-18 -6.78477e-18 -0.0636854 -0.189379 -1.56623e-18 -3.18692e-18 0.189379 -0.0636854 
56 1.1037 -1.08487 1.19971e-17 0 -1.08487 1.1037 -9.13059e-18 5.71143e-19 -3.41881e-18 2.81923e-18 -0.0894155 -0.182088 -6.3093e-21 9.56548e-19 0.182088 -0.0894155 
57 1.04249 -1.02211 -5.08512e-18 0 -1.02211 1.04249 1.25843e-17 -2.96026e-20 -2.25073e-19 9.04585e-19 -0.112773 -0.17116 6.38047e-19 -2.25938e-18 0.17116 -0.112773 
58 1.04595 -1.0223 -6.65116e-18 0 -1.0223 1.04595 6.82699e-18 -3.35856e-18 2.07603e-17 -2.0801e-17 -0.140288 -0.170809 -7.18806e-19 -1.49727e-19 0.170809 -0.140288 
59 1.09959 -1.07049 4.78377e-18 0 -1.07049 1.09959 -7.47736e-18 1.13265e-18 -6.7296e-18 6.09523e-18 -0.17678 -0.178441 -7.0072e-20 8.74873e-19 0.178441 -0.17678 
60 1.0606 -1.02792 6.47005e-18 0 -1.02792 1.0606 -2.0493e-17 -8.01289e-18 4.78765e-17 -5.15215e-17 -0.197419 -0.170955 2.48135e-19 1.23331e-18 0.170955 -0.197419 
61 0.89476 -0.862775 -5.94031e-18 0 -0.862775 0.89476 6.48905e-18 -5.00377e-19 2.7453e-18 -3.08736e-18 -0.188885 -0.14316 2.06427e-19 -1.1541e-18 0.14316 -0.188885 
62 1.13408 -1.08709 1.96582e-17 0 -1.08709 1.13408 -1.43875e-17 3.08903e-18 -1.96633e-17 1.6219e-17 -0.268205 -0.17995 6.66943e-19 2.00244e-18 0.17995 -0.268205 
63 0.986615 -0.939993 -1.18543e-17 0 -0.939993 0.986615 1.74736e-17 2.99721e-18 -1.78361e-17 1.97151e-17 -0.256258 -0.155254 -1.68952e-19 -1.20494e-18 0.155254 -0.256258 
64 0.988524 -0.935331 6.85628e-19 0 -0.935331 0.988524 3.63422e-18 1.83151e-18 -1.04114e-17 1.25231e-17 -0.280245 -0.154124 -4.12814e-19 -1.21022e-19 0.154124 -0.280245 
65 0.979068 -0.919149 -1.33418e-18 0 -0.919149 0.979068 -1.56811e-18 -1.10339e-18 6.70222e-18 -8.74287e-18 -0.301429 -0.151088 -2.32885e-20 1.82518e-19 0.151088 -0.301429 
66 0.963154 -0.896636 1.86224e-17 0 -0.896636 0.963154 -2.46564e-17 -3.6228e-18 2.1733e-17 -2.91067e-17 -0.319448 -0.147026 1.78914e-19 2.9947e-18 0.147026 -0.319448 
67 0.856299 -0.790318 -2.28299e-18 0 -0.790318 0.856299 9.41543e-19 1.94697e-18 -1.20691e-17 1.36169e-17 -0.30314 -0.129288 9.3067e-20 3.22706e-19 0.129288 -0.30314 
68 1.03609 -0.947394 2.08964e-17 0 -0.947394 1.03609 -2.15962e-17 -1.54317e-18 6.72583e-18 -1.50366e-17 -0.389838 -0.154612 1.08791e-18 2.23011e-18 0.154612 -0.389838 
69 0.912009 -0.825995 -6.16658e-18 0 -0.825995 0.912009 -3.77519e-18 -2.95095e-18 1.92662e-17 -2.08161e-17 -0.362452 -0.134485 -4.2104e-19 1.09345e-18 0.134485 -0.362452 
70 0.936559 -0.838918 -4.18514e-18 0 -0.838918 0.936559 1.54135e-17 2.96836e-18 -1.96948e-17 2.521e-17 -0.393396 -0.136239 4.9628e-19 -1.71819e-18 0.136239 -0.393396 
71 0.851891 -0.754782 -1.4832e-17 0 -0.754782 0.851891 2.02471e-17 1.38633e-18 -8.21495e-18 1.72094e-17 -0.37555 -0.122279 -1.02349e-19 -2.31573e-18 0.122279 -0.37555 
72 0.835329 -0.731503 -9.39959e-18 0 -0.731503 0.835329 1.16288e-17 2.88597e-19 1.18526e-19 4.24904e-18 -0.385582 -0.118214 -5.77904e-19 -8.58015e-19 0.118214 -0.385582 
73 0.771748 -0.66799 9.39673e-18 0 -0.66799 0.771748 -8.28578e-18 -6.43584e-19 3.99318e-19 -2.47587e-18 -0.371159 -0.107694 1.02806e-18 -3.66964e-20 0.107694 -0.371159 
74 0.842772 -0.719817 -1.63601e-20 0 -0.719817 0.842772 3.13174e-18 6.8803e-19 -6.85302e-18 6.43269e-18 -0.422729 -0.115748 7.00362e-19 8.99804e-20 0.115748 -0.422729 
75 0.797049 -0.671994 4.52855e-18 0 -0.671994 0.797049 -6.74519e-18 -9.81733e-19 7.92717e-18 -1.30472e-17 -0.414806 -0.107794 -4.63393e-19 1.07259e-18 0.107794 -0.414806 
76 0.80517 -0.669547 1.06431e-18 0 -0.669547 0.80517 2.19945e-18 1.75395e-18 -1.14253e-17 9.51815e-18 -0.434165 -0.107133 1.2292e-19 3.5462e-19 0.107133 -0.434165 
77 0.841046 -0.689712 -3.53197e-18 0 -0.689712 0.841046 1.46076e-17 2.81803e-18 -1.79034e-17 2.47611e-17 -0.468519 -0.11009 4.90624e-20 -8.82879e-19 0.11009 -0.468519 
78 0.821952 -0.66397 -1.37375e-17 0 -0.66397 0.821952 1.20928e-17 1.00706e-18 -6.61528e-18 1.69524e-17 -0.472809 -0.10571 6.31887e-20 -8.57698e-19 0.10571 -0.472809 
79 0.860418 -0.684577 1.71884e-17 0 -0.684577 0.860418 -2.67581e-17 -1.93904e-18 7.68368e-18 -1.9703e-17 -0.509734 -0.108718 9.78261e-19 1.33357e-18 0.108718 -0.509734 
80 0.839597 -0.657727 -1.56992e-17 0 -0.657727 0.839597 2.09631e-17 8.30422e-19 -5.1612e-18 1.82874e-17 -0.511307 -0.104196 -5.72017e-21 -2.22264e-18 0.104196 -0.511307 
81 0.749684 -0.578148 2.12534e-18 0 -0.578148 0.749684 -1.25232e-17 -5.02972e-19 2.0188e-18 -4.21058e-18 -0.468403 -0.0913664 2.3489e-19 -8.60986e-20 0.0913664 -0.468403 
82 0.820523 -0.622169 6.04649e-19 0 -0.622169 0.820523 -2.08533e-17 -2.65907e-18 1.86935e-17 -2.65893e-17 -0.525853 -0.0980726 -3.55122e-19 8.90946e-19 0.0980726 -0.525853 
83 0.833276 -0.621119 2.1208e-18 0 -0.621119 0.833276 -4.72516e-18 1.81271e-19 -2.49666e-19 -7.79311e-19 -0.546807 -0.0976617 -1.61728e-19 3.2129e-19 0.0976617 -0.546807 
84 0.780839 -0.571771 -7.74248e-19 0 -0.571771 0.780839 4.07622e-19 -8.71355e-19 2.18132e-18 -5.09645e-18 -0.524143 -0.0896743 5.70269e-19 -8.14659e-19 0.0896743 -0.524143 
85 0.805868 -0.579807 -3.15669e-18 0 -0.579807 0.805868 1.12598e-17 7.42766e-19 -2.26476e-18 1.09236e-17 -0.552268 -0.0907125 -4.01355e-19 -9.47476e-19 0.0907125 -0.552268 
86 0.889499 -0.62817 -7.69096e-19 0 -0.62817 0.889499 -7.76741e-19 -5.75982e-19 5.96457e-18 -6.98479e-18 -0.622074 -0.0980314 -3.58448e-19 1.16349e-19 0.0980314 -0.622074 
87 0.877818 -0.60794 -1.34586e-18 0 -0.60794 0.877818 8.53361e-18 1.56663e-18 -6.15515e-18 1.00084e-17 -0.626095 -0.09463 -5.95575e-19 4.48013e-19 0.09463 -0.626095 
88 0.775881 -0.527324 3.06887e-18 0 -0.527324 0.775881 -3.14368e-18 3.7854e-19 -5.57932e-18 -1.4547e-18 -0.563204 -0.0818828 4.57264e-19 4.20471e-19 0.0818828 -0.563204 
89 0.768698 -0.512105 4.39472e-18 0 -0.512105 0.768698 -1.67447e-17 -2.08999e-18 9.37563e-18 -1.8949e-17 -0.567747 -0.0793201 5.77056e-19 1.54374e-19 0.0793201 -0.567747 
90 0.794915 -0.519338 -8.54303e-18 0 -0.519338 0.794915 2.54067e-17 1.82185e-18 -1.19207e-17 3.15793e-17 -0.596423 -0.0802479 2.35857e-20 -1.60656e-18 0.0802479 -0.596423 
91 0.812832 -0.519823 7.8329e-18 0 -0.519823 0.812832 -1.41902e-17 -7.67685e-19 3.08838e-18 -1.61598e-17 -0.619713 -0.0801174 2.45297e-19 1.34524e-18 0.0801174 -0.619713 
92 0.747116 -0.467609 -1.50639e-17 0 -0.467609 0.747116 2.01233e-17 1.16533e-18 -1.11098e-19 1.80998e-17 -0.578223 -0.0718883 -9.24905e-19 -7.64065e-19 0.0718883 -0.578223 
93 0.744372 -0.455933 4.88068e-18 0 -0.455933 0.744372 -9.29943e-18 2.43007e-19 1.47644e-18 -8.83749e-18 -0.584219 -0.0699205 -3.69356e-19 1.58937e-18 0.0699205 -0.584219 
94 0.752775 -0.451093 -1.41649e-18 0 -0.451093 0.752775 -8.63556e-18 -1.15835e-18 9.89597e-18 -1.2711e-17 -0.598673 -0.0690092 -2.63895e-19 -2.00562e-19 0.0690092 -0.598673 
95 0.83393 -0.488863 -1.55291e-18 0 -0.488863 0.83393 2.48373e-18 4.65381e-19 -1.31502e-18 2.68486e-18 -0.671468 -0.0746082 -1.89631e-19 1.71019e-19 0.0746082 -0.671468 
96 0.72241 -0.414018 -4.14768e-18 0 -0.414018 0.72241 1.25238e-17 6.80205e-19 -5.71689e-18 1.31329e-17 -0.588625 -0.0630334 1.35985e-19 -6.75418e-19 0.0630334 -0.588625 
97 0.785192 -0.43945 -5.06259e-18 0 -0.43945 0.785192 9.61228e-18 7.19684e-19 -3.27397e-18 1.58253e-17 -0.647258 -0.0667398 -1.51206e-19 -6.03922e-19 0.0667398 -0.647258 
98 0.760176 -0.415458 -8.15277e-18 0 -0.415458 0.760176 5.39185e-18 -3.63663e-19 5.4568e-18 3.68083e-18 -0.633474 -0.0629435 -3.0711e-19 -5.94209e-19 0.0629435 -0.633474 
99 0.684837 -0.364972 -9.11407e-19 0 -0.364972 0.684837 -8.46892e-18 -9.2181e-19 9.36431e-18 -1.11268e-17 -0.57684 -0.0551562 -3.07881e-19 -3.70047e-20 0.0551562 -0.57684 
100 0.706024 -0.367577 8.98991e-18 0 -0.367577 0.706024 -1.10694e-17 4.33446e-19 -6.66925e-18 -6.07765e-18 -0.60023 -0.0554237 3.46182e-19 8.82726e-19 0.0554237 -0.60023 
101 0.708718 -0.359675 -3.68475e-18 0 -0.359675 0.708718 5.06728e-18 -2.70703e-19 1.76013e-18 1.89489e-18 -0.608258 -0.0541006 5.09027e-21 -4.34672e-19 0.0541006 -0.608258 
102 0.6745 -0.333868 -2.88207e-18 0 -0.333868 0.6745 -4.31119e-18 -7.58439e-19 5.32508e-18 -7.95546e-18 -0.58392 -0.0501022 -2.07831e-20 -2.09605e-19 0.0501022 -0.58392 
103 0.755179 -0.363951 2.78445e-18 0 -0.363951 0.755179 -2.61776e-17 -1.476e-18 1.10035e-17 -3.17421e-17 -0.659438 -0.0544842 -9.49286e-20 6.53333e-19 0.0544842 -0.659438 
104 0.745654 -0.350264 -1.40737e-18 0 -0.350264 0.745654 5.18708e-18 4.13919e-19 -3.88269e-18 9.42826e-18 -0.656177 -0.0523161 8.98351e-20 -2.64136e-19 0.0523161 -0.656177 
105 0.730966 -0.334045 -1.24641e-18 0 -0.334045 0.730966 -1.05345e-17 -6.83819e-19 3.83094e-18 -8.00667e-18 -0.648259 -0.0497747 5.99038e-20 -9.24102e-20 0.0497747 -0.648259 
106 0.66835 -0.297553 4.0067e-18 0 -0.297553 0.66835 -1.30529e-17 -1.12531e-19 6.00991e-19 -1.25058e-17 -0.596817 -0.044239 1.32738e-20 7.27569e-19 0.044239 -0.596817 
107 0.621742 -0.269058 -6.04562e-18 0 -0.269058 0.621742 7.81314e-18 1.68305e-20 3.61974e-18 7.31614e-18 -0.559082 -0.0399087 -2.66513e-19 -5.48924e-19 0.0399087 -0.559082 
108 0.688531 -0.289439 3.70398e-18 0 -0.289439 0.688531 -6.88984e-19 -5.39831e-19 -9.68959e-19 -4.3481e-18 -0.623263 -0.0428313 3.18435e-19 -7.37405e-20 0.0428313 -0.623263 
109 0.707391 -0.289233 -5.94211e-18 0 -0.289233 0.707391 1.50197e-17 -2.28274e-19 -1.63302e-18 1.05943e-17 -0.644139 -0.0427074 2.12037e-19 -1.05139e-18 0.0427074 -0.644139 
110 0.707547 -0.280657 -1.94505e-18 0 -0.280657 0.707547 1.02967e-17 3.63904e-19 -1.9285e-18 8.61945e-18 -0.648182 -0.0413444 -3.53061e-20 -3.94371e-19 0.0413444 -0.648182 
111 0.738179 -0.284489 1.82645e-19 0 -0.284489 0.738179 2.07564e-17 6.22106e-19 -6.54213e-18 2.03486e-17 -0.679866 -0.0418186 1.42496e-19 -6.28418e-19 0.0418186 -0.679866 
112 0.750143 -0.2805 2.38841e-18 0 -0.2805 0.750143 6.22922e-18 8.60671e-20 -8.38725e-19 -2.99023e-19 -0.694503 -0.0411411 1.59129e-20 -5.76373e-20 0.0411411 -0.694503 
113 0.676941 -0.245743 -4.78491e-18 0 -0.245743 0.676941 1.06936e-17 5.72181e-20 1.73011e-18 1.00355e-17 -0.629731 -0.0359672 -1.19218e-19 -2.9882e-19 0.0359672 -0.629731 
114 0.728177 -0.255993 3.44292e-20 0 -0.255993 0.728177 8.25025e-18 3.31277e-19 -3.98303e-18 1.27229e-17 -0.680666 -0.037384 9.65771e-20 -3.25444e-19 0.037384 -0.680666 
115 0.660154 -0.225144 -4.89071e-18 0 -0.225144 0.660154 3.11592e-17 1.06121e-18 -5.95674e-18 3.56836e-17 -0.619702 -0.0328113 -6.77826e-20 -6.50863e-19 0.0328113 -0.619702 
116 0.802594 -0.264431 1.33231e-17 0 -0.264431 0.802594 -3.50863e-17 -5.84121e-19 -1.44613e-18 -3.31499e-17 -0.756801 -0.0384492 2.76165e-19 8.9527e-19 0.0384492 -0.756801 
117 0.765975 -0.244702 -5.58428e-19 0 -0.244702 0.765975 -3.87059e-18 -3.52119e-20 -4.58936e-19 -2.68673e-18 -0.724963 -0.0355102 3.3246e-20 3.75472e-20 0.0355102 -0.724963 
118 0.771883 -0.238157 -1.23068e-17 0 -0.238157 0.771883 2.97024e-17 4.08173e-19 3.3496e-18 2.65109e-17 -0.733409 -0.0344854 -2.89614e-19 -7.9237e-19 0.0344854 -0.733409 
119 0.6947 -0.207575 1.6156e-18 0 -0.207575 0.6947 -1.15974e-17 -1.2621e-19 5.22056e-19 -1.29412e-17 -0.662281 -0.0299987 1.51285e-20 3.63611e-19 0.0299987 -0.662281 
120 0.680398 -0.196428 -3.74483e-18 0 -0.196428 0.680398 5.69257e-18 -7.32249e-20 -3.91862e-19 5.74637e-18 -0.650808 -0.02833 3.79856e-20 -2.04123e-19 0.02833 -0.650808 
121 0.636769 -0.177549 -4.55172e-18 0 -0.177549 0.636769 1.97398e-17 3.168e-19 -3.06081e-18 1.61615e-17 -0.610978 -0.0255562 3.76344e-20 -3.61671e-19 0.0255562 -0.610978 
122 0.675511 -0.181711 -2.49384e-18 0 -0.181711 0.675511 -1.18531e-17 -4.38108e-19 7.24346e-18 -1.46842e-17 -0.650085 -0.026103 -1.69557e-19 2.39271e-19 0.026103 -0.650085 
123 0.7183 -0.186462 4.10545e-18 0 -0.186462 0.7183 -2.76077e-17 -9.86491e-19 7.83165e-19 -2.85457e-17 -0.693158 -0.026734 2.34981e-19 7.63949e-20 0.026734 -0.693158 
124 0.662418 -0.165586 -1.41849e-18 0 -0.165586 0.662418 -9.84721e-18 -6.80594e-20 1.82029e-18 -1.21797e-17 -0.640948 -0.0236941 -4.92108e-20 4.71951e-19 0.0236941 -0.640948 
125 0.660644 -0.15914 4.89379e-18 0 -0.15914 0.660644 -1.24704e-17 -2.14687e-19 -9.9786e-21 -1.71334e-17 -0.640785 -0.0227288 5.49268e-20 3.43192e-19 0.0227288 -0.640785 
126 0.764266 -0.177078 2.32681e-18 0 -0.177078 0.764266 -9.0844e-18 1.83883e-19 -7.14986e-20 -7.10344e-18 -0.743038 -0.0252425 -4.03587e-20 4.44336e-19 0.0252425 -0.743038 
127 0.673364 -0.150039 2.71414e-18 0 -0.150039 0.673364 -8.81887e-18 -9.81077e-20 -2.07711e-18 -7.02621e-18 -0.656086 -0.0213484 9.08795e-20 1.10628e-19 0.0213484 -0.656086 
128 0.707333 -0.151759 -9.32435e-19 0 -0.151759 0.707333 4.62281e-18 1.81145e-20 -3.07379e-18 4.878e-18 -0.690523 -0.0215555 9.018e-20 -1.55048e-19 0.0215555 -0.690523 
129 0.748858 -0.154287 -2.00374e-18 0 -0.154287 0.748858 -7.87854e-18 -1.03515e-19 2.25831e-18 -6.72135e-18 -0.732463 -0.0218752 -4.49184e-20 1.71608e-19 0.0218752 -0.732463 
130 0.785274 -0.15518 -1.93811e-18 0 -0.15518 0.785274 -5.79077e-18 2.06918e-19 2.27011e-18 -7.51218e-18 -0.769472 -0.0219623 -1.08074e-19 4.28833e-19 0.0219623 -0.769472 
131 0.694118 -0.131578 3.55416e-18 0 -0.131578 0.694118 5.37609e-18 4.15905e-19 -6.30442e-18 7.25379e-18 -0.681278 -0.0185899 9.30324e-20 2.92474e-19 0.0185899 -0.681278 
132 0.734716 -0.133534 -7.82361e-18 0 -0.133534 0.734716 -3.51757e-18 -2.21592e-19 7.69654e-18 -5.57732e-18 -0.722232 -0.0188346 -1.61856e-19 -1.94424e-19 0.0188346 -0.722232 
133 0.732528 -0.127371 -5.38565e-18 0 -0.127371 0.732528 1.41283e-17 -7.03657e-20 2.72009e-18 1.17897e-17 -0.721144 -0.0179346 -5.26786e-20 -3.41193e-19 0.0179346 -0.721144 
134 0.720154 -0.119765 -3.03904e-18 0 -0.119765 0.720154 5.02506e-18 -2.69294e-19 6.99528e-19 5.52708e-18 -0.709924 -0.0168359 2.87304e-20 -2.87725e-19 0.0168359 -0.709924 
135 0.785082 -0.124779 -3.05522e-19 0 -0.124779 0.785082 1.22264e-17 8.31498e-20 -2.35074e-18 1.39795e-17 -0.774903 -0.0175125 4.05163e-20 -1.81173e-19 0.0175125 -0.774903 
136 0.666261 -0.100962 -3.30528e-18 0 -0.100962 0.666261 -5.6547e-18 2.20176e-19 3.98199e-18 -1.07325e-17 -0.658413 -0.0141467 -1.20418e-19 4.91139e-19 0.0141467 -0.658413 
137 0.722134 -0.104582 7.54227e-19 0 -0.104582 0.722134 -4.80656e-18 -3.37705e-19 -3.88365e-19 7.75471e-19 -0.71437 -0.0146321 5.89618e-20 -3.31489e-19 0.0146321 -0.71437 
138 0.743178 -0.102515 -5.89404e-18 0 -0.102515 0.743178 -2.58746e-19 9.66565e-20 6.97333e-18 -1.62277e-18 -0.735932 -0.014321 -1.48541e-19 2.32728e-19 0.014321 -0.735932 
139 0.738782 -0.0970189 8.2431e-18 0 -0.0970189 0.738782 9.75704e-18 2.86747e-19 -9.53932e-18 1.24373e-17 -0.732258 -0.0135331 1.38498e-19 8.58055e-20 0.0135331 -0.732258 
140 0.773119 -0.0964172 -1.22329e-18 0 -0.0964172 0.773119 -4.18546e-17 -5.06357e-19 8.23719e-18 -4.67641e-17 -0.766964 -0.0134292 -8.06754e-20 3.65345e-19 0.0134292 -0.766964 
141 0.667068 -0.0789435 2.51282e-18 0 -0.0789435 0.667068 -9.33677e-18 -1.81497e-19 8.61283e-20 -9.63664e-18 -0.662288 -0.0109796 2.04825e-20 -7.69348e-21 0.0109796 -0.662288 
142 0.69378 -0.0777793 -1.37579e-18 0 -0.0777793 0.69378 -3.34718e-18 7.08486e-20 2.4058e-18 -4.84386e-18 -0.689321 -0.0108024 -4.4147e-20 2.31328e-19 0.0108024 -0.689321 
143 0.647692 -0.0689057 2.06826e-18 0 -0.0689057 0.647692 -1.09133e-17 -4.98782e-20 -1.2288e-18 -8.575e-18 -0.643944 -0.00955744 2.13286e-20 7.32528e-20 0.00955744 -0.643944 
144 0.743238 -0.0748361 -1.19705e-18 0 -0.0748361 0.743238 -1.92162e-17 -1.12625e-19 5.01029e-18 -1.82173e-17 -0.739387 -0.0103664 -5.89963e-20 1.98558e-19 0.0103664 -0.739387 
145 0.700911 -0.0664731 -9.09617e-19 0 -0.0664731 0.700911 6.97229e-18 3.54469e-19 -1.13798e-18 6.20865e-18 -0.69769 -0.00919556 -1.9333e-20 3.33903e-19 0.00919556 -0.69769 
146 0.789796 -0.0706317 -7.86722e-18 0 -0.0706317 0.789796 2.84982e-17 3.76457e-19 4.49571e-18 2.82066e-17 -0.786569 -0.00975859 -9.10017e-20 -4.71325e-20 0.00975859 -0.786569 
147 0.642226 -0.0539082 -3.51363e-18 0 -0.0539082 0.642226 -4.18791e-18 -1.83991e-20 6.38869e-18 -3.84997e-19 -0.639916 -0.00743853 -7.25566e-20 -8.38838e-21 0.00743853 -0.639916 
148 0.655285 -0.0518034 -1.02176e-17 0 -0.0518034 0.655285 2.8648e-17 2.50073e-19 5.60117e-18 2.67707e-17 -0.653194 -0.00713993 -8.02028e-20 -5.05605e-20 0.00713993 -0.653194 
149 0.645232 -0.0479007 -1.40118e-18 0 -0.0479007 0.645232 3.06926e-17 1.82407e-19 -2.23714e-18 2.81006e-17 -0.643417 -0.00659457 8.29771e-21 -1.53802e-19 0.00659457 -0.643417 
150 0.634796 -0.0440961 4.79944e-19 0 -0.0440961 0.634796 4.02594e-18 1.51198e-19 -9.44654e-19 4.69693e-18 -0.633233 -0.00606395 -1.12758e-21 1.25811e-19 0.00606395 -0.633233 
151 0.741547 -0.048038 4.09682e-18 0 -0.048038 0.741547 -1.72427e-17 -1.5611e-19 -9.08802e-19 -1.496e-17 -0.73996 -0.00659869 1.77658e-20 -4.71554e-20 0.00659869 -0.73996 
152 0.707603 -0.0425349 -7.40831e-18 0 -0.0425349 0.707603 2.63418e-17 1.77323e-19 6.20026e-18 2.71221e-17 -0.706298 -0.00583627 -6.25001e-20 -4.22407e-20 0.00583627 -0.706298 
153 0.819029 -0.0458771 -1.02469e-18 0 -0.0458771 0.819029 8.96026e-18 1.32683e-19 8.92664e-19 7.98777e-18 -0.817718 -0.00628869 -1.30286e-20 5.52679e-20 0.00628869 -0.817718 
154 0.61066 -0.0316525 2.6474e-18 0 -0.0316525 0.61066 -4.15612e-17 -1.33107e-19 -3.3378e-18 -4.38997e-17 -0.609823 -0.00433449 2.99675e-20 1.45242e-19 0.00433449 -0.609823 
155 0.703751 -0.0337807 -1.30568e-18 0 -0.0337807 0.703751 5.89432e-17 1.83947e-19 -2.86131e-18 6.15784e-17 -0.702924 -0.00462165 9.85008e-21 -1.78263e-19 0.00462165 -0.702924 
156 0.798202 -0.0350466 1.40123e-18 0 -0.0350466 0.798202 -1.09979e-17 9.2703e-22 -3.44741e-19 -3.57433e-18 -0.797418 -0.00479011 2.62667e-21 2.49709e-20 0.00479011 -0.797418 
157 0.710346 -0.0286112 1.17322e-17 0 -0.0286112 0.710346 -2.32228e-17 5.29468e-21 -9.00932e-18 -2.34099e-17 -0.709758 -0.00390708 4.82053e-20 1.15959e-19 0.00390708 -0.709758 
158 0.588739 -0.0217228 7.82421e-18 0 -0.0217228 0.588739 2.99347e-17 -4.15958e-20 -5.63488e-18 3.08692e-17 -0.58833 -0.00296398 3.10238e-20 -1.73075e-19 0.00296398 -0.58833 
159 0.739851 -0.0248913 -9.29673e-19 0 -0.0248913 0.739851 -3.62507e-17 -6.12215e-20 1.74359e-18 -2.98535e-17 -0.739424 -0.00339362 -6.62433e-21 6.64342e-20 0.00339362 -0.739424 
160 0.688247 -0.0209756 -1.92177e-18 0 -0.0209756 0.688247 4.53846e-17 6.63865e-20 -5.84746e-19 4.18254e-17 -0.687921 -0.00285754 5.22615e-22 -9.44626e-20 0.00285754 -0.687921 
161 0.715393 -0.0197208 -2.76586e-18 0 -0.0197208 0.715393 -1.60155e-17 -3.22996e-20 3.12754e-18 -1.39116e-17 -0.715116 -0.00268468 -1.15386e-20 3.19233e-20 0.00268468 -0.715116 
162 0.625401 -0.0154615 2.23121e-18 0 -0.0154615 0.625401 1.48075e-17 -7.17138e-20 -2.18437e-18 1.5471e-17 -0.625206 -0.00210337 8.08799e-21 -1.25697e-19 0.00210337 -0.625206 
163 0.610144 -0.013333 -2.1132e-18 0 -0.013333 0.610144 -1.12837e-17 1.91798e-21 -1.90435e-19 -1.27818e-17 -0.609996 -0.00181253 7.21609e-22 4.7501e-20 0.00181253 -0.609996 
164 0.692118 -0.0134998 4.15203e-18 0 -0.0134998 0.692118 -1.22561e-17 -6.91716e-19 -4.14624e-18 -2.29232e-17 -0.691984 -0.00183413 2.40239e-20 -6.31593e-19 0.00183413 -0.691984 
165 0.775371 -0.0133437 -4.16331e-19 0 -0.0133437 0.775371 1.94078e-17 -6.53968e-20 1.41128e-18 2.0722e-17 -0.775254 -0.00181189 -1.60135e-21 -1.09533e-19 0.00181189 -0.775254 
166 0.66566 -0.00984653 -8.68361e-18 0 -0.00984653 0.66566 8.96116e-18 1.51978e-19 8.27884e-18 1.57314e-17 -0.665586 -0.00133623 -1.82556e-20 1.22939e-19 0.00133623 -0.665586 
167 0.495603 -0.00634264 7.63119e-18 0 -0.00634264 0.495603 1.97612e-17 -6.3697e-20 -6.14022e-18 1.07299e-17 -0.495562 -0.000860302 1.11488e-20 -8.32608e-20 0.000860302 -0.495562 
168 0.810281 -0.00879512 -3.74695e-20 0 -0.00879512 0.810281 -1.9162e-18 -1.16787e-19 -1.66013e-18 -4.63922e-18 -0.810233 -0.00119237 3.42453e-21 -1.14313e-19 0.00119237 -0.810233 
169 0.895887 -0.00820127 -1.57474e-18 0 -0.00820127 0.895887 1.7866e-16 6.44792e-20 2.72242e-18 1.83276e-16 -0.895849 -0.00111139 -3.61493e-21 -1.51889e-19 0.00111139 -0.895849 
170 0.69908 -0.00528523 -3.11105e-18 0 -0.00528523 0.69908 -3.263e-17 8.62237e-20 2.03629e-18 -1.58856e-17 -0.699059 -0.000715938 -2.26116e-21 1.0461e-19 0.000715938 -0.699059 
171 0.649308 -0.00401509 -1.09252e-17 0 -0.00401509 0.649308 9.03129e-17 -1.94514e-20 7.39623e-18 8.28067e-17 -0.649295 -0.000543696 -6.26457e-21 -1.05824e-19 0.000543696 -0.649295 
172 0.729838 -0.00346888 -5.51991e-18 0 -0.00346888 0.729838 -5.37704e-17 -6.51593e-20 -1.68025e-18 -5.16946e-17 -0.72983 -0.000469565 2.01436e-21 -1.0659e-20 0.000469565 -0.72983 
173 0.731822 -0.00276528 -3.30253e-18 0 -0.00276528 0.731822 1.53551e-16 1.81944e-21 1.26815e-17 1.50186e-16 -0.731816 -0.00037423 -7.081e-21 -7.90086e-20 0.00037423 -0.731816 
174 0.521417 -0.00143722 -1.01888e-17 0 -0.00143722 0.521417 1.82947e-16 5.28133e-20 8.81917e-18 1.84017e-16 -0.521415 -0.000194452 -3.58431e-21 -9.40313e-21 0.000194452 -0.521415 
175 0.62535 -0.001201 1.97439e-18 0 -0.001201 0.62535 -6.07773e-16 -1.15494e-19 -6.24675e-18 -6.13868e-16 -0.625349 -0.000162457 1.29564e-21 4.44833e-20 0.000162457 -0.625349 
176 0.603755 -0.00075776 8.36238e-18 0 -0.00075776 0.603755 5.50289e-16 6.42226e-20 -2.44634e-18 5.63381e-16 -0.603754 -0.000102484 3.27784e-22 -3.59435e-20 0.000102484 -0.603754 
177 0.615374 -0.000436637 -9.0155e-18 0 -0.000436637 0.615374 -7.29006e-16 -4.76601e-20 5.16676e-19 -7.40402e-16 -0.615374 -5.90452e-05 -5.39955e-23 2.77577e-20 5.90452e-05 -0.615374 
178 0.354934 -0.000115689 1.08352e-17 0 -0.000115689 0.354934 5.30861e-16 3.02205e-20 -9.58231e-18 5.41542e-16 -0.354933 -1.56428e-05 3.51586e-22 -8.21438e-21 1.56428e-05 -0.354933 
179 0.567807 -6.53368e-05 -4.38816e-18 0 -6.53368e-05 0.567807 4.27187e-15 4.18924e-20 -3.09844e-19 4.28896e-15 -0.567807 -8.83395e-06 -3.87871e-24 1.15375e-20 8.83395e-06 -0.567807 
180 1.13555 -9.47041e-06 1.66495e-16 0 -9.47041e-06 1.13555 6.80043e-15 -2.29813e-21 -1.8909e-16 6.69791e-15 -1.13555 -1.28042e-06 2.13233e-22 -9.90733e-21 1.28042e-06 -1.13555 
