0 0 0 0 0 0 0 
1 2.32356 -0.0822478 2.32356 2.32203 -0.0148068 2.32203 
2 2.78743 -0.169887 2.78743 2.78192 -0.0305818 2.78192 
3 2.86401 -0.242461 2.86401 2.85333 -0.0436421 2.85333 
4 2.03101 -0.244903 2.03101 2.01563 -0.0440722 2.01563 
5 3.28768 -0.501667 3.28768 3.24779 -0.0902415 3.24779 
6 3.25645 -0.580454 3.25645 3.20248 -0.104407 3.20248 
7 4.59201 -0.945798 4.59201 4.49015 -0.170065 4.49015 
8 4.3717 -1.03627 4.3717 4.24284 -0.18621 4.24284 
9 3.17517 -0.848694 3.17517 3.0557 -0.15245 3.0557 
10 4.2512 -1.24445 4.2512 4.05868 -0.223424 4.05868 
11 3.2849 -1.0654 3.2849 3.10131 -0.191181 3.10131 
12 2.95341 -1.0416 2.95341 2.75718 -0.186698 2.75718 
13 3.87054 -1.46175 3.87054 3.57418 -0.262011 3.57418 
14 3.79512 -1.53888 3.79512 3.45802 -0.275708 3.45802 
15 3.50138 -1.51229 3.50138 3.14619 -0.270557 3.14619 
16 2.49244 -1.14937 2.49244 2.20191 -0.205531 2.20191 
17 2.82713 -1.38007 2.82713 2.45493 -0.24667 2.45493 
18 2.52057 -1.29049 2.52057 2.15276 -0.230363 2.15276 
19 2.27815 -1.2241 2.27815 1.90875 -0.218326 1.90875 
20 2.52675 -1.42137 2.52675 2.07353 -0.253281 2.07353 
21 2.68267 -1.57175 2.68267 2.15581 -0.279698 2.15581 
22 2.78136 -1.6964 2.78136 2.18325 -0.301792 2.18325 
23 2.70585 -1.71376 2.70585 2.07156 -0.304421 2.07156 
24 2.56014 -1.6751 2.56012 1.91295 -0.297155 1.91296 
25 1.95766 -1.32352 1.95766 1.42312 -0.234551 1.42313 
26 2.29676 -1.60307 2.29676 1.61994 -0.283751 1.61994 
27 2.41185 -1.73259 2.41185 1.64949 -0.306443 1.64949 
28 2.19858 -1.62434 2.19858 1.45344 -0.286776 1.45345 
29 2.16781 -1.64259 2.16781 1.38454 -0.289611 1.38454 
30 1.89097 -1.46911 1.89097 1.162 -0.25878 1.162 
31 1.60662 -1.27593 1.60662 0.950056 -0.22444 0.950056 
32 1.49311 -1.21175 1.49311 0.845914 -0.212833 0.845914 
33 1.8446 -1.52795 1.8446 0.997925 -0.267953 0.997925 
34 1.81418 -1.53039 1.81418 0.936546 -0.267974 0.936546 
35 1.60932 -1.38092 1.60932 0.79018 -0.241239 0.790181 
36 1.64723 -1.43683 1.64723 0.765379 -0.250785 0.765379 
37 1.7628 -1.56105 1.7628 0.772257 -0.27201 0.772257 
38 1.478 -1.32674 1.478 0.608974 -0.230797 0.608974 
39 1.74957 -1.59047 1.74957 0.674477 -0.276203 0.674477 
40 1.71242 -1.5753 1.71242 0.613216 -0.273081 0.613216 
41 1.33769 -1.24378 1.33769 0.442698 -0.215226 0.442698 
42 1.30502 -1.22496 1.30502 0.397052 -0.211592 0.397052 
43 1.16494 -1.1038 1.16494 0.319996 -0.190283 0.319996 
44 1.39439 -1.3308 1.39439 0.347444 -0.229014 0.347444 
45 1.261 -1.21225 1.261 0.277718 -0.208194 0.277718 
46 1.40426 -1.35804 1.40426 0.27087 -0.232784 0.27087 
47 1.4207 -1.38106 1.4207 0.234731 -0.236264 0.234731 
48 1.08141 -1.05605 1.08141 0.147038 -0.18028 0.147038 
49 1.2556 -1.23029 1.2556 0.137382 -0.209614 0.137382 
50 1.15876 -1.13854 1.15876 0.0942832 -0.193576 0.0942832 
51 1.18516 -1.16674 1.18516 0.063599 -0.197954 0.063599 
52 1.0716 -1.05613 1.0716 0.0291457 -0.178822 0.0291457 
53 0.988593 -0.974749 0.988593 -0.000976585 -0.164676 -0.000976585 
54 1.09517 -1.07948 1.09517 -0.0308476 -0.181973 -0.0308476 
55 1.14356 -1.12593 1.14356 -0.0636854 -0.189379 -0.0636854 
56 1.1037 -1.08487 1.1037 -0.0894155 -0.182088 -0.0894155 
57 1.04249 -1.02211 1.04249 -0.112773 -0.17116 -0.112773 
58 1.04595 -1.0223 1.04595 -0.140288 -0.170809 -0.140288 
59 1.09959 -1.07049 1.09959 -0.17678 -0.178441 -0.17678 
60 1.0606 -1.02792 1.0606 -0.197419 -0.170955 -0.197419 
61 0.89476 -0.862775 0.89476 -0.188885 -0.14316 -0.188885 
62 1.13408 -1.08709 1.13408 -0.268205 -0.17995 -0.268205 
63 0.986615 -0.939993 0.986615 -0.256258 -0.155254 -0.256258 
64 0.988524 -0.935331 0.988524 -0.280245 -0.154124 -0.280245 
65 0.979068 -0.919149 0.979068 -0.301429 -0.151088 -0.301429 
66 0.963154 -0.896636 0.963154 -0.319448 -0.147026 -0.319448 
67 0.856299 -0.790318 0.856299 -0.30314 -0.129288 -0.30314 
68 1.03609 -0.947394 1.03609 -0.389838 -0.154612 -0.389838 
69 0.912009 -0.825995 0.912009 -0.362452 -0.134485 -0.362452 
70 0.936559 -0.838918 0.936559 -0.393396 -0.136239 -0.393396 
71 0.851891 -0.754782 0.851891 -0.37555 -0.122279 -0.37555 
72 0.835329 -0.731503 0.835329 -0.385582 -0.118214 -0.385582 
73 0.771748 -0.66799 0.771748 -0.371159 -0.107694 -0.371159 
74 0.842772 -0.719817 0.842772 -0.422729 -0.115748 -0.422729 
75 0.797049 -0.671994 0.797049 -0.414806 -0.107794 -0.414806 
76 0.80517 -0.669547 0.80517 -0.434165 -0.107133 -0.434165 
77 0.841046 -0.689712 0.841046 -0.468519 -0.11009 -0.468519 
78 0.821952 -0.66397 0.821952 -0.472809 -0.10571 -0.472809 
79 0.860418 -0.684577 0.860418 -0.509734 -0.108718 -0.509734 
80 0.839597 -0.657727 0.839597 -0.511307 -0.104196 -0.511307 
81 0.749684 -0.578148 0.749684 -0.468403 -0.0913664 -0.468403 
82 0.820523 -0.622169 0.820523 -0.525853 -0.0980726 -0.525853 
83 0.833276 -0.621119 0.833276 -0.546807 -0.0976617 -0.546807 
84 0.780839 -0.571771 0.780839 -0.524143 -0.0896743 -0.524143 
85 0.805868 -0.579807 0.805868 -0.552268 -0.0907125 -0.552268 
86 0.889499 -0.62817 0.889499 -0.622074 -0.0980314 -0.622074 
87 0.877818 -0.60794 0.877818 -0.626095 -0.09463 -0.626095 
88 0.775881 -0.527324 0.775881 -0.563204 -0.0818828 -0.563204 
89 0.768698 -0.512105 0.768698 -0.567747 -0.0793201 -0.567747 
90 0.794915 -0.519338 0.794915 -0.596423 -0.0802479 -0.596423 
91 0.812832 -0.519823 0.812832 -0.619713 -0.0801174 -0.619713 
92 0.747116 -0.467609 0.747116 -0.578223 -0.0718883 -0.578223 
93 0.744372 -0.455933 0.744372 -0.584219 -0.0699205 -0.584219 
94 0.752775 -0.451093 0.752775 -0.598673 -0.0690092 -0.598673 
95 0.83393 -0.488863 0.83393 -0.671468 -0.0746082 -0.671468 
96 0.72241 -0.414018 0.72241 -0.588625 -0.0630334 -0.588625 
97 0.785192 -0.43945 0.785192 -0.647258 -0.0667398 -0.647258 
98 0.760176 -0.415458 0.760176 -0.633474 -0.0629435 -0.633474 
99 0.684837 -0.364972 0.684837 -0.57684 -0.0551562 -0.57684 
100 0.706024 -0.367577 0.706024 -0.60023 -0.0554237 -0.60023 
101 0.708718 -0.359675 0.708718 -0.608258 -0.0541006 -0.608258 
102 0.6745 -0.333868 0.6745 -0.58392 -0.0501022 -0.58392 
103 0.755179 -0.363951 0.755179 -0.659438 -0.0544842 -0.659438 
104 0.745654 -0.350264 0.745654 -0.656177 -0.0523161 -0.656177 
105 0.730966 -0.334045 0.730966 -0.648259 -0.0497747 -0.648259 
106 0.66835 -0.297553 0.66835 -0.596817 -0.044239 -0.596817 
107 0.621742 -0.269058 0.621742 -0.559082 -0.0399087 -0.559082 
108 0.688531 -0.289439 0.688531 -0.623263 -0.0428313 -0.623263 
109 0.707391 -0.289233 0.707391 -0.644139 -0.0427074 -0.644139 
110 0.707547 -0.280657 0.707547 -0.648182 -0.0413444 -0.648182 
111 0.738179 -0.284489 0.738179 -0.679866 -0.0418186 -0.679866 
112 0.750143 -0.2805 0.750143 -0.694503 -0.0411411 -0.694503 
113 0.676941 -0.245743 0.676941 -0.629731 -0.0359672 -0.629731 
114 0.728177 -0.255993 0.728177 -0.680666 -0.037384 -0.680666 
115 0.660154 -0.225144 0.660154 -0.619702 -0.0328113 -0.619702 
116 0.802594 -0.264431 0.802594 -0.756801 -0.0384492 -0.756801 
117 0.765975 -0.244702 0.765975 -0.724963 -0.0355102 -0.724963 
118 0.771883 -0.238157 0.771883 -0.733409 -0.0344854 -0.733409 
119 0.6947 -0.207575 0.6947 -0.662281 -0.0299987 -0.662281 
120 0.680398 -0.196428 0.680398 -0.650808 -0.02833 -0.650808 
121 0.636769 -0.177549 0.636769 -0.610978 -0.0255562 -0.610978 
122 0.675511 -0.181711 0.675511 -0.650085 -0.026103 -0.650085 
123 0.7183 -0.186462 0.7183 -0.693158 -0.026734 -0.693158 
124 0.662418 -0.165586 0.662418 -0.640948 -0.0236941 -0.640948 
125 0.660644 -0.15914 0.660644 -0.640785 -0.0227288 -0.640785 
126 0.764266 -0.177078 0.764266 -0.743038 -0.0252425 -0.743038 
127 0.673364 -0.150039 0.673364 -0.656086 -0.0213484 -0.656086 
128 0.707333 -0.151759 0.707333 -0.690523 -0.0215555 -0.690523 
129 0.748858 -0.154287 0.748858 -0.732463 -0.0218752 -0.732463 
130 0.785274 -0.15518 0.785274 -0.769472 -0.0219623 -0.769472 
131 0.694118 -0.131578 0.694118 -0.681278 -0.0185899 -0.681278 
132 0.734716 -0.133534 0.734716 -0.722232 -0.0188346 -0.722232 
133 0.732528 -0.127371 0.732528 -0.721144 -0.0179346 -0.721144 
134 0.720154 -0.119765 0.720154 -0.709924 -0.0168359 -0.709924 
135 0.785082 -0.124779 0.785082 -0.774903 -0.0175125 -0.774903 
136 0.666261 -0.100962 0.666261 -0.658413 -0.0141467 -0.658413 
137 0.722134 -0.104582 0.722134 -0.71437 -0.0146321 -0.71437 
138 0.743178 -0.102515 0.743178 -0.735932 -0.014321 -0.735932 
139 0.738782 -0.0970189 0.738782 -0.732258 -0.0135331 -0.732258 
140 0.773119 -0.0964172 0.773119 -0.766964 -0.0134292 -0.766964 
141 0.667068 -0.0789435 0.667068 -0.662288 -0.0109796 -0.662288 
142 0.69378 -0.0777793 0.69378 -0.689321 -0.0108024 -0.689321 
143 0.647692 -0.0689057 0.647692 -0.643944 -0.00955744 -0.643944 
144 0.743238 -0.0748361 0.743238 -0.739387 -0.0103664 -0.739387 
145 0.700911 -0.0664731 0.700911 -0.69769 -0.00919556 -0.69769 
146 0.789796 -0.0706317 0.789796 -0.786569 -0.00975859 -0.786569 
147 0.642226 -0.0539082 0.642226 -0.639916 -0.00743853 -0.639916 
148 0.655285 -0.0518034 0.655285 -0.653194 -0.00713993 -0.653194 
149 0.645232 -0.0479007 0.645232 -0.643417 -0.00659457 -0.643417 
150 0.634796 -0.0440961 0.634796 -0.633233 -0.00606395 -0.633233 
151 0.741547 -0.048038 0.741547 -0.73996 -0.00659869 -0.73996 
152 0.707603 -0.0425349 0.707603 -0.706298 -0.00583627 -0.706298 
153 0.819029 -0.0458771 0.819029 -0.817718 -0.00628869 -0.817718 
154 0.61066 -0.0316525 0.61066 -0.609823 -0.00433449 -0.609823 
155 0.703751 -0.0337807 0.703751 -0.702924 -0.00462165 -0.702924 
156 0.798202 -0.0350466 0.798202 -0.797418 -0.00479011 -0.797418 
157 0.710346 -0.0286112 0.710346 -0.709758 -0.00390708 -0.709758 
158 0.588739 -0.0217228 0.588739 -0.58833 -0.00296398 -0.58833 
159 0.739851 -0.0248913 0.739851 -0.739424 -0.00339362 -0.739424 
160 0.688247 -0.0209756 0.688247 -0.687921 -0.00285754 -0.687921 
161 0.715393 -0.0197208 0.715393 -0.715116 -0.00268468 -0.715116 
162 0.625401 -0.0154615 0.625401 -0.625206 -0.00210337 -0.625206 
163 0.610144 -0.013333 0.610144 -0.609996 -0.00181253 -0.609996 
164 0.692118 -0.0134998 0.692118 -0.691984 -0.00183413 -0.691984 
165 0.775371 -0.0133437 0.775371 -0.775254 -0.00181189 -0.775254 
166 0.66566 -0.00984653 0.66566 -0.665586 -0.00133623 -0.665586 
167 0.495603 -0.00634264 0.495603 -0.495562 -0.000860302 -0.495562 
168 0.810281 -0.00879512 0.810281 -0.810233 -0.00119237 -0.810233 
169 0.895887 -0.00820127 0.895887 -0.895849 -0.00111139 -0.895849 
170 0.69908 -0.00528523 0.69908 -0.699059 -0.000715938 -0.699059 
171 0.649308 -0.00401509 0.649308 -0.649295 -0.000543696 -0.649295 
172 0.729838 -0.00346888 0.729838 -0.72983 -0.000469565 -0.72983 
173 0.731822 -0.00276528 0.731822 -0.731816 -0.00037423 -0.731816 
174 0.521417 -0.00143722 0.521417 -0.521415 -0.000194452 -0.521415 
175 0.62535 -0.001201 0.62535 -0.625349 -0.000162457 -0.625349 
176 0.603755 -0.00075776 0.603755 -0.603754 -0.000102484 -0.603754 
177 0.615374 -0.000436637 0.615374 -0.615374 -5.90452e-05 -0.615374 
178 0.354934 -0.000115689 0.354934 -0.354933 -1.56428e-05 -0.354933 
179 0.567807 -6.53368e-05 0.567807 -0.567807 -8.83395e-06 -0.567807 
180 1.13555 -9.47041e-06 1.13555 -1.13555 -1.28042e-06 -1.13555 
