0 12.1116 -0.0100831 -0.00869636 -0.000742583 -0.00984643 12.1094 0.00119486 -0.000103211 -0.00854063 8.19745e-05 12.1103 -1.86143e-06 -0.000413295 3.68892e-05 -0.000495584 12.1088 
1 9.34327 -0.0138664 0.00352857 -0.00371374 0.0229703 9.09725 0.0622468 0.0490009 -0.0329119 -0.00713934 9.13192 -0.0884274 -0.00261639 -0.127831 -0.0137445 9.1692 
2 8.87706 -0.0359138 -0.00163113 -0.00139639 -0.0545617 8.70533 -0.0410872 0.0632011 0.0236362 0.0264806 8.6882 -0.0222158 0.00160948 0.0118101 0.0373108 8.60028 
3 8.60786 -0.0664367 -0.0286532 -0.00339188 -0.0689592 8.45817 -0.0318721 0.0304679 -0.0291129 0.00353737 8.53185 -0.0159017 -0.00399144 -0.0185006 0.0333809 8.40763 
4 6.8325 -0.0347235 0.0101321 0.00136335 -0.0390422 6.61291 0.0796327 -0.0234909 0.00656971 0.0386745 6.63176 0.0266289 0.00311658 0.00950078 -0.0162553 6.46905 
5 7.29811 -0.0314058 0.00144867 -0.00176969 -0.0279176 7.12657 0.0481186 0.0112292 -0.00478476 0.0335095 7.08879 -0.0135739 0.00218099 -0.0120618 0.0109492 6.94338 
6 7.0623 -0.123238 -0.000144589 0.0014958 -0.111806 6.89164 0.0424704 -0.00497563 -0.00942484 0.0121932 6.89184 0.0416204 -0.000855547 -0.00395172 -0.107451 6.78751 
7 7.55508 -0.0797741 0.00436523 -0.00197809 -0.0736737 7.39402 -0.0150281 0.0215446 0.00745181 -0.00596332 7.38919 -0.0168305 -0.00228145 0.000337312 -0.005745 7.2764 
8 6.86755 -0.0946417 0.0172351 0.000926467 -0.0907246 6.72505 0.0373424 -0.00989815 0.00535571 0.00673154 6.72599 0.00509831 -0.00158862 0.00880006 0.00430048 6.6344 
9 7.70194 -0.0758852 -0.0029842 0.00275149 -0.0833114 7.57752 0.0199001 -0.0148068 0.00400108 0.0163317 7.48674 0.0292932 0.000783936 0.018905 -0.00490358 7.40164 
10 7.50587 -0.0768846 -0.00193688 0.00234854 -0.0841393 7.41222 -0.00816654 -0.0221716 -0.00184278 0.00646423 7.38589 -0.00756085 -0.00162826 0.022873 -0.0102074 7.34341 
11 6.25671 -0.122827 -0.014231 0.00340549 -0.125635 6.15617 0.0248902 -0.0180226 -0.00959132 0.00485302 6.13173 -0.00846961 0.000207898 0.00863812 0.014553 6.07856 
12 7.33725 -0.0616026 -0.00252034 -0.00241751 -0.059249 7.20095 -0.0508472 0.0193452 -0.000261789 -0.0218815 7.13803 0.000988349 0.000839751 -0.00747352 -0.00813398 7.0565 
13 7.00613 -0.124141 -0.00634344 6.7331e-05 -0.123658 6.8596 -0.0393302 -0.0261595 -0.00343501 -0.0326477 6.81115 -0.0329316 -0.00172353 0.0313352 0.0153704 6.73118 
14 7.12215 -0.0846959 -0.0163694 -0.0014537 -0.0884268 6.99816 0.0116278 0.00130984 -0.0102111 -0.028266 6.96631 0.0121603 0.00135287 0.00107601 -0.0155833 6.89377 
15 6.79296 -0.0470526 -0.00305158 0.00392428 -0.0454408 6.63892 0.000819658 0.00329954 0.000884048 0.0175994 6.62988 -0.0288393 0.00317354 0.0195292 0.030225 6.54271 
16 6.1974 -0.0524408 -0.00412502 -0.00209109 -0.051841 6.08954 -0.0417668 -0.002609 -0.00441028 0.0046398 6.04627 -0.0226406 -9.74669e-05 0.00338855 0.0231636 5.98959 
17 6.26125 -0.0713185 -0.000489375 0.00136844 -0.0642435 6.11098 0.00261136 0.014997 0.00148 -0.0135353 6.08453 -0.00982615 -0.000313135 -0.020533 0.0279905 5.9983 
18 6.28908 -0.0322178 0.00355213 -0.00040503 -0.0244243 6.11273 -0.0176635 0.0220674 0.00615184 -0.00131017 6.09043 -0.0319768 0.000180095 -0.00373533 0.0171179 5.99238 
19 6.3926 -0.00767722 0.0015357 0.00233495 -0.00725971 6.27598 -0.00932007 2.12925e-05 0.00158221 -0.0155836 6.22712 -0.00993367 -0.000286749 -0.0082657 0.0259298 6.1684 
20 5.88314 0.0092885 0.00389579 -0.00373245 0.00355267 5.73535 -0.00179059 -0.00228559 -0.00252037 -0.0181116 5.74545 -0.00491062 -0.000483765 -0.0124439 0.00427369 5.68011 
21 5.98449 0.0153457 0.00281847 -0.00134526 0.0214984 5.84033 0.0195028 -0.00583011 -0.000496281 -0.0223309 5.78991 -0.0493628 0.00192235 -0.00781678 0.0295807 5.69826 
22 5.89562 0.0451282 0.00328559 0.00211093 0.0440206 5.76858 -0.00178443 0.00384776 0.000927609 -0.0145104 5.69966 -0.0247297 0.000513295 -0.00986716 0.0287332 5.62991 
23 5.74632 0.0500754 0.00361222 0.000729983 0.0507107 5.64076 -0.0184465 -0.015428 0.00472839 0.00320195 5.61267 -0.0130326 -0.00202781 0.0194112 0.0271608 5.54144 
24 5.43388 0.0239341 -0.00283359 0.00141564 0.0249347 5.35723 -6.76626e-06 -0.000259479 -0.00521678 0.00032266 5.29037 -0.0242739 -0.000655233 -0.00226051 0.00675387 5.25593 
25 5.32812 0.0733512 -0.000688927 -0.000694801 0.0704471 5.21555 -0.00112996 0.00805628 -0.00130119 0.00227226 5.11555 -0.0344694 0.00200017 -0.00338617 0.0227986 5.07812 
26 4.93077 0.0728924 0.0049355 -0.00188876 0.0741937 4.82441 0.0141365 0.0204062 0.00741574 0.00943043 4.75259 -0.0278456 0.00155089 -0.0183024 0.0279265 4.68502 
27 5.07268 0.0729062 -0.0101583 0.00157864 0.0730833 4.98276 0.00109965 -0.0098179 -0.00905423 0.0106774 4.88501 -0.0151782 -0.00225075 -0.00190217 0.0173942 4.82327 
28 4.49486 0.0872575 0.00546723 -0.00120505 0.090284 4.4147 0.00315271 -0.00942665 0.000810296 -0.00803083 4.33111 -0.0378271 -0.00188651 -0.00421336 0.0427094 4.29219 
29 4.4554 0.102907 0.00238162 -0.00152048 0.103322 4.40305 0.0166063 0.0143426 0.00524366 0.0198899 4.29251 -0.0218993 0.000809104 -0.00128782 0.0309043 4.27535 
30 4.27801 0.120954 -0.000112258 -0.000413954 0.115945 4.20157 0.00611655 0.0143734 0.00734154 0.0185233 4.0952 -0.0303804 0.00113948 0.0129946 0.0306742 4.06625 
31 4.31617 0.129187 -0.00245835 -0.000640776 0.125011 4.21586 -0.00915146 0.00365325 -0.00544471 -0.00649111 4.13513 -0.0139767 -0.000708668 -0.0177762 0.019154 4.06995 
32 4.10075 0.131639 -0.00263218 0.00118059 0.132553 4.03163 -0.00238421 -0.00706728 0.000574901 -0.0096189 3.92578 -0.0292497 0.000351442 0.00720334 0.0335937 3.89126 
33 3.79373 0.151579 0.00257683 0.000796797 0.15456 3.72848 -0.0162583 -0.0114325 0.00159337 -0.00140287 3.62538 -0.0303521 -0.00132525 0.00834097 0.0139848 3.59984 
34 3.56783 0.119623 -0.0048314 -0.00143822 0.119896 3.4924 -0.00348221 -0.00992175 -0.00507298 -0.00154405 3.35021 -0.0489774 -0.00136124 0.00394798 0.0568452 3.31094 
35 3.51535 0.13124 0.00418019 -0.000680585 0.131931 3.42277 0.0188313 -0.00959354 -0.00266072 0.000341656 3.3225 -0.0139888 0.000195416 -9.56154e-05 0.0210178 3.27886 
36 3.46034 0.162827 -0.00324143 0.000458154 0.16041 3.3922 -0.0183787 -0.00723493 -0.00246709 -0.00660959 3.23463 -0.0327693 -5.95506e-05 0.00684475 0.0338091 3.20275 
37 3.10207 0.139958 -0.00298191 0.000285409 0.139257 3.039 0.00657081 -0.00216623 -0.00396542 -0.0086602 2.92697 -0.0221229 0.0014004 -0.0012471 0.0121197 2.89106 
38 3.05757 0.143178 0.000398878 -0.00146675 0.142391 2.99384 0.0026131 -0.000194758 -0.000344244 -0.00438553 2.85294 -0.0358789 0.000331441 -0.00104722 0.0339 2.82474 
39 2.91784 0.156999 -0.00526465 -0.000420935 0.160767 2.84955 0.00941256 -0.00450046 -0.00497092 -0.0213073 2.71777 -0.0107161 -5.97171e-05 0.000293796 0.0140925 2.69494 
40 2.94691 0.169137 0.000231221 0.000128148 0.164237 2.87822 -0.000597278 0.00581087 0.00430899 0.00243885 2.76679 -0.0231979 0.000336923 0.00397193 0.0295102 2.73249 
41 2.6444 0.169487 -0.000116635 -0.000545184 0.168336 2.56333 0.00194967 -0.00640432 -0.00137038 -0.00867989 2.43777 -0.0340339 -0.00246141 0.0047696 0.0172375 2.38461 
42 2.32829 0.146292 -0.00211942 -0.000389148 0.144302 2.26478 -0.0104554 -0.00346633 -0.00272386 -0.0135048 2.14111 -0.0261913 -0.000280802 0.00904282 0.0282889 2.10212 
43 2.41061 0.181062 0.00151311 -0.000852273 0.181442 2.35394 -0.00862689 0.000959461 0.00143512 0.00212875 2.20645 -0.0206338 -0.0011647 -0.00191969 0.0170028 2.17907 
44 2.22025 0.154894 -0.00207773 -0.000294255 0.154864 2.16185 -0.00437043 0.00857106 0.000243224 -0.00373627 2.02138 -0.020792 0.00111514 -0.00481407 0.0198571 2.00038 
45 2.1965 0.167498 -0.00135899 -0.00133103 0.169017 2.13934 -0.0083646 -0.00896257 -0.00094151 -0.000168077 1.993 -0.0222854 -0.000622927 0.000234043 0.0237414 1.96867 
46 2.13492 0.181653 -0.000802889 0.00147148 0.18176 2.09852 0.00451504 -0.000745913 0.00124521 0.0055065 1.94389 -0.0134302 0.00118504 0.00246706 0.0178949 1.92941 
47 2.13845 0.195859 -0.000636261 -0.000492242 0.197219 2.08974 0.00447677 2.6917e-05 0.00265321 -0.00577037 1.91356 -0.0199967 -0.00137445 0.000695965 0.0212705 1.90872 
48 1.93582 0.169103 0.00160114 0.000745376 0.167649 1.88979 0.00296203 -0.00599984 -0.00172307 0.00262162 1.71007 -0.0165079 0.000690049 -0.0128908 0.00816245 1.69388 
49 1.82478 0.171277 -0.00115538 6.52732e-05 0.168907 1.79287 -0.000529451 0.0115679 0.00218218 0.00906989 1.64718 -0.00672898 -0.000885391 0.00116514 0.00497774 1.63349 
50 1.74487 0.172804 -0.000628078 -9.61675e-05 0.171124 1.71522 0.000198819 -0.00362677 0.00229865 0.00016543 1.55139 -0.0115654 0.000191271 0.000395988 0.0158361 1.5375 
51 1.65265 0.16078 0.00274051 0.000649076 0.161736 1.61796 0.00267941 -0.000194102 0.001363 0.00664675 1.45671 -0.0147659 0.000574671 0.00496146 0.00725255 1.44458 
52 1.37539 0.141598 -0.00233792 0.000115497 0.14092 1.33769 0.00161948 0.000876873 0.000276473 -0.000651542 1.18912 -0.0124597 -9.73075e-05 0.00261644 0.0142151 1.17703 
53 1.37626 0.152513 -0.000152821 -0.00115405 0.152219 1.34081 -0.00279502 0.00270101 0.00130195 -0.00139129 1.18858 -0.016628 -0.000263345 0.000856422 0.0203046 1.18689 
54 1.39965 0.149684 0.00451455 -6.03943e-05 0.149197 1.3695 0.00148499 0.00144847 0.00161686 -0.00835897 1.20946 -0.0100998 -0.000302436 -0.00582862 0.00852554 1.2127 
55 1.28494 0.15946 0.0015796 -0.00072164 0.16387 1.23162 0.00804012 0.00197756 -0.00184865 0.000231137 1.08382 -0.0176241 -0.00168389 -0.0011343 0.0141293 1.06231 
56 1.17417 0.131592 0.000254205 -0.000691927 0.132891 1.14135 0.00775797 -0.0028957 0.000194515 0.0078185 0.989095 -0.00862153 0.000257016 0.00975671 0.00911745 0.978158 
57 1.01185 0.104973 0.00427461 -0.000330248 0.106783 0.972161 0.0109197 0.000975662 -0.000440001 -0.00375672 0.826058 -0.00619967 -0.000715982 0.00119065 0.00318079 0.812108 
58 1.03848 0.0979681 -0.00187646 0.000973242 0.0959333 1.00253 -0.00591556 0.00988647 0.000806656 0.00246542 0.839118 0.00289169 0.000435862 -0.00434577 -0.00449847 0.835011 
59 0.983707 0.0970619 0.00282663 -0.000610104 0.0973125 0.947746 -0.000509125 -0.000445225 0.00218277 0.00450019 0.7883 -0.00713753 -0.000649386 0.000795039 0.00575436 0.785188 
60 0.824479 0.100119 0.00188183 0.000704665 0.0989971 0.795242 0.00211364 0.00228351 0.00268534 0.000265272 0.643345 -0.0199989 -0.000490547 -0.00996394 0.0167426 0.637082 
61 0.894641 0.0991334 -0.00215326 0.000137754 0.0991757 0.858215 -0.00595133 0.00517942 0.00159624 -0.00139853 0.673612 -0.0175132 -0.000144485 0.00208092 0.0205521 0.66742 
62 0.753384 0.0909894 -0.000667191 0.000246349 0.0892457 0.72767 0.00288413 -0.00198753 0.00118776 0.0057143 0.580943 -0.0102939 0.00113701 -0.00310137 0.0109791 0.574898 
63 0.746495 0.0771966 -0.00238604 -0.00061793 0.0763747 0.720201 -0.00915641 -0.00177268 -0.0021284 -0.00106212 0.565853 -0.0118974 0.000375717 6.48256e-05 0.0106251 0.561044 
64 0.693211 0.0766985 -0.000582 -0.000635171 0.076642 0.666272 -0.00250297 0.00194053 -0.00076197 -0.00224553 0.49466 -0.0123201 -0.000210154 0.00273613 0.00817505 0.492146 
65 0.629256 0.0583741 -0.00214929 -0.00107721 0.0618665 0.589946 -0.000548672 0.0025411 -0.00427598 -0.00987128 0.441631 -0.00438317 -0.00036811 0.00545137 0.00297614 0.429638 
66 0.568867 0.0644241 -0.00010044 0.000929653 0.0634278 0.543327 -0.00195607 -0.00476896 0.00124483 0.00093385 0.397035 -0.0131885 0.000229796 0.000816924 0.0108083 0.387757 
67 0.525393 0.0368482 -0.000909035 -0.00036799 0.0367892 0.49538 -0.00402568 0.00277727 -0.000299334 0.00107103 0.352373 -0.0072335 0.000560915 0.000262136 0.00473294 0.344716 
68 0.432887 0.0222839 0.000332665 5.59223e-05 0.0231846 0.41135 -0.00129258 0.00159004 0.000772345 0.00237836 0.279464 -0.00572471 -0.000758818 -0.000256684 0.00341139 0.278107 
69 0.462912 0.0297911 -0.00153156 -0.000328798 0.0284955 0.44091 -0.00381462 0.00474132 0.00418511 0.0128189 0.289741 -0.0122181 -0.00056814 0.0017527 0.0160582 0.286219 
70 0.393526 0.00705269 0.000572118 -9.28527e-05 0.00879035 0.359308 -0.00442439 0.00671315 -0.000834195 -0.00336313 0.205092 -0.0134008 0.000281418 0.00438333 0.0122702 0.202421 
71 0.367957 -0.000315925 -0.00132307 0.000359642 -0.00249991 0.333162 -0.00161717 -0.00148071 -0.00174899 0.000418438 0.196068 -0.00402466 -1.91348e-05 0.00166641 0.00795383 0.19186 
72 0.311686 -0.0302186 -0.001655 1.05926e-05 -0.0278709 0.284591 -0.00745924 0.00334242 -1.12008e-05 -0.00118026 0.139344 -0.00572133 0.000208574 -0.0052633 0.00612312 0.137598 
73 0.274447 -0.0302665 0.00209452 0.000408913 -0.0302196 0.253694 0.00535598 -0.00125414 0.00227544 0.00407397 0.118661 -0.00699207 5.18641e-06 0.00305081 0.00737106 0.10962 
74 0.305235 0.00225367 -0.00030455 -0.000670202 0.00192751 0.279742 0.00809823 0.00442872 -3.88863e-05 0.00430617 0.140579 -0.0115005 9.67002e-05 0.00100017 0.0158833 0.136537 
75 0.232563 -0.0330812 0.00103773 -0.000159998 -0.0332678 0.21804 0.00352632 0.00133694 -0.000759146 -0.00136095 0.0835343 -0.00802858 0.000122338 0.000372414 0.00565638 0.0818472 
76 0.240111 -0.0416915 0.0011339 -0.000930447 -0.0411479 0.211713 0.007101 -0.00237647 -0.00017583 0.00275389 0.0570865 -0.00741446 -0.000296459 -0.00574216 0.000679239 0.0533824 
77 0.186603 -0.0529871 0.000639095 0.000250258 -0.0526101 0.165743 -0.00329623 0.0024302 -0.000597795 -0.00064565 0.0367997 -0.002196 0.000824639 0.00194844 0.00206152 0.0337805 
78 0.186605 -0.0407528 -0.00127784 0.000849803 -0.04123 0.162164 -0.00616133 0.00147971 -0.000759408 -0.00771588 0.0325631 -0.0126371 0.000500323 0.00514244 0.0106172 0.0263855 
79 0.169588 -0.0481831 0.00156484 0.000328591 -0.0476831 0.150334 -0.000286576 0.00103259 -0.00189483 -0.00796002 0.0244281 -0.00129753 0.000468413 -0.00106877 0.00134101 0.0232651 
80 0.157395 -0.0628528 -0.000136994 -0.000361954 -0.0631305 0.138225 -0.00513632 -0.00342795 -0.000249039 -0.00522416 0.00756412 -0.00462951 -0.000233082 0.000338127 0.00868064 0.00513019 
81 0.171852 -0.0535445 6.8003e-05 0.000580584 -0.053596 0.14787 0.000893469 -0.00321501 0.00104798 0.000595011 0.0020028 -0.0103755 -0.000523686 -0.00141779 0.0121741 0.00371961 
82 0.157699 -0.0597401 -0.00036871 0.000513854 -0.0587915 0.13424 -0.00236409 0.00335799 -0.000395857 -0.000934896 -0.0153561 -0.00972237 -0.000170287 0.00317424 0.00779157 -0.0178506 
83 0.141619 -0.0538619 0.00205693 0.000290795 -0.0549814 0.122154 -0.000832644 -0.00113037 0.000195516 -0.00142912 -0.00845338 -0.00132496 -0.000482161 0.0007696 0.00523557 -0.0132462 
84 0.130644 -0.0582063 0.000586128 -0.000112396 -0.0587122 0.106222 0.000933491 -0.00116887 -0.00221776 -0.000251087 -0.0225525 -0.000988358 0.000665795 8.89041e-06 0.00010408 -0.0208329 
85 0.127165 -0.0584116 0.000380685 -0.000324962 -0.0573656 0.107137 0.00556652 -0.00565994 -0.000119283 -0.00323762 -0.0287133 0.00626842 -4.6702e-06 0.00195154 0.000321745 -0.0269478 
86 0.125428 -0.0581383 -0.000364796 0.000327099 -0.0595819 0.0995087 0.000807887 0.00502304 -0.000926918 -0.000502374 -0.029329 -0.00609656 6.09906e-05 -0.00225948 0.00913874 -0.0321084 
87 0.129948 -0.0618137 0.00238 -6.12036e-05 -0.0621016 0.111085 0.00813803 -0.00641427 -0.00074492 0.000839335 -0.0280524 -0.00459719 0.000216899 0.0048568 0.00487083 -0.0299196 
88 0.117417 -0.0636279 -0.000300099 -0.000542655 -0.0629881 0.100049 0.00554315 -0.00519033 -0.000968788 -0.000580198 -0.0308128 -0.00151201 0.000176788 0.00504737 0.00289164 -0.0341491 
89 0.130133 -0.0622038 -0.00129581 0.000386071 -0.0622392 0.111148 -0.00285771 0.000433706 -0.000958714 0.000445392 -0.0369476 -0.00144531 -0.00011847 0.000225712 0.00200894 -0.0363311 
90 0.124988 -0.0587676 -0.00148163 -0.000841324 -0.057419 0.0979801 -0.00589958 -0.00350178 0.000958553 0.00380579 -0.0259863 0.00228201 -0.000178099 0.00914837 -0.00316834 -0.0248733 
91 0.129056 -0.0642426 -0.00107558 0.00127585 -0.0639041 0.110971 -0.00557236 0.000579432 0.00142027 -0.00425855 -0.0427193 0.00219795 0.000520127 4.62297e-05 -0.00234464 -0.0418324 
92 0.118074 -0.0554047 0.00139197 -0.000862466 -0.0555815 0.0968575 0.0052459 -0.000383707 0.000294913 0.00586262 -0.0295083 -0.00723422 -0.00111977 0.000880653 0.00751771 -0.0301882 
93 0.124936 -0.0515981 -0.00115094 -0.000149049 -0.0500947 0.0975403 0.000759189 0.00188041 0.00231398 0.00332882 -0.0388363 -0.00669249 -0.000140535 0.00235841 0.00561072 -0.0335959 
94 0.14137 -0.0552556 0.000399552 0.000118767 -0.0549677 0.10981 -0.000184553 0.000328952 0.00106984 -0.00536335 -0.0329555 -0.00544101 0.000412851 0.00511295 0.00984146 -0.0318867 
95 0.111369 -0.0521512 -0.00166068 -0.000814401 -0.051812 0.0903237 -0.000808693 -0.00187643 0.00235087 0.00530611 -0.037738 -0.0038947 0.000745392 -0.00133001 -0.000586173 -0.0365464 
96 0.120257 -0.0542323 7.04373e-05 0.000255931 -0.0547098 0.102314 0.00117579 0.00373736 0.000819285 0.000167471 -0.0397751 -0.0104578 0.000532867 0.00347122 0.00955086 -0.0379326 
97 0.135477 -0.0492116 0.000455539 -0.000279217 -0.0488523 0.109967 0.00108503 7.53725e-05 -0.00193098 0.00442796 -0.0397588 -0.0028038 6.65349e-05 -0.00345669 0.00342002 -0.0286529 
98 0.132399 -0.0479066 0.00204071 0.000508172 -0.0464788 0.106576 0.00769429 -0.00231966 -0.00264649 -0.00607496 -0.024329 -0.0195938 -2.02305e-05 -0.00374556 0.0191521 -0.0167223 
99 0.109689 -0.0461049 0.000618772 -0.000288064 -0.0474318 0.0926582 -0.00142941 -0.000789129 0.000917676 0.0050244 -0.0261205 -0.0117672 -2.28309e-05 0.00505272 0.010779 -0.02182 
100 0.118496 -0.0519492 0.00186939 7.70152e-05 -0.0519371 0.0944385 0.0050476 0.00521843 8.70131e-05 0.00107313 -0.0429493 -0.00523789 0.000497737 0.00250662 0.010716 -0.035526 
101 0.134572 -0.0526156 -0.00218338 0.000501511 -0.0519496 0.109854 -0.0045239 0.0059124 0.000283149 -0.0049049 -0.045018 -0.0104307 -0.000731829 -0.00162938 0.00724921 -0.0367513 
102 0.140499 -0.0437895 -0.00176956 -0.000124377 -0.044435 0.118755 0.00220976 0.00174208 3.95975e-06 -0.0015346 -0.0350703 -0.0203042 -0.000346527 -0.000551384 0.0202352 -0.0254635 
103 0.130295 -0.042651 -0.00114713 -2.24295e-05 -0.0427873 0.106862 -0.00550292 0.00114568 -0.000370532 0.0088055 -0.0392293 -0.0277009 -0.00134247 -0.00211512 0.028928 -0.0256166 
104 0.154562 -0.0388485 0.000374885 -0.0016346 -0.0405277 0.127065 -0.00400715 -0.000994057 0.00170522 0.00289728 -0.0391217 -0.0258916 -0.000217462 0.00230643 0.0304463 -0.0295249 
105 0.15124 -0.0418746 -0.000663843 -0.000379033 -0.0414389 0.116858 0.000567513 0.00310187 0.00323116 0.00234845 -0.0351763 -0.0208211 0.00115734 0.00577281 0.0178145 -0.0310503 
106 0.145509 -0.0395253 0.00237363 -0.000365627 -0.0380491 0.111107 0.00100607 -0.00316258 -0.00198185 -0.00653445 -0.038247 -0.0175702 -0.000605551 0.00236912 0.0169965 -0.0253442 
107 0.144625 -0.0381159 -0.00162079 -0.000993613 -0.0385237 0.108213 -0.00933749 -0.00254328 0.00297221 0.00217595 -0.0406069 -0.021269 0.000559962 0.00094099 0.014467 -0.0274989 
108 0.132274 -0.0337269 0.000418 -0.000646943 -0.0359306 0.105072 0.00630723 -0.0024686 0.00347412 0.00440188 -0.0400773 -0.0202855 0.000143488 0.00146905 0.019743 -0.037897 
109 0.141373 -0.0308165 0.00345668 0.000493646 -0.0295555 0.106782 0.00770051 -0.00127787 -0.00289225 -0.00141867 -0.041228 -0.0197758 0.000174588 0.00138863 0.0215424 -0.0280021 
110 0.138534 -0.0323812 0.00050969 0.000641699 -0.0321803 0.102021 0.00265667 4.17534e-05 0.00171153 0.00479849 -0.0452555 -0.0244092 0.000166906 0.00807947 0.023855 -0.032679 
111 0.161792 -0.0337282 -0.00148712 0.000953055 -0.033493 0.125762 0.00155102 0.00266016 -0.00204756 -0.00883827 -0.0613086 -0.0303097 -0.000320609 -0.00163202 0.0274794 -0.0396337 
112 0.146787 -0.0246109 0.000213378 -0.000517843 -0.024987 0.118866 -0.00222163 -0.00180342 0.000344734 -0.00512693 -0.0344187 -0.0350622 0.00114362 0.00333888 0.035062 -0.0253704 
113 0.174423 -0.0200848 -0.000448528 0.00168897 -0.0234711 0.135788 -0.00740196 0.00793307 0.00150281 0.0070131 -0.0445879 -0.0351176 -0.000594965 -0.00335429 0.0359212 -0.0348087 
114 0.188781 -0.0182301 0.00271908 -3.68838e-05 -0.0185156 0.149615 0.00168416 0.00473558 -0.00540619 0.00150181 -0.0406007 -0.0455974 -0.00101917 -0.00219689 0.0526799 -0.0294143 
115 0.168928 -0.0258338 0.0011218 0.00135473 -0.0269521 0.122324 0.00282313 -0.00128181 6.43849e-05 0.00262559 -0.0478295 -0.0344515 -0.000822115 -0.00777684 0.0357713 -0.0278996 
116 0.155842 -0.0208155 -0.00070804 0.000120909 -0.0216893 0.119214 -0.00474411 -0.00463525 -0.00163018 -0.00294149 -0.0426847 -0.0453437 7.89722e-05 0.00122312 0.0443496 -0.0227914 
117 0.139876 -0.0166791 -0.000951289 -0.00028516 -0.0158623 0.106956 -0.00104255 0.00380704 -0.00293461 -0.0112253 -0.0553983 -0.0249991 -0.000606218 0.00263718 0.0281606 -0.0419363 
118 0.157159 -0.0167038 0.00305698 0.000614101 -0.01663 0.114451 0.00200388 -0.000176462 -0.000983173 0.000920634 -0.0506099 -0.0378225 -0.000565675 0.00381978 0.0386133 -0.0250635 
119 0.167741 -0.0153812 0.00337345 0.00168253 -0.0150732 0.123026 -0.00638019 -0.00388957 -0.000850057 -0.00725604 -0.0500555 -0.0294489 0.00085724 -0.00368865 0.0302843 -0.0398803 
120 0.140912 -0.0222307 0.000564113 0.000189023 -0.0199032 0.106781 0.00421937 -0.00677497 -0.00281184 -0.000595605 -0.0638742 -0.0231316 -0.00112517 -0.0111338 0.0275299 -0.0481725 
121 0.144363 -0.013247 -0.0027335 0.0012716 -0.014289 0.107831 -0.0116391 -0.000844534 0.00159561 0.00928957 -0.054784 -0.0359647 -0.000964375 -0.0025171 0.0353284 -0.036694 
122 0.140653 -0.0209943 -0.00174993 0.00140174 -0.0215389 0.0989016 0.00226241 0.00354295 0.0024202 -0.0049691 -0.0569327 -0.0263157 0.000386525 0.0035131 0.0274998 -0.0469181 
123 0.158577 -0.0123436 -0.00144744 0.000954765 -0.0138213 0.113305 -0.00372662 -0.00665197 -0.00106465 -0.0060009 -0.0623977 -0.0411765 0.000224659 0.000800532 0.0400099 -0.0398001 
124 0.148792 -0.0140217 0.000581488 -0.000804489 -0.0143171 0.108713 -0.000877627 0.00362713 -0.00154084 0.00180025 -0.0439623 -0.0289018 0.000784775 0.00861053 0.0327672 -0.0354328 
125 0.157612 -0.0107582 -0.000405627 3.6808e-05 -0.00819064 0.119029 -0.00187984 0.00263016 0.000258267 0.00521658 -0.0659979 -0.0308415 -0.000338281 -0.00374435 0.0386906 -0.0541451 
126 0.145844 -0.0106027 0.00160841 9.66334e-05 -0.0120057 0.119507 0.00349964 -0.00039004 -0.00233628 -0.00490382 -0.0674063 -0.0131589 -0.00117051 -0.00334871 0.0119926 -0.0565922 
127 0.132074 -0.00764314 -0.000644862 -0.000219005 -0.00926428 0.104752 -0.00116112 -0.00160481 -0.000708272 -0.00424244 -0.0653404 -0.0239072 0.00017851 0.000151634 0.0252913 -0.0626749 
128 0.112519 -0.0151132 0.000317553 0.000993207 -0.0136323 0.079287 -0.00654474 -0.000359435 -0.00216426 -0.000702907 -0.0514883 -0.00178326 0.000259735 -0.00246676 0.00808326 -0.0468939 
129 0.143774 -0.00449416 0.000286553 0.00019705 -0.00642545 0.11359 -8.53416e-05 0.00492294 0.00146889 0.00450212 -0.064157 -0.0309304 0.00115073 0.00802024 0.0379478 -0.0553045 
130 0.124826 -0.00835569 -0.0011229 -0.00122667 -0.00574536 0.0940325 -0.00173116 -0.00387374 0.000991696 -0.00755318 -0.0573953 -0.010095 -0.0016112 -0.00449715 0.0109888 -0.0479138 
131 0.126983 -0.00989571 -0.00217722 -6.60191e-05 -0.0123607 0.0984857 0.00387972 -0.0109219 0.00149556 0.00365269 -0.0731112 -0.00515011 0.000937664 -0.00648529 -0.000118552 -0.0666528 
132 0.135024 -0.0107173 0.00136372 0.000158406 -0.0130866 0.0976108 -0.00795165 0.0072876 -0.000807978 -0.00111799 -0.0702819 -0.00535232 0.00159904 0.00426165 0.00222173 -0.0645349 
133 0.132976 -0.0117478 -0.000947165 -0.00142594 -0.0126898 0.10492 -0.000716397 0.00146936 0.00145065 -0.00210107 -0.0550842 -0.0177451 -0.000911876 0.00444112 0.0195233 -0.0472452 
134 0.124219 -0.0122417 -0.000946471 0.00085817 -0.012095 0.0974915 -0.00728555 0.00546151 0.00150816 0.00753923 -0.0647327 -0.020965 0.000277715 0.0076283 0.017321 -0.0537108 
135 0.135608 -0.00589809 0.000315959 0.0019633 -0.00509617 0.106703 0.00354428 0.00464252 -2.84388e-06 0.00481736 -0.0588125 -0.0114281 4.54794e-05 -0.00662129 0.0141298 -0.0494135 
136 0.132906 -0.00799866 0.000854384 -0.000353063 -0.00751556 0.0880921 -0.00202357 0.00265104 -0.00331923 -0.00728353 -0.0751018 -0.021441 -0.000397872 0.00106078 0.015842 -0.0596156 
137 0.147526 -0.0098961 -0.00347409 -0.000199495 -0.00679567 0.101807 -0.0107901 -0.00543815 0.00131922 -0.00141347 -0.0618286 0.011668 -0.000472854 -0.00562736 -0.00669011 -0.0517867 
138 0.139025 -0.00655875 -0.00126049 -0.000883439 -0.00651887 0.0994081 0.000225508 -0.000604482 -2.62189e-05 -0.00361177 -0.0590276 -0.000965522 -2.08852e-05 0.00573608 0.00174036 -0.0622618 
139 0.128072 -0.00624511 -0.00190932 0.000850925 -0.00737539 0.0959066 -0.00712528 -0.00065558 0.00187181 0.000721467 -0.0648139 -0.00596374 -0.00108677 0.0020769 0.00735616 -0.064164 
140 0.148527 -0.00626944 -0.000157185 0.000213218 -0.00719069 0.114024 0.00116062 0.00152874 0.00154274 -0.00445912 -0.0607471 -0.0209258 -0.00124349 0.00273295 0.0165678 -0.0470496 
141 0.166633 -0.0119666 0.000829825 -0.000482398 -0.0116494 0.122008 0.00860449 -0.00117416 0.00312813 -0.00133651 -0.0417456 -0.019989 -0.00151866 0.000431615 0.0233184 -0.0220676 
142 0.181684 -0.0139212 0.00174317 0.000248164 -0.0142253 0.138216 -0.0129519 -0.00653355 -0.00127348 0.000291864 -0.0437514 -0.00890939 0.000365488 0.00371125 0.00968913 -0.0332992 
143 0.149994 -0.00724471 -0.00175461 -0.00105978 -0.00594507 0.110691 -0.00620283 0.00157133 0.00151315 -0.00450118 -0.0554862 0.00497828 -0.000190445 -0.0111369 -0.00777242 -0.047012 
144 0.195953 -0.0105129 0.00319696 -0.00185658 -0.0106951 0.14685 -0.0083423 0.00799975 -0.000942443 -0.00462548 -0.0236292 -0.0337136 0.000483978 0.00881644 0.0354049 0.0015067 
145 0.214838 -0.0289705 -0.00526038 0.000291924 -0.0308642 0.156204 -0.0233975 -0.00515715 0.00283839 0.00987083 -0.042988 -0.00797153 0.000223719 -0.00343871 0.00396236 -0.0357518 
146 0.240037 -0.0194514 0.00490913 -0.0023068 -0.0143325 0.170319 0.000675062 -0.00323149 -0.00153062 0.0051883 -0.0183728 -0.0222489 0.000620165 -0.0133846 0.0239555 0.00333594 
147 0.276847 -0.0369766 -0.00440283 -0.000154956 -0.031739 0.198976 -0.00383159 0.00166597 0.00744701 0.0180663 -0.0166515 -0.0430845 0.000844269 -0.000270677 0.04346 0.0185291 
148 0.337317 -0.0400379 -0.00229057 0.00110776 -0.0401934 0.245588 0.00822384 -0.00171263 -0.00109027 0.00444111 0.00685932 -0.0486505 -0.000219121 0.00402135 0.055816 0.068383 
149 0.383377 -0.0551708 -0.0031503 2.97318e-05 -0.0531451 0.291591 0.000611615 -0.000442306 -1.9833e-05 -0.00385882 0.0120866 -0.0630316 0.00103082 0.00431981 0.0639647 0.06846 
150 0.319608 -0.0631932 0.00132124 -0.00187656 -0.0627167 0.239764 0.0042845 0.0024467 -0.0014564 0.00588026 -0.0181585 -0.0400623 -0.000151388 0.000345589 0.0415454 0.0347033 
151 0.394948 -0.066962 -0.00617477 -0.000526095 -0.071811 0.262567 -0.0362812 0.0147763 0.00399477 0.0354413 -0.0155732 -0.0299955 -0.000245988 0.003765 0.0249076 0.0776184 
152 0.415581 -0.088287 0.00692644 0.000810084 -0.0877498 0.309816 0.00319016 -0.000748051 -0.00445545 -0.0131782 -0.0410014 -0.0501769 -0.000992128 -0.00439421 0.0643579 0.0396822 
153 0.498354 -0.112619 -0.0146999 -0.00120909 -0.108396 0.356809 -0.0235132 0.0147207 0.0153672 0.0303543 -0.03117 -0.0548498 -0.00218847 0.0170406 0.060956 0.0858183 
154 0.468066 -0.14324 -0.00931126 -0.000243677 -0.13965 0.357413 -0.00916132 -0.019385 0.00757481 0.00665053 -0.0899919 -0.0340792 -6.3622e-05 -0.012744 0.0386231 -0.007402 
155 0.627235 -0.148878 0.00307351 -0.000481369 -0.146298 0.450946 0.0137827 0.00778289 -0.00617231 0.00575485 -0.0794789 -0.0813427 0.000136499 0.0136325 0.08712 0.0349707 
156 0.711676 -0.165711 -0.00434996 -0.00104962 -0.162192 0.502126 -0.013443 -0.0030502 0.00289799 0.0234389 -0.0708978 -0.0817136 -0.000208162 0.00970272 0.0864134 0.0811916 
157 0.676395 -0.236981 0.0103094 -0.00202687 -0.242493 0.520743 0.0102318 -0.0023856 -0.0105418 -0.0120132 -0.160179 -0.0568579 0.00123712 -0.000910056 0.0505019 -0.0472549 
158 0.797327 -0.218457 -0.00747739 0.000764544 -0.224097 0.575148 -0.011364 0.00724459 0.00827073 0.00509921 -0.20175 -0.0695273 -0.00291125 -0.00399084 0.072917 -0.0247624 
159 0.790872 -0.26078 0.00277792 0.00340586 -0.263524 0.563836 0.0161112 -0.00207641 0.00235812 -0.0113399 -0.29677 -0.0224981 0.00049619 0.00333844 0.0229832 -0.105651 
160 0.795567 -0.294858 -0.012999 0.000160151 -0.296203 0.583001 0.000600567 2.8903e-05 0.0133686 -0.015725 -0.360985 -0.0335172 -0.00141788 -0.00107587 0.0253095 -0.19459 
161 0.889707 -0.266264 0.00805213 0.00120198 -0.272985 0.622446 -0.0286592 0.0043892 -0.0052895 0.0438069 -0.376988 -0.0498328 -0.000414044 -0.0073048 0.0449973 -0.156103 
162 0.981209 -0.288867 -0.000911865 0.00259239 -0.282085 0.706079 0.0185758 -0.0246901 -0.00354228 -0.0102688 -0.414705 -0.0484702 0.0031017 -0.0218061 0.0538627 -0.199011 
163 0.998801 -0.286907 -0.00916929 -0.00124194 -0.289094 0.709354 -0.015228 0.00882888 -0.00215557 0.00240727 -0.494916 -0.0678729 -0.0017719 0.00790402 0.0611764 -0.260043 
164 1.0808 -0.285727 -0.0121974 3.48809e-05 -0.278977 0.758483 -0.0130604 -0.000810831 0.0142495 -0.00621665 -0.523437 -0.032185 0.000851475 0.0113676 0.0283044 -0.271944 
165 1.04635 -0.273502 -0.0174069 0.000545342 -0.266106 0.756533 -0.0332323 -0.00144696 0.0112924 0.0443883 -0.614139 -0.0278586 -0.00183684 -0.000454988 0.0298876 -0.358858 
166 1.16382 -0.27921 -0.00437269 0.00143247 -0.275784 0.851318 0.0406729 -0.0017635 0.000515573 -0.0390487 -0.639829 -0.0472968 -0.00270964 -0.005913 0.0411312 -0.377195 
167 1.2471 -0.223228 -0.021992 0.00213893 -0.238388 0.894368 -0.0182547 0.02409 0.0104141 -0.00703435 -0.75244 -0.0482648 0.00322425 0.0198379 0.0423098 -0.469076 
168 1.22976 -0.222286 0.00732174 0.00138292 -0.231417 0.917598 0.0377987 0.0105676 -0.01396 -0.0270889 -0.768223 -0.0579154 -0.00123914 -0.0169015 0.0458599 -0.496331 
169 1.14997 -0.199855 0.00923638 0.00438072 -0.19073 0.825763 -0.00408715 -0.00777236 -0.0112199 -0.00080649 -0.756764 -0.00338023 -0.00271419 0.00216084 0.0114235 -0.505946 
170 1.3099 -0.193101 -0.002083 -0.00134214 -0.180704 0.898574 -0.00475099 -0.0241042 -0.011978 0.0220836 -0.870911 -0.0259297 0.000215495 -0.0164334 0.0287902 -0.527796 
171 1.33229 -0.132215 0.00725992 0.00221079 -0.130574 1.01034 0.0342641 -0.00614828 0.000155406 -0.0124278 -0.880374 -0.0369377 0.00374577 -0.00474344 0.033938 -0.599492 
172 1.34003 -0.117719 0.00108869 -0.00166423 -0.116693 0.988117 -0.00361651 -0.018739 0.0140085 -0.0151251 -1.02525 -0.00937514 0.00148431 -0.00213806 0.0281094 -0.731987 
173 1.37738 -0.106706 -0.0161509 0.000430961 -0.115562 1.05127 0.0344018 0.00512412 0.0154674 -0.0166698 -0.957235 0.00901629 0.00626727 0.0276498 -0.00347045 -0.729132 
174 1.23695 -0.102515 0.0124758 0.00187423 -0.0986294 0.908997 -4.23081e-05 -0.0392361 -0.00851414 -0.00161026 -1.00344 -0.00259019 0.000123483 -0.00580276 -0.0207301 -0.726767 
175 1.23885 -0.0442203 -0.0289894 -0.000898146 -0.0396277 0.982521 -0.0219083 0.0267728 0.0320241 0.0262476 -0.936044 0.00719045 9.37603e-05 0.037074 -0.000958819 -0.717929 
176 1.26255 -0.0840569 0.0118952 0.00102842 -0.0819279 1.03155 -0.0174942 -0.0208012 -0.0114126 0.00536796 -0.830686 0.0318963 -0.00144238 -0.02473 -0.0372138 -0.648839 
177 1.2205 -0.043855 -0.0181728 -0.00535001 -0.0385616 1.01529 0.0229248 -0.0277542 0.0166371 -0.0325908 -1.0018 -0.0285523 -0.0054511 -0.0321731 0.0371408 -0.832786 
178 1.32475 -0.0206508 0.0416828 -9.13456e-07 -0.0147101 1.07589 -0.069975 0.0155837 -0.0374564 0.0593411 -1.06966 0.0088989 0.0017945 0.0158224 -0.00874976 -0.840833 
179 1.28012 0.0347548 -0.0294656 -0.00921757 0.0140546 1.01432 0.0768071 0.0311932 -0.0328714 -0.131955 -0.924491 0.0364809 -0.00997836 -0.0511163 -0.0741071 -0.779336 
180 1.02564 0.0774459 0.00886351 -0.000592881 0.0377241 0.795244 0.0217851 0.00395228 0.0162782 0.0705718 -0.86605 0.00979618 -0.00384932 -0.00727419 0.000896665 -0.683621 
