0 12.1116 -0.0100831 12.1094 12.1103 -1.86143e-06 12.1088 
1 9.34327 -0.0138664 9.09725 9.13192 -0.0884274 9.1692 
2 8.87706 -0.0359138 8.70533 8.6882 -0.0222158 8.60028 
3 8.60786 -0.0664367 8.45817 8.53185 -0.0159017 8.40763 
4 6.8325 -0.0347235 6.61291 6.63176 0.0266289 6.46905 
5 7.29811 -0.0314058 7.12657 7.08879 -0.0135739 6.94338 
6 7.0623 -0.123238 6.89164 6.89184 0.0416204 6.78751 
7 7.55508 -0.0797741 7.39402 7.38919 -0.0168305 7.2764 
8 6.86755 -0.0946417 6.72505 6.72599 0.00509831 6.6344 
9 7.70194 -0.0758852 7.57752 7.48674 0.0292932 7.40164 
10 7.50587 -0.0768846 7.41222 7.38589 -0.00756085 7.34341 
11 6.25671 -0.122827 6.15617 6.13173 -0.00846961 6.07856 
12 7.33725 -0.0616026 7.20095 7.13803 0.000988349 7.0565 
13 7.00613 -0.124141 6.8596 6.81115 -0.0329316 6.73118 
14 7.12215 -0.0846959 6.99816 6.96631 0.0121603 6.89377 
15 6.79296 -0.0470526 6.63892 6.62988 -0.0288393 6.54271 
16 6.1974 -0.0524408 6.08954 6.04627 -0.0226406 5.98959 
17 6.26125 -0.0713185 6.11098 6.08453 -0.00982615 5.9983 
18 6.28908 -0.0322178 6.11273 6.09043 -0.0319768 5.99238 
19 6.3926 -0.00767722 6.27598 6.22712 -0.00993367 6.1684 
20 5.88314 0.0092885 5.73535 5.74545 -0.00491062 5.68011 
21 5.98449 0.0153457 5.84033 5.78991 -0.0493628 5.69826 
22 5.89562 0.0451282 5.76858 5.69966 -0.0247297 5.62991 
23 5.74632 0.0500754 5.64076 5.61267 -0.0130326 5.54144 
24 5.43388 0.0239341 5.35723 5.29037 -0.0242739 5.25593 
25 5.32812 0.0733512 5.21555 5.11555 -0.0344694 5.07812 
26 4.93077 0.0728924 4.82441 4.75259 -0.0278456 4.68502 
27 5.07268 0.0729062 4.98276 4.88501 -0.0151782 4.82327 
28 4.49486 0.0872575 4.4147 4.33111 -0.0378271 4.29219 
29 4.4554 0.102907 4.40305 4.29251 -0.0218993 4.27535 
30 4.27801 0.120954 4.20157 4.0952 -0.0303804 4.06625 
31 4.31617 0.129187 4.21586 4.13513 -0.0139767 4.06995 
32 4.10075 0.131639 4.03163 3.92578 -0.0292497 3.89126 
33 3.79373 0.151579 3.72848 3.62538 -0.0303521 3.59984 
34 3.56783 0.119623 3.4924 3.35021 -0.0489774 3.31094 
35 3.51535 0.13124 3.42277 3.3225 -0.0139888 3.27886 
36 3.46034 0.162827 3.3922 3.23463 -0.0327693 3.20275 
37 3.10207 0.139958 3.039 2.92697 -0.0221229 2.89106 
38 3.05757 0.143178 2.99384 2.85294 -0.0358789 2.82474 
39 2.91784 0.156999 2.84955 2.71777 -0.0107161 2.69494 
40 2.94691 0.169137 2.87822 2.76679 -0.0231979 2.73249 
41 2.6444 0.169487 2.56333 2.43777 -0.0340339 2.38461 
42 2.32829 0.146292 2.26478 2.14111 -0.0261913 2.10212 
43 2.41061 0.181062 2.35394 2.20645 -0.0206338 2.17907 
44 2.22025 0.154894 2.16185 2.02138 -0.020792 2.00038 
45 2.1965 0.167498 2.13934 1.993 -0.0222854 1.96867 
46 2.13492 0.181653 2.09852 1.94389 -0.0134302 1.92941 
47 2.13845 0.195859 2.08974 1.91356 -0.0199967 1.90872 
48 1.93582 0.169103 1.88979 1.71007 -0.0165079 1.69388 
49 1.82478 0.171277 1.79287 1.64718 -0.00672898 1.63349 
50 1.74487 0.172804 1.71522 1.55139 -0.0115654 1.5375 
51 1.65265 0.16078 1.61796 1.45671 -0.0147659 1.44458 
52 1.37539 0.141598 1.33769 1.18912 -0.0124597 1.17703 
53 1.37626 0.152513 1.34081 1.18858 -0.016628 1.18689 
54 1.39965 0.149684 1.3695 1.20946 -0.0100998 1.2127 
55 1.28494 0.15946 1.23162 1.08382 -0.0176241 1.06231 
56 1.17417 0.131592 1.14135 0.989095 -0.00862153 0.978158 
57 1.01185 0.104973 0.972161 0.826058 -0.00619967 0.812108 
58 1.03848 0.0979681 1.00253 0.839118 0.00289169 0.835011 
59 0.983707 0.0970619 0.947746 0.7883 -0.00713753 0.785188 
60 0.824479 0.100119 0.795242 0.643345 -0.0199989 0.637082 
61 0.894641 0.0991334 0.858215 0.673612 -0.0175132 0.66742 
62 0.753384 0.0909894 0.72767 0.580943 -0.0102939 0.574898 
63 0.746495 0.0771966 0.720201 0.565853 -0.0118974 0.561044 
64 0.693211 0.0766985 0.666272 0.49466 -0.0123201 0.492146 
65 0.629256 0.0583741 0.589946 0.441631 -0.00438317 0.429638 
66 0.568867 0.0644241 0.543327 0.397035 -0.0131885 0.387757 
67 0.525393 0.0368482 0.49538 0.352373 -0.0072335 0.344716 
68 0.432887 0.0222839 0.41135 0.279464 -0.00572471 0.278107 
69 0.462912 0.0297911 0.44091 0.289741 -0.0122181 0.286219 
70 0.393526 0.00705269 0.359308 0.205092 -0.0134008 0.202421 
71 0.367957 -0.000315925 0.333162 0.196068 -0.00402466 0.19186 
72 0.311686 -0.0302186 0.284591 0.139344 -0.00572133 0.137598 
73 0.274447 -0.0302665 0.253694 0.118661 -0.00699207 0.10962 
74 0.305235 0.00225367 0.279742 0.140579 -0.0115005 0.136537 
75 0.232563 -0.0330812 0.21804 0.0835343 -0.00802858 0.0818472 
76 0.240111 -0.0416915 0.211713 0.0570865 -0.00741446 0.0533824 
77 0.186603 -0.0529871 0.165743 0.0367997 -0.002196 0.0337805 
78 0.186605 -0.0407528 0.162164 0.0325631 -0.0126371 0.0263855 
79 0.169588 -0.0481831 0.150334 0.0244281 -0.00129753 0.0232651 
80 0.157395 -0.0628528 0.138225 0.00756412 -0.00462951 0.00513019 
81 0.171852 -0.0535445 0.14787 0.0020028 -0.0103755 0.00371961 
82 0.157699 -0.0597401 0.13424 -0.0153561 -0.00972237 -0.0178506 
83 0.141619 -0.0538619 0.122154 -0.00845338 -0.00132496 -0.0132462 
84 0.130644 -0.0582063 0.106222 -0.0225525 -0.000988358 -0.0208329 
85 0.127165 -0.0584116 0.107137 -0.0287133 0.00626842 -0.0269478 
86 0.125428 -0.0581383 0.0995087 -0.029329 -0.00609656 -0.0321084 
87 0.129948 -0.0618137 0.111085 -0.0280524 -0.00459719 -0.0299196 
88 0.117417 -0.0636279 0.100049 -0.0308128 -0.00151201 -0.0341491 
89 0.130133 -0.0622038 0.111148 -0.0369476 -0.00144531 -0.0363311 
90 0.124988 -0.0587676 0.0979801 -0.0259863 0.00228201 -0.0248733 
91 0.129056 -0.0642426 0.110971 -0.0427193 0.00219795 -0.0418324 
92 0.118074 -0.0554047 0.0968575 -0.0295083 -0.00723422 -0.0301882 
93 0.124936 -0.0515981 0.0975403 -0.0388363 -0.00669249 -0.0335959 
94 0.14137 -0.0552556 0.10981 -0.0329555 -0.00544101 -0.0318867 
95 0.111369 -0.0521512 0.0903237 -0.037738 -0.0038947 -0.0365464 
96 0.120257 -0.0542323 0.102314 -0.0397751 -0.0104578 -0.0379326 
97 0.135477 -0.0492116 0.109967 -0.0397588 -0.0028038 -0.0286529 
98 0.132399 -0.0479066 0.106576 -0.024329 -0.0195938 -0.0167223 
99 0.109689 -0.0461049 0.0926582 -0.0261205 -0.0117672 -0.02182 
100 0.118496 -0.0519492 0.0944385 -0.0429493 -0.00523789 -0.035526 
101 0.134572 -0.0526156 0.109854 -0.045018 -0.0104307 -0.0367513 
102 0.140499 -0.0437895 0.118755 -0.0350703 -0.0203042 -0.0254635 
103 0.130295 -0.042651 0.106862 -0.0392293 -0.0277009 -0.0256166 
104 0.154562 -0.0388485 0.127065 -0.0391217 -0.0258916 -0.0295249 
105 0.15124 -0.0418746 0.116858 -0.0351763 -0.0208211 -0.0310503 
106 0.145509 -0.0395253 0.111107 -0.038247 -0.0175702 -0.0253442 
107 0.144625 -0.0381159 0.108213 -0.0406069 -0.021269 -0.0274989 
108 0.132274 -0.0337269 0.105072 -0.0400773 -0.0202855 -0.037897 
109 0.141373 -0.0308165 0.106782 -0.041228 -0.0197758 -0.0280021 
110 0.138534 -0.0323812 0.102021 -0.0452555 -0.0244092 -0.032679 
111 0.161792 -0.0337282 0.125762 -0.0613086 -0.0303097 -0.0396337 
112 0.146787 -0.0246109 0.118866 -0.0344187 -0.0350622 -0.0253704 
113 0.174423 -0.0200848 0.135788 -0.0445879 -0.0351176 -0.0348087 
114 0.188781 -0.0182301 0.149615 -0.0406007 -0.0455974 -0.0294143 
115 0.168928 -0.0258338 0.122324 -0.0478295 -0.0344515 -0.0278996 
116 0.155842 -0.0208155 0.119214 -0.0426847 -0.0453437 -0.0227914 
117 0.139876 -0.0166791 0.106956 -0.0553983 -0.0249991 -0.0419363 
118 0.157159 -0.0167038 0.114451 -0.0506099 -0.0378225 -0.0250635 
119 0.167741 -0.0153812 0.123026 -0.0500555 -0.0294489 -0.0398803 
120 0.140912 -0.0222307 0.106781 -0.0638742 -0.0231316 -0.0481725 
121 0.144363 -0.013247 0.107831 -0.054784 -0.0359647 -0.036694 
122 0.140653 -0.0209943 0.0989016 -0.0569327 -0.0263157 -0.0469181 
123 0.158577 -0.0123436 0.113305 -0.0623977 -0.0411765 -0.0398001 
124 0.148792 -0.0140217 0.108713 -0.0439623 -0.0289018 -0.0354328 
125 0.157612 -0.0107582 0.119029 -0.0659979 -0.0308415 -0.0541451 
126 0.145844 -0.0106027 0.119507 -0.0674063 -0.0131589 -0.0565922 
127 0.132074 -0.00764314 0.104752 -0.0653404 -0.0239072 -0.0626749 
128 0.112519 -0.0151132 0.079287 -0.0514883 -0.00178326 -0.0468939 
129 0.143774 -0.00449416 0.11359 -0.064157 -0.0309304 -0.0553045 
130 0.124826 -0.00835569 0.0940325 -0.0573953 -0.010095 -0.0479138 
131 0.126983 -0.00989571 0.0984857 -0.0731112 -0.00515011 -0.0666528 
132 0.135024 -0.0107173 0.0976108 -0.0702819 -0.00535232 -0.0645349 
133 0.132976 -0.0117478 0.10492 -0.0550842 -0.0177451 -0.0472452 
134 0.124219 -0.0122417 0.0974915 -0.0647327 -0.020965 -0.0537108 
135 0.135608 -0.00589809 0.106703 -0.0588125 -0.0114281 -0.0494135 
136 0.132906 -0.00799866 0.0880921 -0.0751018 -0.021441 -0.0596156 
137 0.147526 -0.0098961 0.101807 -0.0618286 0.011668 -0.0517867 
138 0.139025 -0.00655875 0.0994081 -0.0590276 -0.000965522 -0.0622618 
139 0.128072 -0.00624511 0.0959066 -0.0648139 -0.00596374 -0.064164 
140 0.148527 -0.00626944 0.114024 -0.0607471 -0.0209258 -0.0470496 
141 0.166633 -0.0119666 0.122008 -0.0417456 -0.019989 -0.0220676 
142 0.181684 -0.0139212 0.138216 -0.0437514 -0.00890939 -0.0332992 
143 0.149994 -0.00724471 0.110691 -0.0554862 0.00497828 -0.047012 
144 0.195953 -0.0105129 0.14685 -0.0236292 -0.0337136 0.0015067 
145 0.214838 -0.0289705 0.156204 -0.042988 -0.00797153 -0.0357518 
146 0.240037 -0.0194514 0.170319 -0.0183728 -0.0222489 0.00333594 
147 0.276847 -0.0369766 0.198976 -0.0166515 -0.0430845 0.0185291 
148 0.337317 -0.0400379 0.245588 0.00685932 -0.0486505 0.068383 
149 0.383377 -0.0551708 0.291591 0.0120866 -0.0630316 0.06846 
150 0.319608 -0.0631932 0.239764 -0.0181585 -0.0400623 0.0347033 
151 0.394948 -0.066962 0.262567 -0.0155732 -0.0299955 0.0776184 
152 0.415581 -0.088287 0.309816 -0.0410014 -0.0501769 0.0396822 
153 0.498354 -0.112619 0.356809 -0.03117 -0.0548498 0.0858183 
154 0.468066 -0.14324 0.357413 -0.0899919 -0.0340792 -0.007402 
155 0.627235 -0.148878 0.450946 -0.0794789 -0.0813427 0.0349707 
156 0.711676 -0.165711 0.502126 -0.0708978 -0.0817136 0.0811916 
157 0.676395 -0.236981 0.520743 -0.160179 -0.0568579 -0.0472549 
158 0.797327 -0.218457 0.575148 -0.20175 -0.0695273 -0.0247624 
159 0.790872 -0.26078 0.563836 -0.29677 -0.0224981 -0.105651 
160 0.795567 -0.294858 0.583001 -0.360985 -0.0335172 -0.19459 
161 0.889707 -0.266264 0.622446 -0.376988 -0.0498328 -0.156103 
162 0.981209 -0.288867 0.706079 -0.414705 -0.0484702 -0.199011 
163 0.998801 -0.286907 0.709354 -0.494916 -0.0678729 -0.260043 
164 1.0808 -0.285727 0.758483 -0.523437 -0.032185 -0.271944 
165 1.04635 -0.273502 0.756533 -0.614139 -0.0278586 -0.358858 
166 1.16382 -0.27921 0.851318 -0.639829 -0.0472968 -0.377195 
167 1.2471 -0.223228 0.894368 -0.75244 -0.0482648 -0.469076 
168 1.22976 -0.222286 0.917598 -0.768223 -0.0579154 -0.496331 
169 1.14997 -0.199855 0.825763 -0.756764 -0.00338023 -0.505946 
170 1.3099 -0.193101 0.898574 -0.870911 -0.0259297 -0.527796 
171 1.33229 -0.132215 1.01034 -0.880374 -0.0369377 -0.599492 
172 1.34003 -0.117719 0.988117 -1.02525 -0.00937514 -0.731987 
173 1.37738 -0.106706 1.05127 -0.957235 0.00901629 -0.729132 
174 1.23695 -0.102515 0.908997 -1.00344 -0.00259019 -0.726767 
175 1.23885 -0.0442203 0.982521 -0.936044 0.00719045 -0.717929 
176 1.26255 -0.0840569 1.03155 -0.830686 0.0318963 -0.648839 
177 1.2205 -0.043855 1.01529 -1.0018 -0.0285523 -0.832786 
178 1.32475 -0.0206508 1.07589 -1.06966 0.0088989 -0.840833 
179 1.28012 0.0347548 1.01432 -0.924491 0.0364809 -0.779336 
180 1.02564 0.0774459 0.795244 -0.86605 0.00979618 -0.683621 
