0 8.82318 -0.014848 -0.00318757 0.00125545 -0.0188485 8.81253 0.00279044 0.000196315 -0.00299773 -0.000834827 8.82102 -0.00110406 0.000465219 -0.0010493 -7.19793e-05 8.8118 
1 10.0556 -0.0222566 -0.00133015 -0.00285307 -0.0228095 10.0406 -0.0149745 -0.00397673 -0.000143003 -0.0102086 9.99697 -0.00904437 -0.000620425 0.00489509 0.0075425 9.98833 
2 6.7204 -0.0426789 0.00101667 -0.00160204 -0.0420456 6.7134 -3.08385e-05 0.00204213 0.000555151 -0.00102027 6.71076 0.000253985 -0.00170286 -0.0014056 -0.000103682 6.70521 
3 9.65656 -0.0886605 0.000568507 0.0037489 -0.0875989 9.62905 -0.00993009 0.00435941 0.000494339 -0.0147505 9.63252 -0.0036368 0.00512543 -0.00387538 -0.00234056 9.60931 
4 8.15279 -0.132712 -0.00106469 -0.00153964 -0.133236 8.14212 0.00717792 -0.0052473 -0.00392512 -0.00201809 8.12101 -0.00539045 -0.00195706 -0.00173023 0.00722261 8.11508 
5 6.96215 -0.0845573 0.00269857 0.00254625 -0.0850423 6.91771 -0.0161072 0.00315401 0.004055 -0.0179797 6.92688 8.98434e-05 0.00220791 0.00147964 0.00147749 6.88758 
6 7.1817 -0.137837 0.00020174 -0.000210398 -0.137871 7.1413 -0.0104384 0.00157031 0.00089838 4.34648e-05 7.1488 -0.00101658 -6.74204e-05 0.000804133 0.00119074 7.11541 
7 7.04625 -0.180444 0.00173097 0.000721668 -0.181644 7.01772 0.00244899 0.00129089 0.00086114 0.00415169 7.00981 0.00181348 0.000697842 -0.00119663 0.00169858 6.98597 
8 7.49981 -0.182159 -0.00328489 -0.00048907 -0.181836 7.47485 -0.00609314 0.00157012 -0.0022576 -0.00635793 7.46544 -0.00575827 -0.00074465 0.00299095 0.0064719 7.44642 
9 6.79971 -0.23696 0.00277906 -0.00137251 -0.237474 6.78979 -0.00059263 -0.000530184 0.00216106 -0.002653 6.75951 0.000574488 -0.00123031 -0.000922667 -0.00188416 6.75234 
10 7.1278 -0.196164 -0.00119049 0.000379353 -0.195802 7.10056 -0.000805719 0.00146538 -0.000580091 0.00296946 7.09133 -0.0017104 0.000342862 -6.64264e-05 -0.000204504 7.0697 
11 6.891 -0.193216 -0.00122718 -0.000150288 -0.193294 6.87449 -0.00105598 -0.000441548 -7.95874e-05 -0.00265212 6.82953 -0.00377676 -0.000613227 0.000266208 0.00493579 6.81806 
12 6.58472 -0.231298 -0.00089673 0.000808486 -0.230426 6.56694 -0.00410076 0.000288217 -0.000486909 -0.000735595 6.5322 -0.00436468 0.000259423 0.000928351 0.00310512 6.51708 
13 6.82568 -0.256142 0.00146831 -0.000447717 -0.256653 6.80261 -0.000185718 -0.00199077 0.00075553 0.000357587 6.77045 -0.00185452 -2.95391e-05 0.000598997 0.00256186 6.75331 
14 6.43632 -0.219377 0.00012627 -0.00010353 -0.219426 6.41816 0.0015193 0.0024479 0.000926895 0.00439728 6.3777 -0.0047319 -0.000607801 -0.000357501 0.00614298 6.36275 
15 6.5445 -0.209855 0.00165441 -0.000256023 -0.209996 6.51955 0.00903754 -0.00298996 0.000745136 0.00227097 6.47155 -0.00437579 -0.000171944 -0.00157215 0.00421247 6.45035 
16 6.60491 -0.239214 -0.00152057 0.000394651 -0.239011 6.59622 0.00200185 0.000585815 -0.000853622 4.20152e-05 6.52975 -0.00413264 0.000457285 2.9717e-05 0.00437057 6.52347 
17 6.31518 -0.185827 0.00199161 -0.000800874 -0.186233 6.30703 0.00250231 0.00118486 0.00154262 0.00128752 6.24469 -0.00610836 -0.000491684 -0.0018089 0.0060779 6.23938 
18 5.97879 -0.254015 0.000889247 0.000265744 -0.252887 5.96451 0.00158791 0.00138111 0.000671133 -0.00116893 5.89084 -0.00492089 0.000249654 -0.00141773 0.0034307 5.88019 
19 6.41614 -0.201413 0.00124478 0.000466041 -0.201497 6.39998 -0.00211257 0.000469027 0.00099825 0.00719334 6.3334 -0.00403807 0.000353469 -0.000193512 0.00330393 6.32011 
20 5.77245 -0.209776 0.000566107 -0.000375427 -0.210396 5.75791 -0.00101335 -0.000338229 0.000109751 -0.00854652 5.68103 -0.00190831 -0.00011764 6.77757e-05 0.00351065 5.66994 
21 5.93287 -0.217401 -0.000887611 3.47496e-05 -0.217588 5.92628 0.00302104 0.000707794 -0.000708489 -0.00251733 5.83009 -0.00392324 4.12257e-05 0.000230488 0.00348965 5.82635 
22 5.65762 -0.212464 -0.000267925 0.000668822 -0.214003 5.64001 0.00162949 -0.00400956 -0.000119662 -0.000752656 5.54869 -0.00338574 -0.000223846 0.00261752 0.00790369 5.53805 
23 5.37862 -0.121301 -0.000787179 0.000225215 -0.121408 5.37173 0.00383044 -0.00128301 -0.000979419 0.00136973 5.28225 -0.00270919 -8.0975e-05 0.00010413 0.00303969 5.27944 
24 5.26262 -0.129711 0.00102717 -7.56893e-05 -0.129526 5.25269 0.00360488 -0.000385149 0.00126208 -0.00155711 5.15524 -0.00625277 -0.000400047 0.00113944 0.00570842 5.14949 
25 5.35957 -0.156701 0.00144535 -0.000486404 -0.156824 5.35028 0.00311295 -0.00162514 0.000338552 -0.00169971 5.23834 -0.00495763 -0.000165838 -0.00147527 0.0038547 5.23299 
26 5.18955 -0.136948 0.000547779 -0.000286286 -0.136594 5.17491 -0.00258165 0.000667916 0.00114114 0.00284864 5.05888 -0.00758096 9.40833e-05 0.000682662 0.00480426 5.04985 
27 5.07573 -0.106739 0.000830535 -5.82798e-05 -0.10673 5.06157 0.0029884 -0.00165002 0.000495303 -0.00199288 4.94717 -0.00607101 -0.000559551 0.00157864 0.00738239 4.9388 
28 4.87861 -0.0764342 0.000332335 -8.39784e-05 -0.0757701 4.86322 0.000670821 -0.0013669 -0.000567402 -0.000890651 4.74874 -0.00999419 -4.01195e-05 -0.00277064 0.00659687 4.73977 
29 4.51641 -0.11602 -0.000717201 0.000240509 -0.115976 4.50304 -0.00622242 0.000738644 -0.000285265 0.00668853 4.37461 -0.00731094 -0.000133254 0.00121386 0.00627077 4.36641 
30 4.39611 -0.0629893 -6.06671e-05 -0.000166705 -0.0632768 4.38472 -0.00897594 0.00348616 0.00187346 0.0110972 4.25948 -0.00582674 0.000480434 -0.000784319 0.00655786 4.25266 
31 4.45643 -0.0343767 0.000311697 -6.19092e-05 -0.0344865 4.44318 0.00234864 0.000137939 3.15014e-05 -0.00337426 4.31327 -0.00853454 -7.73839e-05 -8.26356e-05 0.00922262 4.3047 
32 3.95109 -0.047418 -0.00209331 -4.66202e-05 -0.0472775 3.94461 0.00276868 0.00109769 -0.00232834 -0.00186987 3.81245 -0.00595336 0.000153141 -0.00114392 0.00546594 3.81036 
33 3.84259 -0.0238983 -0.00197787 0.0001298 -0.023641 3.83412 0.000908922 -0.000202964 -0.00248578 -0.00334544 3.70595 -0.00460475 -0.000239152 0.000460388 0.00415587 3.70221 
34 3.634 -0.0506764 -0.00101123 0.000174967 -0.0508312 3.62337 0.000105681 -0.000347575 -0.000977514 0.00128329 3.47814 -0.00442717 5.53874e-05 -0.00130539 0.0035704 3.47224 
35 3.71225 -0.0637939 -0.000470049 -0.000207657 -0.0643128 3.70144 0.00586979 -0.000282588 -0.0013612 -0.00724372 3.52808 -0.0101936 -0.000515999 -0.00155045 0.0126334 3.52439 
36 3.59961 0.0380412 0.000394568 -2.67862e-05 0.0377866 3.5905 0.00266644 -0.000471686 -0.000245981 0.000696191 3.45008 -0.00592431 0.000174646 -0.002031 0.00679259 3.44675 
37 3.283 0.010632 0.000729401 9.73751e-06 0.0109999 3.27737 -0.00493652 -0.000169288 0.00175094 0.00439095 3.12703 -0.00530974 -3.94008e-05 0.000730375 0.004248 3.12681 
38 3.29724 0.0179481 -0.000452349 0.000221015 0.0176998 3.28871 -0.00306971 -0.00107465 -0.000566748 0.000980323 3.12223 -0.00712616 -8.40386e-05 -0.000280231 0.00690338 3.11941 
39 2.96561 0.0113402 -0.0011227 2.27695e-05 0.0111293 2.95496 -0.00641988 -0.000798484 -0.0008036 0.00603549 2.79651 -0.006938 -1.54319e-05 -0.00210152 0.00751786 2.79117 
40 2.9115 0.0460015 -0.000469023 -1.49312e-05 0.0459158 2.90449 0.00130267 0.00182273 -0.000701944 0.000197614 2.74258 -0.00666491 6.1083e-05 -0.00181432 0.00720917 2.74022 
41 2.79856 0.0504931 -0.000978939 0.00020216 0.0506367 2.78654 -0.00266516 0.00234032 0.000164242 0.00365416 2.62152 -0.00982237 -0.000230141 -0.000184333 0.00991809 2.61505 
42 2.6259 -0.00454319 0.00012523 2.21227e-05 -0.00447029 2.62132 -0.00145738 -5.41527e-05 0.000154501 0.00381158 2.43216 -0.00534545 -2.01519e-05 -0.00023566 0.00575445 2.43164 
43 2.67382 0.0777444 -0.000726841 9.33221e-05 0.0778615 2.66547 -0.00443443 -0.000840085 9.78431e-06 0.00567015 2.49592 -0.00536627 0.000164743 0.000212198 0.00486506 2.49301 
44 2.52482 0.0720701 -0.000683518 4.42415e-05 0.0720048 2.51998 -0.00115327 9.60486e-05 -0.000600264 0.00127854 2.34357 -0.00398902 5.20463e-05 -0.00124991 0.00461496 2.34409 
45 2.27288 0.033551 0.000865091 -6.90891e-05 0.0334887 2.26855 0.00751013 0.000114913 -1.94904e-05 -0.00744673 2.08286 -0.00390473 -0.000212613 0.00137075 0.00384258 2.08281 
46 2.37574 0.0856001 -0.000393833 8.06586e-05 0.0852037 2.36909 -0.00576831 -0.000345003 0.000319569 0.00405914 2.17962 -0.0044146 -0.000114962 0.000542065 0.00570127 2.17838 
47 2.25383 0.0693916 -0.001359 -1.34047e-05 0.0696734 2.24579 -0.00135679 0.00141895 -0.000513825 0.00184653 2.0487 -0.00629331 7.25467e-05 -0.00024734 0.00647451 2.04592 
48 2.08475 0.0515627 -0.000315944 -7.50785e-05 0.0513357 2.07981 -0.000709202 -0.000322862 -0.000287733 0.000986549 1.87881 -0.00241047 -3.0658e-05 -0.000410743 0.00268668 1.87872 
49 2.08024 0.0931088 0.000328173 -2.85624e-05 0.0932194 2.07532 -0.00352298 -0.000220393 0.000640208 0.000415043 1.88135 -0.00368376 -3.71187e-06 0.000669662 0.0037149 1.88155 
50 1.82979 0.00938062 -0.000347118 6.89355e-05 0.00950355 1.8236 -0.0022484 0.000542692 0.000337855 0.00322288 1.59761 -0.00500176 9.43595e-05 2.32933e-05 0.00464924 1.59643 
51 1.66947 0.050776 -0.00021833 -0.000131072 0.050646 1.66504 -0.00423425 0.000745698 0.00111018 0.00816392 1.46733 -0.00463083 0.000210383 -0.000583101 0.00493628 1.46855 
52 1.79894 0.0755789 0.00100507 0.000101442 0.0756708 1.79356 -0.00366389 -0.00103712 0.00169155 0.00396734 1.57359 -0.00523906 -1.64702e-05 -0.000504492 0.00442989 1.5741 
53 1.69673 0.0944453 0.000191093 -3.83316e-05 0.0946275 1.69103 -0.00869661 -0.000298393 0.00202936 0.00973071 1.47884 -0.00692976 1.25459e-05 -0.000979597 0.00612559 1.47897 
54 1.56196 0.0865461 -0.000118737 -1.76504e-05 0.0865367 1.55752 0.000915989 -0.00034921 -0.000169912 0.00143866 1.35031 -0.00510581 4.82796e-05 -0.000285897 0.00522415 1.35161 
55 1.43193 0.0464213 -0.000485083 -1.51641e-05 0.0466568 1.4282 -0.00273026 -0.000270084 6.80967e-06 0.00148712 1.21021 -0.00413238 5.37477e-06 0.000215785 0.00398773 1.21127 
56 1.30389 0.0218415 -0.00073637 7.28805e-05 0.0219779 1.29934 0.000978737 0.000495279 -0.00108311 -0.0025654 1.07506 -0.00351023 -3.95872e-05 0.000962907 0.00318707 1.07538 
57 1.22209 0.0782774 0.000860188 9.71241e-05 0.0784136 1.21769 0.00356097 0.000762255 4.92093e-05 -0.00387876 1.024 -0.00666557 4.98675e-05 0.000274816 0.00672335 1.02507 
58 1.10245 0.0167933 -0.00118629 6.19249e-05 0.0167215 1.09867 -0.00604283 0.000537393 0.000721395 0.00568681 0.879853 -0.00427463 7.08338e-05 0.000526321 0.00441274 0.880424 
59 1.12619 0.0527791 -0.000109425 -2.2306e-05 0.0526389 1.12211 -0.00141133 0.000528765 0.000595501 0.00295335 0.913796 -0.00280407 -3.57084e-05 -0.000155007 0.00304488 0.914803 
60 0.929918 -0.0174458 0.000383915 8.33843e-05 -0.0174554 0.926575 0.00075625 -0.000239366 0.000322349 -0.00162801 0.702465 -0.0043476 -7.58237e-05 8.16282e-05 0.00415558 0.703512 
61 0.947463 -0.0265451 0.000398576 2.50252e-05 -0.0263293 0.941659 -4.79211e-05 -0.000137974 0.000122941 -0.000989159 0.692411 -0.00668784 -1.60854e-05 -0.000106821 0.00621135 0.691992 
62 0.808292 0.00104737 -0.000872442 -0.0001003 0.000822246 0.80408 -0.0030318 0.000655938 0.00032637 0.00450174 0.597435 -0.00503258 6.68412e-05 -0.000855019 0.00528475 0.597387 
63 0.73318 -0.0441921 0.000214259 4.61504e-05 -0.0441131 0.730695 9.50262e-05 -0.000548471 0.000230678 -0.000289406 0.506647 -0.00407647 4.95048e-05 -0.000234302 0.00437618 0.507586 
64 0.690441 -0.0563394 0.000434076 -1.60016e-05 -0.0563463 0.686953 -0.000549334 0.000329375 0.000824487 0.00101287 0.453873 -0.00581916 -1.60761e-05 0.000121437 0.00600362 0.454606 
65 0.702552 0.0270266 0.00057594 -0.00013715 0.0269292 0.699271 0.00258132 -0.000196786 -0.000399542 -0.00239657 0.510048 -0.00596238 -9.80713e-06 -0.000222312 0.00595669 0.511039 
66 0.670958 -0.0332139 -0.000311166 1.38214e-05 -0.0332117 0.668653 -0.00248131 0.00013128 0.000643398 0.00254352 0.439829 -0.00470432 0.00010149 0.00028891 0.0048639 0.44103 
67 0.511219 -0.0528152 -0.000235034 2.07914e-05 -0.0529554 0.508452 -0.000209597 -0.000635606 -0.000240098 0.000767727 0.301607 -0.0081583 6.45045e-05 -0.000495157 0.00814518 0.302362 
68 0.528782 -0.0523359 6.75226e-05 1.78884e-05 -0.0525049 0.526024 0.0020559 0.000317325 -5.84382e-05 -0.000778846 0.308224 -0.00582998 3.44876e-05 0.000685175 0.00626403 0.309012 
69 0.437024 -0.0742311 0.000174748 -0.000119977 -0.0742923 0.434212 0.00143667 0.000227212 -0.000267963 -0.000952799 0.222656 -0.00704533 -7.61976e-05 -0.000707835 0.00739506 0.222836 
70 0.41851 -0.083847 0.0005052 5.16556e-05 -0.0839089 0.416642 0.00392088 0.000108704 -0.000912038 -0.00367801 0.196824 -0.00808376 5.17793e-05 0.00012456 0.00814359 0.197904 
71 0.413807 -0.063341 -0.000561544 8.93811e-06 -0.0634916 0.411431 -0.00112033 0.000204209 -2.03015e-05 0.00105562 0.203445 -0.00661998 -9.2659e-06 9.93758e-05 0.00675822 0.204142 
72 0.402426 -0.0781229 -0.000317571 2.59282e-05 -0.0781523 0.400158 0.000309601 0.000200601 -0.000774825 -0.00135973 0.178423 -0.00526868 -7.72397e-05 -0.000230606 0.00559379 0.179146 
73 0.337269 -0.0696897 -1.46172e-05 -1.58324e-05 -0.0697774 0.334743 0.000738271 0.000479777 -6.4305e-05 0.000205007 0.136558 -0.00773616 4.07194e-05 -0.000394823 0.0076422 0.137372 
74 0.305848 -0.0811877 -0.000263405 1.76379e-05 -0.0811411 0.303778 -0.00281666 0.000387642 0.000891407 0.00339273 0.104677 -0.00594263 4.28053e-05 0.000655857 0.00604675 0.10528 
75 0.291609 -0.100313 -0.000210052 -2.4429e-06 -0.100373 0.289309 -0.00100233 -9.28792e-05 -0.000146059 -0.000503439 0.0755396 -0.00614606 8.15796e-05 0.000637981 0.00576371 0.0757527 
76 0.253355 -0.089162 -0.000488393 4.80459e-05 -0.0891815 0.251098 -0.00116525 0.000196547 0.00022824 0.00108584 0.0581025 -0.00628325 -3.64923e-06 -6.62814e-05 0.00599476 0.0581005 
77 0.231903 -0.0975157 -0.000355373 3.39982e-05 -0.0975966 0.230077 -0.000831217 0.000141737 -4.34641e-05 0.000758951 0.0342351 -0.0042154 1.124e-05 2.56611e-05 0.0043485 0.0346655 
78 0.226996 -0.119886 0.000117527 3.0133e-05 -0.119849 0.225491 0.000520372 -6.51481e-05 0.000131285 0.000691032 0.00629388 -0.00460932 2.14253e-05 0.000319607 0.00459418 0.00635373 
79 0.183128 -0.103158 0.000370984 -7.63218e-05 -0.103333 0.180987 0.000530793 -0.000572182 -0.0008149 -0.00279716 -0.00482369 -0.00363003 -2.88025e-05 -0.000265591 0.00406587 -0.00505831 
80 0.162676 -0.0887839 -0.000264811 1.70869e-05 -0.0889103 0.160969 -0.000612289 0.000639026 0.000380722 0.00197376 -0.00624102 -0.00426003 -1.14586e-05 0.000195125 0.00473418 -0.00609814 
81 0.175966 -0.0980866 -0.000433226 -1.15859e-05 -0.0981511 0.174774 -0.0014183 -0.000261214 0.000392772 0.000859266 -0.0131109 -0.0030232 -2.34055e-06 -0.000122789 0.00320454 -0.0125976 
82 0.180011 -0.11327 -0.000316884 5.74829e-05 -0.113297 0.177937 -0.000143347 0.000461199 0.000244758 0.000206307 -0.0310459 -0.00466681 4.50541e-05 -0.000198336 0.00503762 -0.0307986 
83 0.158701 -0.110407 -0.000251659 4.95529e-05 -0.110331 0.156677 -0.000778758 0.000687345 5.47412e-05 0.000277735 -0.0411673 -0.00358487 9.725e-05 0.000787827 0.00392611 -0.0413383 
84 0.155397 -0.117875 -5.52095e-05 -3.55947e-05 -0.117978 0.153888 -0.000789349 0.000224713 0.000118674 0.000222571 -0.0511734 -0.00193861 -2.27309e-05 -0.000333711 0.00225302 -0.0516198 
85 0.140247 -0.102928 4.00594e-05 -4.26339e-05 -0.102897 0.139374 0.000512909 -7.98938e-05 3.71833e-06 6.45466e-05 -0.0474129 -0.00182625 5.25069e-05 -0.000133899 0.0016669 -0.0472581 
86 0.150047 -0.110419 9.71116e-05 4.11931e-05 -0.110403 0.14878 -2.37706e-05 0.000158523 -0.000151882 -0.000165657 -0.0561451 -0.00256791 -6.38736e-05 8.4516e-05 0.00254522 -0.0554792 
87 0.142686 -0.111331 -0.000267751 6.26027e-05 -0.111334 0.141414 -0.000131788 0.000305615 6.71753e-05 0.000408284 -0.0637809 -0.00124934 1.59224e-05 0.000121185 0.00126804 -0.0640087 
88 0.149566 -0.111482 6.41233e-05 -8.03652e-05 -0.111574 0.148592 0.000203904 7.09412e-05 0.000341513 0.000463431 -0.0668127 -0.00148311 3.07997e-05 -4.81067e-05 0.00149259 -0.0664692 
89 0.125481 -0.0952103 -4.45946e-05 1.02842e-05 -0.0953905 0.124164 0.000185769 0.000176842 8.77407e-05 0.000123454 -0.0624927 -0.00266591 5.65916e-05 9.01738e-06 0.00273357 -0.062268 
90 0.138329 -0.104999 0.000111468 2.19262e-05 -0.104955 0.136878 0.000577476 -0.000106147 1.90968e-05 -6.24259e-05 -0.0712611 -0.00125884 9.29233e-05 0.000236402 0.00133463 -0.0709197 
91 0.147592 -0.111781 -6.65409e-05 4.4776e-05 -0.111785 0.145897 -0.000263882 -0.000163306 -5.11265e-05 -0.000803 -0.0806659 -0.00180548 5.01828e-05 -0.000573296 0.00190088 -0.0803239 
92 0.117174 -0.0882342 -7.96359e-05 -2.04771e-05 -0.088349 0.115609 7.42689e-05 1.12368e-05 0.000266244 -0.000330418 -0.0657764 -0.000154872 1.58719e-05 -2.1187e-05 0.000203995 -0.0657466 
93 0.129414 -0.0968991 -0.000126502 7.25886e-05 -0.0969277 0.128363 -0.000430224 0.000138242 -7.59066e-05 6.66642e-06 -0.0761248 -0.001205 -1.07073e-05 0.000158324 0.0010959 -0.0756768 
94 0.135722 -0.0989764 -0.000459327 0.0001816 -0.0989904 0.133461 0.00059666 -0.000291397 -0.000186028 -0.000885335 -0.0808728 -0.00210559 1.89669e-05 -0.000274197 0.00213716 -0.0793632 
95 0.118714 -0.0806968 0.000528549 3.29705e-06 -0.0811432 0.116242 0.000667717 -0.000963166 -0.000738807 -0.00110624 -0.0682584 -0.00364485 -9.75631e-05 -0.000751658 0.00385451 -0.0665783 
96 0.124063 -0.086994 0.000358253 -5.7313e-05 -0.0870349 0.122291 0.00105675 -0.000423412 -0.000249953 -0.000138162 -0.0771541 -0.00207318 -0.000100616 -0.000150911 0.00201464 -0.0763432 
97 0.120362 -0.080852 -0.000474838 3.61718e-05 -0.0808122 0.1179 -0.00103531 0.000323363 0.000449148 0.000218342 -0.0751277 -0.00237846 4.39841e-05 0.000226653 0.00240456 -0.0736938 
98 0.134936 -0.0911025 -0.000218328 2.21064e-05 -0.0909592 0.132734 0.00126664 -0.000311103 0.000148083 -0.000987776 -0.087302 -0.00243697 -4.48107e-05 -0.000223881 0.00246907 -0.086027 
99 0.132076 -0.0842012 -0.000249489 6.88047e-06 -0.0841936 0.130113 -0.00054912 0.000269072 0.000182075 0.000876754 -0.0861639 -0.00447636 -6.35543e-05 0.000618522 0.00444948 -0.0850064 
100 0.11857 -0.0746597 -0.00048584 8.86698e-05 -0.0747162 0.116305 -0.00067993 0.000473224 0.00038865 0.000931551 -0.0766611 -0.00325718 2.44429e-05 0.000499383 0.00323974 -0.0752516 
101 0.12443 -0.0766274 0.000709347 -0.000170231 -0.0764698 0.121899 0.00119508 -0.000650672 -0.000568511 -0.000780594 -0.0839928 -0.00267823 -0.000156255 -0.000828873 0.00268991 -0.0822608 
102 0.128191 -0.0781215 -0.000174665 0.000123293 -0.078134 0.125987 0.000173823 6.9093e-05 -0.000351125 0.00101579 -0.0864997 -0.00308194 -7.89494e-05 0.000663709 0.0031218 -0.0855651 
103 0.116549 -0.0694694 -5.9246e-05 8.36464e-06 -0.069403 0.114613 0.000203328 0.000301376 0.000280289 -0.000389261 -0.0794541 -0.00379443 0.000144958 -0.000127404 0.00365194 -0.078399 
104 0.132509 -0.0697078 -7.5493e-05 7.27172e-05 -0.069572 0.127836 0.0020153 -0.000590955 -0.000219817 -0.00173841 -0.0860634 -0.00974622 -8.61095e-05 -0.000644773 0.00926652 -0.0823429 
105 0.117812 -0.06225 -0.000779396 0.000210116 -0.0621478 0.115107 -0.000265036 0.000436358 0.000457743 -0.000447002 -0.0802404 -0.00746868 -7.13192e-05 0.000730909 0.00734624 -0.0783401 
106 0.132135 -0.0655431 1.81895e-05 -0.000197945 -0.0653416 0.126312 2.35546e-05 -3.55376e-05 0.000390479 0.00115217 -0.0883569 -0.00986171 -1.11822e-05 0.000280266 0.00969626 -0.0843869 
107 0.129637 -0.0639785 6.36083e-05 -3.02404e-05 -0.0639802 0.12573 0.000464205 -0.000368664 -8.35729e-05 -0.00031484 -0.0860002 -0.00969993 9.57323e-05 -0.00042402 0.00971253 -0.0828608 
108 0.144303 -0.0636579 0.000957042 -0.000523999 -0.0638521 0.137337 0.00130518 -0.000846247 -0.000399816 -0.000979829 -0.0952909 -0.0152321 -6.77093e-05 -0.00112378 0.0154388 -0.089455 
109 0.120869 -0.0552542 0.000295156 -0.000330833 -0.0550638 0.118153 0.000338644 -0.000320052 -0.000264601 0.000472931 -0.0808433 -0.00956428 -0.000317202 0.000127132 0.0095052 -0.079256 
110 0.137039 -0.0543919 4.59227e-05 -2.25011e-05 -0.05427 0.133563 0.000854057 0.000461144 0.000669355 -0.000829983 -0.085812 -0.0181848 0.000208226 0.000291467 0.0183838 -0.0831751 
111 0.116788 -0.0503719 -0.000141903 -2.05906e-05 -0.0501979 0.113554 -0.00038568 0.000631798 4.11725e-05 0.000846918 -0.0801714 -0.00978382 -0.000194559 0.000471892 0.0097082 -0.0781135 
112 0.13009 -0.0536477 -0.000182941 -0.000116465 -0.0535066 0.12505 -0.0022072 0.000869499 3.25377e-05 0.00112577 -0.0920971 -0.011776 -0.000204563 0.000649877 0.0113908 -0.0882738 
113 0.124384 -0.0465916 0.00105253 -0.000451851 -0.0463212 0.118642 0.0042627 -0.00230688 -0.000456363 -0.00268038 -0.0806316 -0.0141909 -8.27338e-05 -0.00277979 0.0138528 -0.076574 
114 0.118754 -0.0397054 -0.000622415 0.0003188 -0.0395846 0.113441 -0.00132599 0.00241958 0.000542546 0.00119693 -0.0769729 -0.0168904 0.0004326 0.00214263 0.016649 -0.073209 
115 0.121015 -0.0426572 0.000562846 0.000168864 -0.0424501 0.116291 0.00230683 -0.000420644 -0.000303424 -0.00177705 -0.0807468 -0.0134953 0.00012691 -0.00127932 0.0131017 -0.0769306 
116 0.134275 -0.0444194 -0.000350319 0.000242171 -0.0450172 0.127394 0.00155398 -0.00143508 -0.000230144 -0.0013148 -0.0949967 -0.0152104 5.1291e-05 -2.20423e-05 0.0155862 -0.0899396 
117 0.128587 -0.0439289 -0.000304441 -0.000113878 -0.0440003 0.123345 0.001291 0.000305499 0.000625968 -0.00092949 -0.0933214 -0.0136629 -5.11425e-05 5.83963e-06 0.0137412 -0.0887526 
118 0.131234 -0.0412565 -0.000330326 -0.000116581 -0.0416163 0.125488 -0.00239372 0.00236344 0.000956806 0.00270572 -0.087772 -0.016351 0.00018102 0.00242239 0.0164613 -0.0832672 
119 0.143271 -0.0431271 -0.000383571 0.000126908 -0.0435983 0.137857 -0.000345486 -0.000383723 7.32147e-05 0.000722091 -0.101183 -0.0190201 -0.000274331 -5.93388e-05 0.0192526 -0.097001 
120 0.139032 -0.0431646 -0.000142164 0.000163115 -0.043031 0.135401 0.00365411 -0.00113585 0.000158319 -0.00303882 -0.104537 -0.0140363 2.67296e-05 -0.000960778 0.0137683 -0.101578 
121 0.119054 -0.0392105 6.4279e-05 3.13734e-05 -0.0390773 0.115479 -0.000989763 0.00116522 0.00015153 0.00128887 -0.0990031 -0.00679517 7.40838e-05 0.00011598 0.00695369 -0.0960551 
122 0.118596 -0.0329609 -0.0002038 0.000188207 -0.0331323 0.113419 0.00238593 -0.000590096 0.000129138 -0.00181209 -0.088034 -0.0135439 6.29953e-05 -0.000806317 0.0136371 -0.083927 
123 0.131382 -0.0311284 0.000342744 7.13543e-05 -0.0311708 0.12122 0.000979984 -0.000572641 7.63846e-05 3.51186e-05 -0.0965838 -0.0193788 0.000122325 -0.000179961 0.0190557 -0.087691 
124 0.127643 -0.0305555 0.000556085 0.000327283 -0.0308736 0.122586 0.000989336 -0.000949359 -0.000823393 -0.00177519 -0.098112 -0.0172572 -0.000132019 -0.00132804 0.0173598 -0.093864 
125 0.124429 -0.0359024 0.000111881 0.000124451 -0.0361641 0.122879 0.000575988 -0.000758932 -0.000317455 -0.000280909 -0.105506 -0.00664487 -9.34933e-05 -0.000522698 0.00682117 -0.104594 
126 0.121872 -0.0259983 -0.000289226 5.85066e-05 -0.0258303 0.11725 -0.00102092 0.00070389 0.000202729 0.00144457 -0.0911133 -0.0179393 -2.59711e-05 0.000543899 0.0176001 -0.0873288 
127 0.123519 -0.0319505 0.000114371 -4.60829e-05 -0.0317384 0.12075 0.00285044 -0.00167527 0.000132736 -0.00227383 -0.105035 -0.00887647 2.78973e-06 -0.00182258 0.00863596 -0.102994 
128 0.146475 -0.0308708 -0.000378949 0.000380958 -0.030921 0.141934 -0.000518995 -0.000602312 -0.000111476 -0.000906259 -0.112977 -0.018142 -0.000183928 -0.000634467 0.0183323 -0.109649 
129 0.119811 -0.0250521 0.000717033 -9.96061e-05 -0.0248791 0.115583 0.00250486 -0.00338291 -0.0013055 -0.00264949 -0.0961243 -0.0138002 -0.000474896 -0.00295185 0.0132034 -0.0931517 
130 0.112071 -0.023109 -6.56797e-05 -9.29788e-05 -0.0232263 0.109265 -0.00186575 0.00207365 0.000580202 0.00247625 -0.0945636 -0.0116295 0.00038895 0.00221767 0.0116698 -0.0922232 
131 0.125294 -0.024619 1.26883e-05 1.50225e-05 -0.0245605 0.121885 0.00139947 -0.000304365 0.000140892 -0.000677 -0.104019 -0.0137356 1.94653e-05 -0.000417604 0.0135808 -0.101756 
132 0.13003 -0.0240216 4.63416e-05 4.32578e-05 -0.0241687 0.127908 0.000706875 -0.00157969 -0.000272133 -0.000228531 -0.107949 -0.0126764 -0.000112574 -0.00125835 0.0127916 -0.106794 
133 0.114414 -0.0209506 5.90426e-05 0.000191007 -0.0209731 0.1117 0.000580847 -0.00117176 -0.00029403 -0.000937174 -0.0944959 -0.0106479 -6.50906e-05 -0.000692472 0.0106065 -0.0924013 
134 0.101901 -0.0169308 0.000578193 0.000121246 -0.0169419 0.0990444 0.00202301 -0.00190651 -0.000244236 -0.00188834 -0.0825086 -0.010416 0.00026735 -0.0013454 0.0104635 -0.0804957 
135 0.114447 -0.018389 -0.000185516 -0.000220086 -0.0184157 0.111731 -0.000816055 0.000341188 0.000244448 0.00101511 -0.0913165 -0.0117558 -0.000237782 -0.000175725 0.011661 -0.0897773 
136 0.133493 -0.0224727 -0.000310343 0.00015738 -0.0224575 0.131175 -0.000544135 0.000588459 0.000127266 0.00071273 -0.113419 -0.00863311 -0.000154509 0.000892129 0.00881581 -0.112005 
137 0.137035 -0.0229642 0.000381786 -4.51845e-05 -0.0227576 0.130473 -0.00212321 0.000480939 -0.000347511 0.00104124 -0.115723 -0.00692664 0.000111947 1.12224e-05 0.00628587 -0.111593 
138 0.134691 -0.0184309 0.000558957 3.29304e-05 -0.0187416 0.131113 0.00347133 -0.0015284 -0.000752206 -0.00259925 -0.102277 -0.0140479 1.03555e-05 -0.00180658 0.0139557 -0.100017 
139 0.125062 -0.0140029 -0.000507615 0.000442068 -0.0140758 0.12278 0.00145464 0.00104633 -0.000378231 -0.000771346 -0.085761 -0.0139726 -0.000386975 -6.96713e-05 0.0137774 -0.0847556 
140 0.142323 -0.0158399 -5.59549e-05 6.25954e-05 -0.0154715 0.135735 0.00195121 -0.00175356 -0.000612337 -0.00187746 -0.0818597 -0.0141029 -0.000197942 -0.0027788 0.0142668 -0.0766898 
141 0.143979 -0.0151715 4.20234e-05 -6.64657e-05 -0.0149547 0.137672 -4.28666e-05 0.000913155 9.24099e-05 0.000569328 -0.0894393 -0.0135997 6.46897e-05 0.00134758 0.0141847 -0.0843077 
142 0.139632 -0.0149878 -9.42909e-05 -6.31844e-05 -0.0150486 0.130664 0.00191646 0.000398748 0.000164062 -0.00255262 -0.0661085 -0.0168862 1.3871e-06 0.00139 0.0168903 -0.058532 
143 0.131437 -0.0194379 9.87896e-05 -0.000121414 -0.0195498 0.125289 0.00144354 0.000493186 0.000894887 -0.00196468 -0.0799444 -0.0113596 0.000197329 0.000345402 0.0110458 -0.0746995 
144 0.149691 -0.0213179 -0.000708094 0.000206905 -0.0217234 0.142878 0.00217498 -6.01312e-05 -0.000923482 -0.0019621 -0.0576605 -0.0150908 -0.000191436 -0.00113351 0.0149151 -0.052218 
145 0.17289 -0.0267604 -0.000363965 -0.000200037 -0.0269608 0.162436 -0.00587876 0.00295723 -9.46882e-05 0.0068175 -0.0773675 -0.0160402 -1.46048e-05 0.00231683 0.0157806 -0.0686761 
146 0.168251 -0.0246305 -0.0011364 -0.000420967 -0.0244248 0.157673 -0.00977082 0.0024824 0.00337319 0.00990286 -0.0437855 -0.0202411 -0.000129204 0.0033237 0.0206254 -0.0346666 
147 0.195919 -0.0267944 -0.000153752 0.000142673 -0.0263189 0.182994 0.000248133 -0.000452413 0.000270206 -0.00163618 -0.0513652 -0.0245343 5.09135e-05 -0.000996535 0.0242881 -0.0415989 
148 0.20157 -0.0376829 0.000259668 2.40078e-05 -0.0379782 0.184257 -0.00287736 -0.00100349 -0.00208394 0.00289399 -0.0538977 -0.0223287 0.000342563 -0.000557474 0.0218737 -0.038882 
149 0.246593 -0.038026 0.00147639 -0.000297191 -0.0368206 0.214921 -0.00120352 -0.000362452 -0.000580092 0.00301082 -0.0370819 -0.0402014 0.00054226 0.0014024 0.0414878 -0.00806571 
150 0.227963 -0.0538776 0.00325558 3.30136e-05 -0.0541298 0.203945 0.0121706 -0.00689067 -0.00196167 -0.0109592 -0.0477826 -0.0239942 0.000742972 -0.00519924 0.0245288 -0.0263283 
151 0.278583 -0.0469997 0.00247278 -9.72373e-05 -0.0467505 0.250633 0.0112737 -0.00399188 -0.00202083 -0.0111141 -0.0286816 -0.0496165 0.000305316 -0.003621 0.0498245 -0.00304484 
152 0.297436 -0.0589876 0.0040604 -0.000390106 -0.0566459 0.260488 0.0090617 -0.00488889 0.00203934 -0.0118467 -0.0469634 -0.0415297 0.000709526 -0.00369945 0.0422127 -0.0139754 
153 0.314758 -0.0641722 -0.00178026 -0.000550764 -0.0637605 0.268691 -0.0019933 0.00104428 0.00396974 0.00376623 -0.0394601 -0.0436757 0.000254429 0.00193807 0.0443746 0.00283999 
154 0.363666 -0.0864852 -0.0071144 0.000346707 -0.0855507 0.299152 -0.0231468 0.00724893 0.00256652 0.0233122 -0.0669828 -0.0445698 -0.00142453 0.00402356 0.0455675 -0.00697368 
155 0.402427 -0.0957199 0.00237181 -0.000325735 -0.0946791 0.314204 0.00617425 -0.00259409 -0.00368593 -0.0039136 -0.0792642 -0.0518455 0.00107727 -0.00112457 0.051878 0.0041812 
156 0.444432 -0.100082 0.0032643 3.80881e-05 -0.100125 0.378802 0.0133157 -0.00317816 -0.00232763 -0.0111108 -0.0634967 -0.0534839 0.000465242 -0.00179558 0.0544158 -0.00358662 
157 0.420544 -0.112427 0.00211857 0.000208904 -0.108879 0.320795 0.0135772 -0.00579352 -3.13302e-05 -0.0132598 -0.12002 -0.0420013 0.000575525 -0.00552028 0.0435239 -0.0280357 
158 0.465142 -0.126643 0.000800241 -0.000297895 -0.129044 0.351609 -0.0192244 0.00848367 0.00088352 0.0169415 -0.167096 -0.0385752 5.06154e-05 0.0082768 0.0382276 -0.0596177 
159 0.507045 -0.13344 0.00945657 -0.000890188 -0.131592 0.413357 -0.0213438 -0.00103541 -0.00522718 0.0231329 -0.170541 -0.0506704 0.000845932 0.00292679 0.050799 -0.0839064 
160 0.494665 -0.143895 -0.0024854 -0.000630644 -0.143628 0.365671 -0.0262213 0.013632 -0.00125655 0.0278061 -0.199718 -0.0368455 -0.00148197 0.0136628 0.0373773 -0.0771758 
161 0.528549 -0.131401 8.029e-05 -0.000216381 -0.12971 0.415552 -0.00666761 0.0011084 0.00133632 0.00698404 -0.188289 -0.0534692 -5.46782e-05 0.00256205 0.0542717 -0.0841402 
162 0.483818 -0.140403 -0.000484178 -0.00164784 -0.143804 0.369905 -0.00749498 0.000155327 0.00532375 0.00761153 -0.238342 -0.0273834 0.00123166 0.00276439 0.0275133 -0.130522 
163 0.569556 -0.149587 -0.00232326 0.000340968 -0.146277 0.41907 0.0112803 0.00244615 -0.000392817 -0.00995554 -0.294334 -0.0325691 -0.000527782 0.00186743 0.0333835 -0.150766 
164 0.557176 -0.13866 -0.0153977 2.41859e-05 -0.138799 0.431601 -0.0185023 0.00588806 0.0150883 0.0153694 -0.305533 -0.0299862 -0.0010423 0.00394139 0.0310645 -0.186696 
165 0.495798 -0.130375 0.010662 0.00102908 -0.131822 0.386076 -0.000261059 -0.00651956 -0.01176 -0.00130291 -0.288007 -0.0214127 0.000226312 -0.00753636 0.0222356 -0.184032 
166 0.566863 -0.12454 -0.0010843 0.000798729 -0.123391 0.417446 -0.0109156 0.00387015 -0.00166323 0.0114862 -0.358429 -0.0175368 -0.000781683 0.00202888 0.0183067 -0.217099 
167 0.542542 -0.11384 -0.00151143 -0.000481481 -0.111665 0.425971 -0.00280721 0.00532921 0.000450967 0.00126836 -0.338994 -0.0219937 -0.000108622 0.00480249 0.022058 -0.230323 
168 0.565389 -0.097978 0.00762808 0.000403243 -0.0980035 0.44041 -0.00582644 -0.00538453 -0.0120534 0.0066105 -0.335473 -0.0264154 0.000198831 -0.00546392 0.0263351 -0.217395 
169 0.579078 -0.0983935 0.0121378 -0.000300771 -0.0959851 0.441688 8.02682e-06 -0.00203065 -0.00892705 0.00381898 -0.428219 -0.0136434 0.000355014 -0.00176807 0.0147769 -0.298101 
170 0.555215 -0.088872 -0.000207921 -4.08048e-05 -0.0902766 0.426973 -0.000637676 0.00271463 -0.00401108 0.000559646 -0.413806 -0.00549931 -0.000157716 -0.000445887 0.00767029 -0.293803 
171 0.599422 -0.0749236 0.00228975 0.000534532 -0.078953 0.464987 -0.0168355 0.00486143 -0.0068531 0.0154012 -0.441602 -0.00711484 -0.000278142 0.00299217 0.00687681 -0.315414 
172 0.575851 -0.0543579 -0.00375451 0.00114332 -0.0535784 0.430822 -0.0107711 0.000501671 0.00369348 0.0116392 -0.43287 -0.0111789 -0.000730886 -0.000335295 0.0108766 -0.294871 
173 0.562349 -0.0361221 0.00837983 0.00030783 -0.0337347 0.473164 -0.000761542 -0.00186142 -0.00779223 0.00119142 -0.424085 -0.00530138 -7.1551e-05 0.000948931 0.00786808 -0.343762 
174 0.496604 -0.0235584 0.00182215 -0.000367368 -0.0197733 0.398345 0.0257317 -0.00500872 0.000219151 -0.0288787 -0.383787 -0.011336 0.000413871 -0.00607662 0.0120692 -0.291195 
175 0.543951 -0.0226241 0.00956622 -0.000155564 -0.0231656 0.428582 0.0166973 -0.0061904 -0.0062051 -0.0166381 -0.450499 0.00169432 0.00017688 -0.00604783 -0.00151437 -0.339251 
176 0.494299 -0.0155078 -0.00745486 0.000130121 -0.0114478 0.420233 -0.0146112 0.00269152 0.00727011 0.0144206 -0.410141 -0.00696711 -0.000551769 0.0050826 0.00666793 -0.342426 
177 0.480215 -0.0215271 0.00135877 0.000141016 -0.0233398 0.398718 0.00397793 -0.0040726 -0.0024113 -0.00629915 -0.420342 -0.00551009 0.000166672 -0.00182775 0.004385 -0.346089 
178 0.531461 0.00419167 0.00145645 -0.000135199 -0.000317248 0.469107 -0.0132149 -0.000810251 0.00434894 0.00872072 -0.449517 -0.00123863 0.000115415 -0.00069237 0.00120007 -0.391568 
179 0.583537 -0.000618078 0.011006 -0.000291666 0.00227877 0.517682 0.0173165 0.00445696 -0.00859964 -0.0199777 -0.517352 0.00664028 0.000433514 0.00847783 -0.00206854 -0.458184 
180 0.727061 -0.0622324 -0.0219158 0.000288841 -0.0327526 0.563828 0.185056 0.00513719 0.0225155 -0.190022 -0.311451 0.0074214 -0.000211774 0.0053256 -0.00687326 -0.156515 
