0 8.82318 -0.014848 8.81253 8.82102 -0.00110406 8.8118 
1 10.0556 -0.0222566 10.0406 9.99697 -0.00904437 9.98833 
2 6.7204 -0.0426789 6.7134 6.71076 0.000253985 6.70521 
3 9.65656 -0.0886605 9.62905 9.63252 -0.0036368 9.60931 
4 8.15279 -0.132712 8.14212 8.12101 -0.00539045 8.11508 
5 6.96215 -0.0845573 6.91771 6.92688 8.98434e-05 6.88758 
6 7.1817 -0.137837 7.1413 7.1488 -0.00101658 7.11541 
7 7.04625 -0.180444 7.01772 7.00981 0.00181348 6.98597 
8 7.49981 -0.182159 7.47485 7.46544 -0.00575827 7.44642 
9 6.79971 -0.23696 6.78979 6.75951 0.000574488 6.75234 
10 7.1278 -0.196164 7.10056 7.09133 -0.0017104 7.0697 
11 6.891 -0.193216 6.87449 6.82953 -0.00377676 6.81806 
12 6.58472 -0.231298 6.56694 6.5322 -0.00436468 6.51708 
13 6.82568 -0.256142 6.80261 6.77045 -0.00185452 6.75331 
14 6.43632 -0.219377 6.41816 6.3777 -0.0047319 6.36275 
15 6.5445 -0.209855 6.51955 6.47155 -0.00437579 6.45035 
16 6.60491 -0.239214 6.59622 6.52975 -0.00413264 6.52347 
17 6.31518 -0.185827 6.30703 6.24469 -0.00610836 6.23938 
18 5.97879 -0.254015 5.96451 5.89084 -0.00492089 5.88019 
19 6.41614 -0.201413 6.39998 6.3334 -0.00403807 6.32011 
20 5.77245 -0.209776 5.75791 5.68103 -0.00190831 5.66994 
21 5.93287 -0.217401 5.92628 5.83009 -0.00392324 5.82635 
22 5.65762 -0.212464 5.64001 5.54869 -0.00338574 5.53805 
23 5.37862 -0.121301 5.37173 5.28225 -0.00270919 5.27944 
24 5.26262 -0.129711 5.25269 5.15524 -0.00625277 5.14949 
25 5.35957 -0.156701 5.35028 5.23834 -0.00495763 5.23299 
26 5.18955 -0.136948 5.17491 5.05888 -0.00758096 5.04985 
27 5.07573 -0.106739 5.06157 4.94717 -0.00607101 4.9388 
28 4.87861 -0.0764342 4.86322 4.74874 -0.00999419 4.73977 
29 4.51641 -0.11602 4.50304 4.37461 -0.00731094 4.36641 
30 4.39611 -0.0629893 4.38472 4.25948 -0.00582674 4.25266 
31 4.45643 -0.0343767 4.44318 4.31327 -0.00853454 4.3047 
32 3.95109 -0.047418 3.94461 3.81245 -0.00595336 3.81036 
33 3.84259 -0.0238983 3.83412 3.70595 -0.00460475 3.70221 
34 3.634 -0.0506764 3.62337 3.47814 -0.00442717 3.47224 
35 3.71225 -0.0637939 3.70144 3.52808 -0.0101936 3.52439 
36 3.59961 0.0380412 3.5905 3.45008 -0.00592431 3.44675 
37 3.283 0.010632 3.27737 3.12703 -0.00530974 3.12681 
38 3.29724 0.0179481 3.28871 3.12223 -0.00712616 3.11941 
39 2.96561 0.0113402 2.95496 2.79651 -0.006938 2.79117 
40 2.9115 0.0460015 2.90449 2.74258 -0.00666491 2.74022 
41 2.79856 0.0504931 2.78654 2.62152 -0.00982237 2.61505 
42 2.6259 -0.00454319 2.62132 2.43216 -0.00534545 2.43164 
43 2.67382 0.0777444 2.66547 2.49592 -0.00536627 2.49301 
44 2.52482 0.0720701 2.51998 2.34357 -0.00398902 2.34409 
45 2.27288 0.033551 2.26855 2.08286 -0.00390473 2.08281 
46 2.37574 0.0856001 2.36909 2.17962 -0.0044146 2.17838 
47 2.25383 0.0693916 2.24579 2.0487 -0.00629331 2.04592 
48 2.08475 0.0515627 2.07981 1.87881 -0.00241047 1.87872 
49 2.08024 0.0931088 2.07532 1.88135 -0.00368376 1.88155 
50 1.82979 0.00938062 1.8236 1.59761 -0.00500176 1.59643 
51 1.66947 0.050776 1.66504 1.46733 -0.00463083 1.46855 
52 1.79894 0.0755789 1.79356 1.57359 -0.00523906 1.5741 
53 1.69673 0.0944453 1.69103 1.47884 -0.00692976 1.47897 
54 1.56196 0.0865461 1.55752 1.35031 -0.00510581 1.35161 
55 1.43193 0.0464213 1.4282 1.21021 -0.00413238 1.21127 
56 1.30389 0.0218415 1.29934 1.07506 -0.00351023 1.07538 
57 1.22209 0.0782774 1.21769 1.024 -0.00666557 1.02507 
58 1.10245 0.0167933 1.09867 0.879853 -0.00427463 0.880424 
59 1.12619 0.0527791 1.12211 0.913796 -0.00280407 0.914803 
60 0.929918 -0.0174458 0.926575 0.702465 -0.0043476 0.703512 
61 0.947463 -0.0265451 0.941659 0.692411 -0.00668784 0.691992 
62 0.808292 0.00104737 0.80408 0.597435 -0.00503258 0.597387 
63 0.73318 -0.0441921 0.730695 0.506647 -0.00407647 0.507586 
64 0.690441 -0.0563394 0.686953 0.453873 -0.00581916 0.454606 
65 0.702552 0.0270266 0.699271 0.510048 -0.00596238 0.511039 
66 0.670958 -0.0332139 0.668653 0.439829 -0.00470432 0.44103 
67 0.511219 -0.0528152 0.508452 0.301607 -0.0081583 0.302362 
68 0.528782 -0.0523359 0.526024 0.308224 -0.00582998 0.309012 
69 0.437024 -0.0742311 0.434212 0.222656 -0.00704533 0.222836 
70 0.41851 -0.083847 0.416642 0.196824 -0.00808376 0.197904 
71 0.413807 -0.063341 0.411431 0.203445 -0.00661998 0.204142 
72 0.402426 -0.0781229 0.400158 0.178423 -0.00526868 0.179146 
73 0.337269 -0.0696897 0.334743 0.136558 -0.00773616 0.137372 
74 0.305848 -0.0811877 0.303778 0.104677 -0.00594263 0.10528 
75 0.291609 -0.100313 0.289309 0.0755396 -0.00614606 0.0757527 
76 0.253355 -0.089162 0.251098 0.0581025 -0.00628325 0.0581005 
77 0.231903 -0.0975157 0.230077 0.0342351 -0.0042154 0.0346655 
78 0.226996 -0.119886 0.225491 0.00629388 -0.00460932 0.00635373 
79 0.183128 -0.103158 0.180987 -0.00482369 -0.00363003 -0.00505831 
80 0.162676 -0.0887839 0.160969 -0.00624102 -0.00426003 -0.00609814 
81 0.175966 -0.0980866 0.174774 -0.0131109 -0.0030232 -0.0125976 
82 0.180011 -0.11327 0.177937 -0.0310459 -0.00466681 -0.0307986 
83 0.158701 -0.110407 0.156677 -0.0411673 -0.00358487 -0.0413383 
84 0.155397 -0.117875 0.153888 -0.0511734 -0.00193861 -0.0516198 
85 0.140247 -0.102928 0.139374 -0.0474129 -0.00182625 -0.0472581 
86 0.150047 -0.110419 0.14878 -0.0561451 -0.00256791 -0.0554792 
87 0.142686 -0.111331 0.141414 -0.0637809 -0.00124934 -0.0640087 
88 0.149566 -0.111482 0.148592 -0.0668127 -0.00148311 -0.0664692 
89 0.125481 -0.0952103 0.124164 -0.0624927 -0.00266591 -0.062268 
90 0.138329 -0.104999 0.136878 -0.0712611 -0.00125884 -0.0709197 
91 0.147592 -0.111781 0.145897 -0.0806659 -0.00180548 -0.0803239 
92 0.117174 -0.0882342 0.115609 -0.0657764 -0.000154872 -0.0657466 
93 0.129414 -0.0968991 0.128363 -0.0761248 -0.001205 -0.0756768 
94 0.135722 -0.0989764 0.133461 -0.0808728 -0.00210559 -0.0793632 
95 0.118714 -0.0806968 0.116242 -0.0682584 -0.00364485 -0.0665783 
96 0.124063 -0.086994 0.122291 -0.0771541 -0.00207318 -0.0763432 
97 0.120362 -0.080852 0.1179 -0.0751277 -0.00237846 -0.0736938 
98 0.134936 -0.0911025 0.132734 -0.087302 -0.00243697 -0.086027 
99 0.132076 -0.0842012 0.130113 -0.0861639 -0.00447636 -0.0850064 
100 0.11857 -0.0746597 0.116305 -0.0766611 -0.00325718 -0.0752516 
101 0.12443 -0.0766274 0.121899 -0.0839928 -0.00267823 -0.0822608 
102 0.128191 -0.0781215 0.125987 -0.0864997 -0.00308194 -0.0855651 
103 0.116549 -0.0694694 0.114613 -0.0794541 -0.00379443 -0.078399 
104 0.132509 -0.0697078 0.127836 -0.0860634 -0.00974622 -0.0823429 
105 0.117812 -0.06225 0.115107 -0.0802404 -0.00746868 -0.0783401 
106 0.132135 -0.0655431 0.126312 -0.0883569 -0.00986171 -0.0843869 
107 0.129637 -0.0639785 0.12573 -0.0860002 -0.00969993 -0.0828608 
108 0.144303 -0.0636579 0.137337 -0.0952909 -0.0152321 -0.089455 
109 0.120869 -0.0552542 0.118153 -0.0808433 -0.00956428 -0.079256 
110 0.137039 -0.0543919 0.133563 -0.085812 -0.0181848 -0.0831751 
111 0.116788 -0.0503719 0.113554 -0.0801714 -0.00978382 -0.0781135 
112 0.13009 -0.0536477 0.12505 -0.0920971 -0.011776 -0.0882738 
113 0.124384 -0.0465916 0.118642 -0.0806316 -0.0141909 -0.076574 
114 0.118754 -0.0397054 0.113441 -0.0769729 -0.0168904 -0.073209 
115 0.121015 -0.0426572 0.116291 -0.0807468 -0.0134953 -0.0769306 
116 0.134275 -0.0444194 0.127394 -0.0949967 -0.0152104 -0.0899396 
117 0.128587 -0.0439289 0.123345 -0.0933214 -0.0136629 -0.0887526 
118 0.131234 -0.0412565 0.125488 -0.087772 -0.016351 -0.0832672 
119 0.143271 -0.0431271 0.137857 -0.101183 -0.0190201 -0.097001 
120 0.139032 -0.0431646 0.135401 -0.104537 -0.0140363 -0.101578 
121 0.119054 -0.0392105 0.115479 -0.0990031 -0.00679517 -0.0960551 
122 0.118596 -0.0329609 0.113419 -0.088034 -0.0135439 -0.083927 
123 0.131382 -0.0311284 0.12122 -0.0965838 -0.0193788 -0.087691 
124 0.127643 -0.0305555 0.122586 -0.098112 -0.0172572 -0.093864 
125 0.124429 -0.0359024 0.122879 -0.105506 -0.00664487 -0.104594 
126 0.121872 -0.0259983 0.11725 -0.0911133 -0.0179393 -0.0873288 
127 0.123519 -0.0319505 0.12075 -0.105035 -0.00887647 -0.102994 
128 0.146475 -0.0308708 0.141934 -0.112977 -0.018142 -0.109649 
129 0.119811 -0.0250521 0.115583 -0.0961243 -0.0138002 -0.0931517 
130 0.112071 -0.023109 0.109265 -0.0945636 -0.0116295 -0.0922232 
131 0.125294 -0.024619 0.121885 -0.104019 -0.0137356 -0.101756 
132 0.13003 -0.0240216 0.127908 -0.107949 -0.0126764 -0.106794 
133 0.114414 -0.0209506 0.1117 -0.0944959 -0.0106479 -0.0924013 
134 0.101901 -0.0169308 0.0990444 -0.0825086 -0.010416 -0.0804957 
135 0.114447 -0.018389 0.111731 -0.0913165 -0.0117558 -0.0897773 
136 0.133493 -0.0224727 0.131175 -0.113419 -0.00863311 -0.112005 
137 0.137035 -0.0229642 0.130473 -0.115723 -0.00692664 -0.111593 
138 0.134691 -0.0184309 0.131113 -0.102277 -0.0140479 -0.100017 
139 0.125062 -0.0140029 0.12278 -0.085761 -0.0139726 -0.0847556 
140 0.142323 -0.0158399 0.135735 -0.0818597 -0.0141029 -0.0766898 
141 0.143979 -0.0151715 0.137672 -0.0894393 -0.0135997 -0.0843077 
142 0.139632 -0.0149878 0.130664 -0.0661085 -0.0168862 -0.058532 
143 0.131437 -0.0194379 0.125289 -0.0799444 -0.0113596 -0.0746995 
144 0.149691 -0.0213179 0.142878 -0.0576605 -0.0150908 -0.052218 
145 0.17289 -0.0267604 0.162436 -0.0773675 -0.0160402 -0.0686761 
146 0.168251 -0.0246305 0.157673 -0.0437855 -0.0202411 -0.0346666 
147 0.195919 -0.0267944 0.182994 -0.0513652 -0.0245343 -0.0415989 
148 0.20157 -0.0376829 0.184257 -0.0538977 -0.0223287 -0.038882 
149 0.246593 -0.038026 0.214921 -0.0370819 -0.0402014 -0.00806571 
150 0.227963 -0.0538776 0.203945 -0.0477826 -0.0239942 -0.0263283 
151 0.278583 -0.0469997 0.250633 -0.0286816 -0.0496165 -0.00304484 
152 0.297436 -0.0589876 0.260488 -0.0469634 -0.0415297 -0.0139754 
153 0.314758 -0.0641722 0.268691 -0.0394601 -0.0436757 0.00283999 
154 0.363666 -0.0864852 0.299152 -0.0669828 -0.0445698 -0.00697368 
155 0.402427 -0.0957199 0.314204 -0.0792642 -0.0518455 0.0041812 
156 0.444432 -0.100082 0.378802 -0.0634967 -0.0534839 -0.00358662 
157 0.420544 -0.112427 0.320795 -0.12002 -0.0420013 -0.0280357 
158 0.465142 -0.126643 0.351609 -0.167096 -0.0385752 -0.0596177 
159 0.507045 -0.13344 0.413357 -0.170541 -0.0506704 -0.0839064 
160 0.494665 -0.143895 0.365671 -0.199718 -0.0368455 -0.0771758 
161 0.528549 -0.131401 0.415552 -0.188289 -0.0534692 -0.0841402 
162 0.483818 -0.140403 0.369905 -0.238342 -0.0273834 -0.130522 
163 0.569556 -0.149587 0.41907 -0.294334 -0.0325691 -0.150766 
164 0.557176 -0.13866 0.431601 -0.305533 -0.0299862 -0.186696 
165 0.495798 -0.130375 0.386076 -0.288007 -0.0214127 -0.184032 
166 0.566863 -0.12454 0.417446 -0.358429 -0.0175368 -0.217099 
167 0.542542 -0.11384 0.425971 -0.338994 -0.0219937 -0.230323 
168 0.565389 -0.097978 0.44041 -0.335473 -0.0264154 -0.217395 
169 0.579078 -0.0983935 0.441688 -0.428219 -0.0136434 -0.298101 
170 0.555215 -0.088872 0.426973 -0.413806 -0.00549931 -0.293803 
171 0.599422 -0.0749236 0.464987 -0.441602 -0.00711484 -0.315414 
172 0.575851 -0.0543579 0.430822 -0.43287 -0.0111789 -0.294871 
173 0.562349 -0.0361221 0.473164 -0.424085 -0.00530138 -0.343762 
174 0.496604 -0.0235584 0.398345 -0.383787 -0.011336 -0.291195 
175 0.543951 -0.0226241 0.428582 -0.450499 0.00169432 -0.339251 
176 0.494299 -0.0155078 0.420233 -0.410141 -0.00696711 -0.342426 
177 0.480215 -0.0215271 0.398718 -0.420342 -0.00551009 -0.346089 
178 0.531461 0.00419167 0.469107 -0.449517 -0.00123863 -0.391568 
179 0.583537 -0.000618078 0.517682 -0.517352 0.00664028 -0.458184 
180 0.727061 -0.0622324 0.563828 -0.311451 0.0074214 -0.156515 
