0 4.45247 0.0065747 0.0153753 -0.000597347 0.00661169 4.4477 -0.00167398 -0.00081242 0.0158061 -0.00199311 4.44614 0.00132887 3.28789e-05 -0.000642588 0.000113482 4.44178 
1 5.91254 -0.0379339 -0.00633956 0.0116753 -0.038161 5.90854 -0.000460682 0.000443736 -0.00570599 0.0018036 5.90703 -0.000455382 0.0109536 0.000138684 0.00127949 5.90441 
2 5.08339 -0.0622879 3.8374e-05 0.0103756 -0.0627546 5.07783 -0.000826339 4.0823e-05 0.000498865 0.00196692 5.07612 -0.00142421 0.0103161 -0.00028627 0.00139061 5.07251 
3 6.99058 -0.194581 0.000311314 0.0152041 -0.194915 6.9833 0.000242293 -0.000824981 -0.000309999 -0.00176796 6.97494 -0.00315723 0.0152716 0.000232659 0.00255797 6.97296 
4 6.07985 -0.194404 0.00171518 -0.00818791 -0.194811 6.06853 -0.000116051 -0.000337336 0.00188694 0.00474446 6.05975 -0.00188153 -0.00840051 0.000435075 0.00386762 6.05567 
5 5.08124 -0.19179 0.000667764 0.00728936 -0.191832 5.07135 -0.00112391 -0.00029545 0.000436994 -0.000663252 5.06067 -0.00327428 0.00727683 -0.000120454 0.00416876 5.05744 
6 4.68006 -0.181794 -0.000694378 -0.020273 -0.181706 4.65993 0.00185393 0.00143917 -0.000840144 0.0018986 4.64776 -0.0039121 -0.0203294 -0.00100128 0.00361056 4.65485 
7 5.23158 -0.29166 0.00048563 0.0219467 -0.291349 5.22198 0.000554898 -0.0014378 -0.000249305 0.00146509 5.19544 -0.00574144 0.0221273 -0.000525633 0.00523912 5.19429 
8 5.47967 -0.338433 -0.00103483 0.00188821 -0.338553 5.47204 -0.000900331 -4.97287e-05 -0.000865026 0.00217934 5.43761 -0.007139 0.00200983 -4.87058e-05 0.00723543 5.43507 
9 5.05797 -0.385605 0.000630755 0.00926413 -0.385461 5.04604 0.000355274 -2.61614e-06 0.00065859 0.00317405 5.00054 -0.00697139 0.00938283 0.000635032 0.00669499 4.99974 
10 5.15992 -0.493022 0.000672334 0.00181014 -0.492924 5.14863 1.07398e-05 -6.97337e-05 0.000561332 -0.00116362 5.08535 -0.00913125 0.00182341 0.000126722 0.00910523 5.08584 
11 5.25888 -0.519846 -0.000660281 0.00138779 -0.519805 5.24999 0.00141412 0.000200963 -0.000813369 -0.00135717 5.17881 -0.00986859 0.00138448 -0.000388872 0.00986868 5.17544 
12 4.9035 -0.575108 -0.000288402 -0.000560374 -0.575447 4.89401 -0.00153314 9.43816e-05 -0.000447464 -0.000655551 4.8081 -0.011916 -0.000500775 -0.000316132 0.0120439 4.80312 
13 4.72219 -0.473711 -0.00178694 0.00693682 -0.473682 4.71444 -0.00142354 -0.000650457 -0.00177543 0.00167525 4.63403 -0.00984981 0.00681733 0.000661215 0.00893351 4.63152 
14 4.71211 -0.598354 0.000122906 -0.00747277 -0.598265 4.70463 0.00182613 0.000213843 0.000103553 -0.00101931 4.59884 -0.0126674 -0.00763533 -0.000565755 0.0119784 4.5957 
15 4.62859 -0.438056 0.000604603 -0.000286158 -0.437901 4.62223 -0.00265084 0.000178305 0.000505271 0.00229481 4.53394 -0.00981165 -0.000218628 -0.000545989 0.00967114 4.53092 
16 4.66656 -0.557169 0.000158573 0.00378961 -0.557187 4.66024 -0.00101154 -9.942e-05 0.000204223 -0.000891099 4.54198 -0.0122002 0.00371512 0.000127769 0.0125157 4.53992 
17 4.41698 -0.579574 -0.00133939 0.00785795 -0.579401 4.41028 -0.00300254 -0.000115983 -0.00126335 0.000840799 4.27963 -0.0128935 0.00777201 0.000288556 0.0120918 4.27564 
18 4.41933 -0.574871 -7.77293e-05 0.00030424 -0.574837 4.41443 -0.00232718 -0.000244458 9.503e-05 0.000844024 4.27341 -0.0131688 0.000389456 0.000154633 0.013135 4.27072 
19 4.28391 -0.532133 -0.000917717 0.00414249 -0.532186 4.27844 -0.00232836 -9.44351e-05 -0.000694809 0.00212597 4.13736 -0.0119087 0.00410019 -2.6188e-05 0.0123726 4.13454 
20 4.35129 -0.546538 0.000277981 -0.00458484 -0.546579 4.3461 0.0012782 -0.000661043 -7.88007e-05 -0.00290023 4.18847 -0.013245 -0.00453896 -0.000435053 0.0136316 4.18561 
21 3.94324 -0.527846 0.00034449 -0.00017474 -0.527812 3.93872 -0.00160577 -0.000226947 0.000121193 -8.70094e-05 3.77835 -0.012653 -0.00015416 -0.000367457 0.0124979 3.77627 
22 4.33283 -0.55362 -0.000379078 -0.00331983 -0.553557 4.32946 0.00297063 -0.000115907 -0.000450337 -0.00360992 4.14732 -0.0136188 -0.00338225 -3.9358e-05 0.0136421 4.14627 
23 3.66925 -0.387249 2.29638e-05 0.001819 -0.387282 3.6656 -0.0045104 0.000217519 0.000144038 0.00495723 3.52211 -0.0106385 0.00188441 -0.000247718 0.0106177 3.52068 
24 3.98859 -0.500073 -0.000285695 0.00134713 -0.499929 3.98472 -0.00119115 0.000227839 -0.000112377 0.000324779 3.79637 -0.0134246 0.00138593 0.000237413 0.0131745 3.7948 
25 3.86897 -0.500263 0.00109744 -0.00148179 -0.500226 3.8657 0.000322131 0.000183494 0.00128882 -0.00016742 3.66603 -0.0137217 -0.00148083 0.000299025 0.0137726 3.66519 
26 3.85519 -0.500761 -0.000849637 -8.46071e-05 -0.500686 3.85088 0.00178534 3.13752e-05 -0.000928688 -0.00142859 3.63907 -0.0139464 -9.83141e-05 2.08527e-06 0.0141947 3.63736 
27 3.69751 -0.518141 0.000651849 -0.000591931 -0.518024 3.69417 0.00107296 -0.000115524 0.000480463 -0.00114713 3.4654 -0.0145683 -0.000620376 -0.000107965 0.0146644 3.46443 
28 3.66032 -0.442718 0.000862591 -0.000895129 -0.442693 3.65762 0.000966813 0.000112653 0.000723607 -0.00100902 3.43837 -0.0139266 -0.000850959 -0.000193785 0.0138255 3.43816 
29 3.83319 -0.546499 -0.000700763 -0.000246715 -0.546427 3.83018 0.00154809 9.00911e-05 -0.000781203 -0.00300289 3.55719 -0.0169478 -0.000165334 0.000475832 0.0168408 3.55674 
30 3.63761 -0.501892 -5.58723e-05 -0.000867814 -0.50178 3.63469 0.00251032 -0.000127431 -0.0001735 -0.00220872 3.36737 -0.0155652 -0.000873912 0.000226768 0.0154931 3.36726 
31 3.40179 -0.472994 0.000186946 0.000456512 -0.473 3.39863 -0.00172842 -9.38806e-05 0.000280793 0.00111658 3.13239 -0.0153786 0.000434048 -0.0003247 0.0155647 3.1321 
32 3.5695 -0.461768 0.00231569 -0.0025552 -0.461515 3.56597 0.00571565 -0.000110145 0.00190733 -0.00530695 3.2809 -0.0166786 -0.00247475 3.98494e-05 0.016358 3.28033 
33 3.36509 -0.490461 -0.00137189 0.000661221 -0.490384 3.36166 -0.00111885 0.000100553 -0.00122826 0.00132813 3.05655 -0.0168304 0.000620018 0.000114653 0.016922 3.05625 
34 3.1687 -0.380069 -0.000836725 0.00170009 -0.379954 3.1658 -0.00387403 0.000219565 -0.000302171 0.00373596 2.89376 -0.0153955 0.00167583 -4.95364e-05 0.0152111 2.89409 
35 3.05431 -0.385896 -0.000940255 0.00174333 -0.385915 3.05119 -0.0054907 0.000270924 -0.000401524 0.00528074 2.76543 -0.0154745 0.00169957 -0.000136437 0.0156854 2.76553 
36 3.12963 -0.421605 -0.00114735 0.00150418 -0.421454 3.12676 -0.00366763 0.000333527 -0.0006655 0.00260441 2.80477 -0.0169763 0.00149338 0.000179154 0.0168322 2.80507 
37 2.97031 -0.420844 -0.00171899 0.00228558 -0.42074 2.96749 -0.00631632 0.000451922 -0.000906279 0.00719151 2.63512 -0.0172471 0.00223284 -0.000428835 0.0173286 2.63563 
38 2.47134 -0.337363 -0.000545565 0.00120709 -0.337247 2.46822 -0.00391156 5.91692e-05 -2.93236e-05 0.00408333 2.18285 -0.0140846 0.00115596 0.000160403 0.0141331 2.18284 
39 2.65702 -0.302134 0.000132308 -0.000353183 -0.30203 2.65401 0.0019538 -0.000218613 -0.000121807 -0.00199876 2.35601 -0.0152645 -0.000374144 1.25371e-05 0.0153362 2.35667 
40 2.7295 -0.299337 -0.000109459 -0.000167297 -0.29918 2.72645 0.00106616 0.000157629 -0.000186418 -0.000229418 2.40786 -0.0156365 -0.00012864 0.000180974 0.0159783 2.40882 
41 2.58703 -0.294101 7.90418e-05 0.000246354 -0.293936 2.58439 -0.00140546 -7.3655e-05 0.000182956 0.00103019 2.25953 -0.0160851 0.000263412 -6.74185e-05 0.0161937 2.26068 
42 2.32231 -0.315143 0.000325029 -0.0010584 -0.315136 2.32012 0.00504481 -0.000275471 -0.000330501 -0.00497819 1.98763 -0.0162101 -0.00104764 0.00015531 0.0163457 1.98873 
43 2.48834 -0.251201 0.000757759 -0.000632795 -0.251031 2.48535 0.00213787 -0.000154225 0.000460235 -0.00256773 2.15402 -0.0165104 -0.000641342 0.00012388 0.016701 2.15567 
44 2.11352 -0.235806 -0.000111591 7.04219e-05 -0.235768 2.11102 -0.000465958 -0.000123343 -0.00014049 -8.09924e-05 1.80158 -0.01535 5.71831e-05 -3.64343e-05 0.0156084 1.80273 
45 2.43428 -0.309439 -0.000264443 0.000832597 -0.309255 2.43093 -0.00577475 0.000407028 0.000578964 0.0056598 2.03465 -0.0186028 0.000731517 -0.000356207 0.0187291 2.03591 
46 2.1946 -0.265922 -0.000203643 0.000417574 -0.265799 2.19164 -0.00252945 0.000132882 0.0001778 0.00232607 1.8229 -0.0176475 0.000365921 -0.000176153 0.0177105 1.82435 
47 2.05827 -0.212299 -0.000406556 0.00012659 -0.212261 2.05548 -0.00119948 5.11921e-05 -0.000269276 0.000966458 1.71034 -0.016456 0.00011584 -0.00016168 0.0165788 1.71223 
48 2.08997 -0.202675 0.000952947 0.000139346 -0.202639 2.08704 -0.00288329 0.000236663 0.00145901 0.00355974 1.72495 -0.0183658 0.000126754 -0.000249922 0.0185381 1.7269 
49 2.04893 -0.186801 0.00109637 -0.000860549 -0.186612 2.046 0.00385043 -0.000270264 0.000175267 -0.00422894 1.67642 -0.0184147 -0.000820669 0.000123202 0.0185606 1.67829 
50 2.03023 -0.21007 0.0017037 -0.000535971 -0.209945 2.02657 0.000985183 -2.35154e-05 0.00148656 -9.2831e-05 1.62633 -0.0187541 -0.00055491 -0.000216436 0.01905 1.62884 
51 1.96914 -0.226447 0.000808632 -0.000258503 -0.22634 1.96608 0.00212694 -0.000132539 0.000489449 -0.00186451 1.54238 -0.0200689 -0.000219309 6.05935e-05 0.0203179 1.54472 
52 1.69248 -0.194275 -5.73248e-05 2.58659e-05 -0.194044 1.6897 -0.00112276 7.30902e-05 0.000166135 0.000887542 1.30823 -0.0175425 1.0781e-05 -8.52154e-05 0.0177572 1.3103 
53 1.79429 -0.213453 0.000506878 -0.000369032 -0.213204 1.79099 0.00194259 -5.05864e-05 8.00259e-05 -0.0018983 1.36113 -0.0194891 -0.00036657 -6.67933e-06 0.019723 1.36363 
54 1.66615 -0.148955 3.09808e-05 0.000258185 -0.148831 1.66319 -0.0032359 0.000282446 0.000692439 0.00327943 1.27666 -0.0182145 0.000197768 -0.000202413 0.0185073 1.27891 
55 1.64694 -0.228871 -0.000115878 0.000379125 -0.228869 1.6433 -0.0033113 0.000369744 0.000849149 0.00404843 1.18856 -0.0208284 0.000323949 -0.00016173 0.0212761 1.19096 
56 1.55704 -0.204367 0.000650436 0.000256388 -0.204485 1.55402 -0.00406039 0.000537475 0.00170042 0.00431584 1.11218 -0.0206142 0.000167801 -0.000300247 0.020924 1.11445 
57 1.4749 -0.145883 0.000172288 -4.52863e-05 -0.145711 1.4714 0.000720013 5.44519e-07 8.21717e-05 -0.000354703 1.06447 -0.0208158 -4.78046e-05 -4.84919e-06 0.0211811 1.06715 
58 1.55019 -0.15289 0.000624347 -0.000262837 -0.152693 1.54656 0.00314589 -0.000337908 -0.0001252 -0.00299577 1.09806 -0.0228338 -0.000218539 0.000195579 0.0232458 1.10097 
59 1.26273 -0.0702095 -0.0012292 0.000283635 -0.0701049 1.25922 -0.00229259 4.52749e-05 -0.000537369 0.00212032 0.915028 -0.0195063 0.000287873 -4.25057e-05 0.0198982 0.917694 
60 1.27959 -0.145321 0.000210559 -0.000382219 -0.145183 1.27632 0.00540757 -0.00042075 -0.00138192 -0.00538337 0.856119 -0.0241101 -0.000291621 0.000278957 0.0245172 0.858643 
61 1.14556 -0.108865 -0.00213797 0.000513662 -0.108742 1.14235 -0.00518663 0.000252425 -0.000671948 0.00501512 0.764802 -0.0237088 0.000444385 -0.000111614 0.024173 0.767186 
62 1.16145 -0.118652 0.00130127 -0.000320846 -0.118511 1.15785 0.00420498 -0.000444571 0.000143273 -0.00406218 0.752227 -0.0259203 -0.000190471 0.000431243 0.0263906 0.754811 
63 1.15522 -0.148805 0.000281591 -0.000149614 -0.148804 1.15181 0.00172277 -0.000272572 -0.000343083 -0.00188524 0.707068 -0.0293127 -8.5434e-05 0.000185272 0.0298929 0.709718 
64 1.09312 -0.111202 0.000306083 -1.9735e-05 -0.111106 1.0892 -7.97802e-05 -0.000112808 0.000377256 0.000190744 0.673665 -0.0334731 1.10547e-06 -1.61461e-05 0.0341194 0.67679 
65 1.04608 -0.118493 0.00120735 -5.21122e-05 -0.11845 1.04295 -0.000352619 0.00149734 0.00138079 0.00116682 0.621493 -0.0359801 -0.000278744 -0.000788689 0.0366046 0.623555 
66 0.941173 -0.11216 5.63938e-05 9.71597e-05 -0.112086 0.937999 -0.00220912 0.000629176 0.000808057 0.0025888 0.539905 -0.038863 -2.7776e-05 -0.000373728 0.0394641 0.542341 
67 0.933915 -0.0941445 0.000263265 -0.000122808 -0.0939966 0.930098 0.00227679 0.000234866 -0.000393482 -0.00210757 0.532161 -0.0398182 -6.48179e-05 1.21307e-05 0.0406611 0.535057 
68 1.02147 -0.101929 0.000818156 -0.000351297 -0.102039 1.017 0.00581906 -0.000964291 -0.00144524 -0.0061051 0.566424 -0.0473379 -0.000150909 0.00066752 0.0483711 0.569805 
69 0.946777 -0.102095 -0.000378006 6.55771e-05 -0.101942 0.942513 -0.00125303 -0.00017832 -3.78638e-05 0.000842991 0.502919 -0.0504866 0.000100191 2.00905e-05 0.0514728 0.506004 
70 0.886739 -0.143189 0.000790445 -0.000100584 -0.142917 0.882797 0.00150273 0.000184106 -4.75475e-05 -0.00154167 0.417143 -0.0540499 -0.000208332 -0.000320289 0.0550264 0.419516 
71 0.853143 -0.141339 0.000467942 -0.000208893 -0.141279 0.848927 0.00404724 -0.00110778 -0.00107676 -0.00462263 0.385236 -0.0565059 0.000108078 0.000712396 0.0577681 0.388196 
72 0.76483 -0.115722 0.000119664 -4.54263e-05 -0.115562 0.760195 0.00171771 -0.00134164 -0.000582461 -0.00245501 0.340109 -0.0612598 0.000276875 0.000632686 0.0626114 0.342906 
73 0.765151 -0.143863 -0.00035506 7.35082e-05 -0.143698 0.761824 -0.00188765 0.000926735 0.000502655 0.00229348 0.301538 -0.0586758 -0.000120591 -0.000457684 0.0596716 0.303611 
74 0.657475 -0.116057 0.000828662 -0.000224629 -0.115857 0.653766 0.00366621 2.53058e-05 -0.000949537 -0.00334656 0.256848 -0.0604467 -0.000181558 -0.000232069 0.0617453 0.259054 
75 0.702646 -0.164539 0.00126475 -0.000150574 -0.164375 0.698548 0.00377905 -0.000985568 -0.000104298 -0.00377452 0.219648 -0.0549749 6.91454e-05 0.000287533 0.0563576 0.222457 
76 0.649043 -0.140359 -0.000375645 -3.25515e-05 -0.14005 0.645374 -0.000948968 0.00107551 0.000262956 0.0021497 0.200571 -0.0578361 -0.000353336 -0.000934914 0.0589648 0.202756 
77 0.590189 -0.157278 0.000156689 -4.341e-05 -0.157029 0.5866 0.000850983 -0.00114956 -0.000220451 -0.000857533 0.14734 -0.0594058 0.000303521 0.000409679 0.060635 0.149316 
78 0.610108 -0.155786 0.000202087 -4.47292e-05 -0.155496 0.606788 0.000284472 0.000854058 3.35115e-05 0.000171904 0.143991 -0.0570039 -0.000171195 -0.000400424 0.0582977 0.146114 
79 0.550111 -0.130084 -0.000765923 9.10665e-05 -0.129792 0.546259 -0.00312578 0.000247474 0.000654178 0.00299366 0.126241 -0.0513065 -0.000106518 -0.000573043 0.0526878 0.128469 
80 0.53246 -0.142017 -0.00129531 0.000114543 -0.141672 0.528523 -0.00222703 0.00201043 3.15938e-05 0.00317423 0.0968854 -0.0523894 -0.000570238 -0.0010219 0.0536843 0.0990789 
81 0.493562 -0.162076 -0.00126899 0.000141792 -0.161853 0.490118 -0.00471092 0.0013081 0.0010651 0.00493056 0.0438904 -0.0444569 -0.000407926 -0.000859574 0.0455973 0.046198 
82 0.437745 -0.165255 0.0009746 -0.000171398 -0.164904 0.433899 0.00348853 -0.000487152 -0.00104526 -0.00348581 0.0058692 -0.0353709 0.000185646 0.000191964 0.036656 0.00819244 
83 0.443782 -0.135904 -0.000349048 6.07187e-06 -0.135618 0.440759 -0.00101525 0.000435987 0.000160004 0.000644315 0.0296046 -0.041725 -8.92288e-05 -2.75919e-05 0.0428686 0.0314606 
84 0.429026 -0.170875 0.000198873 -9.52381e-05 -0.170571 0.425921 0.000952659 -0.000733939 -0.000452122 -0.00113998 -0.0256091 -0.0372002 0.0001427 0.000181976 0.0381244 -0.0236184 
85 0.409586 -0.185643 0.000192902 -2.5205e-05 -0.185397 0.406892 0.00135797 -1.68033e-05 -0.000758211 -0.00148372 -0.0592473 -0.0307413 -0.000185739 -1.63422e-05 0.0316046 -0.0575653 
86 0.386144 -0.176779 1.48825e-05 4.97268e-05 -0.176421 0.383321 -0.000486256 -3.90234e-05 0.00010603 0.000465231 -0.0684186 -0.0319054 7.3238e-05 0.000292856 0.0327734 -0.0668567 
87 0.394967 -0.192102 0.000181982 -4.9441e-05 -0.191826 0.392163 0.000104729 -7.18634e-05 0.000187069 5.20974e-06 -0.0927504 -0.0304273 0.000203274 0.000399054 0.0314031 -0.0909363 
88 0.332136 -0.159252 -0.000327694 3.61376e-05 -0.15908 0.330285 -0.000864795 0.000413174 0.000334429 0.000943372 -0.0856802 -0.0228761 -0.000207247 -0.000309672 0.0233842 -0.0845703 
89 0.318799 -0.180768 -0.000143255 0.000111247 -0.180574 0.31715 -0.000541997 0.000578044 -0.000193258 0.000191365 -0.124183 -0.017013 -0.000189103 0.000201691 0.0173729 -0.123251 
90 0.316498 -0.173514 -0.000225665 4.28596e-05 -0.173393 0.314919 -0.000707881 -9.36111e-05 -1.16933e-05 0.000620837 -0.126651 -0.0169293 -0.000196119 -0.000323482 0.0171884 -0.125779 
91 0.278221 -0.155119 -0.000158666 -5.75794e-06 -0.154986 0.276343 -0.000816568 0.000354631 0.000228796 0.000784038 -0.122523 -0.0155498 3.46449e-05 -0.000114947 0.0159198 -0.121388 
92 0.307996 -0.189792 2.14291e-05 -9.66271e-06 -0.189713 0.306458 -0.000221604 0.000107707 4.92916e-05 0.000376494 -0.166867 -0.0127255 5.03373e-05 0.000205977 0.012886 -0.166034 
93 0.263729 -0.160515 -0.000248564 5.41501e-05 -0.160399 0.262078 -0.000846245 0.000377983 0.000155491 0.000842932 -0.148089 -0.0113206 -0.00012245 7.3132e-05 0.0113507 -0.147155 
94 0.284182 -0.175572 0.000109324 -8.46133e-06 -0.175448 0.282715 0.000233478 -0.000207631 -6.15607e-06 -0.000161702 -0.17129 -0.011174 5.24575e-05 -0.000343896 0.0111515 -0.170427 
95 0.227309 -0.143611 -1.75621e-05 -0.000110237 -0.143646 0.225675 4.91901e-05 -3.12398e-06 4.19316e-05 0.000159212 -0.149923 -0.00974168 -8.46875e-05 -0.000407975 0.00990199 -0.148834 
96 0.248886 -0.159594 0.00024903 -3.56572e-05 -0.159614 0.247287 7.25174e-05 -0.000173655 -0.000186597 -5.005e-05 -0.172913 -0.00801281 -3.16578e-05 -0.000101199 0.00803346 -0.172022 
97 0.244214 -0.154306 1.24456e-06 -3.75534e-05 -0.154323 0.242813 -0.000402615 0.000258225 -5.915e-05 0.00033546 -0.175293 -0.00853196 -3.52881e-05 0.000380778 0.00847928 -0.174456 
98 0.237698 -0.148589 3.54301e-05 -6.64783e-05 -0.148615 0.236433 -0.00025227 0.000465369 9.59991e-05 0.000549819 -0.175511 -0.00810353 5.86975e-05 0.000159282 0.00807072 -0.174615 
99 0.247899 -0.152538 9.1992e-05 -5.98163e-06 -0.152456 0.246473 0.000718611 -8.42639e-05 0.000118708 -0.000148787 -0.186621 -0.00769596 0.000104968 -0.000432583 0.00759096 -0.185625 
100 0.246796 -0.149134 -4.29619e-05 5.60158e-05 -0.149075 0.245802 -0.000156656 -1.23014e-05 -9.42228e-05 0.000146957 -0.189701 -0.00664759 -7.83607e-05 0.000271864 0.00639054 -0.189269 
101 0.231666 -0.137309 -2.65836e-06 5.37857e-05 -0.137408 0.231 -5.46504e-05 0.000244251 2.98523e-05 0.000259208 -0.181053 -0.00548847 2.62836e-05 0.000124781 0.00553501 -0.180731 
102 0.224416 -0.127723 7.17021e-05 -5.69059e-05 -0.127702 0.223154 0.000186179 -0.000352331 -4.25603e-05 -0.000291379 -0.176894 -0.0071178 -3.56646e-05 -0.000396759 0.00701797 -0.175992 
103 0.23315 -0.128986 0.000118115 -0.000167611 -0.129018 0.231863 9.27252e-05 -0.000239731 2.15878e-06 -0.000154455 -0.186078 -0.00765308 8.85365e-06 -0.000204553 0.00756308 -0.185243 
104 0.237269 -0.127884 0.00025643 -0.000123863 -0.127892 0.235893 0.000511312 -0.000827838 -0.00021705 -0.000614651 -0.190439 -0.00866167 -3.39669e-05 -0.000874712 0.00864015 -0.18949 
105 0.216827 -0.115079 -8.73107e-05 4.36679e-05 -0.115093 0.216104 -0.000146649 0.000167086 4.13726e-05 5.16364e-05 -0.177866 -0.00605218 2.51941e-06 0.000212411 0.00603495 -0.177421 
106 0.220736 -0.112327 -4.62114e-05 9.04156e-05 -0.112305 0.219497 -0.000485073 0.000101013 -0.000186205 6.18946e-05 -0.181889 -0.00780857 -0.000117332 0.00034578 0.00762602 -0.181116 
107 0.243751 -0.123551 -5.56028e-05 6.64007e-05 -0.123535 0.242663 -0.00040386 0.000323391 -6.95202e-05 0.000182005 -0.204727 -0.00591297 -2.35267e-06 0.000475137 0.00586109 -0.203984 
108 0.236331 -0.116646 -2.7627e-05 6.47315e-05 -0.116636 0.23552 -0.000312065 0.000286818 -3.6013e-05 0.000396496 -0.20037 -0.00568228 -3.7928e-05 0.000277084 0.00562252 -0.199881 
109 0.249046 -0.118906 0.000122595 -6.93696e-05 -0.118888 0.248306 0.000247241 -0.000441905 -0.000117578 -0.000158655 -0.213196 -0.00619441 -4.05943e-05 -0.00036634 0.00613145 -0.212706 
110 0.219983 -0.102127 5.0315e-05 -1.54116e-05 -0.102196 0.219026 -3.10259e-05 -2.89517e-05 -1.15869e-05 -5.85289e-05 -0.19009 -0.00544399 4.86477e-06 -6.10067e-05 0.00547248 -0.18941 
111 0.216462 -0.0991445 0.000112167 -4.34062e-05 -0.0991205 0.215935 0.000204827 -0.000360529 -0.000176941 -0.000122223 -0.18956 -0.00353108 -4.59772e-05 -0.000330485 0.00344447 -0.18925 
112 0.222495 -0.0977825 -0.000147659 6.85844e-05 -0.097841 0.221768 -0.000249581 0.000459851 0.000106975 0.000188237 -0.19568 -0.00491055 2.9544e-05 0.000440522 0.00484896 -0.195316 
113 0.225632 -0.0963888 7.18835e-05 -3.09062e-05 -0.0964144 0.224947 0.000171542 0.000105128 7.46589e-05 0.000128769 -0.200052 -0.00499352 7.85391e-05 -0.000123977 0.00485383 -0.199693 
114 0.222054 -0.0914532 4.20909e-05 -9.20192e-05 -0.0914868 0.221429 4.24866e-05 7.39844e-05 8.74646e-05 0.000131816 -0.197986 -0.00517595 5.40073e-05 -5.04025e-05 0.00510899 -0.19762 
115 0.234357 -0.0923469 -0.000333968 4.36032e-05 -0.0924502 0.233364 -0.000595558 0.000843429 0.000382325 0.000576959 -0.208755 -0.00731422 0.00011605 0.00091686 0.00740497 -0.208088 
116 0.204578 -0.0787517 0.000214786 -4.36945e-05 -0.0787736 0.204059 0.000362993 -0.000280272 -0.000108556 -6.05983e-05 -0.184486 -0.0051999 5.03088e-05 -0.000467236 0.00517507 -0.184146 
117 0.217678 -0.0816913 8.25466e-05 -0.000118598 -0.0817358 0.216966 0.000236323 -0.000226905 5.89903e-05 -8.63866e-05 -0.198219 -0.00456339 4.78202e-05 -0.000283134 0.00455386 -0.197698 
118 0.241615 -0.0886801 -0.000182997 6.68924e-05 -0.0886594 0.241127 -0.000631053 0.000516585 2.59403e-05 0.000178744 -0.221887 -0.00402069 -4.52598e-05 0.000712025 0.00390156 -0.221635 
119 0.219505 -0.0785192 -0.000112481 4.71143e-05 -0.078536 0.219168 -0.000311667 0.000273515 4.96941e-05 9.66302e-05 -0.203029 -0.00309689 -5.3074e-06 0.000337 0.00303301 -0.202847 
120 0.215257 -0.0747725 -2.91806e-05 4.25214e-05 -0.0748096 0.214895 0.00024143 -0.000278034 1.30117e-06 -0.000120405 -0.200234 -0.00249972 -2.20759e-05 -0.000175346 0.00246478 -0.200072 
121 0.203977 -0.0679908 -6.26169e-05 -1.91339e-06 -0.0680279 0.203619 3.86925e-05 0.000110466 7.48083e-05 9.38542e-05 -0.190483 -0.00272941 2.58967e-05 1.38204e-05 0.00268782 -0.190268 
122 0.208633 -0.0676983 -2.35494e-05 8.01885e-06 -0.0677232 0.208315 -0.000127513 0.000183404 3.30946e-05 3.60422e-06 -0.195978 -0.00209344 3.54419e-05 0.000225294 0.00207203 -0.195786 
123 0.222458 -0.0689853 1.48187e-05 3.59211e-06 -0.069022 0.222026 -5.6137e-05 9.04747e-05 -1.43092e-05 0.000116869 -0.209888 -0.00266295 1.29705e-05 2.22239e-05 0.00259373 -0.209593 
124 0.23896 -0.0708819 7.8517e-05 -3.43933e-05 -0.0708782 0.238388 -3.4236e-05 1.40301e-05 -7.8556e-05 7.17037e-06 -0.225582 -0.00403589 -1.39026e-05 1.96233e-05 0.00391184 -0.225157 
125 0.217841 -0.0625947 0.000113334 9.22226e-06 -0.0626791 0.217207 0.000262679 -0.000627914 -0.000154783 -0.000486679 -0.206622 -0.00293817 -5.44553e-05 -0.000524049 0.00300774 -0.206106 
126 0.208247 -0.0584736 -4.69804e-06 -3.06033e-05 -0.0584964 0.207927 0.000112202 -9.54077e-05 3.37266e-05 -0.000189917 -0.198932 -0.00156989 9.09802e-06 -0.000129687 0.00150588 -0.198736 
127 0.220519 -0.0587786 0.000170092 -5.78009e-05 -0.0588126 0.219774 0.000505602 -0.00090444 -0.000205207 -0.000576788 -0.210423 -0.00326103 -4.87465e-05 -0.000915871 0.00319227 -0.209809 
128 0.208694 -0.0541421 4.07446e-05 4.61506e-05 -0.0541329 0.208276 -7.51672e-05 1.06121e-05 -6.28518e-05 0.000117742 -0.200515 -0.00169875 -2.67429e-05 7.64209e-05 0.00156141 -0.200284 
129 0.213502 -0.0532666 -8.32914e-05 5.14804e-05 -0.0532935 0.213032 8.84531e-06 4.35508e-05 2.67702e-05 -5.69795e-05 -0.205401 -0.00203535 1.2381e-06 0.000107115 0.00204802 -0.205022 
130 0.219517 -0.0524374 -5.43573e-05 -6.86536e-05 -0.0524126 0.21917 -6.75847e-05 1.36103e-05 0.00016245 -4.48004e-05 -0.211747 -0.00206549 -6.60544e-06 6.15339e-05 0.00202864 -0.21157 
131 0.218159 -0.0498009 3.88285e-05 2.63907e-05 -0.049848 0.217935 7.35821e-05 -7.4544e-05 -3.54697e-05 4.36605e-05 -0.211286 -0.00170041 -7.19473e-06 -8.48078e-05 0.00167507 -0.21116 
132 0.230378 -0.0511719 -7.54063e-05 -2.3136e-05 -0.0511378 0.229733 -8.63571e-05 0.000305599 0.000119398 4.91565e-05 -0.223083 -0.00228044 3.13993e-05 0.000314078 0.00224676 -0.222592 
133 0.216341 -0.045873 -3.23439e-05 -1.12619e-05 -0.0458795 0.216009 -7.98489e-05 1.74764e-05 -1.3048e-05 9.3746e-05 -0.210293 -0.00155875 -9.07346e-06 1.88163e-05 0.001539 -0.210099 
134 0.17889 -0.0365548 1.68942e-05 -4.89078e-05 -0.0365558 0.178594 -4.15262e-05 3.60469e-06 7.60383e-05 -4.0938e-05 -0.173555 -0.00172916 4.31137e-06 1.78432e-06 0.00170124 -0.173391 
135 0.230816 -0.0447163 4.76066e-05 -4.72404e-05 -0.0447378 0.230537 7.6789e-05 -5.10627e-05 3.83665e-06 -0.000121767 -0.225112 -0.00168475 7.2151e-06 -1.97059e-05 0.00167516 -0.224962 
136 0.205604 -0.0382524 5.39291e-05 -4.71252e-05 -0.0382663 0.205368 -4.82885e-05 9.17991e-05 1.11897e-05 -1.79225e-05 -0.200525 -0.00180168 2.70035e-05 8.05479e-05 0.00176967 -0.200384 
137 0.192987 -0.0342756 2.70819e-05 -1.22409e-05 -0.0342363 0.19259 3.37129e-05 9.45362e-05 -3.22476e-05 -7.0105e-05 -0.18826 -0.00185751 -2.80376e-08 5.91734e-05 0.00187542 -0.188036 
138 0.232468 -0.03925 -3.17871e-05 -4.79331e-05 -0.0392899 0.231947 -0.000179295 0.000264611 0.000138218 0.000258059 -0.2267 -0.00272462 5.34582e-05 0.000154176 0.00273257 -0.22641 
139 0.226502 -0.0362167 4.54493e-06 2.75101e-06 -0.0362184 0.226034 -5.29609e-05 9.45333e-07 -2.97302e-05 -2.20592e-05 -0.221317 -0.00267002 -5.41125e-05 4.75433e-06 0.00260577 -0.221018 
140 0.212913 -0.0334436 -1.36126e-05 -0.000131079 -0.0334001 0.212333 -0.000141729 0.000132074 0.000151104 -0.00011853 -0.207179 -0.00288754 -2.24683e-06 0.000169116 0.00290365 -0.206817 
141 0.222503 -0.0325104 9.01895e-05 -2.22533e-05 -0.0325476 0.222209 -0.00019035 9.30783e-05 -0.000103327 8.43216e-05 -0.218836 -0.00154761 4.50015e-06 0.00011075 0.00150628 -0.218675 
142 0.207443 -0.0291191 -4.38068e-05 -3.15986e-05 -0.0290977 0.207029 -0.000123282 4.08128e-05 3.0803e-05 3.12619e-05 -0.202946 -0.00227677 -1.44674e-05 7.79647e-05 0.00227193 -0.202706 
143 0.229336 -0.0306745 2.46833e-05 8.15317e-05 -0.0305889 0.22881 -0.00017292 0.000215651 -0.000230533 0.00044791 -0.224137 -0.00307112 -6.1669e-05 8.2125e-05 0.00304848 -0.223813 
144 0.243197 -0.0306896 3.71154e-05 7.03553e-05 -0.0305747 0.24257 0.00030409 1.01916e-05 -8.38762e-05 0.000136706 -0.238461 -0.00278421 -4.77024e-05 -0.000180946 0.00269692 -0.238141 
145 0.196824 -0.0248173 -7.01888e-05 -3.33879e-05 -0.0247231 0.19566 -0.000471191 -6.67469e-05 0.000159537 0.000321992 -0.189689 -0.00401267 2.46136e-05 -5.55011e-07 0.0040594 -0.188841 
146 0.244413 -0.0279224 -0.000105453 0.000129199 -0.0278375 0.243305 0.000947232 -0.000450275 -0.000212339 -0.00109202 -0.234377 -0.0047806 4.07509e-05 -0.000765531 0.00478039 -0.233603 
147 0.217778 -0.0246858 0.000122569 9.83651e-05 -0.0243853 0.216273 -0.000905291 0.00063729 -0.000611664 0.00121613 -0.2106 -0.00374968 -8.55564e-05 0.000481892 0.00375621 -0.209424 
148 0.249939 -0.0264421 -0.000202851 -5.14271e-05 -0.0262352 0.248299 0.00185694 -0.000533473 3.27575e-05 -0.00150013 -0.237971 -0.00629011 5.37113e-05 -0.000845813 0.0062619 -0.236671 
149 0.20939 -0.0218279 0.000298059 -0.000272713 -0.0217137 0.204678 -0.00112377 0.000953757 1.71442e-05 0.00083464 -0.199337 -0.0046922 -6.86806e-05 0.00117719 0.0045188 -0.195114 
150 0.256198 -0.0242411 -0.000386884 -3.99607e-05 -0.0239136 0.253045 -0.00199066 0.000972698 0.000234959 0.00186126 -0.238004 -0.00815287 -2.97263e-05 0.00105295 0.00819704 -0.235338 
151 0.230222 -0.0234006 0.000441549 -6.75729e-06 -0.0231863 0.22557 0.00215361 -0.000951444 -0.000518787 -0.00163178 -0.205172 -0.0102527 0.000118851 -0.00113715 0.010354 -0.201065 
152 0.242436 -0.0246483 0.000956146 6.04609e-06 -0.0239948 0.237366 -0.00265186 0.000511497 -0.000992584 0.00232542 -0.217361 -0.00952044 1.04501e-05 0.000550175 0.0096678 -0.212888 
153 0.239053 -0.0249155 -0.000475738 8.87981e-05 -0.0245181 0.229048 0.00104949 -0.000540444 3.65991e-05 -0.00107558 -0.210236 -0.0114113 2.77877e-05 -0.000681784 0.0115953 -0.201098 
154 0.270526 -0.0263656 0.000490829 -9.35888e-05 -0.0261127 0.257355 0.00155029 -0.00148792 -0.000122596 -0.00223829 -0.232824 -0.0136467 2.35015e-07 -0.00134719 0.0136971 -0.220623 
155 0.227352 -0.0253581 -0.000492723 0.000275868 -0.0247624 0.214596 0.00349406 -0.00149006 -0.000458172 -0.00276378 -0.185154 -0.0162205 6.46446e-05 -0.00164932 0.0165952 -0.173406 
156 0.282016 -0.0267631 0.000426358 0.000180832 -0.025523 0.251335 0.0109975 -0.00602515 -0.000773734 -0.0113621 -0.212042 -0.0277065 0.000564751 -0.00566015 0.0283699 -0.182663 
157 0.313622 -0.030978 0.00130689 -3.40091e-05 -0.0304681 0.289671 0.0033831 -0.00142096 -0.00173201 -0.0039195 -0.234434 -0.0309388 0.000169985 -0.00120493 0.0313608 -0.212136 
158 0.303894 -0.038165 0.00335079 -0.000334666 -0.0371632 0.267927 -0.00561485 0.00235145 -0.00348066 0.00665292 -0.219366 -0.0318016 0.000306189 0.00284994 0.0318229 -0.185598 
159 0.314833 -0.0392999 -0.00160828 0.000596442 -0.0381063 0.257473 -0.00481543 0.00287435 -0.000913601 0.00700177 -0.219639 -0.0356859 -0.00053519 0.00130423 0.0356187 -0.165439 
160 0.375126 -0.0503463 -0.00111971 -0.00100372 -0.0485718 0.312699 -0.00893896 0.000589026 0.00434585 0.00826366 -0.266935 -0.0370021 0.000501619 0.00214562 0.0373181 -0.208196 
161 0.354071 -0.0565871 -0.00100495 -0.000675694 -0.054169 0.30235 0.00323134 -0.00546859 0.00321503 -0.00405958 -0.248198 -0.029916 0.000555726 -0.00418759 0.0311107 -0.20016 
162 0.424968 -0.0665485 -0.00380111 -0.0014646 -0.0656153 0.344729 -0.00462428 0.00608117 0.00524771 0.00470229 -0.284731 -0.0377738 6.21742e-05 0.00680937 0.0378031 -0.208392 
163 0.471525 -0.0610221 -0.000357689 -0.00029611 -0.0580403 0.371927 0.000696486 0.00276797 0.000953365 3.57714e-05 -0.315026 -0.0507849 0.000111303 0.00371302 0.05169 -0.220536 
164 0.493029 -0.0591276 -0.00251042 -0.000285202 -0.0588165 0.366855 -0.00257234 0.00307737 0.00175589 0.00334755 -0.335733 -0.0449148 -0.000790394 0.00289355 0.0439234 -0.215268 
165 0.523556 -0.0549901 -0.00324683 0.00132345 -0.0522604 0.387594 0.0059998 -0.0125025 0.00224219 -0.00469525 -0.350506 -0.0485386 0.000119014 -0.0128111 0.0497804 -0.220776 
166 0.552666 -0.0707088 0.00158909 0.00140453 -0.0723186 0.413277 0.0170362 -0.00690464 0.00108842 -0.0179329 -0.382889 -0.0341293 -0.000845392 -0.00695123 0.033354 -0.250611 
167 0.645473 -0.0565331 0.00592734 0.00121913 -0.0558402 0.488397 -0.000302211 -0.00196976 -0.00407688 -0.00351603 -0.411915 -0.0432326 -0.000377494 -0.00167473 0.0444487 -0.262573 
168 0.682862 -0.0663905 -0.00357266 -2.93776e-06 -0.0655044 0.515641 0.00325314 -0.000829281 -0.00153646 -0.00124879 -0.486435 -0.0378045 0.000264345 -0.00360784 0.0384049 -0.327903 
169 0.728274 -0.0512672 0.00100903 0.000557498 -0.0477915 0.527993 0.0150047 -0.00365067 0.000875756 -0.0146156 -0.509022 -0.0370822 0.000114053 -0.00314723 0.0390518 -0.318001 
170 0.707045 -0.0548543 -0.00910997 -0.000906474 -0.0556858 0.502681 -0.00997397 0.00584103 0.00687128 0.0074579 -0.476147 -0.0411393 -0.000197504 0.00540834 0.0399902 -0.280596 
171 0.78663 -0.0413259 -0.0026768 0.00103536 -0.0355732 0.559601 0.0185686 -0.0138188 -0.000982505 -0.0210142 -0.524057 -0.0438868 9.80457e-05 -0.0151686 0.0468672 -0.308172 
172 0.82776 -0.043917 0.00214561 0.00169206 -0.0409713 0.5378 -0.00790765 0.0103714 0.00284871 0.00886964 -0.546273 -0.0406578 -0.00046327 0.0128322 0.0421338 -0.267953 
173 0.896275 -0.0364074 0.00888127 -0.000211419 -0.0302208 0.62185 -0.00159254 0.00514896 -0.00433385 0.00235496 -0.615155 -0.0163417 0.00129571 0.00662749 0.0196606 -0.351851 
174 0.918673 -0.0317718 -0.00568835 -0.00179687 -0.0338355 0.68884 -0.0181863 0.00992688 -0.00110796 0.0173286 -0.633015 -0.00825956 0.000731863 0.00603951 0.00715722 -0.415251 
175 0.861353 -0.0150857 -0.00329331 0.00164686 -0.01777 0.643801 -0.00955617 0.00332444 0.00185912 0.00218986 -0.607497 -0.0126844 -0.000645729 0.000742744 0.0121169 -0.401268 
176 0.967195 -0.0327313 -0.00996035 -0.00343029 -0.0272935 0.640301 -0.0181531 0.0369389 0.0026844 0.0182948 -0.665181 -0.00701145 0.00128037 0.0344666 0.00771113 -0.349837 
177 0.997834 0.00126715 0.0237419 0.00258663 0.00817226 0.729438 -0.0139836 -0.0123674 -0.0164885 0.00702471 -0.704338 -0.0228823 -0.00117124 -0.00781331 0.0241385 -0.446898 
178 0.978832 0.0061882 0.00162548 0.0020025 0.00622933 0.711863 -0.0367467 0.00424471 -0.00446345 0.0371969 -0.701457 0.00377056 -0.000758757 0.00321035 -0.00436628 -0.445416 
179 1.10884 -0.000860578 0.0298787 0.0107048 0.00229959 0.75038 0.0390261 0.0281455 -0.0225122 -0.043793 -0.742021 -0.00207817 -0.00567366 0.0343005 0.00280507 -0.396417 
180 0.8496 -0.0498261 0.115238 -0.00262032 -0.064247 0.656616 -0.00399244 0.0451571 -0.115454 0.000777267 -0.658995 -0.0260832 -0.00567016 0.0445633 0.0227527 -0.47555 
