0 4.45247 0.0065747 4.4477 4.44614 0.00132887 4.44178 
1 5.91254 -0.0379339 5.90854 5.90703 -0.000455382 5.90441 
2 5.08339 -0.0622879 5.07783 5.07612 -0.00142421 5.07251 
3 6.99058 -0.194581 6.9833 6.97494 -0.00315723 6.97296 
4 6.07985 -0.194404 6.06853 6.05975 -0.00188153 6.05567 
5 5.08124 -0.19179 5.07135 5.06067 -0.00327428 5.05744 
6 4.68006 -0.181794 4.65993 4.64776 -0.0039121 4.65485 
7 5.23158 -0.29166 5.22198 5.19544 -0.00574144 5.19429 
8 5.47967 -0.338433 5.47204 5.43761 -0.007139 5.43507 
9 5.05797 -0.385605 5.04604 5.00054 -0.00697139 4.99974 
10 5.15992 -0.493022 5.14863 5.08535 -0.00913125 5.08584 
11 5.25888 -0.519846 5.24999 5.17881 -0.00986859 5.17544 
12 4.9035 -0.575108 4.89401 4.8081 -0.011916 4.80312 
13 4.72219 -0.473711 4.71444 4.63403 -0.00984981 4.63152 
14 4.71211 -0.598354 4.70463 4.59884 -0.0126674 4.5957 
15 4.62859 -0.438056 4.62223 4.53394 -0.00981165 4.53092 
16 4.66656 -0.557169 4.66024 4.54198 -0.0122002 4.53992 
17 4.41698 -0.579574 4.41028 4.27963 -0.0128935 4.27564 
18 4.41933 -0.574871 4.41443 4.27341 -0.0131688 4.27072 
19 4.28391 -0.532133 4.27844 4.13736 -0.0119087 4.13454 
20 4.35129 -0.546538 4.3461 4.18847 -0.013245 4.18561 
21 3.94324 -0.527846 3.93872 3.77835 -0.012653 3.77627 
22 4.33283 -0.55362 4.32946 4.14732 -0.0136188 4.14627 
23 3.66925 -0.387249 3.6656 3.52211 -0.0106385 3.52068 
24 3.98859 -0.500073 3.98472 3.79637 -0.0134246 3.7948 
25 3.86897 -0.500263 3.8657 3.66603 -0.0137217 3.66519 
26 3.85519 -0.500761 3.85088 3.63907 -0.0139464 3.63736 
27 3.69751 -0.518141 3.69417 3.4654 -0.0145683 3.46443 
28 3.66032 -0.442718 3.65762 3.43837 -0.0139266 3.43816 
29 3.83319 -0.546499 3.83018 3.55719 -0.0169478 3.55674 
30 3.63761 -0.501892 3.63469 3.36737 -0.0155652 3.36726 
31 3.40179 -0.472994 3.39863 3.13239 -0.0153786 3.1321 
32 3.5695 -0.461768 3.56597 3.2809 -0.0166786 3.28033 
33 3.36509 -0.490461 3.36166 3.05655 -0.0168304 3.05625 
34 3.1687 -0.380069 3.1658 2.89376 -0.0153955 2.89409 
35 3.05431 -0.385896 3.05119 2.76543 -0.0154745 2.76553 
36 3.12963 -0.421605 3.12676 2.80477 -0.0169763 2.80507 
37 2.97031 -0.420844 2.96749 2.63512 -0.0172471 2.63563 
38 2.47134 -0.337363 2.46822 2.18285 -0.0140846 2.18284 
39 2.65702 -0.302134 2.65401 2.35601 -0.0152645 2.35667 
40 2.7295 -0.299337 2.72645 2.40786 -0.0156365 2.40882 
41 2.58703 -0.294101 2.58439 2.25953 -0.0160851 2.26068 
42 2.32231 -0.315143 2.32012 1.98763 -0.0162101 1.98873 
43 2.48834 -0.251201 2.48535 2.15402 -0.0165104 2.15567 
44 2.11352 -0.235806 2.11102 1.80158 -0.01535 1.80273 
45 2.43428 -0.309439 2.43093 2.03465 -0.0186028 2.03591 
46 2.1946 -0.265922 2.19164 1.8229 -0.0176475 1.82435 
47 2.05827 -0.212299 2.05548 1.71034 -0.016456 1.71223 
48 2.08997 -0.202675 2.08704 1.72495 -0.0183658 1.7269 
49 2.04893 -0.186801 2.046 1.67642 -0.0184147 1.67829 
50 2.03023 -0.21007 2.02657 1.62633 -0.0187541 1.62884 
51 1.96914 -0.226447 1.96608 1.54238 -0.0200689 1.54472 
52 1.69248 -0.194275 1.6897 1.30823 -0.0175425 1.3103 
53 1.79429 -0.213453 1.79099 1.36113 -0.0194891 1.36363 
54 1.66615 -0.148955 1.66319 1.27666 -0.0182145 1.27891 
55 1.64694 -0.228871 1.6433 1.18856 -0.0208284 1.19096 
56 1.55704 -0.204367 1.55402 1.11218 -0.0206142 1.11445 
57 1.4749 -0.145883 1.4714 1.06447 -0.0208158 1.06715 
58 1.55019 -0.15289 1.54656 1.09806 -0.0228338 1.10097 
59 1.26273 -0.0702095 1.25922 0.915028 -0.0195063 0.917694 
60 1.27959 -0.145321 1.27632 0.856119 -0.0241101 0.858643 
61 1.14556 -0.108865 1.14235 0.764802 -0.0237088 0.767186 
62 1.16145 -0.118652 1.15785 0.752227 -0.0259203 0.754811 
63 1.15522 -0.148805 1.15181 0.707068 -0.0293127 0.709718 
64 1.09312 -0.111202 1.0892 0.673665 -0.0334731 0.67679 
65 1.04608 -0.118493 1.04295 0.621493 -0.0359801 0.623555 
66 0.941173 -0.11216 0.937999 0.539905 -0.038863 0.542341 
67 0.933915 -0.0941445 0.930098 0.532161 -0.0398182 0.535057 
68 1.02147 -0.101929 1.017 0.566424 -0.0473379 0.569805 
69 0.946777 -0.102095 0.942513 0.502919 -0.0504866 0.506004 
70 0.886739 -0.143189 0.882797 0.417143 -0.0540499 0.419516 
71 0.853143 -0.141339 0.848927 0.385236 -0.0565059 0.388196 
72 0.76483 -0.115722 0.760195 0.340109 -0.0612598 0.342906 
73 0.765151 -0.143863 0.761824 0.301538 -0.0586758 0.303611 
74 0.657475 -0.116057 0.653766 0.256848 -0.0604467 0.259054 
75 0.702646 -0.164539 0.698548 0.219648 -0.0549749 0.222457 
76 0.649043 -0.140359 0.645374 0.200571 -0.0578361 0.202756 
77 0.590189 -0.157278 0.5866 0.14734 -0.0594058 0.149316 
78 0.610108 -0.155786 0.606788 0.143991 -0.0570039 0.146114 
79 0.550111 -0.130084 0.546259 0.126241 -0.0513065 0.128469 
80 0.53246 -0.142017 0.528523 0.0968854 -0.0523894 0.0990789 
81 0.493562 -0.162076 0.490118 0.0438904 -0.0444569 0.046198 
82 0.437745 -0.165255 0.433899 0.0058692 -0.0353709 0.00819244 
83 0.443782 -0.135904 0.440759 0.0296046 -0.041725 0.0314606 
84 0.429026 -0.170875 0.425921 -0.0256091 -0.0372002 -0.0236184 
85 0.409586 -0.185643 0.406892 -0.0592473 -0.0307413 -0.0575653 
86 0.386144 -0.176779 0.383321 -0.0684186 -0.0319054 -0.0668567 
87 0.394967 -0.192102 0.392163 -0.0927504 -0.0304273 -0.0909363 
88 0.332136 -0.159252 0.330285 -0.0856802 -0.0228761 -0.0845703 
89 0.318799 -0.180768 0.31715 -0.124183 -0.017013 -0.123251 
90 0.316498 -0.173514 0.314919 -0.126651 -0.0169293 -0.125779 
91 0.278221 -0.155119 0.276343 -0.122523 -0.0155498 -0.121388 
92 0.307996 -0.189792 0.306458 -0.166867 -0.0127255 -0.166034 
93 0.263729 -0.160515 0.262078 -0.148089 -0.0113206 -0.147155 
94 0.284182 -0.175572 0.282715 -0.17129 -0.011174 -0.170427 
95 0.227309 -0.143611 0.225675 -0.149923 -0.00974168 -0.148834 
96 0.248886 -0.159594 0.247287 -0.172913 -0.00801281 -0.172022 
97 0.244214 -0.154306 0.242813 -0.175293 -0.00853196 -0.174456 
98 0.237698 -0.148589 0.236433 -0.175511 -0.00810353 -0.174615 
99 0.247899 -0.152538 0.246473 -0.186621 -0.00769596 -0.185625 
100 0.246796 -0.149134 0.245802 -0.189701 -0.00664759 -0.189269 
101 0.231666 -0.137309 0.231 -0.181053 -0.00548847 -0.180731 
102 0.224416 -0.127723 0.223154 -0.176894 -0.0071178 -0.175992 
103 0.23315 -0.128986 0.231863 -0.186078 -0.00765308 -0.185243 
104 0.237269 -0.127884 0.235893 -0.190439 -0.00866167 -0.18949 
105 0.216827 -0.115079 0.216104 -0.177866 -0.00605218 -0.177421 
106 0.220736 -0.112327 0.219497 -0.181889 -0.00780857 -0.181116 
107 0.243751 -0.123551 0.242663 -0.204727 -0.00591297 -0.203984 
108 0.236331 -0.116646 0.23552 -0.20037 -0.00568228 -0.199881 
109 0.249046 -0.118906 0.248306 -0.213196 -0.00619441 -0.212706 
110 0.219983 -0.102127 0.219026 -0.19009 -0.00544399 -0.18941 
111 0.216462 -0.0991445 0.215935 -0.18956 -0.00353108 -0.18925 
112 0.222495 -0.0977825 0.221768 -0.19568 -0.00491055 -0.195316 
113 0.225632 -0.0963888 0.224947 -0.200052 -0.00499352 -0.199693 
114 0.222054 -0.0914532 0.221429 -0.197986 -0.00517595 -0.19762 
115 0.234357 -0.0923469 0.233364 -0.208755 -0.00731422 -0.208088 
116 0.204578 -0.0787517 0.204059 -0.184486 -0.0051999 -0.184146 
117 0.217678 -0.0816913 0.216966 -0.198219 -0.00456339 -0.197698 
118 0.241615 -0.0886801 0.241127 -0.221887 -0.00402069 -0.221635 
119 0.219505 -0.0785192 0.219168 -0.203029 -0.00309689 -0.202847 
120 0.215257 -0.0747725 0.214895 -0.200234 -0.00249972 -0.200072 
121 0.203977 -0.0679908 0.203619 -0.190483 -0.00272941 -0.190268 
122 0.208633 -0.0676983 0.208315 -0.195978 -0.00209344 -0.195786 
123 0.222458 -0.0689853 0.222026 -0.209888 -0.00266295 -0.209593 
124 0.23896 -0.0708819 0.238388 -0.225582 -0.00403589 -0.225157 
125 0.217841 -0.0625947 0.217207 -0.206622 -0.00293817 -0.206106 
126 0.208247 -0.0584736 0.207927 -0.198932 -0.00156989 -0.198736 
127 0.220519 -0.0587786 0.219774 -0.210423 -0.00326103 -0.209809 
128 0.208694 -0.0541421 0.208276 -0.200515 -0.00169875 -0.200284 
129 0.213502 -0.0532666 0.213032 -0.205401 -0.00203535 -0.205022 
130 0.219517 -0.0524374 0.21917 -0.211747 -0.00206549 -0.21157 
131 0.218159 -0.0498009 0.217935 -0.211286 -0.00170041 -0.21116 
132 0.230378 -0.0511719 0.229733 -0.223083 -0.00228044 -0.222592 
133 0.216341 -0.045873 0.216009 -0.210293 -0.00155875 -0.210099 
134 0.17889 -0.0365548 0.178594 -0.173555 -0.00172916 -0.173391 
135 0.230816 -0.0447163 0.230537 -0.225112 -0.00168475 -0.224962 
136 0.205604 -0.0382524 0.205368 -0.200525 -0.00180168 -0.200384 
137 0.192987 -0.0342756 0.19259 -0.18826 -0.00185751 -0.188036 
138 0.232468 -0.03925 0.231947 -0.2267 -0.00272462 -0.22641 
139 0.226502 -0.0362167 0.226034 -0.221317 -0.00267002 -0.221018 
140 0.212913 -0.0334436 0.212333 -0.207179 -0.00288754 -0.206817 
141 0.222503 -0.0325104 0.222209 -0.218836 -0.00154761 -0.218675 
142 0.207443 -0.0291191 0.207029 -0.202946 -0.00227677 -0.202706 
143 0.229336 -0.0306745 0.22881 -0.224137 -0.00307112 -0.223813 
144 0.243197 -0.0306896 0.24257 -0.238461 -0.00278421 -0.238141 
145 0.196824 -0.0248173 0.19566 -0.189689 -0.00401267 -0.188841 
146 0.244413 -0.0279224 0.243305 -0.234377 -0.0047806 -0.233603 
147 0.217778 -0.0246858 0.216273 -0.2106 -0.00374968 -0.209424 
148 0.249939 -0.0264421 0.248299 -0.237971 -0.00629011 -0.236671 
149 0.20939 -0.0218279 0.204678 -0.199337 -0.0046922 -0.195114 
150 0.256198 -0.0242411 0.253045 -0.238004 -0.00815287 -0.235338 
151 0.230222 -0.0234006 0.22557 -0.205172 -0.0102527 -0.201065 
152 0.242436 -0.0246483 0.237366 -0.217361 -0.00952044 -0.212888 
153 0.239053 -0.0249155 0.229048 -0.210236 -0.0114113 -0.201098 
154 0.270526 -0.0263656 0.257355 -0.232824 -0.0136467 -0.220623 
155 0.227352 -0.0253581 0.214596 -0.185154 -0.0162205 -0.173406 
156 0.282016 -0.0267631 0.251335 -0.212042 -0.0277065 -0.182663 
157 0.313622 -0.030978 0.289671 -0.234434 -0.0309388 -0.212136 
158 0.303894 -0.038165 0.267927 -0.219366 -0.0318016 -0.185598 
159 0.314833 -0.0392999 0.257473 -0.219639 -0.0356859 -0.165439 
160 0.375126 -0.0503463 0.312699 -0.266935 -0.0370021 -0.208196 
161 0.354071 -0.0565871 0.30235 -0.248198 -0.029916 -0.20016 
162 0.424968 -0.0665485 0.344729 -0.284731 -0.0377738 -0.208392 
163 0.471525 -0.0610221 0.371927 -0.315026 -0.0507849 -0.220536 
164 0.493029 -0.0591276 0.366855 -0.335733 -0.0449148 -0.215268 
165 0.523556 -0.0549901 0.387594 -0.350506 -0.0485386 -0.220776 
166 0.552666 -0.0707088 0.413277 -0.382889 -0.0341293 -0.250611 
167 0.645473 -0.0565331 0.488397 -0.411915 -0.0432326 -0.262573 
168 0.682862 -0.0663905 0.515641 -0.486435 -0.0378045 -0.327903 
169 0.728274 -0.0512672 0.527993 -0.509022 -0.0370822 -0.318001 
170 0.707045 -0.0548543 0.502681 -0.476147 -0.0411393 -0.280596 
171 0.78663 -0.0413259 0.559601 -0.524057 -0.0438868 -0.308172 
172 0.82776 -0.043917 0.5378 -0.546273 -0.0406578 -0.267953 
173 0.896275 -0.0364074 0.62185 -0.615155 -0.0163417 -0.351851 
174 0.918673 -0.0317718 0.68884 -0.633015 -0.00825956 -0.415251 
175 0.861353 -0.0150857 0.643801 -0.607497 -0.0126844 -0.401268 
176 0.967195 -0.0327313 0.640301 -0.665181 -0.00701145 -0.349837 
177 0.997834 0.00126715 0.729438 -0.704338 -0.0228823 -0.446898 
178 0.978832 0.0061882 0.711863 -0.701457 0.00377056 -0.445416 
179 1.10884 -0.000860578 0.75038 -0.742021 -0.00207817 -0.396417 
180 0.8496 -0.0498261 0.656616 -0.658995 -0.0260832 -0.47555 
