0 7.04377 -0.114087 -1.6258e-16 0 -0.114087 7.04377 2.80137e-15 5.99602e-17 -1.29747e-16 -1.60079e-15 7.04264 -0.0527236 0 -7.19103e-17 0.0527236 7.04264 
1 2.54581 -0.107663 1.17252e-16 0 -0.107663 2.54581 -2.50137e-16 2.3525e-17 1.00653e-16 2.50137e-16 2.54296 -0.0497533 3.403e-18 -1.75878e-17 0.0497533 2.54296 
2 4.08351 -0.285623 4.89991e-16 0 -0.285623 4.08351 -6.25438e-17 -1.80114e-16 4.67723e-16 3.20537e-17 4.07111 -0.131986 2.89097e-18 1.82574e-16 0.131986 4.07111 
3 2.87345 -0.28836 -1.50664e-16 0 -0.28836 2.87345 -8.34129e-17 8.31018e-17 -1.61816e-16 1.04266e-16 2.85564 -0.13324 8.32314e-19 -8.02849e-17 0.13324 2.85564 
4 3.01307 -0.391926 8.40259e-06 7.98558e-05 -0.391926 3.01307 -9.13139e-05 -2.51845e-06 -7.83527e-06 9.12771e-05 2.9819 -0.181015 7.98561e-05 -2.26656e-06 0.181015 2.9819 
5 2.15509 -0.358585 -4.14795e-17 0 -0.358585 2.15509 5.63495e-17 2.73329e-17 -3.35797e-17 -2.25398e-17 2.11849 -0.165645 1.88952e-18 -3.08748e-17 0.165645 2.11849 
6 2.64711 -0.522039 -7.56726e-06 -4.8568e-05 -0.522039 2.64711 5.56766e-05 2.22565e-06 7.69818e-06 -5.56915e-05 2.5838 -0.241055 -4.85668e-05 2.27323e-06 0.241055 2.5838 
7 2.16585 -0.506995 -8.79855e-17 0 -0.506995 2.16585 6.80601e-17 1.64578e-17 -4.26412e-17 -7.5672e-17 2.09251 -0.234104 -7.6553e-19 -3.29106e-17 0.234104 2.09251 
8 3.48307 -0.927804 3.31296e-06 1.61815e-05 -0.927804 3.48307 -1.86439e-05 -9.81478e-07 -3.43179e-06 1.86658e-05 3.32961 -0.428093 1.61764e-05 -1.00252e-06 0.428093 3.32961 
9 2.78348 -0.823238 -2.39023e-05 -8.6163e-05 -0.823238 2.78348 9.961e-05 7.18764e-06 1.96105e-05 -9.88174e-05 2.63155 -0.37974 -8.62282e-05 5.63682e-06 0.37974 2.63155 
10 2.93609 -0.964991 1.21092e-05 5.10803e-05 -0.964991 2.93609 -5.88691e-05 -2.55426e-06 -1.47385e-05 5.9504e-05 2.73682 -0.445081 5.13406e-05 -5.3496e-06 0.445081 2.73682 
11 2.26535 -0.813459 -1.77311e-17 0 -0.813459 2.26535 4.0896e-17 -7.72218e-18 3.04621e-18 -3.34603e-17 2.08058 -0.375163 -2.49884e-18 1.14394e-18 0.375163 2.08058 
12 2.54431 -0.995101 -5.52746e-05 -0.000164798 -0.995101 2.54431 0.000192137 1.56613e-05 5.43865e-05 -0.000192054 2.2963 -0.457993 -0.00016508 1.66193e-05 0.457993 2.2963 
13 2.87507 -1.2108 -2.15279e-06 -3.20192e-06 -1.2108 2.87507 3.88435e-06 6.32354e-07 2.15826e-07 -3.38997e-06 2.54725 -0.55737 -3.2721e-06 7.12079e-08 0.55737 2.54725 
14 2.72861 -1.22671 5.14134e-06 1.55295e-05 -1.22671 2.72861 -1.8178e-05 -1.51958e-06 -5.35705e-06 1.82512e-05 2.37084 -0.564614 1.55159e-05 -1.56865e-06 0.564614 2.37084 
15 2.3039 -1.09836 1.55229e-17 0 -1.09836 2.3039 1.3968e-16 -4.30084e-17 8.94797e-17 -1.45741e-16 1.96094 -0.505675 -1.06823e-18 1.32959e-17 0.505675 1.96094 
16 1.97767 -0.993272 4.73349e-05 0.000104345 -0.993272 1.97767 -0.000123566 -1.39698e-05 -4.52668e-05 0.000122926 1.64788 -0.456796 0.000104427 -1.33555e-05 0.456796 1.64788 
17 2.46052 -1.30202 -0.000108726 -0.000235419 -1.30202 2.46052 0.000278889 3.21275e-05 0.000106785 -0.000278258 2.00024 -0.597695 -0.000235458 3.14131e-05 0.597695 2.00024 
18 2.42858 -1.35041 6.18963e-05 0.000127593 -1.35041 2.42858 -0.000153135 -1.74689e-05 -6.31588e-05 0.000153716 1.9208 -0.61977 0.00012792 -1.91645e-05 0.61977 1.9208 
19 2.55917 -1.48698 5.44315e-17 0 -1.48698 2.55917 -1.08947e-18 -2.32294e-17 5.12372e-17 -4.52548e-17 1.96747 -0.683066 2.60978e-19 1.13032e-17 0.683066 1.96747 
20 2.25911 -1.36648 1.04504e-17 0 -1.36648 2.25911 4.26791e-18 -1.30553e-17 2.87062e-17 -1.83081e-17 1.68589 -0.627321 1.01945e-19 8.12698e-18 0.627321 1.68589 
21 1.8568 -1.16616 0.000225998 0.00036427 -1.16616 1.85679 -0.000449194 -6.75086e-05 -0.000176717 0.000429683 1.34227 -0.534387 0.000365426 -4.94669e-05 0.534387 1.34228 
22 1.54242 -1.00457 5.15305e-18 0 -1.00457 1.54242 -2.97894e-17 2.13522e-18 -1.61134e-17 4.83986e-17 1.07592 -0.460536 -4.8925e-18 1.69067e-17 0.460536 1.07592 
23 1.71428 -1.15198 -0.000127791 -0.000200004 -1.15198 1.71427 0.000245285 3.76895e-05 0.000124618 -0.000243919 1.15467 -0.527327 -0.000200165 3.67714e-05 0.527327 1.15468 
24 1.71114 -1.18861 -0.000126903 -0.000193022 -1.18861 1.71113 0.000237659 3.74296e-05 0.000123234 -0.000236042 1.10417 -0.54365 -0.000193215 3.6382e-05 0.54365 1.10417 
25 1.57592 -1.12491 2.84932e-17 0 -1.12491 1.57592 -3.91881e-17 5.79579e-18 -4.64003e-18 2.9387e-17 0.976276 -0.514518 4.22067e-18 7.46679e-18 0.514518 0.976276 
26 1.42524 -1.04384 2.47094e-17 0 -1.04384 1.42524 -4.52175e-17 -7.49744e-19 -4.46923e-18 2.78214e-17 0.844963 -0.477051 -3.41698e-18 1.35995e-17 0.477051 0.844963 
27 1.70238 -1.27663 3.26637e-17 0 -1.27663 1.70238 -6.04595e-17 1.53402e-17 -2.97615e-17 6.31639e-17 0.96343 -0.582955 2.31482e-18 9.99895e-18 0.582955 0.96343 
28 1.43057 -1.09757 -3.75146e-17 0 -1.09757 1.43057 2.57459e-17 8.28834e-18 -2.34128e-17 8.90645e-18 0.768731 -0.500738 -3.41394e-18 -8.51416e-18 0.500738 0.768731 
29 1.6841 -1.32004 -3.97818e-17 0 -1.32004 1.6841 -6.35946e-18 9.89925e-18 -2.72789e-17 1.54537e-17 0.855256 -0.601664 -3.99594e-18 -1.09092e-17 0.601664 0.855256 
30 1.69761 -1.35592 -6.00392e-17 0 -1.35592 1.69761 5.27406e-17 1.20902e-17 -2.47067e-17 -1.07023e-17 0.813568 -0.617436 1.27096e-18 -2.59167e-17 0.617436 0.813568 
31 1.70916 -1.38844 -3.59835e-17 0 -1.38844 1.70916 3.40367e-18 2.71843e-17 -6.25668e-17 5.87099e-17 0.770857 -0.631651 -2.49276e-18 -1.38663e-17 0.631651 0.770857 
32 1.61684 -1.33389 -8.98702e-17 0 -1.33389 1.61684 6.36291e-17 4.54618e-17 -9.75787e-17 7.86257e-17 0.683455 -0.606253 2.24088e-18 -4.28631e-17 0.606253 0.683455 
33 1.5015 -1.25718 7.815e-18 0 -1.25718 1.5015 1.57803e-18 -9.05955e-18 2.03911e-17 -1.51635e-17 0.5899 -0.570795 3.3943e-19 7.84005e-18 0.570795 0.5899 
34 1.2646 -1.07379 -0.000284122 -0.000309164 -1.07379 1.26458 0.000395553 8.42644e-05 0.000310341 -0.000411997 0.45743 -0.486444 -0.000307387 9.11681e-05 0.486443 0.45745 
35 1.47525 -1.26713 1.27544e-17 0 -1.26713 1.47525 -9.16145e-18 4.48533e-18 -7.74129e-18 1.09995e-17 0.490914 -0.574074 2.48496e-18 -6.77112e-19 0.574074 0.490914 
36 1.47108 -1.27741 3.9456e-18 0 -1.27741 1.47108 -5.08287e-18 -1.11333e-17 2.66956e-17 -2.81008e-17 0.444915 -0.578084 2.77928e-18 4.1777e-19 0.578084 0.444915 
37 1.14209 -1.00161 9.12402e-19 0 -1.00161 1.14209 -1.04501e-17 1.28943e-17 -2.95289e-17 3.62e-17 0.309964 -0.452737 -1.53546e-18 4.29707e-18 0.452737 0.309964 
38 1.36116 -1.20371 -7.08589e-18 0 -1.20371 1.36116 1.01348e-17 -1.30759e-20 -9.54025e-20 -8.31984e-19 0.329196 -0.543466 -2.49617e-19 4.67753e-19 0.543466 0.329196 
39 1.38434 -1.23286 -3.66189e-17 0 -1.23286 1.38434 3.42994e-17 1.06734e-18 -4.72288e-18 -1.8304e-18 0.295218 -0.555999 -4.4823e-18 -6.16186e-18 0.555999 0.295218 
40 1.24606 -1.1168 -2.9734e-17 0 -1.1168 1.24606 2.67468e-17 1.19033e-17 -2.59599e-17 2.4131e-17 0.228573 -0.503048 1.01831e-18 -1.18798e-17 0.503048 0.228573 
41 1.24337 -1.12016 1.36692e-17 0 -1.12016 1.24337 -1.77088e-17 1.17548e-18 -2.57107e-18 5.78385e-18 0.192686 -0.503965 7.75309e-20 6.54722e-18 0.503965 0.192686 
42 1.03835 -0.939727 -1.52399e-17 0 -0.939727 1.03835 1.47303e-17 -1.2873e-17 2.83478e-17 -3.42848e-17 0.129257 -0.42224 -9.17457e-19 -1.16262e-17 0.42224 0.129257 
43 1.19694 -1.08709 2.14828e-17 0 -1.08709 1.19694 -2.00889e-17 -6.50238e-18 1.39977e-17 -1.30083e-17 0.113314 -0.487817 -2.5598e-18 1.49127e-17 0.487817 0.113314 
44 1.11423 -1.01451 1.75521e-17 0 -1.01451 1.11423 -2.02843e-17 -6.17567e-18 1.44851e-17 -1.42606e-17 0.0738483 -0.45467 3.81997e-18 5.83391e-18 0.45467 0.0738483 
45 1.23023 -1.12208 3.01356e-17 0 -1.12208 1.23023 -3.2171e-17 -2.28857e-18 5.36957e-18 -5.065e-18 0.0458772 -0.50221 2.22964e-18 8.22844e-18 0.50221 0.0458772 
46 1.30941 -1.19536 -2.34097e-18 0 -1.19536 1.30941 -7.24338e-18 -1.25331e-18 2.74849e-18 -3.08781e-18 0.0104789 -0.53427 -2.35797e-18 4.532e-18 0.53427 0.0104789 
47 1.14511 -1.04543 1.95393e-17 0 -1.04543 1.14511 -2.26544e-17 -6.53984e-18 1.4648e-17 -1.64704e-17 -0.0232053 -0.466619 -1.10394e-18 1.01637e-17 0.466619 -0.0232053 
48 1.27292 -1.16129 -2.71448e-17 0 -1.16129 1.27292 2.87935e-17 3.45701e-18 -7.63677e-18 9.9585e-18 -0.0607032 -0.517626 -9.97933e-19 -1.25249e-17 0.517626 -0.0607032 
49 1.00592 -0.916333 -6.93075e-18 0 -0.916333 1.00592 2.06965e-17 6.86006e-18 -1.60635e-17 1.85363e-17 -0.07616 -0.407857 3.1948e-18 -7.10572e-18 0.407857 -0.07616 
50 1.02586 -0.932416 6.21519e-18 0 -0.932416 1.02586 -1.47633e-17 -3.48478e-18 7.48254e-18 -9.35507e-18 -0.105777 -0.414418 1.35502e-18 1.70072e-18 0.414418 -0.105777 
51 1.03025 -0.933789 -1.37688e-17 0 -0.933789 1.03025 2.77348e-17 6.63971e-18 -1.41807e-17 1.89401e-17 -0.132733 -0.414452 -2.42923e-18 -8.08713e-18 0.414452 -0.132733 
52 1.12311 -1.01414 2.66737e-17 0 -1.01414 1.12311 -2.41331e-17 -6.28585e-18 1.31416e-17 -1.94242e-17 -0.175604 -0.449428 2.77647e-18 5.63943e-18 0.449428 -0.175604 
53 1.19785 -1.07708 -1.79829e-17 0 -1.07708 1.19785 2.21039e-17 3.28781e-18 -8.29438e-18 1.22621e-17 -0.217911 -0.476624 1.87211e-18 -8.7427e-18 0.476624 -0.217911 
54 1.07021 -0.957556 1.77506e-17 0 -0.957556 1.07021 -5.49353e-18 -4.92498e-18 1.093e-17 -1.4687e-17 -0.222179 -0.423093 3.86909e-19 1.71979e-18 0.423093 -0.222179 
55 1.20275 -1.0699 1.42392e-18 0 -1.0699 1.20275 1.9735e-18 -3.59266e-19 7.65732e-19 -7.51512e-19 -0.281179 -0.471985 6.78357e-20 -1.92562e-18 0.471985 -0.281179 
56 0.887177 -0.784502 1.6005e-17 0 -0.784502 0.887177 -1.04656e-17 3.49544e-18 -9.6328e-18 7.36663e-18 -0.228435 -0.345569 2.64945e-18 1.47739e-18 0.345569 -0.228435 
57 1.00585 -0.883484 -2.21589e-17 0 -0.883484 1.00585 3.29761e-17 6.66388e-18 -1.59356e-17 2.62082e-17 -0.283127 -0.38857 1.057e-18 -1.00933e-17 0.38857 -0.283127 
58 0.989861 -0.863193 -3.79693e-18 0 -0.863193 0.989861 2.69299e-18 4.11028e-18 -9.051e-18 1.03499e-17 -0.30164 -0.379062 -3.77113e-19 6.13299e-20 0.379062 -0.30164 
59 1.05084 -0.908821 -1.47297e-17 0 -0.908821 1.05084 2.78778e-17 8.41967e-18 -1.93792e-17 2.74297e-17 -0.345688 -0.398441 1.47153e-19 -8.22279e-18 0.398441 -0.345688 
60 1.00607 -0.862912 -7.43326e-18 0 -0.862912 1.00607 5.71032e-18 -5.66425e-19 1.42508e-18 2.52288e-19 -0.353335 -0.377722 -1.32268e-19 -3.02819e-18 0.377722 -0.353335 
61 0.921815 -0.783252 -2.31043e-18 0 -0.783252 0.921815 4.93281e-18 2.78348e-18 -6.45035e-18 7.90273e-18 -0.345062 -0.342277 3.91657e-20 2.74912e-19 0.342277 -0.345062 
62 1.00236 -0.843735 -1.06233e-17 0 -0.843735 1.00236 2.65424e-17 7.61703e-18 -1.81834e-17 2.68722e-17 -0.396593 -0.36812 6.20702e-19 -6.56414e-18 0.36812 -0.396593 
63 0.937898 -0.781538 -2.76937e-18 0 -0.781538 0.937898 7.50046e-18 -6.20849e-19 2.15587e-18 -2.80956e-18 -0.391056 -0.340423 -6.28518e-19 6.88993e-20 0.340423 -0.391056 
64 0.965489 -0.796092 5.30481e-18 0 -0.796092 0.965489 -6.83403e-18 5.82409e-19 1.41969e-18 -1.46281e-18 -0.422508 -0.346193 -2.24224e-18 2.61067e-18 0.346193 -0.422508 
65 0.904435 -0.737582 -5.03034e-18 0 -0.737582 0.904435 7.18002e-18 4.09815e-18 -8.33953e-18 1.15951e-17 -0.41401 -0.320218 -8.37841e-19 -8.13774e-19 0.320218 -0.41401 
66 0.830168 -0.66885 2.14665e-18 0 -0.66885 0.830168 8.273e-18 4.97377e-18 -1.27918e-17 1.61577e-17 -0.397197 -0.289868 9.79907e-19 7.65327e-20 0.289868 -0.397197 
67 0.863033 -0.687275 -1.24861e-18 0 -0.687275 0.863033 1.41645e-17 5.20752e-18 -1.25894e-17 1.80067e-17 -0.428977 -0.297367 3.9992e-19 -4.15339e-18 0.297367 -0.428977 
68 1.0748 -0.845134 -6.32315e-18 0 -0.845134 1.0748 1.07482e-17 2.89034e-18 -5.87638e-18 1.39907e-17 -0.554652 -0.36504 -5.30543e-19 -4.20991e-18 0.36504 -0.554652 
69 1.01001 -0.784124 7.36117e-18 0 -0.784124 1.01001 -5.66243e-19 7.58753e-18 -1.74014e-17 1.85454e-17 -0.539349 -0.338119 -1.17811e-19 2.67687e-18 0.338119 -0.539349 
70 0.921941 -0.705853 -3.50874e-18 0 -0.705853 0.921941 1.36748e-17 3.9521e-18 -8.37193e-18 1.41674e-17 -0.509317 -0.303826 -4.60658e-19 -1.14191e-18 0.303826 -0.509317 
71 0.92498 -0.698552 3.13002e-18 0 -0.698552 0.92498 2.19129e-19 5.41516e-19 -5.60603e-19 -1.83329e-18 -0.526761 -0.300171 -4.18884e-19 1.82382e-18 0.300171 -0.526761 
72 1.00155 -0.745669 -4.90393e-18 0 -0.745669 1.00155 9.06017e-18 -8.25518e-19 1.04445e-18 4.23961e-18 -0.587143 -0.319863 5.01721e-19 -4.53905e-18 0.319863 -0.587143 
73 0.914483 -0.67067 5.53206e-18 0 -0.67067 0.914483 -8.84405e-19 5.19012e-18 -1.63206e-17 1.65004e-17 -0.551345 -0.287179 2.17167e-18 8.48184e-19 0.287179 -0.551345 
74 0.99024 -0.715244 4.5769e-19 0 -0.715244 0.99024 7.42593e-18 2.57298e-18 -5.43296e-18 8.0078e-18 -0.612782 -0.305726 -2.93966e-19 6.07592e-19 0.305726 -0.612782 
75 0.912877 -0.649415 -4.21727e-18 0 -0.649415 0.912877 1.8778e-17 1.08461e-18 -1.51614e-18 9.66063e-18 -0.578608 -0.277112 -5.11642e-19 -3.45149e-18 0.277112 -0.578608 
76 1.00134 -0.70097 6.50266e-20 0 -0.70097 1.00134 -1.04763e-17 -2.8346e-18 7.19852e-18 -1.21696e-17 -0.649721 -0.298579 -2.30579e-19 1.9743e-18 0.298579 -0.649721 
77 0.922607 -0.635182 -9.52069e-19 0 -0.635182 0.922607 7.49404e-18 5.61814e-19 -5.15013e-18 6.37527e-18 -0.612196 -0.27007 1.67698e-18 -2.90521e-18 0.27007 -0.612196 
78 1.00699 -0.681834 -3.87028e-18 0 -0.681834 1.00699 1.87264e-17 2.66447e-18 -9.91933e-18 1.69569e-17 -0.682171 -0.289396 1.55402e-18 -3.97128e-18 0.289396 -0.682171 
79 1.00209 -0.666548 -1.06763e-17 0 -0.666548 1.00209 2.81437e-17 2.34016e-18 -7.55695e-18 2.57269e-17 -0.692909 -0.282387 8.2374e-19 -5.38854e-18 0.282387 -0.692909 
80 0.874785 -0.571889 -2.75667e-18 0 -0.571889 0.874785 2.08655e-18 2.35286e-19 -1.22816e-18 3.99735e-18 -0.616177 -0.241859 2.68013e-19 -1.39911e-18 0.241859 -0.616177 
81 0.92658 -0.594999 9.95688e-18 0 -0.594999 0.92658 -7.50349e-18 -4.21962e-19 -9.03857e-19 -6.96265e-18 -0.664386 -0.251185 7.10028e-19 1.81436e-18 0.251185 -0.664386 
82 0.904602 -0.570514 1.19199e-17 0 -0.570514 0.904602 -2.54964e-17 -2.04205e-18 4.20413e-18 -1.75888e-17 -0.65954 -0.240425 2.31218e-19 4.39978e-18 0.240425 -0.65954 
83 0.844977 -0.522669 7.43455e-18 0 -0.522669 0.844977 -8.72268e-18 -2.28309e-18 -1.20727e-19 -8.3215e-18 -0.626459 -0.219853 1.95033e-18 -7.70235e-19 0.219853 -0.626459 
84 0.859239 -0.521623 4.38118e-18 0 -0.521623 0.859239 -1.45442e-17 -1.95703e-18 3.41979e-18 -1.18826e-17 -0.646691 -0.219028 4.27331e-19 1.79665e-18 0.219028 -0.646691 
85 0.842264 -0.501603 -7.99574e-18 0 -0.501603 0.842264 1.09554e-19 -3.11841e-18 1.20821e-17 -8.73866e-18 -0.643104 -0.210249 -1.52293e-18 -1.72291e-18 0.210249 -0.643104 
86 0.753772 -0.439904 -4.90266e-18 0 -0.439904 0.753772 6.85483e-18 8.31827e-19 3.69882e-19 3.4069e-18 -0.583754 -0.18405 -7.39365e-19 -1.79234e-18 0.18405 -0.583754 
87 0.837768 -0.479263 -1.32767e-18 0 -0.479263 0.837768 1.58321e-17 2.97417e-18 -1.33645e-17 2.33038e-17 -0.657328 -0.200163 1.90362e-18 -2.75694e-18 0.200163 -0.657328 
88 0.787954 -0.441423 5.82961e-18 0 -0.441423 0.787954 -1.09916e-17 -2.96731e-18 3.98013e-18 -1.15547e-17 -0.626211 -0.184022 9.16797e-19 -4.98349e-19 0.184022 -0.626211 
89 0.865635 -0.474907 -6.74878e-18 0 -0.474907 0.865635 -7.14105e-18 -2.50307e-18 8.94812e-18 -1.14509e-17 -0.696214 -0.197627 -8.31575e-19 3.86729e-19 0.197627 -0.696214 
90 0.792147 -0.425459 -1.351e-18 0 -0.425459 0.792147 9.48471e-18 1.09904e-18 -3.82713e-18 7.30964e-18 -0.644387 -0.176734 3.28568e-19 -9.62838e-19 0.176734 -0.644387 
91 0.805421 -0.423111 5.6274e-18 0 -0.423111 0.805421 -2.55983e-17 -4.25909e-18 9.95949e-18 -2.73354e-17 -0.662487 -0.175438 6.94531e-20 2.82201e-18 0.175438 -0.662487 
92 0.855779 -0.439574 -4.7043e-18 0 -0.439574 0.855779 1.0946e-17 -6.9668e-19 -1.56578e-20 5.15647e-18 -0.71135 -0.181933 4.29772e-19 -3.5824e-18 0.181933 -0.71135 
93 0.857452 -0.431185 -1.44122e-18 0 -0.431185 0.857452 -3.02247e-18 -1.35065e-18 1.00329e-19 -1.05274e-18 -0.719409 -0.17816 7.75957e-19 -1.37719e-18 0.17816 -0.719409 
94 0.819522 -0.402477 -4.07166e-18 0 -0.402477 0.819522 -2.13585e-17 -3.17853e-18 1.53563e-17 -2.50983e-17 -0.694308 -0.165991 -1.82111e-18 1.07919e-18 0.165991 -0.694308 
95 0.889008 -0.426557 1.19316e-17 0 -0.426557 0.889008 -2.25451e-17 -1.35712e-18 -6.92542e-19 -1.9677e-17 -0.759955 -0.175609 9.23024e-19 3.57934e-18 0.175609 -0.759955 
96 0.919092 -0.430865 -2.51627e-19 0 -0.430865 0.919092 1.01427e-17 2.42606e-18 -7.27427e-18 1.66125e-17 -0.792287 -0.177073 3.04374e-19 -8.54653e-19 0.177073 -0.792287 
97 0.891492 -0.408053 3.24459e-18 0 -0.408053 0.891492 3.30902e-18 1.39809e-18 -5.41794e-18 7.46504e-18 -0.774735 -0.167402 4.31654e-19 2.90784e-19 0.167402 -0.774735 
98 0.842868 -0.376546 6.38356e-18 0 -0.376546 0.842868 -2.92125e-17 -1.94544e-18 6.51503e-18 -2.66983e-17 -0.73814 -0.154205 -3.70595e-19 3.48625e-18 0.154205 -0.73814 
99 0.855647 -0.372909 -5.12433e-18 0 -0.372909 0.855647 1.22238e-17 2.3957e-18 -6.35795e-18 1.79852e-17 -0.754864 -0.152447 1.11279e-19 -5.91767e-19 0.152447 -0.754864 
100 0.865699 -0.367749 -8.16292e-18 0 -0.367749 0.865699 2.93221e-18 -6.17667e-19 9.36614e-18 -6.55678e-18 -0.769197 -0.15007 -1.53588e-18 7.88503e-19 0.15007 -0.769197 
101 0.919114 -0.381066 9.1046e-18 0 -0.381066 0.919114 -1.55721e-17 -8.99273e-19 -2.80835e-18 -1.14098e-17 -0.821856 -0.155246 9.51498e-19 1.48312e-18 0.155246 -0.821856 
102 0.822589 -0.332301 4.77247e-19 0 -0.332301 0.822589 -1.52022e-18 -8.13837e-19 1.70884e-18 -5.6071e-18 -0.74024 -0.135144 5.99619e-20 -7.51827e-21 0.135144 -0.74024 
103 0.802866 -0.315679 4.68859e-18 0 -0.315679 0.802866 -5.5514e-18 -5.91217e-19 -4.50222e-18 -5.80167e-18 -0.726986 -0.128156 1.05503e-18 -2.52893e-19 0.128156 -0.726986 
104 0.786503 -0.301241 3.84711e-18 0 -0.301241 0.786503 -1.1297e-17 -6.62624e-19 1.75905e-18 -1.31573e-17 -0.71619 -0.122088 -2.30589e-20 1.21881e-18 0.122088 -0.71619 
105 0.829069 -0.308762 -9.17194e-19 0 -0.308762 0.829069 9.9228e-18 1.54239e-18 2.17537e-18 5.75507e-18 -0.759216 -0.124915 -9.90241e-19 4.86623e-19 0.124915 -0.759216 
106 0.825754 -0.299502 5.29404e-18 0 -0.299502 0.825754 2.18875e-17 4.94377e-18 -1.51547e-17 2.65726e-17 -0.759951 -0.120972 4.6231e-19 1.13535e-18 0.120972 -0.759951 
107 0.81022 -0.285775 -3.90785e-18 0 -0.285775 0.81022 1.25198e-17 1.68451e-19 1.63724e-18 1.2427e-17 -0.749334 -0.115233 -3.07706e-19 -1.17267e-18 0.115233 -0.749334 
108 0.791734 -0.271403 2.65323e-18 0 -0.271403 0.791734 -1.91563e-17 -1.54495e-18 6.90115e-18 -1.95436e-17 -0.73569 -0.109253 -4.49806e-19 1.44311e-18 0.109253 -0.73569 
109 0.811088 -0.269899 2.28146e-18 0 -0.269899 0.811088 -4.57014e-18 -1.01246e-18 6.39605e-19 -2.87843e-18 -0.757131 -0.108461 2.68009e-19 -1.1484e-18 0.108461 -0.757131 
110 0.906817 -0.293232 -3.24811e-18 0 -0.293232 0.906817 3.38947e-17 1.51651e-18 -7.08698e-18 3.46871e-17 -0.84999 -0.117647 4.59002e-19 -3.19599e-18 0.117647 -0.84999 
111 0.85457 -0.268318 1.80947e-19 0 -0.268318 0.85457 -1.63318e-17 -9.97141e-19 3.70339e-18 -1.37241e-17 -0.8042 -0.107476 -1.55721e-19 1.07312e-18 0.107476 -0.8042 
112 0.811609 -0.247074 -8.39224e-18 0 -0.247074 0.811609 1.18297e-17 -9.11746e-19 5.69714e-18 7.32735e-18 -0.766744 -0.0988019 -4.4173e-19 -2.02035e-18 0.0988019 -0.766744 
113 0.832762 -0.2459 7.25887e-18 0 -0.2459 0.832762 8.12599e-18 1.56398e-18 -9.90202e-18 1.07026e-17 -0.789545 -0.0981744 7.42088e-19 -3.7503e-20 0.0981744 -0.789545 
114 0.864245 -0.247778 -3.06317e-18 0 -0.247778 0.864245 1.16255e-17 6.598e-19 1.79471e-19 1.3074e-17 -0.822048 -0.0987738 -2.19299e-19 -1.28566e-18 0.0987738 -0.822048 
115 0.766032 -0.212638 -1.67082e-18 0 -0.212638 0.766032 1.02846e-17 4.90368e-19 -1.05761e-19 6.22607e-18 -0.731042 -0.0846282 -1.27286e-19 -2.50482e-19 0.0846282 -0.731042 
116 0.771805 -0.207794 9.66371e-19 0 -0.207794 0.771805 -7.9456e-18 -3.88639e-19 2.10889e-18 -2.73565e-18 -0.738702 -0.0825766 -1.33078e-19 1.02542e-19 0.0825766 -0.738702 
117 0.761344 -0.198166 3.1732e-18 0 -0.198166 0.761344 -2.62085e-17 -1.89936e-18 6.7275e-18 -2.48114e-17 -0.730883 -0.0786233 -2.13088e-19 7.46888e-19 0.0786233 -0.730883 
118 0.864495 -0.217629 3.57877e-18 0 -0.217629 0.864495 -2.25967e-19 1.36167e-18 -2.96942e-18 -5.17212e-18 -0.832196 -0.0862114 -5.47876e-20 1.61339e-18 0.0862114 -0.832196 
119 0.83506 -0.203336 -2.3058e-18 0 -0.203336 0.83506 -2.32914e-17 -2.28589e-18 1.11808e-17 -2.60503e-17 -0.805919 -0.080428 -5.38441e-19 3.79222e-19 0.080428 -0.805919 
120 0.791779 -0.186158 6.50337e-18 0 -0.186158 0.791779 -1.04932e-17 -2.38055e-19 -3.58941e-18 -1.02294e-17 -0.766062 -0.0735196 4.00728e-19 4.84393e-19 0.0735196 -0.766062 
121 0.844074 -0.19202 -3.91942e-18 0 -0.19202 0.844074 -1.20271e-17 -1.22926e-18 7.32924e-18 -1.24866e-17 -0.818443 -0.0757273 -3.89563e-19 -7.87688e-20 0.0757273 -0.818443 
122 0.876877 -0.192427 5.22008e-18 0 -0.192427 0.876877 -3.33193e-17 -1.04098e-18 3.33782e-18 -3.66693e-17 -0.852137 -0.0757739 -5.98311e-20 2.18526e-18 0.0757739 -0.852137 
123 0.80561 -0.170596 -1.55522e-18 0 -0.170596 0.80561 -2.18478e-18 -1.97806e-18 4.03774e-18 -6.00536e-18 -0.784475 -0.0670802 8.32197e-20 -1.25061e-18 0.0670802 -0.784475 
124 0.810991 -0.165685 -1.24136e-18 0 -0.165685 0.810991 -9.54826e-18 -7.01164e-19 1.99514e-18 -8.33467e-18 -0.791213 -0.0650575 -1.93505e-20 -1.1056e-19 0.0650575 -0.791213 
125 0.891974 -0.175196 -1.69507e-18 0 -0.175196 0.891974 2.41743e-17 6.66701e-19 -2.1469e-18 2.43742e-17 -0.871896 -0.0686886 3.30138e-20 -1.14822e-18 0.0686886 -0.871896 
126 0.859224 -0.162749 4.79235e-18 0 -0.162749 0.859224 1.4945e-17 1.22958e-18 -8.86427e-18 1.164e-17 -0.841257 -0.0637228 4.34696e-19 2.08148e-19 0.0637228 -0.841257 
127 0.840619 -0.153064 -1.01989e-17 0 -0.153064 0.840619 3.34377e-17 9.08007e-19 1.25661e-18 3.6427e-17 -0.824395 -0.0598463 -2.61373e-19 -1.4226e-18 0.0598463 -0.824395 
128 0.818114 -0.143147 -7.27773e-18 0 -0.143147 0.818114 4.33507e-17 2.88903e-18 -6.26203e-19 3.80586e-17 -0.80355 -0.0558913 -4.74191e-19 1.66088e-19 0.0558913 -0.80355 
129 0.765147 -0.128718 8.26891e-18 0 -0.128718 0.765147 8.40132e-18 6.97056e-20 -8.34494e-18 3.26974e-18 -0.752569 -0.0501916 5.41448e-19 -1.77496e-19 0.0501916 -0.752569 
130 0.852389 -0.137651 -2.19546e-18 0 -0.137651 0.852389 -4.09597e-18 -5.15196e-19 2.89611e-18 -2.81376e-18 -0.83949 -0.0536037 -1.02611e-19 -8.86255e-20 0.0536037 -0.83949 
131 0.841611 -0.130317 3.75276e-18 0 -0.130317 0.841611 3.82082e-18 6.85459e-19 -5.04793e-18 2.10134e-18 -0.829913 -0.050681 2.02809e-19 4.87771e-19 0.050681 -0.829913 
132 0.748111 -0.110969 4.38396e-18 0 -0.110969 0.748111 1.15651e-18 -2.34009e-19 -2.90936e-18 -4.85552e-18 -0.738577 -0.0431004 2.07391e-19 -1.26207e-20 0.0431004 -0.738577 
133 0.799942 -0.113791 -1.37568e-19 0 -0.113791 0.799942 2.20593e-17 1.07158e-18 -4.55229e-18 2.2472e-17 -0.790574 -0.0441428 1.00864e-19 7.47225e-20 0.0441428 -0.790574 
134 0.918758 -0.124881 4.8953e-18 0 -0.124881 0.918758 -1.548e-17 -5.34514e-19 -1.78163e-18 -2.45097e-17 -0.908942 -0.0483831 1.68423e-19 2.4195e-19 0.0483831 -0.908942 
135 0.802101 -0.104328 1.83328e-18 0 -0.104328 0.802101 6.48001e-18 -5.78886e-20 3.87023e-19 2.54908e-18 -0.79426 -0.0403723 -1.00997e-20 -2.5533e-19 0.0403723 -0.79426 
136 0.795235 -0.0988518 2.13877e-19 0 -0.0988518 0.795235 1.07546e-17 -3.51438e-19 9.36657e-19 8.31943e-18 -0.78814 -0.0382081 -4.81401e-21 -5.62157e-19 0.0382081 -0.78814 
137 0.852653 -0.101075 -2.78545e-18 0 -0.101075 0.852653 3.49156e-17 1.63902e-18 -2.93368e-18 4.02665e-17 -0.84574 -0.0390213 -6.25712e-20 -2.24724e-19 0.0390213 -0.84574 
138 0.76407 -0.0862113 1.24223e-18 0 -0.0862113 0.76407 -6.43174e-18 -3.66565e-19 -1.66759e-18 -5.9504e-18 -0.758462 -0.0332438 1.21136e-19 -1.25105e-19 0.0332438 -0.758462 
139 0.796951 -0.0857124 -6.6096e-18 0 -0.0857124 0.796951 2.94237e-18 -1.48511e-20 7.93666e-18 1.59855e-18 -0.791639 -0.0330152 -3.32588e-19 -5.85647e-20 0.0330152 -0.791639 
140 0.767819 -0.0784739 -4.24419e-18 0 -0.0784739 0.767819 3.88707e-17 6.54147e-19 2.04909e-18 3.31828e-17 -0.7632 -0.0301934 -1.44812e-19 -7.84438e-19 0.0301934 -0.7632 
141 0.798035 -0.0774642 -4.40479e-18 0 -0.0774642 0.798035 1.08117e-18 -3.54118e-19 2.22288e-18 -3.60932e-18 -0.793707 -0.0297728 -4.66977e-20 -2.79523e-19 0.0297728 -0.793707 
142 0.720778 -0.0665637 -1.20331e-18 0 -0.0665637 0.720778 -3.22718e-18 -9.29722e-20 3.41669e-18 -2.29895e-19 -0.717242 -0.0255579 -1.15743e-19 -5.94321e-20 0.0255579 -0.717242 
143 0.863356 -0.0752935 -7.56628e-18 0 -0.0752935 0.863356 1.08808e-17 7.21934e-21 7.10618e-18 9.73606e-18 -0.859581 -0.0288783 -2.36591e-19 -2.23142e-19 0.0288783 -0.859581 
144 0.863985 -0.0712976 5.25209e-18 0 -0.0712976 0.863985 1.64214e-17 6.35555e-19 -3.90149e-18 1.85443e-17 -0.860603 -0.0273185 6.73798e-20 1.27947e-19 0.0273185 -0.860603 
145 0.834399 -0.0649597 1.05606e-17 0 -0.0649597 0.834399 -1.37949e-17 2.25169e-20 -9.82783e-18 -1.08516e-17 -0.831494 -0.0248652 2.91788e-19 3.99503e-19 0.0248652 -0.831494 
146 0.746184 -0.0547276 -1.35818e-17 0 -0.0547276 0.746184 -8.52341e-18 -2.59342e-19 1.40155e-17 -4.63832e-18 -0.74388 -0.0209283 -3.74793e-19 -9.90141e-20 0.0209283 -0.74388 
147 0.771402 -0.053205 -1.18235e-18 0 -0.053205 0.771402 5.11607e-18 -2.00318e-19 1.20816e-18 5.67965e-18 -0.769295 -0.0203268 -1.86883e-20 -4.01943e-19 0.0203268 -0.769295 
148 0.897357 -0.0582567 -4.12988e-18 0 -0.0582567 0.897357 -1.67657e-17 1.91439e-19 6.83649e-18 -1.84712e-17 -0.895187 -0.0222373 -1.8272e-19 6.2097e-19 0.0222373 -0.895187 
149 0.775944 -0.0471089 2.1066e-19 0 -0.0471089 0.775944 -2.67194e-17 -6.32016e-19 1.84373e-18 -2.50971e-17 -0.774304 -0.0179655 -3.81741e-21 -2.97573e-19 0.0179655 -0.774304 
150 0.840057 -0.0477081 -3.58453e-18 0 -0.0477081 0.840057 4.13699e-17 8.0584e-19 1.08884e-18 4.93164e-17 -0.838503 -0.0181785 -7.17235e-20 -2.80024e-19 0.0181785 -0.838503 
151 0.788113 -0.0420088 -4.6078e-19 0 -0.0420088 0.788113 -1.7587e-18 -8.29898e-19 3.38853e-18 -8.94827e-18 -0.786829 -0.0159945 -2.35542e-20 -5.1442e-19 0.0159945 -0.786829 
152 0.875933 -0.0434812 2.3744e-18 0 -0.0434812 0.875933 7.26464e-17 8.32746e-19 -2.7129e-18 6.69218e-17 -0.874696 -0.0165418 7.79512e-21 -4.83212e-19 0.0165418 -0.874696 
153 0.815816 -0.0374368 -8.54484e-18 0 -0.0374368 0.815816 -1.98326e-17 -4.19369e-20 8.79986e-18 -1.522e-17 -0.814832 -0.0142305 -1.5313e-19 3.35415e-19 0.0142305 -0.814832 
154 0.931323 -0.0396601 -5.50814e-18 0 -0.0396601 0.931323 3.55859e-17 4.63465e-19 2.3049e-18 3.23649e-17 -0.930356 -0.0150645 -5.54043e-20 -1.69155e-19 0.0150645 -0.930356 
155 0.669297 -0.0263407 4.07209e-18 0 -0.0263407 0.669297 6.81917e-18 2.5511e-19 -4.5527e-18 3.2038e-18 -0.668703 -0.00999808 5.68169e-20 2.19278e-19 0.00999808 -0.668703 
156 0.946321 -0.0341963 2.57991e-18 0 -0.0341963 0.946321 -1.82979e-18 2.59536e-20 -1.30542e-18 -1.87408e-18 -0.945613 -0.0129705 1.81754e-20 1.14841e-19 0.0129705 -0.945613 
157 0.880578 -0.0293579 2.11382e-18 0 -0.0293579 0.880578 5.87348e-17 3.43277e-19 -5.58873e-18 5.35369e-17 -0.880017 -0.0111283 5.82707e-20 -3.53679e-19 0.0111283 -0.880017 
158 0.879536 -0.0267722 8.77657e-18 0 -0.0267722 0.879536 3.37702e-17 -1.48407e-19 -7.46338e-18 2.84852e-17 -0.879069 -0.0101415 8.96783e-20 -5.21827e-19 0.0101415 -0.879069 
159 0.894957 -0.0246927 -5.23398e-18 0 -0.0246927 0.894957 -1.00175e-16 -4.82131e-19 8.1371e-18 -9.94037e-17 -0.894567 -0.00934776 -6.98148e-20 5.86923e-19 0.00934776 -0.894567 
160 0.733122 -0.0184873 1.16439e-17 0 -0.0184873 0.733122 -1.18464e-17 1.01634e-19 -1.14662e-17 -1.65631e-17 -0.732855 -0.00699486 1.07842e-19 1.81205e-19 0.00699486 -0.732855 
161 0.626869 -0.0142321 8.34233e-18 0 -0.0142321 0.626869 9.84804e-17 3.98827e-19 -1.15314e-17 9.7768e-17 -0.626684 -0.00538181 9.10135e-20 -4.50811e-19 0.00538181 -0.626684 
162 0.707607 -0.0143766 -3.16229e-18 0 -0.0143766 0.707607 6.98626e-18 2.5392e-19 3.1242e-18 4.84513e-18 -0.70744 -0.00543348 -3.04763e-20 1.8922e-19 0.00543348 -0.70744 
163 0.947318 -0.0171613 1.01633e-17 0 -0.0171613 0.947318 -9.57251e-17 1.82824e-19 -9.53412e-18 -9.06537e-17 -0.94714 -0.00648268 6.06456e-20 7.97213e-19 0.00648268 -0.94714 
164 0.75097 -0.0119938 2.22903e-18 0 -0.0119938 0.75097 5.10398e-18 3.40075e-20 1.96463e-18 1.41581e-17 -0.75086 -0.00452843 -1.19006e-20 -7.22218e-20 0.00452843 -0.75086 
165 0.923668 -0.0130612 -3.26949e-18 0 -0.0130612 0.923668 -1.21165e-16 -4.72064e-19 6.68198e-18 -1.30802e-16 -0.923562 -0.00492935 -2.44958e-20 2.3898e-19 0.00492935 -0.923562 
166 0.891767 -0.0109941 7.2178e-18 0 -0.0109941 0.891767 -1.16532e-16 -3.71803e-19 -2.986e-18 -1.15263e-16 -0.891689 -0.00414749 1.6533e-20 1.70935e-19 0.00414749 -0.891689 
167 0.777598 -0.00823943 -1.18788e-17 0 -0.00823943 0.777598 2.19535e-17 6.79674e-20 1.45219e-17 2.28025e-17 -0.777548 -0.00310706 -5.91522e-20 1.27923e-20 0.00310706 -0.777548 
168 1.05165 -0.00939201 1.09547e-17 0 -0.00939201 1.05165 -1.54917e-16 -2.60833e-19 -1.27953e-17 -1.63251e-16 -1.0516 -0.00354034 4.34592e-20 3.14556e-19 0.00354034 -1.0516 
169 0.794497 -0.00603044 7.41217e-18 0 -0.00603044 0.794497 -9.10865e-17 -3.33068e-19 -5.79506e-18 -9.53762e-17 -0.794471 -0.00227248 1.81319e-20 -9.13255e-20 0.00227248 -0.794471 
170 0.873011 -0.00550302 -3.77436e-18 0 -0.00550302 0.873011 9.72206e-17 5.96044e-20 2.34649e-18 1.01699e-16 -0.872991 -0.00207311 -5.46206e-21 -2.28014e-19 0.00207311 -0.872991 
171 0.559081 -0.0028365 -5.00784e-18 0 -0.0028365 0.559081 1.09052e-16 4.57687e-19 -1.86186e-18 1.1108e-16 -0.559072 -0.00106827 2.46075e-21 2.50549e-19 0.00106827 -0.559072 
172 0.837895 -0.0034293 2.28669e-18 0 -0.0034293 0.837895 -6.38007e-17 2.16628e-20 -3.60503e-18 -5.10884e-17 -0.837887 -0.00129123 3.52174e-21 1.42811e-19 0.00129123 -0.837887 
173 0.885099 -0.00272353 -1.72374e-17 0 -0.00272353 0.885099 -7.55059e-17 -1.16666e-19 1.84257e-17 -6.69984e-17 -0.885094 -0.00102525 -2.05228e-20 -1.52925e-20 0.00102525 -0.885094 
174 0.529911 -0.0011195 2.78662e-18 0 -0.0011195 0.529911 -3.1375e-16 -1.77674e-19 1.43972e-18 -3.15316e-16 -0.52991 -0.000421328 -5.68478e-22 7.41774e-20 0.000421328 -0.52991 
175 0.903133 -0.00141237 1.2519e-17 0 -0.00141237 0.903133 -7.78562e-16 -1.73141e-19 -2.20901e-18 -7.66979e-16 -0.903132 -0.000531486 2.24398e-21 2.20421e-19 0.000531486 -0.903132 
176 1.29557 -0.00133542 2.21676e-17 0 -0.00133542 1.29557 6.0548e-16 -4.89446e-20 -1.43696e-17 5.65584e-16 -1.29557 -0.000502467 7.31676e-21 -2.5802e-19 0.000502467 -1.29557 
177 0.668444 -0.000406385 1.37139e-17 0 -0.000406385 0.668444 8.47423e-16 2.57586e-19 -1.34399e-17 8.26569e-16 -0.668444 -0.000152892 3.90857e-21 5.37749e-20 0.000152892 -0.668444 
178 0.751808 -0.000219614 -4.13574e-18 0 -0.000219614 0.751808 -8.75613e-17 -7.98111e-20 -9.64165e-18 -8.99067e-17 -0.751808 -8.26176e-05 9.50809e-22 -3.81737e-20 8.26176e-05 -0.751808 
179 0 0 0 0 0 0 0 0 0 0 0 0 0 0 0 0 
180 1.33627 -1.09614e-05 2.0275e-18 0 -1.09614e-05 1.33627 4.68542e-14 3.56974e-20 -2.41295e-18 4.68542e-14 -1.33627 -4.12333e-06 7.15284e-24 -1.08868e-19 4.12333e-06 -1.33627 
