0 7.04377 -0.114087 7.04377 7.04264 -0.0527236 7.04264 
1 2.54581 -0.107663 2.54581 2.54296 -0.0497533 2.54296 
2 4.08351 -0.285623 4.08351 4.07111 -0.131986 4.07111 
3 2.87345 -0.28836 2.87345 2.85564 -0.13324 2.85564 
4 3.01307 -0.391926 3.01307 2.9819 -0.181015 2.9819 
5 2.15509 -0.358585 2.15509 2.11849 -0.165645 2.11849 
6 2.64711 -0.522039 2.64711 2.5838 -0.241055 2.5838 
7 2.16585 -0.506995 2.16585 2.09251 -0.234104 2.09251 
8 3.48307 -0.927804 3.48307 3.32961 -0.428093 3.32961 
9 2.78348 -0.823238 2.78348 2.63155 -0.37974 2.63155 
10 2.93609 -0.964991 2.93609 2.73682 -0.445081 2.73682 
11 2.26535 -0.813459 2.26535 2.08058 -0.375163 2.08058 
12 2.54431 -0.995101 2.54431 2.2963 -0.457993 2.2963 
13 2.87507 -1.2108 2.87507 2.54725 -0.55737 2.54725 
14 2.72861 -1.22671 2.72861 2.37084 -0.564614 2.37084 
15 2.3039 -1.09836 2.3039 1.96094 -0.505675 1.96094 
16 1.97767 -0.993272 1.97767 1.64788 -0.456796 1.64788 
17 2.46052 -1.30202 2.46052 2.00024 -0.597695 2.00024 
18 2.42858 -1.35041 2.42858 1.9208 -0.61977 1.9208 
19 2.55917 -1.48698 2.55917 1.96747 -0.683066 1.96747 
20 2.25911 -1.36648 2.25911 1.68589 -0.627321 1.68589 
21 1.8568 -1.16616 1.85679 1.34227 -0.534387 1.34228 
22 1.54242 -1.00457 1.54242 1.07592 -0.460536 1.07592 
23 1.71428 -1.15198 1.71427 1.15467 -0.527327 1.15468 
24 1.71114 -1.18861 1.71113 1.10417 -0.54365 1.10417 
25 1.57592 -1.12491 1.57592 0.976276 -0.514518 0.976276 
26 1.42524 -1.04384 1.42524 0.844963 -0.477051 0.844963 
27 1.70238 -1.27663 1.70238 0.96343 -0.582955 0.96343 
28 1.43057 -1.09757 1.43057 0.768731 -0.500738 0.768731 
29 1.6841 -1.32004 1.6841 0.855256 -0.601664 0.855256 
30 1.69761 -1.35592 1.69761 0.813568 -0.617436 0.813568 
31 1.70916 -1.38844 1.70916 0.770857 -0.631651 0.770857 
32 1.61684 -1.33389 1.61684 0.683455 -0.606253 0.683455 
33 1.5015 -1.25718 1.5015 0.5899 -0.570795 0.5899 
34 1.2646 -1.07379 1.26458 0.45743 -0.486444 0.45745 
35 1.47525 -1.26713 1.47525 0.490914 -0.574074 0.490914 
36 1.47108 -1.27741 1.47108 0.444915 -0.578084 0.444915 
37 1.14209 -1.00161 1.14209 0.309964 -0.452737 0.309964 
38 1.36116 -1.20371 1.36116 0.329196 -0.543466 0.329196 
39 1.38434 -1.23286 1.38434 0.295218 -0.555999 0.295218 
40 1.24606 -1.1168 1.24606 0.228573 -0.503048 0.228573 
41 1.24337 -1.12016 1.24337 0.192686 -0.503965 0.192686 
42 1.03835 -0.939727 1.03835 0.129257 -0.42224 0.129257 
43 1.19694 -1.08709 1.19694 0.113314 -0.487817 0.113314 
44 1.11423 -1.01451 1.11423 0.0738483 -0.45467 0.0738483 
45 1.23023 -1.12208 1.23023 0.0458772 -0.50221 0.0458772 
46 1.30941 -1.19536 1.30941 0.0104789 -0.53427 0.0104789 
47 1.14511 -1.04543 1.14511 -0.0232053 -0.466619 -0.0232053 
48 1.27292 -1.16129 1.27292 -0.0607032 -0.517626 -0.0607032 
49 1.00592 -0.916333 1.00592 -0.07616 -0.407857 -0.07616 
50 1.02586 -0.932416 1.02586 -0.105777 -0.414418 -0.105777 
51 1.03025 -0.933789 1.03025 -0.132733 -0.414452 -0.132733 
52 1.12311 -1.01414 1.12311 -0.175604 -0.449428 -0.175604 
53 1.19785 -1.07708 1.19785 -0.217911 -0.476624 -0.217911 
54 1.07021 -0.957556 1.07021 -0.222179 -0.423093 -0.222179 
55 1.20275 -1.0699 1.20275 -0.281179 -0.471985 -0.281179 
56 0.887177 -0.784502 0.887177 -0.228435 -0.345569 -0.228435 
57 1.00585 -0.883484 1.00585 -0.283127 -0.38857 -0.283127 
58 0.989861 -0.863193 0.989861 -0.30164 -0.379062 -0.30164 
59 1.05084 -0.908821 1.05084 -0.345688 -0.398441 -0.345688 
60 1.00607 -0.862912 1.00607 -0.353335 -0.377722 -0.353335 
61 0.921815 -0.783252 0.921815 -0.345062 -0.342277 -0.345062 
62 1.00236 -0.843735 1.00236 -0.396593 -0.36812 -0.396593 
63 0.937898 -0.781538 0.937898 -0.391056 -0.340423 -0.391056 
64 0.965489 -0.796092 0.965489 -0.422508 -0.346193 -0.422508 
65 0.904435 -0.737582 0.904435 -0.41401 -0.320218 -0.41401 
66 0.830168 -0.66885 0.830168 -0.397197 -0.289868 -0.397197 
67 0.863033 -0.687275 0.863033 -0.428977 -0.297367 -0.428977 
68 1.0748 -0.845134 1.0748 -0.554652 -0.36504 -0.554652 
69 1.01001 -0.784124 1.01001 -0.539349 -0.338119 -0.539349 
70 0.921941 -0.705853 0.921941 -0.509317 -0.303826 -0.509317 
71 0.92498 -0.698552 0.92498 -0.526761 -0.300171 -0.526761 
72 1.00155 -0.745669 1.00155 -0.587143 -0.319863 -0.587143 
73 0.914483 -0.67067 0.914483 -0.551345 -0.287179 -0.551345 
74 0.99024 -0.715244 0.99024 -0.612782 -0.305726 -0.612782 
75 0.912877 -0.649415 0.912877 -0.578608 -0.277112 -0.578608 
76 1.00134 -0.70097 1.00134 -0.649721 -0.298579 -0.649721 
77 0.922607 -0.635182 0.922607 -0.612196 -0.27007 -0.612196 
78 1.00699 -0.681834 1.00699 -0.682171 -0.289396 -0.682171 
79 1.00209 -0.666548 1.00209 -0.692909 -0.282387 -0.692909 
80 0.874785 -0.571889 0.874785 -0.616177 -0.241859 -0.616177 
81 0.92658 -0.594999 0.92658 -0.664386 -0.251185 -0.664386 
82 0.904602 -0.570514 0.904602 -0.65954 -0.240425 -0.65954 
83 0.844977 -0.522669 0.844977 -0.626459 -0.219853 -0.626459 
84 0.859239 -0.521623 0.859239 -0.646691 -0.219028 -0.646691 
85 0.842264 -0.501603 0.842264 -0.643104 -0.210249 -0.643104 
86 0.753772 -0.439904 0.753772 -0.583754 -0.18405 -0.583754 
87 0.837768 -0.479263 0.837768 -0.657328 -0.200163 -0.657328 
88 0.787954 -0.441423 0.787954 -0.626211 -0.184022 -0.626211 
89 0.865635 -0.474907 0.865635 -0.696214 -0.197627 -0.696214 
90 0.792147 -0.425459 0.792147 -0.644387 -0.176734 -0.644387 
91 0.805421 -0.423111 0.805421 -0.662487 -0.175438 -0.662487 
92 0.855779 -0.439574 0.855779 -0.71135 -0.181933 -0.71135 
93 0.857452 -0.431185 0.857452 -0.719409 -0.17816 -0.719409 
94 0.819522 -0.402477 0.819522 -0.694308 -0.165991 -0.694308 
95 0.889008 -0.426557 0.889008 -0.759955 -0.175609 -0.759955 
96 0.919092 -0.430865 0.919092 -0.792287 -0.177073 -0.792287 
97 0.891492 -0.408053 0.891492 -0.774735 -0.167402 -0.774735 
98 0.842868 -0.376546 0.842868 -0.73814 -0.154205 -0.73814 
99 0.855647 -0.372909 0.855647 -0.754864 -0.152447 -0.754864 
100 0.865699 -0.367749 0.865699 -0.769197 -0.15007 -0.769197 
101 0.919114 -0.381066 0.919114 -0.821856 -0.155246 -0.821856 
102 0.822589 -0.332301 0.822589 -0.74024 -0.135144 -0.74024 
103 0.802866 -0.315679 0.802866 -0.726986 -0.128156 -0.726986 
104 0.786503 -0.301241 0.786503 -0.71619 -0.122088 -0.71619 
105 0.829069 -0.308762 0.829069 -0.759216 -0.124915 -0.759216 
106 0.825754 -0.299502 0.825754 -0.759951 -0.120972 -0.759951 
107 0.81022 -0.285775 0.81022 -0.749334 -0.115233 -0.749334 
108 0.791734 -0.271403 0.791734 -0.73569 -0.109253 -0.73569 
109 0.811088 -0.269899 0.811088 -0.757131 -0.108461 -0.757131 
110 0.906817 -0.293232 0.906817 -0.84999 -0.117647 -0.84999 
111 0.85457 -0.268318 0.85457 -0.8042 -0.107476 -0.8042 
112 0.811609 -0.247074 0.811609 -0.766744 -0.0988019 -0.766744 
113 0.832762 -0.2459 0.832762 -0.789545 -0.0981744 -0.789545 
114 0.864245 -0.247778 0.864245 -0.822048 -0.0987738 -0.822048 
115 0.766032 -0.212638 0.766032 -0.731042 -0.0846282 -0.731042 
116 0.771805 -0.207794 0.771805 -0.738702 -0.0825766 -0.738702 
117 0.761344 -0.198166 0.761344 -0.730883 -0.0786233 -0.730883 
118 0.864495 -0.217629 0.864495 -0.832196 -0.0862114 -0.832196 
119 0.83506 -0.203336 0.83506 -0.805919 -0.080428 -0.805919 
120 0.791779 -0.186158 0.791779 -0.766062 -0.0735196 -0.766062 
121 0.844074 -0.19202 0.844074 -0.818443 -0.0757273 -0.818443 
122 0.876877 -0.192427 0.876877 -0.852137 -0.0757739 -0.852137 
123 0.80561 -0.170596 0.80561 -0.784475 -0.0670802 -0.784475 
124 0.810991 -0.165685 0.810991 -0.791213 -0.0650575 -0.791213 
125 0.891974 -0.175196 0.891974 -0.871896 -0.0686886 -0.871896 
126 0.859224 -0.162749 0.859224 -0.841257 -0.0637228 -0.841257 
127 0.840619 -0.153064 0.840619 -0.824395 -0.0598463 -0.824395 
128 0.818114 -0.143147 0.818114 -0.80355 -0.0558913 -0.80355 
129 0.765147 -0.128718 0.765147 -0.752569 -0.0501916 -0.752569 
130 0.852389 -0.137651 0.852389 -0.83949 -0.0536037 -0.83949 
131 0.841611 -0.130317 0.841611 -0.829913 -0.050681 -0.829913 
132 0.748111 -0.110969 0.748111 -0.738577 -0.0431004 -0.738577 
133 0.799942 -0.113791 0.799942 -0.790574 -0.0441428 -0.790574 
134 0.918758 -0.124881 0.918758 -0.908942 -0.0483831 -0.908942 
135 0.802101 -0.104328 0.802101 -0.79426 -0.0403723 -0.79426 
136 0.795235 -0.0988518 0.795235 -0.78814 -0.0382081 -0.78814 
137 0.852653 -0.101075 0.852653 -0.84574 -0.0390213 -0.84574 
138 0.76407 -0.0862113 0.76407 -0.758462 -0.0332438 -0.758462 
139 0.796951 -0.0857124 0.796951 -0.791639 -0.0330152 -0.791639 
140 0.767819 -0.0784739 0.767819 -0.7632 -0.0301934 -0.7632 
141 0.798035 -0.0774642 0.798035 -0.793707 -0.0297728 -0.793707 
142 0.720778 -0.0665637 0.720778 -0.717242 -0.0255579 -0.717242 
143 0.863356 -0.0752935 0.863356 -0.859581 -0.0288783 -0.859581 
144 0.863985 -0.0712976 0.863985 -0.860603 -0.0273185 -0.860603 
145 0.834399 -0.0649597 0.834399 -0.831494 -0.0248652 -0.831494 
146 0.746184 -0.0547276 0.746184 -0.74388 -0.0209283 -0.74388 
147 0.771402 -0.053205 0.771402 -0.769295 -0.0203268 -0.769295 
148 0.897357 -0.0582567 0.897357 -0.895187 -0.0222373 -0.895187 
149 0.775944 -0.0471089 0.775944 -0.774304 -0.0179655 -0.774304 
150 0.840057 -0.0477081 0.840057 -0.838503 -0.0181785 -0.838503 
151 0.788113 -0.0420088 0.788113 -0.786829 -0.0159945 -0.786829 
152 0.875933 -0.0434812 0.875933 -0.874696 -0.0165418 -0.874696 
153 0.815816 -0.0374368 0.815816 -0.814832 -0.0142305 -0.814832 
154 0.931323 -0.0396601 0.931323 -0.930356 -0.0150645 -0.930356 
155 0.669297 -0.0263407 0.669297 -0.668703 -0.00999808 -0.668703 
156 0.946321 -0.0341963 0.946321 -0.945613 -0.0129705 -0.945613 
157 0.880578 -0.0293579 0.880578 -0.880017 -0.0111283 -0.880017 
158 0.879536 -0.0267722 0.879536 -0.879069 -0.0101415 -0.879069 
159 0.894957 -0.0246927 0.894957 -0.894567 -0.00934776 -0.894567 
160 0.733122 -0.0184873 0.733122 -0.732855 -0.00699486 -0.732855 
161 0.626869 -0.0142321 0.626869 -0.626684 -0.00538181 -0.626684 
162 0.707607 -0.0143766 0.707607 -0.70744 -0.00543348 -0.70744 
163 0.947318 -0.0171613 0.947318 -0.94714 -0.00648268 -0.94714 
164 0.75097 -0.0119938 0.75097 -0.75086 -0.00452843 -0.75086 
165 0.923668 -0.0130612 0.923668 -0.923562 -0.00492935 -0.923562 
166 0.891767 -0.0109941 0.891767 -0.891689 -0.00414749 -0.891689 
167 0.777598 -0.00823943 0.777598 -0.777548 -0.00310706 -0.777548 
168 1.05165 -0.00939201 1.05165 -1.0516 -0.00354034 -1.0516 
169 0.794497 -0.00603044 0.794497 -0.794471 -0.00227248 -0.794471 
170 0.873011 -0.00550302 0.873011 -0.872991 -0.00207311 -0.872991 
171 0.559081 -0.0028365 0.559081 -0.559072 -0.00106827 -0.559072 
172 0.837895 -0.0034293 0.837895 -0.837887 -0.00129123 -0.837887 
173 0.885099 -0.00272353 0.885099 -0.885094 -0.00102525 -0.885094 
174 0.529911 -0.0011195 0.529911 -0.52991 -0.000421328 -0.52991 
175 0.903133 -0.00141237 0.903133 -0.903132 -0.000531486 -0.903132 
176 1.29557 -0.00133542 1.29557 -1.29557 -0.000502467 -1.29557 
177 0.668444 -0.000406385 0.668444 -0.668444 -0.000152892 -0.668444 
178 0.751808 -0.000219614 0.751808 -0.751808 -8.26176e-05 -0.751808 
179 0 0 0 0 0 0 
180 1.33627 -1.09614e-05 1.33627 -1.33627 -4.12333e-06 -1.33627 
