0 12.4785 -0.0969938 -0.0165769 0.0185761 -0.0918845 12.1709 -0.081268 0.486491 -0.00975965 -0.0712861 12.3615 0.196912 -0.00459705 -0.490596 -0.187822 12.0552 
2.25 11.8412 -0.060971 -0.0624183 0.00686632 -0.0597525 11.6347 -0.0596786 -0.0885999 -0.0630468 -0.102615 11.2685 0.0775615 -0.0069516 0.0600626 -0.0573564 11.076 
4.5 7.219 -0.058517 -0.000291574 -0.00104017 -0.0592581 7.17595 -0.00614099 0.0108402 -0.00242752 0.008902 7.13114 -0.0217861 -0.000275734 -0.00567297 0.0210619 7.09086 
6.75 9.52075 0.0575943 -0.043108 0.00090863 0.0522739 9.38284 -0.0873937 -0.0392256 -0.0509471 -0.114067 9.16747 -0.139644 0.00169779 0.0276499 0.145521 9.03847 
9 9.71573 -0.117307 -0.0101343 -0.0031744 -0.122147 9.61137 0.038786 -0.0167654 -0.00290519 0.0292717 9.61156 0.013167 0.00173554 0.0447512 0.00985401 9.51729 
11.25 8.10443 -0.0492373 -0.0188208 -6.07288e-06 -0.0473744 8.03936 -0.0164528 0.0147239 -0.0132241 -0.005436 8.00627 0.0195235 -0.00102573 -0.0340738 -0.0175931 7.94621 
13.5 7.03293 -0.081714 0.000976345 -0.000377677 -0.0823101 7.02231 -0.00312337 -0.00245827 0.000137783 0.00497712 6.99741 -0.00394522 -3.28546e-05 0.00286838 0.00360244 6.98728 
15.75 7.38525 -0.0439645 0.00200368 -0.00117738 -0.0458542 7.37027 -0.000653611 0.00313199 0.00158321 0.00275043 7.33732 -0.0147291 0.000237316 -0.00375411 0.0138476 7.32483 
18 7.52717 0.0804794 0.0263653 -7.35051e-05 0.0733219 7.47956 -0.017683 -0.021139 0.0255949 0.00440292 7.48492 -0.00925188 -0.00186941 0.0207752 -0.00568821 7.44259 
20.25 5.85071 -0.0183264 0.00103351 0.00013995 -0.0180294 5.8472 0.00195352 0.00150419 0.000604877 -0.00141981 5.79563 -0.0021673 5.10163e-06 -0.00134239 0.00253771 5.79315 
22.5 5.5119 0.0593485 -0.000818003 1.85399e-05 0.0589573 5.51019 -0.0021817 0.000664579 -0.000919802 0.00146408 5.46937 0.000116109 -0.000168966 -0.000691806 -0.000232624 5.46801 
24.75 5.83242 0.0798137 0.0118128 0.00313769 0.0731588 5.81641 -0.00566831 -0.00543434 0.0109708 0.00412283 5.76987 0.000412387 0.000817543 0.00412437 -0.000221273 5.75651 
27 5.24443 0.0859866 -0.000429648 0.000108695 0.0859431 5.24223 0.0029645 -0.000506356 -0.000110561 0.00478488 5.16308 0.00345731 -2.27189e-05 0.00127894 -0.00324191 5.16111 
29.25 4.85758 0.163971 -0.00266292 -0.000210188 0.163903 4.85403 -0.00199955 -0.000799195 -0.0016719 0.00479986 4.79437 -0.0068528 4.69676e-05 0.00208622 0.00641305 4.792 
31.5 3.64393 0.12026 0.000232924 0.000200736 0.120215 3.64289 -0.00150328 0.000891464 0.000314757 -0.00185699 3.5806 0.00422924 -0.000161408 -0.00170681 -0.00395772 3.57979 
33.75 3.90616 0.166611 0.00079539 5.92942e-05 0.166796 3.90493 -0.000587832 0.000969924 0.000290859 0.00132877 3.83117 -0.000555603 8.10777e-05 -0.000969324 0.000333653 3.83106 
36 3.37768 0.20063 -0.00626696 -0.000203505 0.206326 3.35779 -0.00967912 0.0185715 -0.00683799 0.0178834 3.30349 0.00286657 -0.00150844 -0.0150014 0.0122995 3.2964 
38.25 3.22355 0.205483 -0.001212 -0.000129182 0.205586 3.22234 -0.00475504 -0.000998948 -0.000257809 0.00276587 3.13564 -0.00396232 -9.10236e-05 0.00126637 0.00393802 3.13468 
40.5 2.32472 0.125867 -0.000315957 -0.000291979 0.125744 2.32315 0.000546579 0.000564646 0.000470573 -0.00303022 2.23081 -0.000861136 0.000186106 0.00173217 0.000717641 2.23038 
42.75 2.35682 0.180021 0.000396264 6.79403e-05 0.179972 2.35631 0.000622548 -0.000543194 -9.89485e-05 -0.000986988 2.26837 0.000995363 1.41571e-05 0.000138829 -0.000990143 2.26817 
45 2.44994 0.23951 -0.000440289 5.49983e-06 0.239579 2.44955 -0.0029093 7.74299e-05 -2.1103e-05 0.0034821 2.3556 -7.14252e-05 6.42148e-05 -0.000131536 8.97703e-05 2.35545 
47.25 1.79672 0.184094 7.84027e-05 -0.000201289 0.183505 1.79557 0.00157663 -0.000801979 0.000504425 -0.0011358 1.70808 -0.000560391 -0.000228844 0.000505605 0.000904083 1.70811 
49.5 1.71282 0.199749 0.00207125 4.25359e-05 0.199448 1.7072 0.00576208 -0.00119309 0.00264438 0.000807933 1.6042 0.00402082 -2.69695e-05 0.000110886 -0.00467816 1.59894 
51.75 1.2806 0.150656 0.000122896 0.000217425 0.150733 1.2791 0.00307549 0.00122169 -0.000265267 0.00229921 1.17878 -0.0057606 0.000391818 -0.00052651 0.00572078 1.17774 
54 1.57375 0.213982 -0.000235395 0.000141769 0.214257 1.57297 -0.000713929 0.000521664 -8.84252e-05 0.00246139 1.45234 -0.000682346 -0.000220363 0.000238766 0.00104045 1.4521 
56.25 1.03302 0.14662 0.000164687 5.314e-05 0.146475 1.03265 0.0023741 -0.000137622 -0.000119712 -0.00212915 0.940409 0.000230435 3.07677e-05 0.000194361 -0.000143727 0.940389 
58.5 0.993707 0.183855 9.22632e-05 1.21963e-05 0.183827 0.993442 -5.76928e-05 8.83035e-07 -4.92381e-05 7.52993e-06 0.909758 -3.86049e-05 1.89628e-05 -2.39391e-05 3.6885e-05 0.909869 
60.75 0.873909 0.103914 -2.36478e-05 8.45585e-05 0.103849 0.87364 -0.00234085 -0.000412569 0.000453747 0.00248725 0.745699 0.00149152 0.000122236 0.000241485 -0.00146878 0.74575 
63 0.767 0.115174 -2.47989e-05 -0.000137764 0.11513 0.76613 -0.00192532 0.00117025 0.000744866 0.00139515 0.642636 0.000404349 0.000167367 0.000741157 -0.000283703 0.64231 
65.25 0.682454 0.112483 0.00058802 0.000154098 0.113286 0.680908 -0.000826803 0.000522516 0.000660439 -0.00337428 0.54833 -0.000386775 4.8906e-05 -0.000465506 0.000250524 0.547503 
67.5 0.585913 0.10146 -0.000387018 0.000357033 0.101512 0.58449 0.00129036 0.000992256 0.000166359 -0.000282474 0.47114 -0.00241406 -0.000262171 0.000993689 0.00284506 0.472091 
69.75 0.490585 0.07068 0.000309781 4.71228e-05 0.0706534 0.490368 0.000850165 -1.25904e-05 -0.000180308 -0.00083256 0.373187 9.2981e-05 -2.32467e-05 5.15602e-05 -0.000105804 0.373262 
72 0.298386 0.0360629 0.000169052 2.61884e-05 0.0362691 0.29725 0.00197394 -0.000514476 0.000511783 -0.00259651 0.206813 -0.00260676 -0.000124207 0.000915437 0.00272275 0.207457 
74.25 0.247117 0.0212431 0.00413973 -0.000586875 0.0196238 0.243472 0.000585166 0.00244968 0.00264131 0.00180846 0.145756 -0.0079179 -6.88004e-05 -0.00392838 0.00869725 0.14346 
76.5 0.203911 -0.0169199 -0.000822575 8.79875e-05 -0.0168218 0.203148 -0.00258571 -0.000155259 4.81466e-05 -0.00146896 0.0829752 -0.0145 3.52676e-05 0.00196264 0.0143052 0.0828679 
78.75 0.168262 -0.029579 0.000196155 0.000239719 -0.0296391 0.167973 0.00060081 0.00025057 -0.000403396 -0.00100713 0.0577503 -0.00415515 -6.1131e-05 0.000180997 0.00404836 0.0577732 
81 0.139034 -0.0307395 -6.73076e-05 0.000631938 -0.0311975 0.135876 -0.000715978 0.00101977 0.00397085 0.00746947 0.0213567 0.000302477 -0.000252499 0.004433 -1.489e-05 0.0228952 
83.25 0.119525 -0.061181 0.000291781 -0.000390374 -0.0613182 0.118673 -0.0010648 0.000118499 -0.000347598 -8.68865e-05 -0.0103435 -0.0100995 0.000125691 0.000331537 0.0103867 -0.0103411 
85.5 0.0987178 -0.0601688 0.000139936 5.14225e-05 -0.0601224 0.0983296 0.000264773 0.000231789 -0.000102025 -7.73017e-05 -0.000688811 -0.00623011 -0.000275678 -6.39588e-05 0.006212 -0.000473305 
87.75 0.116942 -0.0645675 0.00210491 -0.000227168 -0.0662487 0.112979 -0.00854417 -0.00264118 0.0027409 0.00515679 -0.00724694 -0.00991356 0.000391219 0.00340643 0.0090827 -0.00724869 
90 0.106093 -0.0743563 0.000396222 0.000351961 -0.0743345 0.104625 0.000793793 -0.00221869 -0.00117571 -0.00178077 -0.0130245 -0.00712987 1.80796e-05 -0.000686788 0.00710503 -0.0120587 
92.25 0.108009 -0.0691558 -0.000348914 6.20166e-05 -0.0690952 0.106902 -0.00203027 0.000174078 0.000366209 0.00153588 -0.011223 -0.00883722 -6.40049e-05 0.00106837 0.00882202 -0.0103867 
94.5 0.116042 -0.0533496 -0.000226146 -9.45948e-05 -0.0534996 0.11493 0.00275642 0.0009118 -0.000308516 -0.00255608 -0.00773903 -0.0125759 4.45164e-05 0.000891018 0.0126395 -0.00713146 
96.75 0.109353 -0.0463527 0.000738941 0.000155776 -0.0463155 0.107986 0.000648586 0.00101083 0.000214628 -0.000164867 0.0121907 -0.0154709 0.000133998 4.95575e-05 0.0154195 0.0132334 
99 0.102989 -0.0511929 -0.000168796 8.40244e-05 -0.0507325 0.100784 0.00114895 0.00204193 0.000744988 -0.000788139 -0.0238643 -0.00803655 0.00031562 0.00293729 0.00797907 -0.0235218 
101.25 0.0915974 -0.033504 -0.000387217 -0.00031394 -0.0344698 0.0890551 -0.0061258 -0.000567288 -0.0023856 -0.00645911 -0.0215144 -0.00832561 -0.000435687 -0.00142824 0.00901376 -0.02275 
103.5 0.0880197 -0.0394419 0.000450896 -9.32208e-05 -0.0396072 0.0867214 -0.0012776 0.000313339 -8.41576e-05 -0.000288622 -0.0213524 -0.0104723 1.6941e-05 0.000910986 0.0101679 -0.0206077 
105.75 0.0633254 -0.029071 -0.00031631 0.000162043 -0.028987 0.062997 0.000604896 -4.86442e-05 -6.25147e-05 -0.000814192 -0.0202789 -0.00681175 0.000112243 -4.99122e-05 0.00683466 -0.0200817 
108 0.0685899 -0.0326185 -0.000578898 -0.000126911 -0.0325734 0.0673799 -0.00325163 3.82082e-05 -0.00038001 -0.00225856 -0.0457824 0.00076898 -0.000235553 -0.00115707 -0.000473156 -0.04636 
110.25 0.060414 -0.0300427 -0.000997326 8.36546e-05 -0.0296992 0.0589004 -0.0026595 -0.000198628 -0.000369638 -0.000667667 -0.0463999 0.0021899 -0.000361393 -0.00228941 -0.00125454 -0.0467845 
112.5 0.0496755 -0.0191478 -0.000157475 -6.61664e-05 -0.0192473 0.0492207 0.00111503 -0.000174405 0.000657239 0.000133245 -0.0398649 0.00292097 -6.49989e-05 0.000696967 -0.00284423 -0.0397875 
114.75 0.0537264 -0.0232885 0.000324166 0.000400831 -0.0231757 0.0529252 0.00123053 -0.00208583 0.00065139 -0.0023523 -0.0392249 -0.00290854 0.000294449 -0.00106657 0.00331529 -0.0386571 
117 0.0392441 -0.0171236 0.000186384 5.36565e-05 -0.0170991 0.0390995 0.0004459 1.94446e-05 -0.000342477 0.000454971 -0.0329383 -0.00200768 7.52289e-05 -0.000407219 0.001981 -0.0329313 
119.25 0.0652454 -0.0194788 -0.00292698 0.00105605 -0.0178375 0.057047 -0.0139536 -0.00397609 0.000880221 -0.00424067 -0.0478838 0.0104965 -0.00120198 -0.0117147 -0.00314468 -0.0472547 
121.5 0.0453749 -0.0182754 0.000172532 4.1804e-05 -0.0184119 0.0450405 -0.000188589 -0.000143755 -0.000185203 0.000497325 -0.0393699 0.000317085 4.34613e-05 -0.000150889 -0.000297924 -0.0393548 
123.75 0.0365691 -0.0130746 7.717e-05 -2.78415e-05 -0.0131213 0.0364705 -7.26862e-05 3.04399e-05 -4.51933e-05 4.22033e-05 -0.0335149 -2.48429e-05 3.71797e-06 -4.21975e-06 2.43144e-05 -0.0334845 
126 0.0477971 -0.0160699 6.18134e-05 -3.97299e-05 -0.0160763 0.0476514 -0.000274385 0.000191493 -0.000199671 0.000174011 -0.0411775 -0.00244846 1.07529e-05 0.000136371 0.00249149 -0.0411383 
128.25 0.0675383 -0.00936856 0.0032475 2.52044e-05 -0.00911143 0.0659152 0.00451938 2.50675e-05 -0.00206182 -0.00203421 -0.0425245 0.00256589 -0.000490218 -0.00253968 -0.00313254 -0.0416581 
130.5 0.0512149 -0.0138287 -0.00143695 6.32544e-05 -0.013319 0.0499296 -0.00138151 0.00159851 -0.00109695 0.00280434 -0.0386777 -0.00274258 -0.000671173 0.000411617 0.00335889 -0.0381617 
132.75 0.0510977 -0.0126231 0.000297006 -0.000352752 -0.0121067 0.0483568 -0.0026722 -0.00203818 -0.000695213 0.000985608 -0.0436133 0.0017137 -0.000322248 0.000936114 -0.00363711 -0.0438002 
135 0.0605143 -0.00945566 0.00336803 -0.000172851 -0.00807575 0.0552665 0.00835482 0.00204846 -0.00111734 -0.00368897 -0.0480457 0.00873988 0.000326458 0.00728754 -0.0051766 -0.04468 
137.25 0.0744874 -0.0121061 0.00213974 0.00107705 -0.0125 0.0702706 -0.012722 -0.0014587 -0.00162454 -0.00585799 -0.0535091 -0.014529 -0.000890234 0.00487105 0.01352 -0.0534459 
139.5 0.0337525 -0.00744871 -1.86247e-05 -8.61078e-05 -0.00746075 0.0334382 6.13838e-05 1.75502e-05 -1.10332e-07 -3.80929e-05 -0.0315137 -0.000430139 9.67437e-07 5.64453e-05 0.000424861 -0.031302 
141.75 0.0517654 -0.0111385 0.00155902 2.36374e-06 -0.0114715 0.0497686 -0.00151099 0.000532051 -0.000823206 0.000868088 -0.0407488 0.00309317 0.000338313 -0.000825595 -0.00263282 -0.0389924 
144 0.0512839 -0.0107933 -0.000221528 -0.000178777 -0.010777 0.0498996 8.44772e-05 -0.000468123 -0.000969838 0.00136657 -0.0458305 0.00165772 8.07571e-05 -0.000538741 -0.001511 -0.0449046 
146.25 0.0686513 -0.00593801 0.00455812 0.000631838 -0.00457471 0.0573905 0.0118346 0.00673652 -0.000380792 -0.0150215 -0.0293038 0.0124241 -0.000419879 0.00163405 -0.0113698 -0.0228582 
148.5 0.0411763 -0.0059924 -0.00033218 -5.21144e-07 -0.00589557 0.0407387 0.000183306 -7.38435e-05 0.000338815 -0.000233354 -0.0393349 -0.000256038 -1.11352e-06 -9.50249e-05 0.00025249 -0.0389658 
150.75 0.0476121 -0.00513952 1.87609e-05 7.50367e-07 -0.00513899 0.047473 6.57579e-06 -4.09804e-07 -3.60467e-05 6.67004e-06 -0.0464129 -6.80746e-06 -4.07737e-06 1.47224e-06 1.47773e-05 -0.046287 
153 0.114603 -0.0555632 -0.00262151 0.000731508 -0.0576296 0.103092 0.00181199 0.00191573 0.00320057 -0.00107674 -0.0566581 0.000320512 0.00084746 0.000538025 -0.00143881 -0.0464356 
155.25 0.561462 -0.46529 0.00152446 -4.38128e-05 -0.465003 0.556103 -0.00308394 -0.000450344 -0.00309481 0.00286465 -0.157074 0.0017443 8.47035e-06 -0.00146572 -0.000867678 -0.152952 
157.5 1.25035 -1.0065 0.00437281 -9.89921e-05 -1.00663 1.24016 -0.00387845 0.000407772 -0.00278846 0.00420748 -0.392926 -9.51785e-05 -6.42117e-05 0.000471402 0.000363516 -0.384028 
159.75 1.46204 -1.00633 0.010539 0.00050519 -1.00532 1.43258 -0.0117798 -0.00680304 -0.00824947 0.00896855 -0.48071 -0.0104921 -2.02615e-05 -0.00928141 0.00919919 -0.454065 
162 1.25686 -0.712375 -0.00432367 0.00038251 -0.71223 1.22429 -0.007655 0.00223317 0.00624944 0.00842402 -0.247587 -0.0039118 0.000593728 0.00184773 0.00521339 -0.216562 
164.25 1.14234 -0.445098 -0.00996181 -0.000385272 -0.446363 1.09112 0.0239353 0.00281338 0.00641209 -0.0410332 -0.0969993 -0.0127184 0.000283016 -0.00664306 0.0116905 -0.0528399 
166.5 0.955507 -0.243788 -0.0172557 -0.000841033 -0.247011 0.882984 -0.026936 -0.000807938 0.0106132 -0.0147572 -0.0601696 0.000793757 -0.000514602 -0.00348334 0.00301855 -0.00197112 
168.75 1.02112 -0.12802 -0.0089217 0.000205989 -0.128094 0.902563 -0.052171 0.0042958 -0.00853455 0.04055 -0.0356928 -0.0188524 0.00131249 0.00348791 0.0192883 0.0798384 
171 1.00987 -0.0997877 0.000941516 0.000209604 -0.0975519 0.919377 0.0542221 -0.00149677 0.00504559 -0.0595398 -0.202933 -0.005935 -0.00012361 -0.000585686 0.00831191 -0.115043 
173.25 0.915361 -0.0343515 0.0309874 -0.0012612 -0.0290519 0.694916 -0.0927299 -0.0646936 -0.0162421 0.137735 -0.31156 -0.0194517 -0.00462016 -0.0531534 -0.013472 -0.102404 
175.5 1.25061 -0.0231637 0.0188115 0.00560661 -0.036452 0.664578 -0.314522 -0.039281 -0.0148503 0.30399 -0.414336 0.0165377 0.00283975 -0.0556523 0.00213325 0.164284 
177.75 1.06731 -0.0721503 -0.0415997 -0.000591106 -0.0695069 0.409486 0.019223 -0.0201087 0.0455839 -0.0282043 -0.407449 -0.00256375 -0.00160268 -0.0234697 0.00608982 0.247751 
180 1.90475 -0.268798 0.330341 0.000529039 -0.275473 0.522653 -0.742965 -0.0310879 -0.312779 0.73733 -1.25275 0.0230087 -0.000129215 -0.0306896 -0.0235339 0.128936 
