0 12.4785 -0.0969938 12.1709 12.3615 0.196912 12.0552 
2.25 11.8412 -0.060971 11.6347 11.2685 0.0775615 11.076 
4.5 7.219 -0.058517 7.17595 7.13114 -0.0217861 7.09086 
6.75 9.52075 0.0575943 9.38284 9.16747 -0.139644 9.03847 
9 9.71573 -0.117307 9.61137 9.61156 0.013167 9.51729 
11.25 8.10443 -0.0492373 8.03936 8.00627 0.0195235 7.94621 
13.5 7.03293 -0.081714 7.02231 6.99741 -0.00394522 6.98728 
15.75 7.38525 -0.0439645 7.37027 7.33732 -0.0147291 7.32483 
18 7.52717 0.0804794 7.47956 7.48492 -0.00925188 7.44259 
20.25 5.85071 -0.0183264 5.8472 5.79563 -0.0021673 5.79315 
22.5 5.5119 0.0593485 5.51019 5.46937 0.000116109 5.46801 
24.75 5.83242 0.0798137 5.81641 5.76987 0.000412387 5.75651 
27 5.24443 0.0859866 5.24223 5.16308 0.00345731 5.16111 
29.25 4.85758 0.163971 4.85403 4.79437 -0.0068528 4.792 
31.5 3.64393 0.12026 3.64289 3.5806 0.00422924 3.57979 
33.75 3.90616 0.166611 3.90493 3.83117 -0.000555603 3.83106 
36 3.37768 0.20063 3.35779 3.30349 0.00286657 3.2964 
38.25 3.22355 0.205483 3.22234 3.13564 -0.00396232 3.13468 
40.5 2.32472 0.125867 2.32315 2.23081 -0.000861136 2.23038 
42.75 2.35682 0.180021 2.35631 2.26837 0.000995363 2.26817 
45 2.44994 0.23951 2.44955 2.3556 -7.14252e-05 2.35545 
47.25 1.79672 0.184094 1.79557 1.70808 -0.000560391 1.70811 
49.5 1.71282 0.199749 1.7072 1.6042 0.00402082 1.59894 
51.75 1.2806 0.150656 1.2791 1.17878 -0.0057606 1.17774 
54 1.57375 0.213982 1.57297 1.45234 -0.000682346 1.4521 
56.25 1.03302 0.14662 1.03265 0.940409 0.000230435 0.940389 
58.5 0.993707 0.183855 0.993442 0.909758 -3.86049e-05 0.909869 
60.75 0.873909 0.103914 0.87364 0.745699 0.00149152 0.74575 
63 0.767 0.115174 0.76613 0.642636 0.000404349 0.64231 
65.25 0.682454 0.112483 0.680908 0.54833 -0.000386775 0.547503 
67.5 0.585913 0.10146 0.58449 0.47114 -0.00241406 0.472091 
69.75 0.490585 0.07068 0.490368 0.373187 9.2981e-05 0.373262 
72 0.298386 0.0360629 0.29725 0.206813 -0.00260676 0.207457 
74.25 0.247117 0.0212431 0.243472 0.145756 -0.0079179 0.14346 
76.5 0.203911 -0.0169199 0.203148 0.0829752 -0.0145 0.0828679 
78.75 0.168262 -0.029579 0.167973 0.0577503 -0.00415515 0.0577732 
81 0.139034 -0.0307395 0.135876 0.0213567 0.000302477 0.0228952 
83.25 0.119525 -0.061181 0.118673 -0.0103435 -0.0100995 -0.0103411 
85.5 0.0987178 -0.0601688 0.0983296 -0.000688811 -0.00623011 -0.000473305 
87.75 0.116942 -0.0645675 0.112979 -0.00724694 -0.00991356 -0.00724869 
90 0.106093 -0.0743563 0.104625 -0.0130245 -0.00712987 -0.0120587 
92.25 0.108009 -0.0691558 0.106902 -0.011223 -0.00883722 -0.0103867 
94.5 0.116042 -0.0533496 0.11493 -0.00773903 -0.0125759 -0.00713146 
96.75 0.109353 -0.0463527 0.107986 0.0121907 -0.0154709 0.0132334 
99 0.102989 -0.0511929 0.100784 -0.0238643 -0.00803655 -0.0235218 
101.25 0.0915974 -0.033504 0.0890551 -0.0215144 -0.00832561 -0.02275 
103.5 0.0880197 -0.0394419 0.0867214 -0.0213524 -0.0104723 -0.0206077 
105.75 0.0633254 -0.029071 0.062997 -0.0202789 -0.00681175 -0.0200817 
108 0.0685899 -0.0326185 0.0673799 -0.0457824 0.00076898 -0.04636 
110.25 0.060414 -0.0300427 0.0589004 -0.0463999 0.0021899 -0.0467845 
112.5 0.0496755 -0.0191478 0.0492207 -0.0398649 0.00292097 -0.0397875 
114.75 0.0537264 -0.0232885 0.0529252 -0.0392249 -0.00290854 -0.0386571 
117 0.0392441 -0.0171236 0.0390995 -0.0329383 -0.00200768 -0.0329313 
119.25 0.0652454 -0.0194788 0.057047 -0.0478838 0.0104965 -0.0472547 
121.5 0.0453749 -0.0182754 0.0450405 -0.0393699 0.000317085 -0.0393548 
123.75 0.0365691 -0.0130746 0.0364705 -0.0335149 -2.48429e-05 -0.0334845 
126 0.0477971 -0.0160699 0.0476514 -0.0411775 -0.00244846 -0.0411383 
128.25 0.0675383 -0.00936856 0.0659152 -0.0425245 0.00256589 -0.0416581 
130.5 0.0512149 -0.0138287 0.0499296 -0.0386777 -0.00274258 -0.0381617 
132.75 0.0510977 -0.0126231 0.0483568 -0.0436133 0.0017137 -0.0438002 
135 0.0605143 -0.00945566 0.0552665 -0.0480457 0.00873988 -0.04468 
137.25 0.0744874 -0.0121061 0.0702706 -0.0535091 -0.014529 -0.0534459 
139.5 0.0337525 -0.00744871 0.0334382 -0.0315137 -0.000430139 -0.031302 
141.75 0.0517654 -0.0111385 0.0497686 -0.0407488 0.00309317 -0.0389924 
144 0.0512839 -0.0107933 0.0498996 -0.0458305 0.00165772 -0.0449046 
146.25 0.0686513 -0.00593801 0.0573905 -0.0293038 0.0124241 -0.0228582 
148.5 0.0411763 -0.0059924 0.0407387 -0.0393349 -0.000256038 -0.0389658 
150.75 0.0476121 -0.00513952 0.047473 -0.0464129 -6.80746e-06 -0.046287 
153 0.114603 -0.0555632 0.103092 -0.0566581 0.000320512 -0.0464356 
155.25 0.561462 -0.46529 0.556103 -0.157074 0.0017443 -0.152952 
157.5 1.25035 -1.0065 1.24016 -0.392926 -9.51785e-05 -0.384028 
159.75 1.46204 -1.00633 1.43258 -0.48071 -0.0104921 -0.454065 
162 1.25686 -0.712375 1.22429 -0.247587 -0.0039118 -0.216562 
164.25 1.14234 -0.445098 1.09112 -0.0969993 -0.0127184 -0.0528399 
166.5 0.955507 -0.243788 0.882984 -0.0601696 0.000793757 -0.00197112 
168.75 1.02112 -0.12802 0.902563 -0.0356928 -0.0188524 0.0798384 
171 1.00987 -0.0997877 0.919377 -0.202933 -0.005935 -0.115043 
173.25 0.915361 -0.0343515 0.694916 -0.31156 -0.0194517 -0.102404 
175.5 1.25061 -0.0231637 0.664578 -0.414336 0.0165377 0.164284 
177.75 1.06731 -0.0721503 0.409486 -0.407449 -0.00256375 0.247751 
180 1.90475 -0.268798 0.522653 -1.25275 0.0230087 0.128936 
