0 0 0 0 0 0 0 
1 0 0 0 0 0 0 
2 1.8882 -0.0892814 1.8882 1.88588 -0.0283593 1.88588 
3 1.77514 -0.155138 1.77514 1.76766 -0.0492711 1.76766 
4 1.68761 -0.204131 1.68761 1.67394 -0.0648194 1.67394 
5 1.61653 -0.242153 1.61653 1.59644 -0.0768347 1.59644 
6 1.80061 -0.327431 1.80061 1.76747 -0.103922 1.76747 
7 1.48246 -0.311268 1.48246 1.446 -0.098764 1.446 
8 1.24756 -0.296361 1.24756 1.20818 -0.0940037 1.20818 
9 1.51473 -0.408298 1.51473 1.45283 -0.129453 1.45283 
10 0.656154 -0.195003 0.656154 0.623431 -0.0618008 0.623431 
11 1.02951 -0.337581 1.02951 0.966655 -0.106931 0.966655 
12 1.12058 -0.391592 1.12058 1.04254 -0.123989 1.04254 
13 0.811879 -0.308737 0.811879 0.744455 -0.0976931 0.744455 
14 1.2106 -0.494169 1.2106 1.09399 -0.156271 1.09399 
15 0.875116 -0.378725 0.875116 0.779754 -0.119692 0.779754 
16 0.986245 -0.455954 0.986245 0.862549 -0.143987 0.862549 
17 1.07659 -0.525308 1.07659 0.924978 -0.165497 0.924978 
18 0.872656 -0.449485 0.872649 0.734399 -0.141719 0.734399 
19 0.352449 -0.188639 0.352449 0.291711 -0.0594361 0.291711 
20 0.989978 -0.535922 0.989881 0.801994 -0.168349 0.802068 
21 0.892679 -0.525282 0.89266 0.702474 -0.165163 0.702468 
22 0.754164 -0.45736 0.751755 0.580549 -0.143984 0.578245 
23 1.0244 -0.648731 1.0244 0.766165 -0.203601 0.766165 
24 0.558108 -0.351544 0.557305 0.408244 -0.10977 0.40762 
25 0.668239 -0.451661 0.668239 0.47169 -0.141452 0.47169 
26 1.04564 -0.72576 1.04564 0.717639 -0.22707 0.717639 
27 0.832215 -0.58173 0.827129 0.555635 -0.181264 0.550935 
28 0.820572 -0.594359 0.82049 0.524791 -0.18519 0.524856 
29 0.926177 -0.693725 0.922434 0.57239 -0.216622 0.568799 
30 0.88415 -0.682597 0.884149 0.520176 -0.21248 0.520175 
31 0.93057 -0.727627 0.927685 0.527687 -0.226441 0.525251 
32 1.08932 -0.868539 1.08772 0.58891 -0.269418 0.587922 
33 0.669982 -0.547251 0.669797 0.346665 -0.169504 0.346846 
34 0.589867 -0.488314 0.586587 0.290697 -0.15121 0.287624 
35 0.76895 -0.646 0.768392 0.359492 -0.199231 0.359283 
36 0.840268 -0.719778 0.838619 0.370119 -0.222022 0.368712 
37 0.826093 -0.714093 0.825599 0.343791 -0.218877 0.344192 
38 0.863227 -0.757702 0.860752 0.334929 -0.233753 0.332863 
39 0.726351 -0.648584 0.726327 0.259127 -0.198662 0.259121 
40 0.753583 -0.67446 0.751781 0.252826 -0.206407 0.251913 
41 0.588243 -0.528231 0.584194 0.182694 -0.160758 0.180349 
42 0.814409 -0.746092 0.813706 0.220781 -0.227951 0.220775 
43 0.918511 -0.850477 0.917394 0.224312 -0.259817 0.223292 
44 0.791548 -0.736025 0.790621 0.175262 -0.224292 0.17505 
45 0.803148 -0.75292 0.80252 0.148379 -0.228635 0.148458 
46 0.800999 -0.75 0.798971 0.131924 -0.227823 0.1326 
47 0.752142 -0.708559 0.749262 0.102497 -0.214928 0.101777 
48 0.702936 -0.660932 0.69605 0.0843974 -0.200101 0.0824395 
49 0.56761 -0.533646 0.563339 0.0537098 -0.16336 0.0521586 
50 0.656623 -0.626006 0.654879 0.0342525 -0.187821 0.0333814 
51 0.860217 -0.818366 0.856093 0.0226691 -0.246214 0.0208389 
52 0.806146 -0.766676 0.801825 -0.00283491 -0.2308 -0.00356264 
53 0.658407 -0.626745 0.653529 -0.0191387 -0.188728 -0.0215095 
54 0.824361 -0.785381 0.822008 -0.0438794 -0.233779 -0.0426067 
55 0.76364 -0.722621 0.757819 -0.0551772 -0.214172 -0.0546197 
56 0.892731 -0.84532 0.888722 -0.0934507 -0.252737 -0.0933348 
57 0.641466 -0.601409 0.63206 -0.077167 -0.177885 -0.0793016 
58 0.756379 -0.712111 0.750815 -0.114292 -0.210468 -0.115151 
59 0.811565 -0.759701 0.805921 -0.144686 -0.225069 -0.142896 
60 0.852114 -0.794478 0.846375 -0.171525 -0.233315 -0.169893 
61 0.861003 -0.79719 0.855633 -0.203027 -0.23652 -0.200013 
62 0.794523 -0.729718 0.787329 -0.202736 -0.217578 -0.203349 
63 0.695592 -0.636164 0.687032 -0.180777 -0.183916 -0.179373 
64 0.725897 -0.658881 0.719906 -0.223352 -0.192965 -0.221287 
65 0.669405 -0.603338 0.662881 -0.214442 -0.175674 -0.213308 
66 0.848623 -0.755579 0.834372 -0.285979 -0.220442 -0.280924 
67 0.83976 -0.74285 0.832679 -0.309826 -0.216032 -0.309076 
68 0.726743 -0.634853 0.717663 -0.279993 -0.183764 -0.279204 
69 0.810561 -0.703743 0.806009 -0.338214 -0.204449 -0.337805 
70 0.816083 -0.69974 0.808351 -0.345485 -0.201804 -0.345463 
71 0.691142 -0.584633 0.681861 -0.312399 -0.168395 -0.307983 
72 0.809349 -0.677303 0.801262 -0.382954 -0.193998 -0.380758 
73 0.80975 -0.671118 0.79976 -0.388674 -0.190498 -0.384613 
74 1.02129 -0.833622 1.00821 -0.521631 -0.240735 -0.519603 
75 0.962027 -0.775664 0.948616 -0.502017 -0.221449 -0.495048 
76 0.803739 -0.641458 0.791111 -0.426426 -0.179346 -0.421184 
77 0.818465 -0.640238 0.805812 -0.456901 -0.183397 -0.451837 
78 0.72163 -0.555386 0.709026 -0.419123 -0.158204 -0.412148 
79 0.783262 -0.595595 0.773148 -0.46517 -0.17029 -0.462698 
80 0.742225 -0.554117 0.730909 -0.446813 -0.155494 -0.445389 
81 0.79872 -0.58792 0.785979 -0.498188 -0.165836 -0.492799 
82 0.868183 -0.632762 0.841441 -0.534321 -0.175484 -0.515941 
83 0.813111 -0.582726 0.793974 -0.513239 -0.161557 -0.502666 
84 0.939442 -0.659724 0.922544 -0.623366 -0.182367 -0.613406 
85 0.940219 -0.639291 0.925432 -0.64832 -0.181986 -0.641743 
86 0.924904 -0.62196 0.90896 -0.642576 -0.17614 -0.635188 
87 0.807968 -0.530748 0.786924 -0.566961 -0.150512 -0.554502 
88 0.851758 -0.545505 0.833247 -0.615072 -0.155386 -0.602986 
89 0.953618 -0.611802 0.93947 -0.689565 -0.16698 -0.679442 
90 0.971703 -0.599323 0.949578 -0.718847 -0.168702 -0.706144 
91 0.922263 -0.563043 0.901966 -0.685535 -0.155492 -0.671488 
92 0.946355 -0.564608 0.921849 -0.710822 -0.15457 -0.696751 
93 0.936709 -0.542145 0.909112 -0.718089 -0.150178 -0.701959 
94 0.963737 -0.547725 0.939 -0.748947 -0.150613 -0.732977 
95 0.8721 -0.486874 0.841821 -0.679127 -0.133581 -0.659677 
96 0.942266 -0.51162 0.917098 -0.753805 -0.141967 -0.735647 
97 0.979889 -0.52414 0.947267 -0.782122 -0.142361 -0.755315 
98 1.07409 -0.560027 1.03907 -0.870578 -0.150105 -0.845359 
99 1.03791 -0.521552 1.00627 -0.858345 -0.14288 -0.834213 
100 1.05981 -0.523422 1.01655 -0.87323 -0.144183 -0.841696 
101 0.995886 -0.48135 0.962076 -0.825041 -0.128794 -0.800047 
102 1.12534 -0.530954 1.09011 -0.943834 -0.142957 -0.917139 
103 0.964133 -0.435194 0.92322 -0.817639 -0.12203 -0.788183 
104 1.08353 -0.485519 1.04872 -0.931086 -0.130104 -0.902258 
105 1.1518 -0.502868 1.11017 -0.986923 -0.134612 -0.953687 
106 1.12644 -0.473438 1.08458 -0.977677 -0.129292 -0.944108 
107 1.08865 -0.434532 1.05117 -0.95382 -0.122048 -0.926952 
108 1.13142 -0.461749 1.09828 -0.990101 -0.119993 -0.963696 
109 0.933983 -0.361667 0.892095 -0.813094 -0.0963878 -0.77754 
110 1.16716 -0.431813 1.11765 -1.04068 -0.117625 -1.00032 
111 0.98434 -0.366583 0.933471 -0.871153 -0.096171 -0.827267 
112 1.01885 -0.36326 0.96814 -0.893214 -0.0932917 -0.849631 
113 1.02549 -0.352106 0.974179 -0.915935 -0.0921331 -0.871568 
114 1.04928 -0.35102 1.00815 -0.939058 -0.0918766 -0.904465 
115 1.09994 -0.362154 1.04992 -0.979655 -0.089029 -0.935572 
116 1.06523 -0.333342 1.01324 -0.956906 -0.0866875 -0.911969 
117 1.18273 -0.356466 1.12873 -1.08111 -0.0952691 -1.03542 
118 1.13382 -0.340883 1.07578 -1.01793 -0.0858864 -0.966975 
119 1.1524 -0.32163 1.07952 -1.03063 -0.0856104 -0.966511 
120 1.08899 -0.298514 1.0319 -0.981208 -0.0774099 -0.930962 
121 1.12207 -0.288989 1.06652 -1.03735 -0.0776667 -0.989484 
122 1.13682 -0.298616 1.08268 -1.04325 -0.0720326 -0.993676 
123 0.993056 -0.246137 0.944598 -0.917285 -0.0620842 -0.87485 
124 1.34217 -0.31717 1.27129 -1.22717 -0.0820768 -1.1649 
125 1.08118 -0.264598 1.02562 -0.986319 -0.0603872 -0.935573 
126 1.28276 -0.262125 1.19398 -1.17964 -0.0737704 -1.0984 
127 1.23239 -0.256629 1.16867 -1.13468 -0.0664796 -1.07694 
128 1.30257 -0.260904 1.21619 -1.19717 -0.0674739 -1.1183 
129 1.26119 -0.242271 1.18669 -1.15693 -0.0634739 -1.08798 
130 1.22493 -0.229351 1.13496 -1.11614 -0.0567462 -1.03269 
131 1.1005 -0.198532 1.03039 -0.99482 -0.0493776 -0.930809 
132 1.23434 -0.206058 1.15792 -1.13072 -0.0551441 -1.06115 
133 1.26677 -0.209406 1.19263 -1.16788 -0.0511552 -1.09978 
134 1.28569 -0.194687 1.18473 -1.1911 -0.0525902 -1.09786 
135 1.22678 -0.194557 1.16037 -1.123 -0.0465865 -1.06098 
136 1.36476 -0.188402 1.28963 -1.27345 -0.0505787 -1.20421 
137 1.23985 -0.164422 1.15563 -1.14737 -0.0421808 -1.07042 
138 1.41714 -0.170271 1.32633 -1.3229 -0.0492226 -1.23917 
139 1.27134 -0.166539 1.19041 -1.18054 -0.0391702 -1.10602 
140 1.36244 -0.163832 1.2873 -1.25138 -0.0375272 -1.18084 
141 1.18087 -0.128544 1.09394 -1.09043 -0.0329516 -1.01035 
142 1.29616 -0.156531 1.206 -1.19643 -0.030802 -1.11206 
143 1.22591 -0.129578 1.14732 -1.14775 -0.0293233 -1.07527 
144 1.43406 -0.138231 1.32959 -1.33375 -0.032099 -1.23455 
145 1.34059 -0.119654 1.2495 -1.26609 -0.0311028 -1.1792 
146 1.46643 -0.131882 1.37938 -1.36752 -0.0296891 -1.28459 
147 1.37591 -0.101801 1.28255 -1.28071 -0.0279005 -1.19283 
148 1.45748 -0.11347 1.34835 -1.34354 -0.0269044 -1.24056 
149 1.52513 -0.116997 1.43772 -1.43185 -0.0230111 -1.34829 
150 1.35168 -0.0814224 1.24129 -1.25358 -0.0241443 -1.14886 
151 1.3528 -0.0827044 1.26124 -1.25076 -0.0198859 -1.16339 
152 1.46023 -0.0605978 1.36412 -1.36071 -0.0249622 -1.26972 
153 1.46193 -0.078728 1.35918 -1.34801 -0.017841 -1.25128 
154 1.29481 -0.0233393 1.1802 -1.17356 -0.0232265 -1.06517 
155 1.60676 -0.074397 1.5194 -1.51384 -0.0171221 -1.43179 
156 1.28405 -0.0456389 1.17297 -1.19223 -0.012677 -1.08705 
157 1.42834 -0.071259 1.3514 -1.31758 -0.00983352 -1.24705 
158 1.46963 -0.0740628 1.36437 -1.36162 -0.00926885 -1.26241 
159 1.66182 -0.0505517 1.53789 -1.53572 -0.0135871 -1.41666 
160 1.35572 -0.0204788 1.26764 -1.23992 -0.0145944 -1.15969 
161 1.26267 -0.0464964 1.13719 -1.16439 -0.00443151 -1.04239 
162 1.70622 -0.0142763 1.59722 -1.59637 -0.0155415 -1.49085 
163 1.63206 -0.0189889 1.53142 -1.51287 -0.0124607 -1.41649 
164 1.36892 -0.00427387 1.26533 -1.27848 -0.0112073 -1.18132 
165 1.33472 -0.0371232 1.21995 -1.21434 0.00126422 -1.10524 
166 1.70244 -0.0205091 1.56981 -1.57871 -0.00517508 -1.45312 
167 1.51133 0.00613446 1.42151 -1.39268 -0.0100726 -1.30433 
168 1.59004 -0.0100159 1.44133 -1.46215 -0.00663364 -1.32024 
169 1.27502 -0.043844 1.15939 -1.16474 0.00428472 -1.05199 
170 1.54047 -0.0179344 1.42281 -1.34676 -0.00154269 -1.23223 
171 1.58518 0.011978 1.50967 -1.48373 -0.00820814 -1.41374 
172 1.57592 0.00108486 1.44035 -1.45597 -0.00317036 -1.32286 
173 1.69465 0.0223815 1.56801 -1.60966 -0.00788889 -1.48601 
174 1.64806 -0.0166112 1.54745 -1.53891 0.0011445 -1.43907 
175 1.37376 -0.0246597 1.25345 -1.28013 0.000858133 -1.16061 
176 1.57174 -0.0654689 1.48128 -1.44695 0.0163304 -1.36469 
177 1.83938 -0.0324892 1.74581 -1.79211 0.00574639 -1.70059 
178 1.50818 0.0564441 1.35524 -1.37622 -0.017043 -1.23 
179 1.67421 0.0596373 1.64315 -1.61491 -0.0111009 -1.58386 
180 0 0 0 0 0 0