0 2.72557 -0.025025 0.0162842 -0.00287169 -0.0255864 2.71347 -0.0124515 0.000107817 -0.00439639 0.00745585 2.69472 0.00071208 -0.0093293 0.00925341 -0.00495851 2.69337 
1 7.09583 -0.010427 0.00236341 0.00238613 -0.00902503 7.08963 0.00265081 -0.0011678 -0.000309941 1.03147e-05 7.08261 -0.00271035 -0.000234152 0.00212811 0.00358101 7.07784 
2 8.53364 -0.0297199 -0.00118482 0.00176686 -0.0324577 8.50413 -0.0216163 0.00284024 -0.00463504 -0.0202831 8.49045 0.000213667 0.0021355 0.00128935 -0.00488177 8.4649 
3 7.03205 -0.0217727 -0.000662222 0.000784077 -0.0235551 7.0152 0.00373407 -0.00953835 -0.00165918 -0.00565008 7.01221 0.00777758 -0.000418146 0.0107087 -0.00281491 7.00079 
4 8.11502 -0.106097 0.00646491 0.00127572 -0.107617 8.068 0.00203044 0.00195794 0.00355002 0.0163734 8.06136 0.00337231 -0.000158309 -0.0164421 -0.011399 8.02952 
5 7.70808 -0.112189 -7.16059e-05 -0.00344987 -0.11096 7.668 -0.0158593 -0.0118673 -0.000307031 -0.00759319 7.67358 -0.00487191 -0.00107252 0.0121633 0.000998431 7.64427 
6 6.97179 -0.11412 0.00493999 -0.000618178 -0.117206 6.93791 -0.00975727 -0.00288713 0.00376899 -0.00578809 6.93659 0.000833374 -0.00102047 -0.00200209 0.00549297 6.91313 
7 6.97912 -0.118568 0.00296292 -0.000303757 -0.117042 6.93742 0.000287779 0.00282501 0.00412974 0.0056319 6.92126 -0.00972831 0.001002 0.000943542 0.00401827 6.89343 
8 7.38624 -0.147812 0.00502875 -0.000747631 -0.147763 7.34386 0.00586079 0.00490739 0.00500487 0.000509607 7.33424 -0.00697857 -0.00150134 -0.0065456 0.00287078 7.30008 
9 7.05013 -0.191605 0.000795466 -0.000631808 -0.190206 6.99662 -0.0103507 0.0019793 -0.00194507 -0.00118984 6.98673 0.00293889 0.000741241 -0.00256702 -0.00881872 6.94821 
10 7.63982 -0.207823 0.00164189 0.000227355 -0.206107 7.5991 -0.00272048 0.00729212 0.00268539 -0.000196614 7.5786 -0.000240863 -8.32877e-05 -0.00391905 -0.000551112 7.54865 
11 6.77125 -0.174867 -0.000719934 0.000527509 -0.17368 6.71291 0.0114864 0.000313358 -0.00205245 0.0126255 6.70379 -0.00769449 7.63745e-05 -0.0016014 0.000903362 6.65783 
12 6.46255 -0.219122 -0.00170835 0.000253773 -0.217439 6.4428 -0.00289319 -0.00185644 -0.000347226 -9.10143e-05 6.40673 -0.00200938 0.000668532 -0.000390896 0.00140645 6.39485 
13 6.79124 -0.131081 0.00498474 -0.00122583 -0.132025 6.74001 0.0074545 0.00503063 0.00330363 0.0090613 6.73245 -0.00458544 -0.000831077 -0.00920615 0.00778888 6.69177 
14 6.63985 -0.193115 0.00372457 -0.000574838 -0.193834 6.61844 0.00359466 -0.00138295 0.00419243 -0.00168073 6.57349 -0.00868194 0.00081986 -0.000689342 0.00834406 6.55816 
15 6.6022 -0.21271 -0.00456758 -0.000194295 -0.212652 6.56857 0.00159393 -0.00584365 -0.00330826 0.00403772 6.52815 -0.00260569 -0.00135658 0.0076376 0.00485669 6.50439 
16 6.46278 -0.202623 -0.00189782 0.00028656 -0.201672 6.44054 -0.0080551 -0.00063806 -0.000292135 0.000274434 6.38481 -0.00589833 -1.87024e-05 0.00302114 0.0050101 6.36936 
17 6.14396 -0.185683 -0.00204668 -5.64078e-05 -0.185755 6.11372 -0.00293501 -0.00398223 -0.00210634 0.0047227 6.06388 -0.00852455 -0.000534978 0.00440837 0.010703 6.03943 
18 6.37091 -0.214485 0.00165417 0.000635517 -0.213106 6.32757 -0.000930987 -0.00560325 0.00214976 -0.00541091 6.27031 -0.00740527 -0.000444673 0.00235351 0.00623677 6.23613 
19 5.92684 -0.143096 -0.00386298 0.000694457 -0.143742 5.90211 0.000524627 -0.00550069 -0.00335588 0.00117624 5.83823 -0.00796402 8.78046e-05 0.00459394 0.0103444 5.82179 
20 5.80711 -0.137565 -5.5384e-05 -0.000184069 -0.138247 5.78143 0.0090598 -0.00228903 0.000648194 0.00381505 5.71565 -0.00865206 0.000456046 0.00454899 0.0127732 5.69578 
21 5.41761 -0.135713 -0.000748105 -0.000345922 -0.136451 5.39059 -0.00757226 0.007391 0.000333952 -0.00208129 5.31236 -0.00702036 -4.93022e-05 -0.00722735 0.0101238 5.29295 
22 5.48471 -0.0807523 0.000460881 0.00014601 -0.0798278 5.45765 0.00418135 0.0021211 0.00108005 -0.0140619 5.38447 -0.00985474 -9.33693e-05 -0.00320247 0.00928468 5.36423 
23 5.4751 -0.140144 0.000153184 0.000635025 -0.139197 5.45262 0.00274519 0.00103607 -9.82035e-05 0.00620377 5.37437 -0.00274579 -8.89149e-05 -0.00270614 0.00201997 5.35728 
24 5.43459 -0.0906788 -0.00016481 0.000499586 -0.0914502 5.41686 0.00715284 0.00045416 0.000251293 -0.000570663 5.32192 -0.00786376 -0.000207227 0.0026598 0.00822743 5.31235 
25 5.05833 -0.10458 -0.00103006 -8.95019e-05 -0.105677 5.03056 0.00597629 0.00233151 0.000203047 0.00584016 4.93211 -0.00733378 -0.000216187 0.00178607 0.0116982 4.91197 
26 5.1392 -0.0902943 5.06075e-05 0.00080736 -0.0899962 5.12252 -0.00748299 -0.00179009 0.000594127 -0.000422181 5.00897 -0.0161475 -0.000180211 0.00242291 0.0145916 5.00062 
27 4.79381 -0.0873136 0.00113149 -0.000198063 -0.0864667 4.77436 0.00229771 0.00417059 0.00195289 0.00275697 4.66183 -0.00939769 0.000355718 -0.00360631 0.01102 4.65175 
28 4.64817 -0.0432793 -0.00131619 -0.000426326 -0.0445545 4.62991 0.00660599 0.00289534 0.000257302 0.00439483 4.52604 -0.00806178 0.000292948 0.00109459 0.0110335 4.51531 
29 4.76551 -0.0333325 0.000110214 0.000100088 -0.0337292 4.74498 0.00242083 0.00173175 4.19265e-05 -0.0027578 4.62549 -0.0107115 1.62636e-05 -0.00148347 0.00910845 4.6126 
30 4.22818 -0.0369445 -0.000393592 0.000100837 -0.0369034 4.21597 -0.00276373 0.000109819 0.00102829 0.00814434 4.09608 -0.00689185 -0.000260651 0.000967833 0.00718477 4.08852 
31 4.25151 -0.0162468 -0.000130647 6.72635e-06 -0.0159054 4.23176 0.00108231 0.00170381 -0.00163557 -0.00150756 4.10359 -0.0151984 0.000224159 -0.00412936 0.0142625 4.09131 
32 4.21108 0.0290089 9.87349e-05 -0.000210411 0.0291595 4.19711 0.00017995 0.0032974 4.50332e-05 0.00144612 4.07406 -0.0081463 0.000245604 -0.00213122 0.00820902 4.06549 
33 3.93361 0.0123381 0.000308416 -0.000136228 0.0123104 3.91772 -0.00463491 -0.000768563 0.000224307 -0.00106174 3.7951 -0.00645301 8.84481e-05 0.000449813 0.0058599 3.78432 
34 3.68198 -0.0101884 -0.0018459 -0.000124295 -0.0093707 3.66537 -0.00311402 -0.00173921 -0.00146434 0.000386313 3.51919 -0.0144633 3.92655e-05 0.000559667 0.0121919 3.50989 
35 3.6464 0.0936177 0.000183773 9.42033e-05 0.0942115 3.63057 -0.00441147 -0.000997711 0.000339641 0.00653855 3.51824 -0.00956984 -0.000407247 0.00134609 0.0087873 3.50965 
36 3.54378 0.0480166 0.00216386 -0.000620581 0.0479264 3.52952 0.0125919 0.00421136 0.0016778 -0.00109929 3.38439 -0.012186 0.00046573 -0.00673216 0.0108801 3.37608 
37 3.12869 0.0109295 -0.00103454 0.00014339 0.0113209 3.11305 -0.00508588 0.00325761 0.00030468 0.00536949 2.9477 -0.014572 0.000332761 -0.00160186 0.0124217 2.93899 
38 3.31678 0.060755 -4.95283e-05 -0.000285176 0.0608471 3.30444 -0.00325947 -0.00477805 -0.000879489 -0.00705916 3.13901 -0.00853591 -0.000331437 -0.000391138 0.0090703 3.13267 
39 2.89329 0.0483921 7.08757e-06 -0.000208382 0.0482634 2.88387 0.0027784 0.001424 -0.000200369 -0.00513218 2.73471 -0.00647402 0.000173365 -0.000871058 0.00701558 2.7303 
40 3.1695 0.0668451 0.00137719 -0.000112146 0.0667114 3.15934 0.00114864 -0.00248633 0.000406787 -0.00437156 2.98856 -0.00580424 -1.82844e-05 0.00195112 0.00514101 2.98445 
41 2.85769 0.111196 0.000822972 -0.000204261 0.111385 2.84915 0.00423553 0.00125537 0.000319618 -0.00245923 2.6996 -0.00820241 1.4938e-05 -0.000248391 0.00831881 2.69715 
42 2.55467 0.0843858 -0.000457008 0.000298424 0.0838844 2.54732 0.00263971 -0.00126964 -0.00104502 0.000662311 2.38847 -0.00892531 2.17105e-05 -0.00124877 0.00950453 2.38839 
43 2.72989 0.0560579 0.000179025 9.04483e-05 0.0564446 2.72141 0.00373747 0.00273033 9.37797e-05 -0.00457392 2.52383 -0.00778618 6.03428e-05 0.00110141 0.00756903 2.52325 
44 2.48622 0.0786353 0.000558121 -9.12063e-05 0.0784896 2.47326 0.00551234 -0.00078683 -0.000541912 -0.00461116 2.29714 -0.00970046 6.15809e-05 -0.00366089 0.00759231 2.29214 
45 2.47849 0.128421 -0.000621463 -2.87768e-05 0.128368 2.47466 0.00117788 0.000386357 -0.000384537 -0.00140164 2.30927 -0.0052658 -4.54261e-05 -3.44925e-05 0.0054387 2.31023 
46 2.26246 0.125493 0.000901019 -2.3426e-05 0.124887 2.25508 0.00640878 0.000247114 -0.000196402 -0.0113696 2.09441 -0.00451919 -7.36165e-05 0.0019461 0.00506036 2.09364 
47 2.28526 0.106864 -0.000272529 -0.0001572 0.106906 2.2776 0.00911719 0.000986651 -0.000776868 -0.00663001 2.08423 -0.00753374 -0.000107752 -0.00142244 0.00758701 2.08375 
48 2.11144 0.108151 -0.000635044 2.96947e-05 0.108437 2.10304 0.00086699 -0.000876836 -0.00111262 0.000145805 1.91474 -0.00531228 -3.57384e-06 -0.00186245 0.00523294 1.91435 
49 2.16984 0.104179 0.00160563 -0.000405668 0.103495 2.15919 0.00493185 0.00139103 0.000498448 -0.00369116 1.96015 -0.00187106 -7.38194e-05 -0.00234967 0.00267101 1.95541 
50 1.9984 0.136749 -0.000124949 -3.44754e-05 0.136655 1.99184 -0.00500613 -4.80483e-05 0.00115894 0.000955528 1.80248 -0.00602546 -5.99892e-05 0.000950624 0.00636583 1.80313 
51 1.83068 0.104348 -0.000851228 7.06977e-05 0.103906 1.82158 -0.00851034 0.000595075 0.0010257 0.00367311 1.62953 -0.0034256 5.17268e-05 0.00144138 0.00378201 1.62624 
52 1.57612 0.0698476 0.000545259 -0.000121911 0.0698303 1.56963 0.00172527 0.000184946 -2.62763e-05 0.000173052 1.38254 -0.00334337 -1.615e-06 -0.000897501 0.00207131 1.38161 
53 1.58942 0.0849027 -7.70271e-05 -3.82805e-05 0.0847717 1.58226 0.00306984 -0.00225736 -0.000807442 -0.00259169 1.38274 -0.00547395 -0.000269973 -0.000509111 0.00494968 1.38222 
54 1.50887 0.0740046 -0.00163827 0.000126916 0.0745867 1.50164 -0.0139601 0.000469959 0.00191306 0.0128138 1.29354 -0.00684554 -0.000110607 -0.000321471 0.00543656 1.29278 
55 1.3752 0.047163 -0.000506653 4.16459e-05 0.0472106 1.36881 -0.00278634 0.000994618 0.000239437 0.0040985 1.14897 -0.00696729 -0.000125253 -0.000564514 0.00733539 1.14869 
56 1.26506 0.0515011 0.000642211 3.66527e-05 0.0516798 1.25847 0.0049196 -0.000113281 -0.00125323 -0.00480958 1.05111 -0.00388634 2.56208e-05 -0.0019936 0.00424659 1.05075 
57 1.18603 0.0582963 0.00125334 -0.000145084 0.0574704 1.17922 0.000868904 -0.000357696 0.000681015 -0.00249554 0.980981 -0.00346215 0.000150991 0.000917231 0.00501451 0.981112 
58 1.11834 0.0461139 -0.000764221 -9.05057e-05 0.0461713 1.11402 0.00341224 0.00113925 -0.000739916 -0.00223801 0.908361 -0.00427296 6.02543e-05 0.000271635 0.00442138 0.910121 
59 1.07883 0.0593604 -0.00024492 -5.12934e-05 0.0594896 1.07422 0.00042804 0.00124111 -0.000139882 0.000336424 0.874527 -0.00514071 0.000180879 0.00118201 0.00552241 0.875785 
60 0.998035 0.0709628 0.001042 -0.000106872 0.0708189 0.990493 0.00222719 -0.00102827 -0.000222092 -0.000238501 0.799759 -0.00578625 -0.000158884 -0.00222938 0.00488566 0.798566 
61 0.92006 0.0543555 -0.000349836 0.0001716 0.0544194 0.916091 0.00129695 -0.000239572 -0.00141084 -0.00402984 0.723615 -0.00497011 8.67766e-05 -0.000270717 0.00517144 0.724464 
62 0.857654 0.0573078 0.000732141 0.000152433 0.0570876 0.85248 0.00338955 0.00067651 0.000632192 0.00070788 0.666458 -0.00413526 0.00019817 -0.000322351 0.00409045 0.666767 
63 0.766846 0.0117874 0.000427732 -4.33987e-05 0.0116437 0.764053 0.00142127 -0.000222863 -0.000259636 -0.000667937 0.561886 -0.00329086 -2.80924e-05 -0.000578153 0.00360638 0.56314 
64 0.727639 0.0151587 -0.000252725 -5.13971e-05 0.0151741 0.723239 -0.000109331 -0.000180428 0.000350201 0.000918648 0.521724 -0.00562236 -2.87488e-05 0.00043292 0.00552971 0.522644 
65 0.711454 -0.00713594 -7.45312e-05 -5.13746e-06 -0.00710624 0.70785 0.00125798 0.00107867 0.000147575 0.000367015 0.487001 -0.00466522 4.61957e-06 0.00034594 0.00506772 0.488236 
66 0.573284 -0.0257281 -0.000561308 -3.87206e-05 -0.0257718 0.566816 -0.00268249 0.000401514 -0.00068594 -0.000352174 0.368751 -0.00553414 -4.95945e-06 0.0010061 0.00577993 0.366403 
67 0.571109 -0.00548704 0.00034987 -8.19965e-05 -0.0055181 0.567721 0.0037547 0.000467504 -0.000699401 -0.00236689 0.37165 -0.00755018 0.000166199 -0.000405421 0.0077574 0.372694 
68 0.492484 -0.00962792 -0.000221897 6.13774e-05 -0.00988071 0.487935 -0.00199991 0.000402131 0.000284058 0.00227792 0.302213 -0.00789575 0.000182206 0.000715158 0.00820905 0.302431 
69 0.46849 -0.0343724 -0.00055296 6.7286e-05 -0.0345787 0.463274 -0.000743862 -0.000454402 -0.000185493 8.84031e-05 0.267209 -0.00650893 -6.82326e-05 0.00115515 0.00659349 0.266361 
70 0.500029 -0.0291076 5.544e-05 -6.71152e-05 -0.0292186 0.496493 -0.00244936 -0.000615455 0.000532093 0.00221823 0.280346 -0.00877222 -4.60504e-05 -0.00014409 0.00918356 0.281673 
71 0.408414 -0.0582002 0.00050237 8.53417e-06 -0.0583293 0.405719 0.00306542 0.000849666 3.29187e-05 -0.000413268 0.19489 -0.00686732 9.55026e-05 0.000379251 0.00702622 0.195876 
72 0.357735 -0.0689851 0.000744558 -6.79489e-05 -0.0687888 0.355134 0.00298036 0.000216983 -0.000354942 -0.00189461 0.154335 -0.00548448 5.82579e-05 -0.000806275 0.00566944 0.154968 
73 0.333904 -0.067582 -0.000270588 5.16054e-05 -0.0676823 0.329777 0.000371387 0.000328873 4.73002e-05 0.000565281 0.127119 -0.00847469 0.000117353 0.000443365 0.0089216 0.127828 
74 0.319711 -0.0770652 0.000139439 -3.69185e-05 -0.0769294 0.317097 0.000591878 0.00035069 0.000236536 -4.4308e-05 0.111665 -0.00412246 6.19194e-05 0.00114573 0.00405805 0.112623 
75 0.291575 -0.0645153 -0.000353773 5.24932e-06 -0.0644432 0.288116 -0.00285088 -0.000115315 0.000538453 0.00260704 0.0995047 -0.00433372 2.27903e-05 0.000660889 0.004496 0.0996654 
76 0.270066 -0.0722155 0.000932898 0.000204526 -0.0721444 0.266903 0.00367057 0.000546797 -0.000919212 -0.0038014 0.0751409 -0.00537097 -2.55737e-05 0.000724206 0.00548947 0.0756081 
77 0.229271 -0.0690171 -0.000265434 4.73133e-05 -0.0692118 0.226315 -0.00136037 0.00027126 0.000676836 0.00125915 0.0479248 -0.00740303 1.55045e-05 0.0011614 0.00740353 0.0474946 
78 0.207757 -0.0842165 -0.00019165 8.64621e-05 -0.084085 0.204263 -0.000435592 0.00215372 -4.74338e-05 0.00127807 0.0187311 -0.00725836 0.000225414 0.00102789 0.00736755 0.0187575 
79 0.205285 -0.0858226 0.000289656 -2.40641e-05 -0.0862646 0.201523 -0.000190846 0.000609274 -1.41943e-05 3.42707e-05 0.0184467 -0.0021575 -9.28243e-05 0.000319574 0.00258068 0.0173535 
80 0.208451 -0.0761132 -3.53764e-05 -4.06032e-05 -0.0760898 0.205433 -0.000199515 -0.000459033 0.000109425 0.000258392 0.0231145 -0.00433072 -8.19059e-05 0.00020428 0.00452608 0.022829 
81 0.190335 -0.0952636 0.000389321 -0.000138813 -0.0953741 0.186908 0.000940117 0.0009573 -0.000111597 -0.00139383 -0.00822903 -0.00361869 -3.95117e-05 0.000283299 0.00410167 -0.00897648 
82 0.181781 -0.104509 9.88839e-05 6.77929e-05 -0.104549 0.179971 0.00105585 -0.000186474 -0.000249468 -0.00108234 -0.0222177 -0.00382219 1.93778e-05 -0.000179864 0.00384507 -0.0219565 
83 0.166945 -0.0865745 9.07496e-05 -6.36481e-06 -0.086306 0.164124 -0.000468949 -0.000688978 -0.000235713 0.000122326 -0.0187808 -0.0038281 -4.46657e-06 0.000375752 0.00270242 -0.0187833 
84 0.144104 -0.0983675 0.000328524 0.000176102 -0.0986559 0.141388 0.000730155 6.98882e-05 0.000184892 -0.000854193 -0.0397643 -0.00219188 -2.59167e-05 0.000278381 0.00197337 -0.0393081 
85 0.143503 -0.0836932 -0.000376726 -4.13698e-06 -0.0837646 0.140936 -0.00114807 0.000291665 0.0007878 0.00170121 -0.0323416 -0.000520989 0.000109592 -9.25709e-05 0.000852809 -0.0323466 
86 0.121463 -0.0844394 -9.51433e-06 3.35571e-05 -0.0846142 0.119696 -0.00128636 0.000265007 0.000112127 0.000888748 -0.0411145 -0.00134293 1.70383e-05 1.77954e-05 0.00133098 -0.0407823 
87 0.129401 -0.0925298 0.000369447 -6.45302e-05 -0.0924815 0.127451 0.000432024 0.000197268 -0.000342345 3.72364e-05 -0.0501526 -0.00114414 -5.42235e-05 -0.00021531 0.00120245 -0.0497161 
88 0.127581 -0.0898231 -0.000404907 0.00023794 -0.0897467 0.124882 0.000168158 4.92954e-05 0.000146223 0.000921482 -0.0543898 -0.00130841 3.33189e-05 9.21818e-05 0.00111031 -0.053897 
89 0.12556 -0.0897008 0.000191259 -6.27917e-05 -0.0895466 0.122758 0.000504051 -0.000166196 0.000261632 -0.000302989 -0.0564784 -0.00140993 0.0001451 4.82123e-05 0.00107623 -0.0566241 
90 0.124717 -0.0880341 -0.000425193 0.000158523 -0.0883103 0.121373 -0.000238828 0.00070485 0.000107127 0.000177482 -0.0597136 -0.00249582 -1.60491e-05 0.000228345 0.00276253 -0.0591029 
91 0.123034 -0.0872846 -0.000264706 7.20886e-06 -0.0873627 0.12048 -0.000564883 0.000790473 0.00034264 0.000735259 -0.0622907 -0.00263103 4.13186e-05 0.000999318 0.0028114 -0.0612068 
92 0.120763 -0.084902 -0.000513593 0.000104842 -0.0851062 0.118872 -0.000498731 0.000179597 0.000257964 -6.12231e-05 -0.0642955 -0.00347327 0.000132318 6.61954e-05 0.00372673 -0.0636201 
93 0.128068 -0.0886738 -9.83531e-05 8.72759e-05 -0.0888125 0.125206 -0.000432733 0.000157816 9.94614e-05 0.00129336 -0.0687052 -0.00229869 4.81297e-05 0.000551089 0.00208712 -0.0683448 
94 0.116169 -0.0804152 7.65419e-05 0.000319923 -0.0800481 0.112271 -0.000909158 0.000164243 -0.000566421 0.000374215 -0.0634766 -0.00397248 -0.00024292 0.000930426 0.00368332 -0.0608271 
95 0.126633 -0.0847378 0.000634419 -0.00027359 -0.0849426 0.122215 -0.000716992 -3.5573e-05 -0.000297862 0.000844815 -0.0730169 -0.00330942 -0.000130179 -0.000127017 0.00302763 -0.070235 
96 0.119744 -0.0767565 -0.000104199 -1.01332e-05 -0.0769353 0.115873 -0.000835987 0.000193414 -0.000193076 0.000315299 -0.067192 -0.00585512 -0.000123928 -0.00016381 0.00570594 -0.0648682 
97 0.128331 -0.081148 -0.000173841 0.00017525 -0.0812163 0.125204 -0.000920947 0.000394235 -0.000185406 0.000212519 -0.0745436 -0.00487873 3.163e-05 0.000902304 0.00502445 -0.0732542 
98 0.125908 -0.0766994 0.000319485 5.40358e-05 -0.0769904 0.12088 0.000840093 -0.000192694 -0.000182196 -0.000761779 -0.0716525 -0.00570951 -9.29678e-05 -0.00125356 0.00564051 -0.0687299 
99 0.121753 -0.0703056 -0.000588391 0.000272451 -0.0707087 0.117077 0.00112516 -0.00173467 -0.000671951 -0.0024851 -0.0718672 -0.00624578 -7.93307e-05 -0.00115872 0.0065391 -0.0699753 
100 0.125388 -0.070344 0.000806575 -0.000212314 -0.0704505 0.120361 0.00111542 -0.000314931 0.000317547 -0.00060152 -0.0675316 -0.00800061 0.000123548 -0.000604403 0.00856085 -0.0643508 
101 0.124519 -0.069122 0.00096086 -0.000426749 -0.0693122 0.121051 0.000419738 -0.000493269 0.000359534 -0.000569857 -0.0731601 -0.0101965 5.1795e-05 -0.00139864 0.0104848 -0.0707689 
102 0.109357 -0.0581824 -2.91246e-05 -9.09098e-05 -0.0581434 0.105389 0.00170519 -0.000488953 -0.000365404 -0.00179876 -0.0617753 -0.00745215 -9.88562e-06 -0.000869689 0.00726137 -0.0596541 
103 0.122625 -0.0646795 0.000419094 -4.03149e-05 -0.0648693 0.119043 0.000318428 -0.00116843 -0.0010559 -0.000981012 -0.070219 -0.00715363 -0.000277765 -0.000292685 0.00740275 -0.0680947 
104 0.107832 -0.0594904 0.000599463 -4.15877e-05 -0.0593211 0.103912 0.000112892 0.000464967 -0.00011577 0.000316941 -0.0699776 -0.00472001 9.77323e-05 1.2034e-05 0.00451341 -0.0673977 
105 0.129147 -0.0663103 0.000206871 9.04746e-05 -0.0657574 0.122841 -0.00117176 -9.29827e-06 0.000132568 0.000494314 -0.0839402 -0.00798646 0.000189202 -0.000324409 0.00766449 -0.0793253 
106 0.112101 -0.0539088 -0.000113722 -0.000138931 -0.0538654 0.106883 0.000555486 0.000176803 0.000431423 -0.000532671 -0.0688327 -0.00845441 0.000106097 -0.000526561 0.00851159 -0.065282 
107 0.133534 -0.0540556 -6.42295e-05 -0.000123138 -0.0539861 0.126013 0.00121106 -0.00193383 -0.000628086 -0.00243264 -0.0702893 -0.0195932 -0.00038244 -0.00245601 0.0195404 -0.0652512 
108 0.112256 -0.0516799 -0.000619513 0.000223824 -0.0514601 0.108431 -0.000205391 0.000310385 -0.00021543 -0.000249994 -0.0713228 -0.010142 -0.000396211 0.00135752 0.0098578 -0.0687353 
109 0.132817 -0.051219 -0.000787571 5.83043e-05 -0.0508144 0.126845 0.00103309 -4.90672e-05 0.000615904 -0.00152727 -0.0723733 -0.0202927 -7.44291e-05 2.8956e-05 0.0202595 -0.0677282 
110 0.138859 -0.0523761 0.000461312 -0.0004534 -0.051742 0.130409 0.00243808 -0.000664384 0.00051993 -0.00196965 -0.0772653 -0.0205637 -0.00015134 -0.00166664 0.0205716 -0.0707305 
111 0.136963 -0.0487489 -0.000424124 -4.54799e-05 -0.0480852 0.129681 -0.000843824 0.000189014 9.86564e-05 0.00157088 -0.0753043 -0.0201408 -0.000217158 0.000699414 0.0191243 -0.0710854 
112 0.121664 -0.0455709 -0.00158171 0.000310161 -0.0456785 0.114833 -0.00149972 0.00270296 0.00177603 0.00120318 -0.0803097 -0.0129672 0.000204517 0.00259238 0.0131496 -0.0761584 
113 0.133629 -0.0405085 -0.000281678 -9.28485e-05 -0.040502 0.122613 0.000154253 -0.000716153 6.04201e-05 0.000803841 -0.073337 -0.0240727 -9.84536e-05 -0.000630611 0.0238729 -0.0678243 
114 0.117689 -0.0422848 0.000439985 -0.00026798 -0.0422691 0.11052 0.00302783 -0.00184859 0.00012447 -0.00162272 -0.0810836 -0.0105971 0.000136296 -0.00123963 0.0101726 -0.0759612 
115 0.12725 -0.0395868 -6.33739e-05 0.000259833 -0.0394805 0.117074 -0.000142172 -0.000121622 -0.000392211 -0.000448854 -0.0765011 -0.0194139 0.000114604 1.97762e-05 0.0189121 -0.0687107 
116 0.136552 -0.0390048 -0.00050925 -0.000155936 -0.0389237 0.127567 -0.00349322 0.00384719 0.000918991 0.00312128 -0.0904744 -0.023103 0.000283712 0.0033797 0.0227355 -0.0839939 
117 0.125093 -0.0315183 0.000114911 -0.000121295 -0.0313128 0.115901 0.00446684 -0.00392797 -0.000393996 -0.00485438 -0.0725405 -0.025902 -0.000153745 -0.0041424 0.02584 -0.0649711 
118 0.116494 -0.0335769 -0.000136907 0.000422027 -0.0334495 0.107918 -0.00396897 0.00259475 0.000101748 0.00415985 -0.0815093 -0.0157805 0.000385071 0.00271771 0.0157114 -0.0747834 
119 0.131953 -0.0294557 -3.33679e-05 8.03665e-05 -0.029602 0.125353 0.000553238 -0.00172745 -0.000811206 -0.00182198 -0.0745334 -0.0289212 -0.000304303 -0.0020426 0.0289915 -0.0692648 
120 0.110418 -0.028728 0.000449186 -0.000362972 -0.0288443 0.102212 0.00233437 -0.00387673 -0.000581823 -0.00295378 -0.0752788 -0.0169388 -0.000457156 -0.00341875 0.0170832 -0.0685088 
121 0.123904 -0.0307582 0.00130638 -5.03491e-05 -0.0304094 0.11717 0.00346931 -0.00191496 -0.00106843 -0.00265355 -0.0885199 -0.0166804 -0.000255284 -0.00239295 0.0162656 -0.083427 
122 0.112873 -0.0258406 -0.000154744 -1.15203e-05 -0.0257997 0.108541 0.00233556 -0.00133993 0.000217119 -0.0015871 -0.0762381 -0.0194319 0.000351245 -0.000190608 0.0196705 -0.0737113 
123 0.133837 -0.0288189 -8.16345e-05 0.000470445 -0.0287036 0.121772 0.0032744 -0.00147605 -0.000446797 -0.00553248 -0.0886873 -0.0242003 0.00028736 -0.00242487 0.0242148 -0.0792238 
124 0.108079 -0.0237998 0.000749395 -0.000245255 -0.0238085 0.102558 -0.000223612 -0.00013592 1.27814e-05 0.000579224 -0.0788192 -0.018332 0.00041228 -0.000363161 0.0180641 -0.0743213 
125 0.118287 -0.0226549 0.000130254 7.7807e-06 -0.0225358 0.112339 0.00144492 -0.00236108 -0.000471722 -0.00109704 -0.082701 -0.0223424 -0.000276926 -0.00212986 0.0229238 -0.0798336 
126 0.116038 -0.0277361 0.000132852 -4.56118e-05 -0.0278436 0.11041 -0.000925951 -0.000200009 -0.000392424 0.000388025 -0.0935268 -0.0102342 -0.000146822 -0.000829981 0.010112 -0.0890011 
127 0.12603 -0.0214778 -0.0014209 0.000152255 -0.0215134 0.118636 -0.00734528 0.0040383 0.000910631 0.00604116 -0.0856829 -0.0232451 -0.000338918 0.00477647 0.0232026 -0.0804599 
128 0.114214 -0.0218276 -9.19804e-05 -5.3999e-05 -0.0218992 0.107959 -0.000906082 0.00240385 0.000142032 0.000588261 -0.0878774 -0.012795 -9.43441e-05 0.00175815 0.0134275 -0.0838808 
129 0.107147 -0.0219892 -0.000119804 0.000285446 -0.0220542 0.102914 0.000527131 0.000602923 -0.000143012 -0.000257549 -0.0886634 -0.00910816 4.69956e-05 -0.00028716 0.00925596 -0.0860414 
130 0.109372 -0.0219594 0.000186229 1.6051e-05 -0.0220265 0.104075 0.00275292 -0.00300578 5.10288e-05 -0.00248912 -0.0908661 -0.00656709 0.000131844 -0.00257492 0.00642431 -0.086714 
131 0.0973804 -0.0211121 -0.000368074 -1.60016e-05 -0.0211041 0.0953529 -2.95244e-05 -0.000696292 0.000364441 -0.00123635 -0.0853375 -0.00243568 9.03982e-06 -0.00113272 0.00240803 -0.0846127 
132 0.104337 -0.0190234 -0.000176498 -1.67295e-05 -0.01889 0.101894 -8.32683e-05 0.000698873 0.000501378 0.000371754 -0.0873156 -0.0107531 5.93541e-05 0.000371766 0.0106603 -0.0855727 
133 0.116662 -0.0202797 0.000400511 -0.00029326 -0.0201209 0.108739 -0.000329036 -0.000911576 6.72708e-05 -0.000198054 -0.0991511 -0.0114252 3.15136e-06 -0.00117536 0.0112674 -0.0926512 
134 0.120448 -0.0169553 5.57145e-05 -0.000224983 -0.0174719 0.113288 0.0032263 -0.00136274 0.00016339 -0.00245662 -0.0990754 -0.0153379 -0.000148862 -0.00213852 0.0147919 -0.0938149 
135 0.100729 -0.0145509 0.000242147 2.64611e-05 -0.0143867 0.0971929 0.00157485 -0.0015868 -0.000635226 -0.00202363 -0.0831121 -0.0132564 -0.000156851 -0.00101764 0.0132952 -0.0808329 
136 0.0973634 -0.0191085 -0.000627151 6.79864e-05 -0.0191244 0.0945338 -5.98415e-07 0.000252601 -3.95851e-05 -0.00131624 -0.0883972 0.00067652 0.000188442 -0.000946559 -0.000907225 -0.0884222 
137 0.119159 -0.0130691 -0.000226277 0.000417048 -0.0130691 0.115693 0.00246849 -0.000959346 -0.000411286 -0.00291159 -0.084144 -0.0156841 -0.000252626 -0.000860238 0.0159908 -0.0821005 
138 0.0991182 -0.0121688 0.000433558 -5.20507e-05 -0.0118719 0.0959794 0.00323872 -0.000910156 -8.52925e-05 -0.000927387 -0.0768201 -0.0117213 0.000365366 -0.00198348 0.0121346 -0.0758554 
139 0.125779 -0.0126317 0.000567692 -0.000333966 -0.0124775 0.117205 -0.00212046 0.00200754 0.00111185 0.000938982 -0.0802388 -0.0164189 0.000177582 0.00306268 0.015971 -0.0728659 
140 0.124603 -0.0143496 -0.000105028 -0.000299251 -0.013912 0.114031 -0.00790652 0.00244918 0.000327093 0.00715523 -0.0774645 -0.0134053 -0.000270279 0.00313394 0.0128234 -0.0688355 
141 0.132908 -0.012723 6.94147e-05 0.000133534 -0.0127187 0.123011 0.0050291 -0.0012138 0.000129717 -0.0038286 -0.0769624 -0.0159167 0.000113273 -0.00180641 0.0159315 -0.0700812 
142 0.104626 -0.0171372 -0.000182176 5.97836e-05 -0.017072 0.101345 -0.000369215 0.000273775 0.000459521 -0.00140458 -0.0824787 -0.000996549 -1.86892e-05 -0.000368829 0.00153107 -0.0816087 
143 0.132478 -0.0181435 -0.000616518 0.000165857 -0.0181363 0.125626 -0.00304766 0.00220603 0.00105819 0.00271121 -0.0905279 -0.0111876 0.000129197 0.00391761 0.0117557 -0.0869736 
144 0.143503 -0.0181262 -0.00100917 -0.000143168 -0.0174795 0.132522 -0.00182263 0.00241213 0.00249064 -0.00035339 -0.0687728 -0.0167682 -0.00024466 0.00292849 0.017608 -0.0595871 
145 0.163256 -0.0193781 0.00101749 -7.95688e-05 -0.0193906 0.154752 0.000983754 -0.00139353 -0.000228541 0.00230009 -0.0684642 -0.0168521 0.000319888 0.000589862 0.0169048 -0.0643598 
146 0.174903 -0.0184223 0.00147725 0.00030248 -0.017893 0.159853 0.000308249 -3.10428e-05 4.82681e-05 -0.000302834 -0.0453446 -0.0229042 -0.000318961 -0.00149181 0.0230378 -0.0321853 
147 0.186429 -0.028044 -0.00207974 -0.000235923 -0.0273562 0.160154 -0.00543201 0.00542483 0.00280086 0.00594072 -0.0516901 -0.0256163 -0.000187768 0.00615815 0.0256842 -0.0290537 
148 0.232769 -0.0290897 0.00191297 0.0006374 -0.0290408 0.193219 0.0146213 -0.00596681 -0.000663445 -0.0147475 -0.0353623 -0.0354618 0.00131147 -0.00468797 0.0368254 0.00012093 
149 0.224816 -0.0355964 0.000989492 0.000275405 -0.035535 0.191531 0.00552421 -0.00267601 -0.000615136 -0.00315361 -0.0569187 -0.0284775 0.000170377 -0.00312819 0.0283624 -0.0293235 
150 0.267021 -0.0499804 0.000698255 -0.000400909 -0.0511996 0.231515 -0.0173324 0.00335214 0.00170655 0.0132268 -0.0341392 -0.0304627 0.000111832 0.00494417 0.0290425 -0.00395077 
151 0.296626 -0.0549011 -0.0044491 -0.000354268 -0.0528043 0.237712 -0.0166925 0.0023234 0.00443599 0.0156897 -0.0659156 -0.0389897 -0.000244927 0.000464025 0.0408196 -0.0119405 
152 0.322426 -0.0581949 0.00196782 0.00080384 -0.0583129 0.269127 0.00782685 -7.64279e-06 -0.00451419 -0.00960632 -0.0526014 -0.0488771 -0.000547629 -0.00379045 0.0483287 -0.00489472 
153 0.350246 -0.0918235 0.00191055 -5.78379e-05 -0.0911467 0.28221 0.00235051 -0.0018412 -0.00329567 -0.000687375 -0.0452792 -0.040069 0.000102348 -0.00150445 0.040742 0.0178039 
154 0.388473 -0.0912259 0.000854043 0.000105887 -0.089092 0.313243 -0.00417507 -0.00457205 -0.00364906 0.00310832 -0.0728699 -0.0469614 0.000651209 -0.00483155 0.0495994 -0.00432754 
155 0.356938 -0.115576 -0.00607065 -0.000608445 -0.115103 0.288649 -0.0155546 0.005693 0.00595587 0.0158952 -0.0986194 -0.0230241 -0.000885726 0.00590307 0.0242499 -0.0357209 
156 0.46368 -0.112182 -0.00729388 -0.000782463 -0.116907 0.379348 -0.00757071 0.00387146 0.00721242 0.00829676 -0.0731428 -0.0658097 -0.000297203 0.00323891 0.0637075 0.00401196 
157 0.502123 -0.117464 0.00198182 -0.000810819 -0.117237 0.380958 -0.00938411 0.000754867 0.00126634 0.00801823 -0.122468 -0.0652282 0.000606492 0.00184007 0.0645646 -0.00788516 
158 0.500118 -0.115655 0.0157758 0.000103515 -0.116768 0.389868 0.0337203 -0.0166724 -0.0120882 -0.0351387 -0.124157 -0.0648227 0.00167159 -0.0136834 0.0660965 -0.0207525 
159 0.492851 -0.153419 -0.00261068 0.000754404 -0.155996 0.381424 -0.0234087 0.00597179 0.00143272 0.0236411 -0.189757 -0.0343303 -0.0011822 0.0022527 0.0337605 -0.0864212 
160 0.574786 -0.149848 0.000738148 -0.000379144 -0.147877 0.426325 0.0228946 -0.00233406 0.00244526 -0.0222384 -0.21477 -0.0518766 0.000701292 0.000735363 0.0513521 -0.0769558 
161 0.604162 -0.158553 0.0187716 -0.000621173 -0.163351 0.41051 0.0108414 -0.0126568 -0.0131722 -0.0165425 -0.278201 -0.0442165 0.00189396 -0.0108029 0.0437951 -0.0942068 
162 0.675767 -0.155257 0.0107273 -0.000705558 -0.155765 0.527409 0.00653567 -0.00266322 -0.00624979 -0.0115078 -0.234867 -0.062601 0.000820577 -0.000656577 0.0622685 -0.097843 
163 0.699942 -0.164149 0.00831225 0.00137147 -0.164927 0.503508 0.0241628 -0.0125042 -0.00684782 -0.0251443 -0.296523 -0.0570301 0.000299261 -0.0133358 0.0559661 -0.10961 
164 0.654675 -0.189158 -0.00967543 -0.000698704 -0.198865 0.500455 0.00492489 -0.00298701 0.0102336 -0.00496266 -0.348911 -0.0284622 0.000310648 -0.00187687 0.0256826 -0.205339 
165 0.728047 -0.177507 -0.0112689 0.00121426 -0.179718 0.522998 0.032631 -0.00641229 0.0058858 -0.0322174 -0.3975 -0.0331048 -0.000868896 -0.00926107 0.0318103 -0.20311 
166 0.689537 -0.176114 0.00853422 -0.000230378 -0.174695 0.547992 0.0240383 -0.0061071 -0.00648404 -0.0212378 -0.418164 -0.0312634 0.000722351 -0.00654621 0.0302854 -0.286908 
167 0.798276 -0.146311 0.0170348 -0.000250189 -0.146476 0.593749 0.0180027 0.000142982 -0.0195515 -0.0187699 -0.434486 -0.0278679 -8.84613e-05 0.000182393 0.0310516 -0.243618 
168 0.716565 -0.137174 -0.0119378 0.000493406 -0.137193 0.541046 0.0197557 -0.00633285 0.00757887 -0.0131899 -0.473248 -0.0213234 0.000754624 -0.00416057 0.0187432 -0.311555 
169 0.804873 -0.129658 0.00292295 -0.000394224 -0.130609 0.577044 0.0352341 -0.00660449 0.00660279 -0.0378267 -0.514345 -0.0191079 0.000719121 -0.00525329 0.0187381 -0.300607 
170 0.733783 -0.0904515 -0.0066676 -5.19504e-06 -0.090049 0.541032 -0.0151617 0.00865161 0.00318382 0.0105369 -0.54092 -0.0277016 -5.109e-05 0.00382126 0.0302337 -0.361698 
171 0.783654 -0.0901785 -0.0152898 -5.07447e-05 -0.0865463 0.584142 -0.0352976 0.00330494 0.0156813 0.0301231 -0.542263 -0.0183672 -0.000735964 0.00384216 0.0229542 -0.353169 
172 0.788678 -0.0763836 -0.00361887 -6.53415e-05 -0.0766272 0.589146 0.00772932 -0.00588771 0.00315969 -0.00739641 -0.576753 -0.0154161 0.000371999 -0.00542416 0.0149832 -0.387522 
173 0.806249 -0.0466769 0.00413201 -3.98595e-06 -0.0491609 0.540638 -0.0134435 -0.00500777 -0.00358532 0.0087228 -0.572231 -0.017608 -0.000213182 -0.000355042 0.019424 -0.318061 
174 0.75283 -0.0498656 -0.00118005 -0.000374916 -0.0480689 0.574969 0.022071 0.00483675 0.00124711 -0.0202332 -0.571353 -0.00206052 1.55985e-05 0.00264781 0.00447291 -0.405951 
175 0.748504 -0.0437409 -0.0158425 -3.52262e-05 -0.0383876 0.61839 -0.0153145 -1.60033e-05 0.0152157 0.0164435 -0.600548 -0.00684066 -0.000186129 0.000262825 0.00760555 -0.479728 
176 0.814035 -0.061599 -0.00571031 5.64731e-05 -0.0556429 0.604166 0.0324811 -0.00103478 0.0127074 -0.0326356 -0.622752 0.0101112 -0.000976701 -0.00133309 -0.00807121 -0.429594 
177 0.644811 -0.00757081 0.00365378 -0.00190489 -0.011048 0.538986 0.000990966 0.0091213 -0.00458071 -0.0023264 -0.540244 -0.00542352 0.000277152 0.00493226 0.0046709 -0.442804 
178 0.766496 -0.00325256 2.49434e-05 0.000122439 0.00628062 0.613686 -0.00312933 -0.00960496 0.00341082 0.00117108 -0.636977 0.0012014 -7.0724e-05 -0.00924731 -0.00212566 -0.496974 
179 0.709172 -0.0364055 0.00196267 -0.000643337 -0.0386158 0.615522 -0.0336989 0.0134357 0.0031547 0.0266544 -0.599333 -0.00860229 -0.00288511 0.014329 0.00558551 -0.518558 
180 0.446885 0.0215591 -0.0411622 -8.51085e-05 0.0240929 0.426489 -0.0223272 -0.000821713 0.0374145 0.00365103 -0.420492 0.000253161 0.000124234 -0.00101028 -3.33014e-05 -0.403534 
