0 2.72557 -0.025025 2.71347 2.69472 0.00071208 2.69337 
1 7.09583 -0.010427 7.08963 7.08261 -0.00271035 7.07784 
2 8.53364 -0.0297199 8.50413 8.49045 0.000213667 8.4649 
3 7.03205 -0.0217727 7.0152 7.01221 0.00777758 7.00079 
4 8.11502 -0.106097 8.068 8.06136 0.00337231 8.02952 
5 7.70808 -0.112189 7.668 7.67358 -0.00487191 7.64427 
6 6.97179 -0.11412 6.93791 6.93659 0.000833374 6.91313 
7 6.97912 -0.118568 6.93742 6.92126 -0.00972831 6.89343 
8 7.38624 -0.147812 7.34386 7.33424 -0.00697857 7.30008 
9 7.05013 -0.191605 6.99662 6.98673 0.00293889 6.94821 
10 7.63982 -0.207823 7.5991 7.5786 -0.000240863 7.54865 
11 6.77125 -0.174867 6.71291 6.70379 -0.00769449 6.65783 
12 6.46255 -0.219122 6.4428 6.40673 -0.00200938 6.39485 
13 6.79124 -0.131081 6.74001 6.73245 -0.00458544 6.69177 
14 6.63985 -0.193115 6.61844 6.57349 -0.00868194 6.55816 
15 6.6022 -0.21271 6.56857 6.52815 -0.00260569 6.50439 
16 6.46278 -0.202623 6.44054 6.38481 -0.00589833 6.36936 
17 6.14396 -0.185683 6.11372 6.06388 -0.00852455 6.03943 
18 6.37091 -0.214485 6.32757 6.27031 -0.00740527 6.23613 
19 5.92684 -0.143096 5.90211 5.83823 -0.00796402 5.82179 
20 5.80711 -0.137565 5.78143 5.71565 -0.00865206 5.69578 
21 5.41761 -0.135713 5.39059 5.31236 -0.00702036 5.29295 
22 5.48471 -0.0807523 5.45765 5.38447 -0.00985474 5.36423 
23 5.4751 -0.140144 5.45262 5.37437 -0.00274579 5.35728 
24 5.43459 -0.0906788 5.41686 5.32192 -0.00786376 5.31235 
25 5.05833 -0.10458 5.03056 4.93211 -0.00733378 4.91197 
26 5.1392 -0.0902943 5.12252 5.00897 -0.0161475 5.00062 
27 4.79381 -0.0873136 4.77436 4.66183 -0.00939769 4.65175 
28 4.64817 -0.0432793 4.62991 4.52604 -0.00806178 4.51531 
29 4.76551 -0.0333325 4.74498 4.62549 -0.0107115 4.6126 
30 4.22818 -0.0369445 4.21597 4.09608 -0.00689185 4.08852 
31 4.25151 -0.0162468 4.23176 4.10359 -0.0151984 4.09131 
32 4.21108 0.0290089 4.19711 4.07406 -0.0081463 4.06549 
33 3.93361 0.0123381 3.91772 3.7951 -0.00645301 3.78432 
34 3.68198 -0.0101884 3.66537 3.51919 -0.0144633 3.50989 
35 3.6464 0.0936177 3.63057 3.51824 -0.00956984 3.50965 
36 3.54378 0.0480166 3.52952 3.38439 -0.012186 3.37608 
37 3.12869 0.0109295 3.11305 2.9477 -0.014572 2.93899 
38 3.31678 0.060755 3.30444 3.13901 -0.00853591 3.13267 
39 2.89329 0.0483921 2.88387 2.73471 -0.00647402 2.7303 
40 3.1695 0.0668451 3.15934 2.98856 -0.00580424 2.98445 
41 2.85769 0.111196 2.84915 2.6996 -0.00820241 2.69715 
42 2.55467 0.0843858 2.54732 2.38847 -0.00892531 2.38839 
43 2.72989 0.0560579 2.72141 2.52383 -0.00778618 2.52325 
44 2.48622 0.0786353 2.47326 2.29714 -0.00970046 2.29214 
45 2.47849 0.128421 2.47466 2.30927 -0.0052658 2.31023 
46 2.26246 0.125493 2.25508 2.09441 -0.00451919 2.09364 
47 2.28526 0.106864 2.2776 2.08423 -0.00753374 2.08375 
48 2.11144 0.108151 2.10304 1.91474 -0.00531228 1.91435 
49 2.16984 0.104179 2.15919 1.96015 -0.00187106 1.95541 
50 1.9984 0.136749 1.99184 1.80248 -0.00602546 1.80313 
51 1.83068 0.104348 1.82158 1.62953 -0.0034256 1.62624 
52 1.57612 0.0698476 1.56963 1.38254 -0.00334337 1.38161 
53 1.58942 0.0849027 1.58226 1.38274 -0.00547395 1.38222 
54 1.50887 0.0740046 1.50164 1.29354 -0.00684554 1.29278 
55 1.3752 0.047163 1.36881 1.14897 -0.00696729 1.14869 
56 1.26506 0.0515011 1.25847 1.05111 -0.00388634 1.05075 
57 1.18603 0.0582963 1.17922 0.980981 -0.00346215 0.981112 
58 1.11834 0.0461139 1.11402 0.908361 -0.00427296 0.910121 
59 1.07883 0.0593604 1.07422 0.874527 -0.00514071 0.875785 
60 0.998035 0.0709628 0.990493 0.799759 -0.00578625 0.798566 
61 0.92006 0.0543555 0.916091 0.723615 -0.00497011 0.724464 
62 0.857654 0.0573078 0.85248 0.666458 -0.00413526 0.666767 
63 0.766846 0.0117874 0.764053 0.561886 -0.00329086 0.56314 
64 0.727639 0.0151587 0.723239 0.521724 -0.00562236 0.522644 
65 0.711454 -0.00713594 0.70785 0.487001 -0.00466522 0.488236 
66 0.573284 -0.0257281 0.566816 0.368751 -0.00553414 0.366403 
67 0.571109 -0.00548704 0.567721 0.37165 -0.00755018 0.372694 
68 0.492484 -0.00962792 0.487935 0.302213 -0.00789575 0.302431 
69 0.46849 -0.0343724 0.463274 0.267209 -0.00650893 0.266361 
70 0.500029 -0.0291076 0.496493 0.280346 -0.00877222 0.281673 
71 0.408414 -0.0582002 0.405719 0.19489 -0.00686732 0.195876 
72 0.357735 -0.0689851 0.355134 0.154335 -0.00548448 0.154968 
73 0.333904 -0.067582 0.329777 0.127119 -0.00847469 0.127828 
74 0.319711 -0.0770652 0.317097 0.111665 -0.00412246 0.112623 
75 0.291575 -0.0645153 0.288116 0.0995047 -0.00433372 0.0996654 
76 0.270066 -0.0722155 0.266903 0.0751409 -0.00537097 0.0756081 
77 0.229271 -0.0690171 0.226315 0.0479248 -0.00740303 0.0474946 
78 0.207757 -0.0842165 0.204263 0.0187311 -0.00725836 0.0187575 
79 0.205285 -0.0858226 0.201523 0.0184467 -0.0021575 0.0173535 
80 0.208451 -0.0761132 0.205433 0.0231145 -0.00433072 0.022829 
81 0.190335 -0.0952636 0.186908 -0.00822903 -0.00361869 -0.00897648 
82 0.181781 -0.104509 0.179971 -0.0222177 -0.00382219 -0.0219565 
83 0.166945 -0.0865745 0.164124 -0.0187808 -0.0038281 -0.0187833 
84 0.144104 -0.0983675 0.141388 -0.0397643 -0.00219188 -0.0393081 
85 0.143503 -0.0836932 0.140936 -0.0323416 -0.000520989 -0.0323466 
86 0.121463 -0.0844394 0.119696 -0.0411145 -0.00134293 -0.0407823 
87 0.129401 -0.0925298 0.127451 -0.0501526 -0.00114414 -0.0497161 
88 0.127581 -0.0898231 0.124882 -0.0543898 -0.00130841 -0.053897 
89 0.12556 -0.0897008 0.122758 -0.0564784 -0.00140993 -0.0566241 
90 0.124717 -0.0880341 0.121373 -0.0597136 -0.00249582 -0.0591029 
91 0.123034 -0.0872846 0.12048 -0.0622907 -0.00263103 -0.0612068 
92 0.120763 -0.084902 0.118872 -0.0642955 -0.00347327 -0.0636201 
93 0.128068 -0.0886738 0.125206 -0.0687052 -0.00229869 -0.0683448 
94 0.116169 -0.0804152 0.112271 -0.0634766 -0.00397248 -0.0608271 
95 0.126633 -0.0847378 0.122215 -0.0730169 -0.00330942 -0.070235 
96 0.119744 -0.0767565 0.115873 -0.067192 -0.00585512 -0.0648682 
97 0.128331 -0.081148 0.125204 -0.0745436 -0.00487873 -0.0732542 
98 0.125908 -0.0766994 0.12088 -0.0716525 -0.00570951 -0.0687299 
99 0.121753 -0.0703056 0.117077 -0.0718672 -0.00624578 -0.0699753 
100 0.125388 -0.070344 0.120361 -0.0675316 -0.00800061 -0.0643508 
101 0.124519 -0.069122 0.121051 -0.0731601 -0.0101965 -0.0707689 
102 0.109357 -0.0581824 0.105389 -0.0617753 -0.00745215 -0.0596541 
103 0.122625 -0.0646795 0.119043 -0.070219 -0.00715363 -0.0680947 
104 0.107832 -0.0594904 0.103912 -0.0699776 -0.00472001 -0.0673977 
105 0.129147 -0.0663103 0.122841 -0.0839402 -0.00798646 -0.0793253 
106 0.112101 -0.0539088 0.106883 -0.0688327 -0.00845441 -0.065282 
107 0.133534 -0.0540556 0.126013 -0.0702893 -0.0195932 -0.0652512 
108 0.112256 -0.0516799 0.108431 -0.0713228 -0.010142 -0.0687353 
109 0.132817 -0.051219 0.126845 -0.0723733 -0.0202927 -0.0677282 
110 0.138859 -0.0523761 0.130409 -0.0772653 -0.0205637 -0.0707305 
111 0.136963 -0.0487489 0.129681 -0.0753043 -0.0201408 -0.0710854 
112 0.121664 -0.0455709 0.114833 -0.0803097 -0.0129672 -0.0761584 
113 0.133629 -0.0405085 0.122613 -0.073337 -0.0240727 -0.0678243 
114 0.117689 -0.0422848 0.11052 -0.0810836 -0.0105971 -0.0759612 
115 0.12725 -0.0395868 0.117074 -0.0765011 -0.0194139 -0.0687107 
116 0.136552 -0.0390048 0.127567 -0.0904744 -0.023103 -0.0839939 
117 0.125093 -0.0315183 0.115901 -0.0725405 -0.025902 -0.0649711 
118 0.116494 -0.0335769 0.107918 -0.0815093 -0.0157805 -0.0747834 
119 0.131953 -0.0294557 0.125353 -0.0745334 -0.0289212 -0.0692648 
120 0.110418 -0.028728 0.102212 -0.0752788 -0.0169388 -0.0685088 
121 0.123904 -0.0307582 0.11717 -0.0885199 -0.0166804 -0.083427 
122 0.112873 -0.0258406 0.108541 -0.0762381 -0.0194319 -0.0737113 
123 0.133837 -0.0288189 0.121772 -0.0886873 -0.0242003 -0.0792238 
124 0.108079 -0.0237998 0.102558 -0.0788192 -0.018332 -0.0743213 
125 0.118287 -0.0226549 0.112339 -0.082701 -0.0223424 -0.0798336 
126 0.116038 -0.0277361 0.11041 -0.0935268 -0.0102342 -0.0890011 
127 0.12603 -0.0214778 0.118636 -0.0856829 -0.0232451 -0.0804599 
128 0.114214 -0.0218276 0.107959 -0.0878774 -0.012795 -0.0838808 
129 0.107147 -0.0219892 0.102914 -0.0886634 -0.00910816 -0.0860414 
130 0.109372 -0.0219594 0.104075 -0.0908661 -0.00656709 -0.086714 
131 0.0973804 -0.0211121 0.0953529 -0.0853375 -0.00243568 -0.0846127 
132 0.104337 -0.0190234 0.101894 -0.0873156 -0.0107531 -0.0855727 
133 0.116662 -0.0202797 0.108739 -0.0991511 -0.0114252 -0.0926512 
134 0.120448 -0.0169553 0.113288 -0.0990754 -0.0153379 -0.0938149 
135 0.100729 -0.0145509 0.0971929 -0.0831121 -0.0132564 -0.0808329 
136 0.0973634 -0.0191085 0.0945338 -0.0883972 0.00067652 -0.0884222 
137 0.119159 -0.0130691 0.115693 -0.084144 -0.0156841 -0.0821005 
138 0.0991182 -0.0121688 0.0959794 -0.0768201 -0.0117213 -0.0758554 
139 0.125779 -0.0126317 0.117205 -0.0802388 -0.0164189 -0.0728659 
140 0.124603 -0.0143496 0.114031 -0.0774645 -0.0134053 -0.0688355 
141 0.132908 -0.012723 0.123011 -0.0769624 -0.0159167 -0.0700812 
142 0.104626 -0.0171372 0.101345 -0.0824787 -0.000996549 -0.0816087 
143 0.132478 -0.0181435 0.125626 -0.0905279 -0.0111876 -0.0869736 
144 0.143503 -0.0181262 0.132522 -0.0687728 -0.0167682 -0.0595871 
145 0.163256 -0.0193781 0.154752 -0.0684642 -0.0168521 -0.0643598 
146 0.174903 -0.0184223 0.159853 -0.0453446 -0.0229042 -0.0321853 
147 0.186429 -0.028044 0.160154 -0.0516901 -0.0256163 -0.0290537 
148 0.232769 -0.0290897 0.193219 -0.0353623 -0.0354618 0.00012093 
149 0.224816 -0.0355964 0.191531 -0.0569187 -0.0284775 -0.0293235 
150 0.267021 -0.0499804 0.231515 -0.0341392 -0.0304627 -0.00395077 
151 0.296626 -0.0549011 0.237712 -0.0659156 -0.0389897 -0.0119405 
152 0.322426 -0.0581949 0.269127 -0.0526014 -0.0488771 -0.00489472 
153 0.350246 -0.0918235 0.28221 -0.0452792 -0.040069 0.0178039 
154 0.388473 -0.0912259 0.313243 -0.0728699 -0.0469614 -0.00432754 
155 0.356938 -0.115576 0.288649 -0.0986194 -0.0230241 -0.0357209 
156 0.46368 -0.112182 0.379348 -0.0731428 -0.0658097 0.00401196 
157 0.502123 -0.117464 0.380958 -0.122468 -0.0652282 -0.00788516 
158 0.500118 -0.115655 0.389868 -0.124157 -0.0648227 -0.0207525 
159 0.492851 -0.153419 0.381424 -0.189757 -0.0343303 -0.0864212 
160 0.574786 -0.149848 0.426325 -0.21477 -0.0518766 -0.0769558 
161 0.604162 -0.158553 0.41051 -0.278201 -0.0442165 -0.0942068 
162 0.675767 -0.155257 0.527409 -0.234867 -0.062601 -0.097843 
163 0.699942 -0.164149 0.503508 -0.296523 -0.0570301 -0.10961 
164 0.654675 -0.189158 0.500455 -0.348911 -0.0284622 -0.205339 
165 0.728047 -0.177507 0.522998 -0.3975 -0.0331048 -0.20311 
166 0.689537 -0.176114 0.547992 -0.418164 -0.0312634 -0.286908 
167 0.798276 -0.146311 0.593749 -0.434486 -0.0278679 -0.243618 
168 0.716565 -0.137174 0.541046 -0.473248 -0.0213234 -0.311555 
169 0.804873 -0.129658 0.577044 -0.514345 -0.0191079 -0.300607 
170 0.733783 -0.0904515 0.541032 -0.54092 -0.0277016 -0.361698 
171 0.783654 -0.0901785 0.584142 -0.542263 -0.0183672 -0.353169 
172 0.788678 -0.0763836 0.589146 -0.576753 -0.0154161 -0.387522 
173 0.806249 -0.0466769 0.540638 -0.572231 -0.017608 -0.318061 
174 0.75283 -0.0498656 0.574969 -0.571353 -0.00206052 -0.405951 
175 0.748504 -0.0437409 0.61839 -0.600548 -0.00684066 -0.479728 
176 0.814035 -0.061599 0.604166 -0.622752 0.0101112 -0.429594 
177 0.644811 -0.00757081 0.538986 -0.540244 -0.00542352 -0.442804 
178 0.766496 -0.00325256 0.613686 -0.636977 0.0012014 -0.496974 
179 0.709172 -0.0364055 0.615522 -0.599333 -0.00860229 -0.518558 
180 0.446885 0.0215591 0.426489 -0.420492 0.000253161 -0.403534 
