0 0 0 0 0 0 0 0 0 0 0 0 0 0 0 0 0 
1 1.15999 -0.0400768 -4.31255e-16 0 -0.0400768 1.15999 -2.38521e-16 2.9832e-17 -4.23118e-16 2.04447e-16 1.15927 -0.0072149 -1.60203e-18 -2.87503e-17 0.0072149 1.15927 
2 2.80773 -0.153381 -3.72746e-17 0 -0.153381 2.80773 2.21518e-16 2.32038e-17 1.06213e-17 -2.89677e-16 2.80336 -0.0276113 1.43226e-18 -2.62253e-17 0.0276113 2.80336 
3 4.24022 -0.386152 1.66891e-17 0 -0.386152 4.24022 7.15854e-16 -8.3935e-18 5.02514e-17 -7.66986e-16 4.22193 -0.0695037 1.99194e-19 -2.26367e-18 0.0695037 4.22193 
4 2.27645 -0.275568 2.6143e-06 1.16226e-05 -0.275568 2.27645 -4.2248e-05 -2.37755e-07 -2.64753e-06 4.22491e-05 2.2591 -0.0495767 1.16225e-05 -2.40559e-07 0.0495767 2.2591 
5 4.09041 -0.597298 -5.24533e-17 0 -0.597298 4.09041 4.77624e-17 1.16677e-17 -5.40617e-17 -4.34979e-17 4.04496 -0.107468 2.76901e-19 -1.34598e-17 0.107468 4.04496 
6 2.30963 -0.417952 1.74587e-16 0 -0.417952 2.30963 9.10268e-17 -2.39522e-17 1.62809e-16 -1.2374e-16 2.27013 -0.0751749 8.96073e-19 1.89343e-17 0.0751749 2.27013 
7 5.57743 -1.16106 -4.72768e-07 -1.21025e-06 -1.16106 5.57743 4.41048e-06 4.29886e-08 4.40965e-07 -4.40729e-06 5.45101 -0.208752 -1.21053e-06 4.0118e-08 0.208752 5.45101 
8 3.82409 -0.908816 -1.8357e-16 0 -0.908816 3.82409 -1.85073e-16 3.55501e-17 -2.0281e-16 1.62907e-16 3.71077 -0.163353 -1.08553e-19 -2.63889e-17 0.163353 3.71077 
9 4.60936 -1.23411 -6.68724e-05 -0.000134969 -1.23411 4.60936 0.000493535 6.03958e-06 7.82269e-05 -0.000495147 4.43538 -0.221649 -0.00013483 7.07164e-06 0.221649 4.43538 
10 3.27875 -0.972549 -6.60679e-17 0 -0.972549 3.27875 3.77646e-17 5.1401e-18 -6.43545e-17 -9.84715e-17 3.12621 -0.174648 -1.94807e-18 -7.56245e-18 0.174648 3.12621 
11 3.62155 -1.17104 3.00993e-05 4.6902e-05 -1.17104 3.62155 -0.000172132 -2.75106e-06 -2.87935e-05 0.000171914 3.42041 -0.210143 4.69151e-05 -2.59941e-06 0.210143 3.42041 
12 3.55302 -1.2486 -2.02986e-07 -3.30685e-07 -1.2486 3.55302 1.20338e-06 1.58265e-08 2.45764e-07 -1.21112e-06 3.31867 -0.22395 -3.30126e-07 2.40014e-08 0.22395 3.31867 
13 3.37417 -1.27582 5.26812e-05 6.48495e-05 -1.27582 3.37417 -0.000239443 -4.85941e-06 -4.691e-05 0.000238266 3.11517 -0.228614 6.49199e-05 -4.19363e-06 0.228614 3.11517 
14 2.57757 -1.05099 -3.89669e-05 -5.71378e-05 -1.05099 2.57757 0.000209161 3.39161e-06 4.93336e-05 -0.000211291 2.34589 -0.188198 -5.70165e-05 4.62031e-06 0.188198 2.34589 
15 3.18534 -1.37898 5.52309e-05 6.40241e-05 -1.37898 3.18534 -0.000236508 -5.03596e-06 -5.48257e-05 0.000236436 2.86063 -0.246744 6.40285e-05 -4.99054e-06 0.246744 2.86063 
16 2.99585 -1.37767 3.70648e-17 0 -1.37767 2.99585 -3.94413e-17 -9.66362e-19 2.08998e-17 1.7934e-17 2.64872 -0.246457 1.44601e-18 2.15326e-18 0.246457 2.64872 
17 2.83221 -1.37306 5.2121e-18 0 -1.37306 2.83221 4.93242e-17 -5.37354e-18 1.51405e-17 -6.11468e-17 2.46478 -0.245443 -1.45688e-18 1.08056e-18 0.245443 2.46478 
18 2.48252 -1.2698 9.10862e-05 7.96943e-05 -1.2698 2.48252 -0.000301059 -1.04581e-05 -7.56665e-05 0.000296668 2.121 -0.226674 7.87906e-05 -4.42131e-06 0.226674 2.121 
19 2.29783 -1.23682 6.88612e-05 6.51958e-05 -1.23682 2.29782 -0.000242947 -6.25761e-06 -7.14504e-05 0.000243673 1.92384 -0.220588 6.51439e-05 -6.51617e-06 0.220588 1.92384 
20 2.46221 -1.38704 4.45287e-05 3.91938e-05 -1.38704 2.46221 -0.000146404 -4.06819e-06 -4.69114e-05 0.000147124 2.01917 -0.247143 3.9135e-05 -4.27916e-06 0.247143 2.01917 
21 2.5501 -1.49417 5.73063e-05 4.35702e-05 -1.49417 2.55009 -0.000164694 -5.2368e-06 -5.05642e-05 0.000162535 2.04919 -0.265996 4.37421e-05 -4.62788e-06 0.265996 2.04919 
22 2.79781 -1.7043 -3.10781e-05 -1.50111e-05 -1.7043 2.79781 5.81542e-05 4.53413e-06 6.80644e-06 -5.00227e-05 2.19782 -0.30291 -1.45427e-05 -1.07818e-06 0.30291 2.19783 
23 2.05863 -1.30199 -3.85546e-18 0 -1.30199 2.05863 -6.22937e-17 7.72643e-18 -3.38811e-17 5.74306e-17 1.57762 -0.23138 1.43043e-18 -1.99238e-18 0.23138 1.57762 
24 2.46845 -1.61906 -2.81907e-17 0 -1.61906 2.46845 2.17484e-17 -4.01878e-19 -2.64929e-18 -7.95005e-18 1.84089 -0.28739 -7.52858e-19 -1.57916e-18 0.28739 1.84089 
25 2.33613 -1.5842 -5.35701e-17 0 -1.5842 2.33613 7.75353e-17 3.74325e-18 -1.08126e-17 -4.78206e-17 1.69367 -0.280865 1.67888e-18 -1.10887e-17 0.280865 1.69367 
26 2.32459 -1.62301 4.25518e-17 0 -1.62301 2.32459 3.38506e-17 -1.13103e-17 7.2561e-17 -6.98103e-17 1.63908 -0.287416 1.52179e-18 4.99308e-18 0.287416 1.63908 
27 2.14411 -1.54026 -3.4033e-06 -2.05048e-06 -1.54026 2.14411 7.93671e-06 3.10785e-07 3.15417e-06 -7.83612e-06 1.46636 -0.272285 -2.05912e-06 2.91412e-07 0.272285 1.46636 
28 1.76632 -1.30506 -2.88828e-17 0 -1.30506 1.76632 -9.79847e-18 6.36199e-18 -4.03702e-17 3.30194e-17 1.16761 -0.230516 -8.4502e-19 -2.77935e-18 0.230516 1.16761 
29 2.07473 -1.57299 -1.10199e-17 0 -1.57299 2.07473 -4.39382e-18 4.99442e-18 -2.44545e-17 2.49979e-17 1.32398 -0.277466 8.1403e-19 -4.89962e-18 0.277466 1.32398 
30 1.99482 -1.54875 1.99218e-17 0 -1.54875 1.99482 -3.22893e-17 -1.26158e-18 -5.2872e-18 1.17031e-17 1.22717 -0.272819 -2.72463e-18 6.28132e-18 0.272819 1.22717 
31 1.88989 -1.50304 0.000195111 0.000107782 -1.50304 1.88988 -0.000420709 -1.78304e-05 -0.00020269 0.000424185 1.11461 -0.264204 0.000107536 -1.84963e-05 0.264204 1.11461 
32 1.63295 -1.32515 4.50813e-17 0 -1.32515 1.63295 -3.75239e-18 -1.1584e-17 6.1951e-17 -4.77816e-17 0.925286 -0.232751 -9.89376e-19 7.81602e-18 0.232751 0.925286 
33 1.7731 -1.46754 -2.03533e-17 0 -1.46754 1.7731 1.10212e-17 6.60257e-18 -3.61611e-17 2.90287e-17 0.961107 -0.257376 3.59716e-19 -5.099e-18 0.257376 0.961107 
34 1.90482 -1.60737 -2.33131e-17 0 -1.60737 1.90482 -1.6168e-17 1.0276e-17 -6.05937e-17 5.05976e-17 0.982449 -0.281445 -5.55473e-19 -1.4498e-18 0.281445 0.982449 
35 1.74703 -1.49997 -1.44635e-17 0 -1.49997 1.74703 2.19519e-17 -2.6422e-18 1.35635e-17 -1.95442e-17 0.85627 -0.262223 -4.45193e-19 -7.92024e-19 0.262223 0.85627 
36 1.64102 -1.43213 4.74565e-17 0 -1.43213 1.64102 -3.05575e-17 -3.32674e-18 2.09423e-17 -2.37915e-18 0.761108 -0.249952 6.18697e-19 6.84104e-18 0.249952 0.761108 
37 1.5829 -1.40121 -1.40541e-17 0 -1.40121 1.5829 5.09513e-19 -1.40628e-19 -2.26355e-19 -7.97464e-18 0.694539 -0.244169 -4.13324e-19 -2.68073e-18 0.244169 0.694539 
38 1.53653 -1.37873 4.9096e-17 0 -1.37873 1.53653 -3.26451e-17 -5.79833e-18 3.63543e-17 -1.74432e-17 0.634287 -0.239854 1.14943e-18 7.85e-18 0.239854 0.634287 
39 1.40863 -1.27949 -2.53219e-05 -1.02793e-05 -1.27949 1.40863 4.25761e-05 2.32291e-06 2.33492e-05 -4.14634e-05 0.545401 -0.222035 -1.03726e-05 2.19513e-06 0.222035 0.545401 
40 1.61088 -1.48182 2.03698e-17 0 -1.48182 1.61088 -1.65255e-17 -2.23924e-18 1.16031e-17 -9.88436e-18 0.577016 -0.256878 -5.68309e-19 3.48245e-18 0.256878 0.577016 
41 1.32558 -1.23272 -7.17366e-18 0 -1.23272 1.32558 3.21504e-18 3.62422e-18 -1.91411e-17 2.01347e-17 0.438145 -0.213305 8.57724e-19 -4.10732e-19 0.213305 0.438145 
42 1.36655 -1.28317 -1.73442e-17 0 -1.28317 1.36655 1.38726e-17 3.85791e-18 -2.48365e-17 2.22097e-17 0.414353 -0.221631 -1.32571e-18 -1.00851e-18 0.221631 0.414353 
43 1.43907 -1.36307 -3.57643e-18 0 -1.36307 1.43907 2.34341e-18 -3.91552e-18 2.20316e-17 -2.41528e-17 0.396998 -0.234997 -4.25952e-19 -5.79041e-20 0.234997 0.396998 
44 1.36315 -1.30095 -2.35154e-17 0 -1.30095 1.36315 1.89942e-17 2.03705e-18 -1.05177e-17 4.90906e-18 0.339818 -0.223879 8.34366e-19 -5.28193e-18 0.223879 0.339818 
45 1.38877 -1.33493 -1.15753e-17 0 -1.33493 1.38877 9.56151e-18 5.0188e-18 -2.81529e-17 2.93709e-17 0.306543 -0.229272 8.44781e-19 -1.25422e-18 0.229272 0.306543 
46 1.1353 -1.09791 1.23521e-18 0 -1.09791 1.1353 3.20731e-18 -5.0738e-19 2.04012e-18 -2.68719e-18 0.219064 -0.188196 -8.15457e-19 -1.66259e-20 0.188196 0.219064 
47 1.08743 -1.05727 1.6674e-17 0 -1.05727 1.08743 -1.0959e-17 2.39939e-19 -8.84899e-19 1.37841e-18 0.178549 -0.180858 6.07155e-19 3.12341e-19 0.180858 0.178549 
48 1.1784 -1.15066 -2.94082e-17 0 -1.15066 1.1784 3.02834e-17 7.59333e-19 -4.27192e-18 1.03935e-19 0.161023 -0.196441 2.44391e-19 -5.80669e-18 0.196441 0.161023 
49 1.01305 -0.992782 3.53843e-17 0 -0.992782 1.01305 -3.30328e-17 -1.94108e-19 1.89426e-18 1.43933e-18 0.10949 -0.169132 1.11763e-18 3.99751e-18 0.169132 0.10949 
50 1.16578 -1.1455 -8.92746e-18 0 -1.1455 1.16578 4.97924e-18 -9.62066e-19 5.1365e-18 -4.93565e-18 0.0940767 -0.19475 -1.10783e-18 5.64031e-19 0.19475 0.0940767 
51 1.15543 -1.13745 -1.49216e-17 0 -1.13745 1.15543 1.02706e-17 8.85736e-19 -5.64284e-18 4.72428e-18 0.0623811 -0.192988 -1.20805e-18 -2.00345e-18 0.192988 0.0623811 
52 1.22669 -1.20904 1.24725e-17 0 -1.20904 1.22669 -1.52937e-17 2.49262e-18 -1.46818e-17 1.54262e-17 0.0318272 -0.204691 3.13232e-19 2.59746e-18 0.204691 0.0318272 
53 1.10053 -1.08512 8.4468e-18 0 -1.08512 1.10053 -3.60967e-18 -3.80569e-18 2.24871e-17 -2.29891e-17 -0.00053988 -0.18333 1.22913e-19 1.75757e-18 0.18333 -0.00053988 
54 1.0243 -1.00962 2.19802e-18 0 -1.00962 1.0243 -2.86633e-18 -1.96284e-18 1.14359e-17 -1.16663e-17 -0.0288681 -0.170196 1.18062e-18 -5.02666e-19 0.170196 -0.0288681 
55 1.15085 -1.13322 1.69646e-17 0 -1.13322 1.15085 -1.36247e-17 2.92515e-19 -1.91598e-18 1.06773e-18 -0.0619857 -0.190634 6.05748e-19 1.56998e-18 0.190634 -0.0619857 
56 1.20476 -1.1841 -9.68795e-18 0 -1.1841 1.20476 5.7147e-18 2.19901e-18 -1.25839e-17 1.32888e-17 -0.0988048 -0.198728 -1.05914e-18 9.86483e-19 0.198728 -0.0988048 
57 1.12875 -1.10677 7.6558e-18 0 -1.10677 1.12875 -9.77749e-18 -1.51226e-18 8.85519e-18 -1.00867e-17 -0.121268 -0.185349 2.77041e-19 1.5421e-18 0.185349 -0.121268 
58 1.04645 -1.02262 4.19628e-11 -7.23045e-11 -1.02262 1.04645 8.96124e-11 -4.75192e-11 2.71425e-11 -8.44569e-11 -0.14166 -0.170844 -6.15934e-11 2.6403e-11 0.170844 -0.14166 
59 1.0037 -0.977169 7.12449e-11 -9.31583e-11 -0.977169 1.0037 1.75407e-10 -1.41825e-10 6.42783e-11 -1.91306e-10 -0.161156 -0.162889 -6.4053e-11 9.36155e-11 0.162889 -0.161156 
60 1.11557 -1.08135 5.38023e-10 -1.36682e-10 -1.08135 1.11557 -1.34784e-10 -1.26277e-10 4.94123e-10 -3.53772e-10 -0.206789 -0.179853 -1.07254e-10 9.00213e-11 0.179853 -0.206789 
61 1.00888 -0.9729 5.31415e-10 -2.15502e-10 -0.9729 1.00888 2.77024e-10 -4.6975e-10 5.86635e-10 -5.81095e-10 -0.212584 -0.161439 -9.94454e-11 3.3177e-10 0.161439 -0.212584 
62 0.895571 -0.858636 -1.52395e-10 1.96764e-10 -0.858636 0.895571 -3.23345e-10 2.01309e-10 -1.04479e-10 3.18059e-10 -0.21106 -0.142145 1.47534e-10 -1.22374e-10 0.142145 -0.21106 
63 1.00267 -0.955162 -1.57243e-09 2.04852e-10 -0.955162 1.00267 -4.61745e-10 1.4567e-09 -1.89854e-09 1.44621e-09 -0.260908 -0.157752 -1.56934e-10 -1.10033e-09 0.157752 -0.260908 
64 0.985417 -0.932278 2.79152e-09 -5.17889e-10 -0.932278 0.985417 8.49434e-10 -2.4149e-09 3.20524e-09 -2.5809e-09 -0.279746 -0.153615 1.30733e-10 1.76904e-09 0.153615 -0.279746 
65 0.861972 -0.809207 -1.59218e-09 2.32631e-11 -0.809207 0.861972 1.59636e-10 1.24452e-09 -1.85887e-09 1.09209e-09 -0.265419 -0.133015 -2.67303e-10 -1.04082e-09 0.133015 -0.265419 
66 0.960777 -0.89473 1.3858e-09 -5.54646e-10 -0.89473 0.960777 1.05622e-09 -1.16496e-09 1.27162e-09 -1.50024e-09 -0.317765 -0.146728 -2.03367e-10 8.06772e-10 0.146728 -0.317765 
67 0.889334 -0.8209 -1.42646e-09 1.24018e-09 -0.8209 0.889334 -2.30128e-09 1.43519e-09 -9.90047e-10 2.18001e-09 -0.314582 -0.134295 8.14227e-10 -8.47575e-10 0.134295 -0.314582 
68 0.918312 -0.83974 2.46433e-09 -1.80773e-09 -0.83974 0.918312 4.58884e-09 -3.43166e-09 1.95303e-09 -4.41465e-09 -0.345417 -0.137045 -7.7525e-10 2.23465e-09 0.137045 -0.345417 
69 1.00778 -0.912135 4.10151e-09 -1.02418e-09 -0.912135 1.00778 2.26605e-09 -3.54662e-09 4.16368e-09 -3.96534e-09 -0.401909 -0.148487 8.27762e-11 2.52798e-09 0.148487 -0.401909 
70 0.960657 -0.860482 -5.94377e-09 3.3532e-10 -0.860482 0.960657 8.69535e-10 3.4329e-09 -6.66309e-09 3.17888e-09 -0.403559 -0.13974 -8.39685e-10 -2.58424e-09 0.13974 -0.403559 
71 0.819678 -0.72628 6.68254e-09 -2.12747e-09 -0.72628 0.819678 5.3824e-09 -6.49254e-09 6.46792e-09 -7.29236e-09 -0.36127 -0.117663 9.71013e-11 4.46937e-09 0.117663 -0.36127 
72 0.910769 -0.797367 -1.4151e-09 -8.24744e-11 -0.797367 0.910769 7.00176e-10 3.96643e-10 -1.50349e-09 3.60494e-10 -0.420794 -0.128851 -2.23968e-10 -3.83092e-10 0.128851 -0.420794 
73 0.830097 -0.718154 -2.22502e-09 1.47917e-09 -0.718154 0.830097 -3.48764e-09 1.93659e-09 -1.30719e-09 2.97666e-09 -0.399854 -0.11577 7.68524e-10 -1.15574e-09 0.11577 -0.399854 
74 0.93521 -0.798948 -7.31471e-09 1.20458e-09 -0.798948 0.93521 -3.40565e-09 5.93714e-09 -7.27204e-09 5.90886e-09 -0.468779 -0.128478 -1.0701e-09 -4.27117e-09 0.128478 -0.468779 
75 0.779091 -0.656814 4.64519e-10 -5.07402e-10 -0.656814 0.779091 1.99729e-09 -1.30589e-09 1.98912e-10 -1.63625e-09 -0.405528 -0.105358 -3.89283e-12 8.19635e-10 0.105358 -0.405528 
76 0.784553 -0.652689 3.49827e-09 -1.49822e-09 -0.652689 0.784553 5.28164e-09 -3.42823e-09 2.15473e-09 -4.59111e-09 -0.422595 -0.104443 -1.11651e-10 2.38379e-09 0.104443 -0.422595 
77 0.911341 -0.747136 2.23011e-09 -2.60757e-10 -0.747136 0.911341 4.27218e-10 -1.54727e-09 2.24933e-09 -1.43774e-09 -0.508013 -0.119249 3.93161e-10 1.10719e-09 0.119249 -0.508013 
78 0.741526 -0.599067 5.60738e-09 -6.93827e-10 -0.599067 0.741526 2.80398e-09 -4.82756e-09 5.60903e-09 -4.28493e-09 -0.426451 -0.0953783 1.45172e-09 3.51437e-09 0.0953783 -0.426451 
79 0.819348 -0.651982 -9.14388e-10 -4.74309e-11 -0.651982 0.819348 -7.5164e-11 5.74268e-10 -9.7563e-10 3.51539e-10 -0.485288 -0.103544 -3.27308e-10 -5.0331e-10 0.103544 -0.485288 
80 0.860604 -0.674146 1.12728e-09 7.1809e-11 -0.674146 0.860604 -5.29164e-11 -7.30836e-10 1.33361e-09 -3.19643e-10 -0.524149 -0.106796 4.36485e-10 6.11922e-10 0.106796 -0.524149 
81 0.84036 -0.647735 8.87162e-09 -2.15359e-09 -0.647735 0.84036 8.56756e-09 -7.16186e-09 6.51998e-09 -8.04767e-09 -0.525492 -0.102355 1.37218e-09 5.04867e-09 0.102355 -0.525492 
82 0.795182 -0.603179 1.64367e-09 -2.54359e-10 -0.603179 0.795182 1.13385e-09 -1.14357e-09 1.33094e-09 -1.13442e-09 -0.509342 -0.0950844 3.35069e-10 8.65105e-10 0.0950844 -0.509342 
83 0.870709 -0.648848 1.4211e-09 -2.70906e-10 -0.648848 0.870709 1.1159e-09 -1.23105e-09 1.18232e-09 -1.19671e-09 -0.571574 -0.102018 3.68573e-10 8.46776e-10 0.102018 -0.571574 
84 0.778567 -0.570159 2.7175e-10 -2.60793e-10 -0.570159 0.778567 9.7165e-10 -3.00203e-10 -1.35388e-10 -6.3142e-10 -0.522561 -0.0894227 -1.04868e-10 1.63142e-10 0.0894227 -0.522561 
85 0.845465 -0.607913 -2.96863e-09 4.39265e-10 -0.607913 0.845465 -2.32046e-09 2.18035e-09 -2.26718e-09 2.10269e-09 -0.579815 -0.0951016 -8.02277e-10 -1.63941e-09 0.0951016 -0.579815 
86 0.811501 -0.572903 6.61942e-10 -1.76623e-10 -0.572903 0.811501 7.88571e-10 -4.90273e-10 3.46752e-10 -6.36753e-10 -0.567717 -0.0894026 1.03583e-10 3.44038e-10 0.0894026 -0.567717 
87 0.795021 -0.550855 6.20781e-10 -1.65249e-10 -0.550855 0.795021 7.63914e-10 -4.42499e-10 2.93948e-10 -5.95374e-10 -0.566784 -0.0857497 9.86111e-11 3.11352e-10 0.0857497 -0.566784 
88 0.880902 -0.59854 -1.13895e-18 0 -0.59854 0.880902 -2.04314e-18 4.33057e-19 -1.47529e-18 3.46799e-18 -0.639592 -0.0929381 -1.84761e-19 1.9089e-19 0.0929381 -0.639592 
89 0.782905 -0.521682 -1.67555e-18 0 -0.521682 0.782905 1.46499e-17 7.74479e-19 -1.0673e-17 1.40316e-17 -0.578135 -0.0808057 8.00133e-19 -1.04635e-18 0.0808057 -0.578135 
90 0.765158 -0.499403 -5.01355e-18 0 -0.499403 0.765158 1.00143e-17 2.24321e-19 3.55031e-18 3.46849e-18 -0.574538 -0.0771583 -6.75451e-19 -1.61882e-20 0.0771583 -0.574538 
91 0.791486 -0.506222 6.38392e-18 0 -0.506222 0.791486 1.38981e-17 1.70439e-18 -1.61974e-17 1.96565e-17 -0.603394 -0.0780222 6.74542e-19 5.66311e-21 0.0780222 -0.603394 
92 0.736931 -0.461554 -5.56865e-18 0 -0.461554 0.736931 9.13194e-18 7.15138e-19 -1.72548e-18 1.19279e-17 -0.570074 -0.0709632 -3.66047e-19 -3.26068e-19 0.0709632 -0.570074 
93 0.736821 -0.451357 2.91831e-18 0 -0.451357 0.736821 6.69876e-18 5.20816e-19 -4.70562e-18 5.6799e-18 -0.578253 -0.0692196 1.55832e-19 1.0206e-19 0.0692196 -0.578253 
94 0.798841 -0.478794 -8.17354e-19 0 -0.478794 0.798841 1.20111e-17 1.10988e-18 -5.40002e-18 9.82455e-18 -0.635234 -0.0732486 -2.14456e-19 4.34874e-19 0.0732486 -0.635234 
95 0.793984 -0.465236 4.01442e-18 0 -0.465236 0.793984 -1.15974e-17 -5.5469e-19 3.51892e-18 -1.25281e-17 -0.639461 -0.0709988 1.65793e-20 2.94304e-19 0.0709988 -0.639461 
96 0.800204 -0.458213 -4.30548e-19 0 -0.458213 0.800204 4.74292e-18 -1.9816e-20 -2.36319e-18 6.3473e-18 -0.652294 -0.0697556 2.67134e-19 -5.00812e-19 0.0697556 -0.652294 
97 0.740241 -0.414165 3.95706e-18 0 -0.414165 0.740241 -2.35253e-17 -8.71124e-19 8.3188e-18 -1.91692e-17 -0.610292 -0.0628978 -2.62563e-19 1.00492e-18 0.0628978 -0.610292 
98 0.824443 -0.450644 4.22244e-20 0 -0.450644 0.824443 3.30289e-18 7.69027e-19 -3.57994e-18 3.5187e-19 -0.686987 -0.0682753 -1.47989e-19 4.94671e-19 0.0682753 -0.686987 
99 0.797189 -0.425313 1.06454e-17 0 -0.425313 0.797189 -1.96151e-17 -4.15384e-19 1.12586e-19 -1.48771e-17 -0.671174 -0.064282 2.50846e-19 9.82665e-19 0.064282 -0.671174 
100 0.698617 -0.363648 1.15666e-17 0 -0.363648 0.698617 -1.02705e-17 6.68493e-19 -5.86476e-18 -6.54599e-18 -0.593977 -0.0548302 1.33972e-19 1.39605e-18 0.0548302 -0.593977 
101 0.711982 -0.361478 -2.01562e-18 0 -0.361478 0.711982 -8.68961e-18 -8.58059e-19 7.328e-18 -6.38735e-18 -0.610971 -0.0543737 -1.4208e-19 -3.50493e-19 0.0543737 -0.610971 
102 0.773495 -0.382734 -4.73786e-19 0 -0.382734 0.773495 -4.4885e-19 2.24597e-20 3.18619e-19 -3.71548e-18 -0.669701 -0.0574335 -4.31729e-20 2.55298e-20 0.0574335 -0.669701 
103 0.755702 -0.364578 7.87937e-19 0 -0.364578 0.755702 2.66778e-18 1.06325e-19 -1.47212e-18 1.71653e-18 -0.659681 -0.0545831 6.12505e-20 9.74491e-20 0.0545831 -0.659681 
104 0.6742 -0.316803 -3.94545e-18 0 -0.316803 0.6742 -5.0204e-18 -4.34014e-19 6.28381e-18 -9.14781e-18 -0.59324 -0.0473197 -2.7339e-19 -3.12728e-20 0.0473197 -0.59324 
105 0.720796 -0.329344 1.26619e-18 0 -0.329344 0.720796 1.34273e-17 8.69736e-19 -6.2256e-18 1.36527e-17 -0.639268 -0.0490735 3.02187e-20 -1.55305e-19 0.0490735 -0.639268 
106 0.677036 -0.301151 1.42231e-18 0 -0.301151 0.677036 -9.69988e-18 -4.98383e-19 4.62526e-18 -1.71526e-17 -0.60471 -0.0447706 -9.29637e-20 3.12382e-19 0.0447706 -0.60471 
107 0.837309 -0.362463 3.77484e-18 0 -0.362463 0.837309 -3.06882e-17 -1.27185e-18 6.64504e-18 -2.92975e-17 -0.752864 -0.0537647 1.35723e-19 6.45005e-19 0.0537647 -0.752864 
108 0.713438 -0.299969 -1.88074e-19 0 -0.299969 0.713438 3.9984e-18 2.94356e-19 -2.26481e-18 5.57871e-18 -0.645782 -0.0443903 2.09217e-20 -1.79678e-19 0.0443903 -0.645782 
109 0.705309 -0.288374 -8.08295e-19 0 -0.288374 0.705309 1.27902e-17 8.65622e-19 -7.07953e-18 1.3542e-17 -0.642247 -0.0425805 8.28947e-20 -1.22841e-20 0.0425805 -0.642247 
110 0.659343 -0.261552 1.66184e-18 0 -0.261552 0.659343 -1.29245e-17 -3.01124e-19 2.15226e-18 -1.24103e-17 -0.604014 -0.0385303 -6.44899e-21 3.48907e-19 0.0385303 -0.604014 
111 0.826003 -0.318569 -4.39063e-18 0 -0.318569 0.826003 1.73414e-17 5.09577e-19 -2.02053e-18 1.68381e-17 -0.760652 -0.0468307 -9.01026e-20 -5.91583e-19 0.0468307 -0.760652 
112 0.723282 -0.27047 -2.07354e-18 0 -0.27047 0.723282 -3.96731e-18 -4.72874e-19 4.82446e-18 -4.82353e-18 -0.669628 -0.0396702 -9.60752e-20 8.07993e-20 0.0396702 -0.669628 
113 0.685924 -0.248702 -7.51595e-18 0 -0.248702 0.685924 2.89645e-17 4.81591e-19 -3.74632e-18 2.73993e-17 -0.638207 -0.0363972 2.60389e-20 -1.03118e-18 0.0363972 -0.638207 
114 0.70113 -0.246718 4.63443e-18 0 -0.246718 0.70113 9.10739e-18 5.68881e-19 -6.91188e-18 9.9586e-18 -0.655293 -0.0360318 1.6547e-19 -1.70428e-19 0.0360318 -0.655293 
115 0.708377 -0.241324 2.29271e-18 0 -0.241324 0.708377 -1.2804e-17 -1.72073e-19 1.48097e-18 -7.46508e-18 -0.665069 -0.0351668 -1.25555e-20 2.06651e-19 0.0351668 -0.665069 
116 0.713223 -0.23522 5.87984e-19 0 -0.23522 0.713223 -1.37834e-17 -4.00506e-19 4.01149e-18 -2.0215e-17 -0.672445 -0.034204 -6.34127e-20 6.08741e-19 0.034204 -0.672445 
117 0.678864 -0.21687 2.52403e-18 0 -0.21687 0.678864 -6.67426e-19 -1.16841e-19 -2.12783e-18 1.12889e-18 -0.642517 -0.0314713 1.44209e-19 -2.30161e-19 0.0314713 -0.642517 
118 0.729742 -0.225435 -1.49864e-18 0 -0.225435 0.729742 6.89172e-18 3.86815e-19 -2.87591e-18 1.32559e-17 -0.693275 -0.0326458 6.6754e-21 -1.99211e-19 0.0326458 -0.693275 
119 0.77312 -0.230916 -2.80936e-18 0 -0.230916 0.77312 -5.31196e-19 -3.84207e-19 3.94562e-18 -3.17655e-18 -0.737071 -0.0333711 -6.15394e-20 -2.69167e-19 0.0333711 -0.737071 
120 0.701582 -0.202477 6.81515e-18 0 -0.202477 0.701582 -1.0893e-17 2.66891e-19 -4.90233e-18 -1.04584e-17 -0.671091 -0.0292019 1.33747e-19 7.15597e-19 0.0292019 -0.671091 
121 0.731426 -0.203762 -3.38655e-18 0 -0.203762 0.731426 -2.79813e-17 -7.8825e-19 8.70642e-18 -3.03716e-17 -0.701855 -0.0293278 -1.32028e-19 4.21287e-19 0.0293278 -0.701855 
122 0.750348 -0.202015 1.04637e-18 0 -0.202015 0.750348 -2.84877e-18 2.95856e-20 -7.95537e-19 -2.62963e-19 -0.722056 -0.0290211 2.5192e-20 1.62298e-19 0.0290211 -0.722056 
123 0.772873 -0.200502 -4.75441e-18 0 -0.200502 0.772873 1.61841e-17 1.22618e-19 -1.80819e-18 1.87102e-17 -0.745855 -0.028746 3.56171e-20 -5.99754e-19 0.028746 -0.745855 
124 0.6635 -0.166 -2.7169e-18 0 -0.166 0.6635 5.49194e-19 -2.36697e-19 2.27004e-18 -3.94943e-18 -0.641957 -0.0237543 -2.32276e-20 -2.30553e-19 0.0237543 -0.641957 
125 0.741062 -0.178756 2.93091e-18 0 -0.178756 0.741062 2.78648e-17 8.68794e-19 -8.40913e-18 3.3417e-17 -0.718723 -0.0255322 8.53218e-20 -1.35643e-19 0.0255322 -0.718723 
126 0.721924 -0.167398 2.51387e-18 0 -0.167398 0.721924 -2.16844e-17 -3.21063e-19 3.20146e-18 -2.29277e-17 -0.70184 -0.0238636 -2.98584e-20 4.49456e-19 0.0238636 -0.70184 
127 0.655784 -0.146285 7.43203e-18 0 -0.146285 0.655784 -1.97259e-17 4.6341e-20 -1.88594e-18 -1.69096e-17 -0.638919 -0.0208153 5.05241e-20 6.62928e-19 0.0208153 -0.638919 
128 0.695753 -0.149131 -2.01931e-18 0 -0.149131 0.695753 6.21416e-18 8.58438e-20 1.94698e-18 7.0042e-18 -0.67925 -0.0211814 -7.85229e-20 -2.03036e-19 0.0211814 -0.67925 
129 0.701795 -0.144628 -3.82606e-19 0 -0.144628 0.701795 -3.08476e-18 -3.64221e-19 2.00296e-18 -9.07493e-18 -0.686423 -0.0205059 1.40309e-20 -6.42658e-20 0.0205059 -0.686423 
130 0.656257 -0.129641 4.8606e-18 0 -0.129641 0.656257 7.31724e-18 2.76696e-19 -4.95815e-18 7.28616e-18 -0.643061 -0.0183476 8.70153e-20 1.31484e-19 0.0183476 -0.643061 
131 0.73822 -0.140008 9.01652e-18 0 -0.140008 0.73822 -2.08625e-17 1.71134e-19 -7.79418e-18 -1.6858e-17 -0.72455 -0.0197813 1.80501e-19 6.54549e-19 0.0197813 -0.72455 
132 0.792755 -0.143943 2.03963e-19 0 -0.143943 0.792755 8.71648e-18 6.88533e-20 -2.80705e-18 8.71335e-18 -0.779311 -0.0203019 5.87518e-20 -1.46965e-19 0.0203019 -0.779311 
133 0.648846 -0.112863 6.1415e-18 0 -0.112863 0.648846 -2.45208e-17 -2.85239e-19 -4.8038e-20 -2.33559e-17 -0.638755 -0.0158921 5.14939e-20 3.02465e-19 0.0158921 -0.638755 
134 0.611022 -0.101629 -2.62911e-19 0 -0.101629 0.611022 6.1038e-18 1.36207e-19 1.34981e-18 6.23499e-18 -0.60234 -0.0142865 -5.50038e-20 8.64724e-21 0.0142865 -0.60234 
135 0.723099 -0.114925 7.49924e-18 0 -0.114925 0.723099 8.56446e-18 3.53119e-19 -9.8685e-18 9.17879e-18 -0.713724 -0.0161294 1.63567e-19 1.32228e-19 0.0161294 -0.713724 
136 0.70716 -0.107168 2.1335e-18 0 -0.107168 0.70716 1.6319e-17 2.84466e-20 -4.13101e-18 1.00288e-17 -0.698829 -0.0150163 8.34411e-20 -2.72749e-19 0.0150163 -0.698829 
137 0.789093 -0.114108 -6.90635e-18 0 -0.114108 0.789093 -1.10358e-17 -4.04616e-19 8.18315e-18 -2.00212e-17 -0.780634 -0.0159642 -1.08259e-19 -3.94365e-20 0.0159642 -0.780634 
138 0.726166 -0.10005 2.16716e-18 0 -0.10005 0.726166 -2.19515e-17 -4.30394e-20 1.87202e-18 -1.75426e-17 -0.719103 -0.0139762 -3.1456e-20 2.75994e-19 0.0139762 -0.719103 
139 0.64594 -0.0846428 3.59811e-18 0 -0.0846428 0.64594 -1.58327e-17 -3.64414e-19 -2.44118e-18 -1.53892e-17 -0.640261 -0.0118061 9.23655e-20 -1.1047e-19 0.0118061 -0.640261 
140 0.736156 -0.0917926 5.42266e-18 0 -0.0917926 0.736156 -3.1497e-17 -1.98357e-19 -1.39784e-18 -2.80656e-17 -0.730298 -0.012785 4.91651e-20 3.17967e-19 0.012785 -0.730298 
141 0.64149 -0.0758625 -3.07619e-18 0 -0.0758625 0.64149 -3.65728e-17 -1.41736e-19 6.37324e-18 -3.38376e-17 -0.6369 -0.0105509 -8.7517e-20 4.18264e-19 0.0105509 -0.6369 
142 0.776198 -0.0870692 5.45689e-19 0 -0.0870692 0.776198 -2.95814e-17 -2.02692e-19 5.04729e-18 -3.06133e-17 -0.771203 -0.0120928 -5.54239e-20 3.36575e-19 0.0120928 -0.771203 
143 0.740391 -0.0787304 -6.72209e-18 0 -0.0787304 0.740391 1.52429e-17 -2.66759e-21 3.63357e-18 1.81302e-17 -0.736111 -0.01092 -5.45604e-20 -2.55058e-19 0.01092 -0.736111 
144 0.787361 -0.0791055 3.7772e-18 0 -0.0791055 0.787361 -1.69742e-18 5.72062e-20 -3.17267e-18 -7.06434e-18 -0.783299 -0.0109573 3.79246e-20 1.42861e-19 0.0109573 -0.783299 
145 0.655712 -0.0622457 -7.82658e-19 0 -0.0622457 0.655712 -9.97206e-18 -6.55825e-20 5.55211e-21 -1.32282e-17 -0.652694 -0.00861094 5.86849e-21 6.33205e-20 0.00861094 -0.652694 
146 0.703416 -0.0628811 -5.60187e-18 0 -0.0628811 0.703416 -8.93973e-18 -2.57878e-19 7.03285e-18 -1.39081e-17 -0.700545 -0.00868768 -6.4678e-20 -7.50344e-20 0.00868768 -0.700545 
147 0.735712 -0.0619286 1.2397e-18 0 -0.0619286 0.735712 -5.31146e-18 -2.19382e-21 -5.82937e-19 -2.01849e-18 -0.73305 -0.00854569 6.33045e-21 -1.21499e-20 0.00854569 -0.73305 
148 0.709357 -0.0559833 -5.79516e-18 0 -0.0559833 0.709357 -7.50478e-18 -2.6673e-19 7.38965e-18 -1.46063e-17 -0.707101 -0.00771579 -5.9648e-20 -1.4877e-19 0.00771579 -0.707101 
149 0.820965 -0.0607226 -4.66928e-18 0 -0.0607226 0.820965 5.5657e-18 -4.22295e-20 2.0339e-18 3.65334e-18 -0.818673 -0.00835923 -1.75193e-20 -4.93666e-20 0.00835923 -0.818673 
150 0.687319 -0.0476571 -1.67007e-18 0 -0.0476571 0.687319 2.85493e-17 1.18022e-19 -1.97982e-18 3.19943e-17 -0.685632 -0.00655345 1.07672e-20 -1.86019e-19 0.00655345 -0.685632 
151 0.693475 -0.044956 4.89453e-18 0 -0.044956 0.693475 2.2719e-17 2.93529e-19 -4.78306e-18 2.78243e-17 -0.691988 -0.0061754 2.20276e-20 8.13247e-20 0.0061754 -0.691988 
152 0.721322 -0.0435753 2.74308e-18 0 -0.0435753 0.721322 -5.62099e-18 2.66802e-19 -1.68369e-18 -3.87557e-18 -0.719979 -0.00597945 -3.11877e-21 3.00749e-19 0.00597945 -0.719979 
153 0.615181 -0.0341955 -2.46245e-20 0 -0.0341955 0.615181 -5.01752e-17 -1.44919e-19 5.70282e-19 -5.07253e-17 -0.614212 -0.00468694 3.52654e-21 2.49283e-19 0.00468694 -0.614212 
154 0.727253 -0.0376329 -3.57623e-18 0 -0.0376329 0.727253 -1.38306e-17 -1.31599e-19 1.53764e-18 -1.44135e-17 -0.726259 -0.00515333 -3.58989e-21 -5.43986e-20 0.00515333 -0.726259 
155 0.666596 -0.0319573 2.04715e-18 0 -0.0319573 0.666596 -2.99016e-18 8.72193e-20 -1.84786e-18 -8.124e-18 -0.665815 -0.00437213 8.00464e-21 1.36514e-19 0.00437213 -0.665815 
156 0.686502 -0.0302612 4.14779e-19 0 -0.0302612 0.686502 1.23077e-17 -1.4009e-19 -4.42835e-20 1.5546e-17 -0.685822 -0.00413622 5.77064e-21 -2.12699e-19 0.00413622 -0.685822 
157 0.676639 -0.0273382 -2.02211e-18 0 -0.0273382 0.676639 9.80481e-17 3.96436e-19 -3.018e-18 9.95285e-17 -0.676076 -0.00373337 5.50911e-22 -1.49582e-19 0.00373337 -0.676076 
158 0.76509 -0.0283632 4.70741e-18 0 -0.0283632 0.76509 -2.8525e-17 -1.74695e-20 -3.31324e-18 -3.11047e-17 -0.764554 -0.0038702 1.79753e-20 1.44951e-19 0.0038702 -0.764554 
159 0.751463 -0.0253383 4.26602e-19 0 -0.0253383 0.751463 -5.99463e-17 -2.38082e-19 1.24438e-18 -5.70359e-17 -0.751028 -0.00345462 1.59995e-21 3.91964e-20 0.00345462 -0.751028 
160 0.693445 -0.0210452 1.80601e-18 0 -0.0210452 0.693445 4.99885e-17 -3.8853e-20 -3.00147e-18 4.62597e-17 -0.69312 -0.00286694 1.30213e-20 -2.52004e-19 0.00286694 -0.69312 
161 0.690523 -0.0189193 2.49016e-18 0 -0.0189193 0.690523 4.20687e-17 -3.02473e-20 -4.80432e-18 4.07273e-17 -0.690259 -0.00257546 1.90892e-20 -1.84399e-19 0.00257546 -0.690259 
162 0.591584 -0.014625 2.9994e-18 0 -0.014625 0.591584 -1.00732e-17 4.46737e-21 -6.0499e-18 -1.15766e-17 -0.5914 -0.00198957 2.02244e-20 6.24875e-20 0.00198957 -0.5914 
163 0.540756 -0.0119201 -7.25493e-18 0 -0.0119201 0.540756 -2.51299e-17 -4.4505e-20 6.92144e-18 -2.60247e-17 -0.540622 -0.00162053 -1.98759e-20 2.41811e-20 0.00162053 -0.540622 
164 0.716969 -0.0139931 -1.80483e-18 0 -0.0139931 0.716969 2.04792e-17 8.88224e-21 1.22085e-18 2.92355e-17 -0.716829 -0.00190116 -3.42633e-21 -8.56097e-20 0.00190116 -0.716829 
165 0.725368 -0.0123486 6.43135e-19 0 -0.0123486 0.725368 -4.39429e-17 -5.68897e-20 9.82008e-19 -4.49841e-17 -0.72526 -0.00167669 -1.56973e-21 4.59983e-20 0.00167669 -0.72526 
166 0.796443 -0.0118712 1.51624e-18 0 -0.0118712 0.796443 6.58708e-18 7.3584e-20 -2.24239e-18 1.40191e-18 -0.796353 -0.00161102 2.76754e-21 6.12138e-20 0.00161102 -0.796353 
167 0.779652 -0.00998668 2.3044e-18 0 -0.00998668 0.779652 4.91183e-17 1.21634e-20 -2.08015e-18 5.36233e-17 -0.779587 -0.00135457 2.85086e-21 -7.75854e-20 0.00135457 -0.779587 
168 0.582162 -0.00633454 5.47593e-18 0 -0.00633454 0.582162 -1.31734e-16 -1.27371e-19 -3.19513e-18 -1.31488e-16 -0.582127 -0.000858791 5.64846e-21 6.41349e-20 0.000858791 -0.582127 
169 0.919144 -0.00850856 1.19366e-18 0 -0.00850856 0.919144 -1.10762e-16 -4.76322e-20 2.21547e-18 -1.2206e-16 -0.919104 -0.00115306 -2.06148e-21 9.53022e-20 0.00115306 -0.919104 
170 0.782373 -0.00595024 -8.26476e-18 0 -0.00595024 0.782373 5.14765e-17 9.24723e-20 4.42526e-18 5.91284e-17 -0.78235 -0.00080603 -4.86988e-21 3.38617e-20 0.00080603 -0.78235 
171 0.78951 -0.0048384 7.62962e-18 0 -0.0048384 0.78951 -5.75863e-17 5.36569e-21 -2.99783e-18 -6.21897e-17 -0.789495 -0.000655174 1.41082e-21 5.13061e-20 0.000655174 -0.789495 
172 0.780937 -0.00384425 8.22983e-18 0 -0.00384425 0.780937 -1.35533e-16 2.42581e-20 -6.58327e-18 -1.41675e-16 -0.780928 -0.000520399 3.85474e-21 1.12796e-19 0.000520399 -0.780928 
173 0.770207 -0.0029177 -4.26762e-18 0 -0.0029177 0.770207 -2.15162e-16 -1.62351e-19 -9.09969e-19 -2.07233e-16 -0.770201 -0.000394858 7.0158e-22 -4.92165e-20 0.000394858 -0.770201 
174 0.496252 -0.00134668 -1.80476e-17 0 -0.00134668 0.496252 4.34022e-17 -2.56191e-20 1.80317e-17 4.12688e-17 -0.49625 -0.0001822 -6.24139e-21 -3.63517e-20 0.0001822 -0.49625 
175 0.793559 -0.00154169 -1.7913e-17 0 -0.00154169 0.793559 -3.41373e-16 -5.64796e-20 2.14599e-17 -3.46277e-16 -0.793557 -0.000208543 -5.94888e-21 3.113e-20 0.000208543 -0.793557 
176 0.6728 -0.000768482 1.23714e-17 0 -0.000768482 0.6728 -2.94116e-16 1.69562e-20 -1.1428e-17 -2.9305e-16 -0.6728 -0.000103931 1.81826e-21 4.43582e-20 0.000103931 -0.6728 
177 0.471973 -0.000319928 -9.22843e-18 0 -0.000319928 0.471973 8.84875e-16 6.92517e-20 5.38282e-18 8.87005e-16 -0.471972 -4.32626e-05 -6.04508e-22 -1.88553e-20 4.32626e-05 -0.471972 
178 0.778557 -0.000252738 1.29422e-17 0 -0.000252738 0.778557 -1.74222e-15 -3.16241e-20 -9.58853e-18 -1.74558e-15 -0.778557 -3.41738e-05 2.97301e-22 7.61769e-20 3.41738e-05 -0.778557 
179 0.707671 -6.83925e-05 2.41728e-17 0 -6.83925e-05 0.707671 4.80449e-15 3.02877e-20 -1.98658e-17 4.77468e-15 -0.707671 -9.24708e-06 3.10508e-22 3.1521e-21 9.24708e-06 -0.707671 
180 1.13221 -2.07872e-05 1.2496e-16 0 -2.07872e-05 1.13221 -2.12421e-15 -3.62645e-20 -6.2582e-17 -2.12314e-15 -1.13221 -2.81048e-06 1.56013e-22 -3.09912e-20 2.81048e-06 -1.13221 
