0 0 0 0 0 0 0 
1 1.15999 -0.0400768 1.15999 1.15927 -0.0072149 1.15927 
2 2.80773 -0.153381 2.80773 2.80336 -0.0276113 2.80336 
3 4.24022 -0.386152 4.24022 4.22193 -0.0695037 4.22193 
4 2.27645 -0.275568 2.27645 2.2591 -0.0495767 2.2591 
5 4.09041 -0.597298 4.09041 4.04496 -0.107468 4.04496 
6 2.30963 -0.417952 2.30963 2.27013 -0.0751749 2.27013 
7 5.57743 -1.16106 5.57743 5.45101 -0.208752 5.45101 
8 3.82409 -0.908816 3.82409 3.71077 -0.163353 3.71077 
9 4.60936 -1.23411 4.60936 4.43538 -0.221649 4.43538 
10 3.27875 -0.972549 3.27875 3.12621 -0.174648 3.12621 
11 3.62155 -1.17104 3.62155 3.42041 -0.210143 3.42041 
12 3.55302 -1.2486 3.55302 3.31867 -0.22395 3.31867 
13 3.37417 -1.27582 3.37417 3.11517 -0.228614 3.11517 
14 2.57757 -1.05099 2.57757 2.34589 -0.188198 2.34589 
15 3.18534 -1.37898 3.18534 2.86063 -0.246744 2.86063 
16 2.99585 -1.37767 2.99585 2.64872 -0.246457 2.64872 
17 2.83221 -1.37306 2.83221 2.46478 -0.245443 2.46478 
18 2.48252 -1.2698 2.48252 2.121 -0.226674 2.121 
19 2.29783 -1.23682 2.29782 1.92384 -0.220588 1.92384 
20 2.46221 -1.38704 2.46221 2.01917 -0.247143 2.01917 
21 2.5501 -1.49417 2.55009 2.04919 -0.265996 2.04919 
22 2.79781 -1.7043 2.79781 2.19782 -0.30291 2.19783 
23 2.05863 -1.30199 2.05863 1.57762 -0.23138 1.57762 
24 2.46845 -1.61906 2.46845 1.84089 -0.28739 1.84089 
25 2.33613 -1.5842 2.33613 1.69367 -0.280865 1.69367 
26 2.32459 -1.62301 2.32459 1.63908 -0.287416 1.63908 
27 2.14411 -1.54026 2.14411 1.46636 -0.272285 1.46636 
28 1.76632 -1.30506 1.76632 1.16761 -0.230516 1.16761 
29 2.07473 -1.57299 2.07473 1.32398 -0.277466 1.32398 
30 1.99482 -1.54875 1.99482 1.22717 -0.272819 1.22717 
31 1.88989 -1.50304 1.88988 1.11461 -0.264204 1.11461 
32 1.63295 -1.32515 1.63295 0.925286 -0.232751 0.925286 
33 1.7731 -1.46754 1.7731 0.961107 -0.257376 0.961107 
34 1.90482 -1.60737 1.90482 0.982449 -0.281445 0.982449 
35 1.74703 -1.49997 1.74703 0.85627 -0.262223 0.85627 
36 1.64102 -1.43213 1.64102 0.761108 -0.249952 0.761108 
37 1.5829 -1.40121 1.5829 0.694539 -0.244169 0.694539 
38 1.53653 -1.37873 1.53653 0.634287 -0.239854 0.634287 
39 1.40863 -1.27949 1.40863 0.545401 -0.222035 0.545401 
40 1.61088 -1.48182 1.61088 0.577016 -0.256878 0.577016 
41 1.32558 -1.23272 1.32558 0.438145 -0.213305 0.438145 
42 1.36655 -1.28317 1.36655 0.414353 -0.221631 0.414353 
43 1.43907 -1.36307 1.43907 0.396998 -0.234997 0.396998 
44 1.36315 -1.30095 1.36315 0.339818 -0.223879 0.339818 
45 1.38877 -1.33493 1.38877 0.306543 -0.229272 0.306543 
46 1.1353 -1.09791 1.1353 0.219064 -0.188196 0.219064 
47 1.08743 -1.05727 1.08743 0.178549 -0.180858 0.178549 
48 1.1784 -1.15066 1.1784 0.161023 -0.196441 0.161023 
49 1.01305 -0.992782 1.01305 0.10949 -0.169132 0.10949 
50 1.16578 -1.1455 1.16578 0.0940767 -0.19475 0.0940767 
51 1.15543 -1.13745 1.15543 0.0623811 -0.192988 0.0623811 
52 1.22669 -1.20904 1.22669 0.0318272 -0.204691 0.0318272 
53 1.10053 -1.08512 1.10053 -0.00053988 -0.18333 -0.00053988 
54 1.0243 -1.00962 1.0243 -0.0288681 -0.170196 -0.0288681 
55 1.15085 -1.13322 1.15085 -0.0619857 -0.190634 -0.0619857 
56 1.20476 -1.1841 1.20476 -0.0988048 -0.198728 -0.0988048 
57 1.12875 -1.10677 1.12875 -0.121268 -0.185349 -0.121268 
58 1.04645 -1.02262 1.04645 -0.14166 -0.170844 -0.14166 
59 1.0037 -0.977169 1.0037 -0.161156 -0.162889 -0.161156 
60 1.11557 -1.08135 1.11557 -0.206789 -0.179853 -0.206789 
61 1.00888 -0.9729 1.00888 -0.212584 -0.161439 -0.212584 
62 0.895571 -0.858636 0.895571 -0.21106 -0.142145 -0.21106 
63 1.00267 -0.955162 1.00267 -0.260908 -0.157752 -0.260908 
64 0.985417 -0.932278 0.985417 -0.279746 -0.153615 -0.279746 
65 0.861972 -0.809207 0.861972 -0.265419 -0.133015 -0.265419 
66 0.960777 -0.89473 0.960777 -0.317765 -0.146728 -0.317765 
67 0.889334 -0.8209 0.889334 -0.314582 -0.134295 -0.314582 
68 0.918312 -0.83974 0.918312 -0.345417 -0.137045 -0.345417 
69 1.00778 -0.912135 1.00778 -0.401909 -0.148487 -0.401909 
70 0.960657 -0.860482 0.960657 -0.403559 -0.13974 -0.403559 
71 0.819678 -0.72628 0.819678 -0.36127 -0.117663 -0.36127 
72 0.910769 -0.797367 0.910769 -0.420794 -0.128851 -0.420794 
73 0.830097 -0.718154 0.830097 -0.399854 -0.11577 -0.399854 
74 0.93521 -0.798948 0.93521 -0.468779 -0.128478 -0.468779 
75 0.779091 -0.656814 0.779091 -0.405528 -0.105358 -0.405528 
76 0.784553 -0.652689 0.784553 -0.422595 -0.104443 -0.422595 
77 0.911341 -0.747136 0.911341 -0.508013 -0.119249 -0.508013 
78 0.741526 -0.599067 0.741526 -0.426451 -0.0953783 -0.426451 
79 0.819348 -0.651982 0.819348 -0.485288 -0.103544 -0.485288 
80 0.860604 -0.674146 0.860604 -0.524149 -0.106796 -0.524149 
81 0.84036 -0.647735 0.84036 -0.525492 -0.102355 -0.525492 
82 0.795182 -0.603179 0.795182 -0.509342 -0.0950844 -0.509342 
83 0.870709 -0.648848 0.870709 -0.571574 -0.102018 -0.571574 
84 0.778567 -0.570159 0.778567 -0.522561 -0.0894227 -0.522561 
85 0.845465 -0.607913 0.845465 -0.579815 -0.0951016 -0.579815 
86 0.811501 -0.572903 0.811501 -0.567717 -0.0894026 -0.567717 
87 0.795021 -0.550855 0.795021 -0.566784 -0.0857497 -0.566784 
88 0.880902 -0.59854 0.880902 -0.639592 -0.0929381 -0.639592 
89 0.782905 -0.521682 0.782905 -0.578135 -0.0808057 -0.578135 
90 0.765158 -0.499403 0.765158 -0.574538 -0.0771583 -0.574538 
91 0.791486 -0.506222 0.791486 -0.603394 -0.0780222 -0.603394 
92 0.736931 -0.461554 0.736931 -0.570074 -0.0709632 -0.570074 
93 0.736821 -0.451357 0.736821 -0.578253 -0.0692196 -0.578253 
94 0.798841 -0.478794 0.798841 -0.635234 -0.0732486 -0.635234 
95 0.793984 -0.465236 0.793984 -0.639461 -0.0709988 -0.639461 
96 0.800204 -0.458213 0.800204 -0.652294 -0.0697556 -0.652294 
97 0.740241 -0.414165 0.740241 -0.610292 -0.0628978 -0.610292 
98 0.824443 -0.450644 0.824443 -0.686987 -0.0682753 -0.686987 
99 0.797189 -0.425313 0.797189 -0.671174 -0.064282 -0.671174 
100 0.698617 -0.363648 0.698617 -0.593977 -0.0548302 -0.593977 
101 0.711982 -0.361478 0.711982 -0.610971 -0.0543737 -0.610971 
102 0.773495 -0.382734 0.773495 -0.669701 -0.0574335 -0.669701 
103 0.755702 -0.364578 0.755702 -0.659681 -0.0545831 -0.659681 
104 0.6742 -0.316803 0.6742 -0.59324 -0.0473197 -0.59324 
105 0.720796 -0.329344 0.720796 -0.639268 -0.0490735 -0.639268 
106 0.677036 -0.301151 0.677036 -0.60471 -0.0447706 -0.60471 
107 0.837309 -0.362463 0.837309 -0.752864 -0.0537647 -0.752864 
108 0.713438 -0.299969 0.713438 -0.645782 -0.0443903 -0.645782 
109 0.705309 -0.288374 0.705309 -0.642247 -0.0425805 -0.642247 
110 0.659343 -0.261552 0.659343 -0.604014 -0.0385303 -0.604014 
111 0.826003 -0.318569 0.826003 -0.760652 -0.0468307 -0.760652 
112 0.723282 -0.27047 0.723282 -0.669628 -0.0396702 -0.669628 
113 0.685924 -0.248702 0.685924 -0.638207 -0.0363972 -0.638207 
114 0.70113 -0.246718 0.70113 -0.655293 -0.0360318 -0.655293 
115 0.708377 -0.241324 0.708377 -0.665069 -0.0351668 -0.665069 
116 0.713223 -0.23522 0.713223 -0.672445 -0.034204 -0.672445 
117 0.678864 -0.21687 0.678864 -0.642517 -0.0314713 -0.642517 
118 0.729742 -0.225435 0.729742 -0.693275 -0.0326458 -0.693275 
119 0.77312 -0.230916 0.77312 -0.737071 -0.0333711 -0.737071 
120 0.701582 -0.202477 0.701582 -0.671091 -0.0292019 -0.671091 
121 0.731426 -0.203762 0.731426 -0.701855 -0.0293278 -0.701855 
122 0.750348 -0.202015 0.750348 -0.722056 -0.0290211 -0.722056 
123 0.772873 -0.200502 0.772873 -0.745855 -0.028746 -0.745855 
124 0.6635 -0.166 0.6635 -0.641957 -0.0237543 -0.641957 
125 0.741062 -0.178756 0.741062 -0.718723 -0.0255322 -0.718723 
126 0.721924 -0.167398 0.721924 -0.70184 -0.0238636 -0.70184 
127 0.655784 -0.146285 0.655784 -0.638919 -0.0208153 -0.638919 
128 0.695753 -0.149131 0.695753 -0.67925 -0.0211814 -0.67925 
129 0.701795 -0.144628 0.701795 -0.686423 -0.0205059 -0.686423 
130 0.656257 -0.129641 0.656257 -0.643061 -0.0183476 -0.643061 
131 0.73822 -0.140008 0.73822 -0.72455 -0.0197813 -0.72455 
132 0.792755 -0.143943 0.792755 -0.779311 -0.0203019 -0.779311 
133 0.648846 -0.112863 0.648846 -0.638755 -0.0158921 -0.638755 
134 0.611022 -0.101629 0.611022 -0.60234 -0.0142865 -0.60234 
135 0.723099 -0.114925 0.723099 -0.713724 -0.0161294 -0.713724 
136 0.70716 -0.107168 0.70716 -0.698829 -0.0150163 -0.698829 
137 0.789093 -0.114108 0.789093 -0.780634 -0.0159642 -0.780634 
138 0.726166 -0.10005 0.726166 -0.719103 -0.0139762 -0.719103 
139 0.64594 -0.0846428 0.64594 -0.640261 -0.0118061 -0.640261 
140 0.736156 -0.0917926 0.736156 -0.730298 -0.012785 -0.730298 
141 0.64149 -0.0758625 0.64149 -0.6369 -0.0105509 -0.6369 
142 0.776198 -0.0870692 0.776198 -0.771203 -0.0120928 -0.771203 
143 0.740391 -0.0787304 0.740391 -0.736111 -0.01092 -0.736111 
144 0.787361 -0.0791055 0.787361 -0.783299 -0.0109573 -0.783299 
145 0.655712 -0.0622457 0.655712 -0.652694 -0.00861094 -0.652694 
146 0.703416 -0.0628811 0.703416 -0.700545 -0.00868768 -0.700545 
147 0.735712 -0.0619286 0.735712 -0.73305 -0.00854569 -0.73305 
148 0.709357 -0.0559833 0.709357 -0.707101 -0.00771579 -0.707101 
149 0.820965 -0.0607226 0.820965 -0.818673 -0.00835923 -0.818673 
150 0.687319 -0.0476571 0.687319 -0.685632 -0.00655345 -0.685632 
151 0.693475 -0.044956 0.693475 -0.691988 -0.0061754 -0.691988 
152 0.721322 -0.0435753 0.721322 -0.719979 -0.00597945 -0.719979 
153 0.615181 -0.0341955 0.615181 -0.614212 -0.00468694 -0.614212 
154 0.727253 -0.0376329 0.727253 -0.726259 -0.00515333 -0.726259 
155 0.666596 -0.0319573 0.666596 -0.665815 -0.00437213 -0.665815 
156 0.686502 -0.0302612 0.686502 -0.685822 -0.00413622 -0.685822 
157 0.676639 -0.0273382 0.676639 -0.676076 -0.00373337 -0.676076 
158 0.76509 -0.0283632 0.76509 -0.764554 -0.0038702 -0.764554 
159 0.751463 -0.0253383 0.751463 -0.751028 -0.00345462 -0.751028 
160 0.693445 -0.0210452 0.693445 -0.69312 -0.00286694 -0.69312 
161 0.690523 -0.0189193 0.690523 -0.690259 -0.00257546 -0.690259 
162 0.591584 -0.014625 0.591584 -0.5914 -0.00198957 -0.5914 
163 0.540756 -0.0119201 0.540756 -0.540622 -0.00162053 -0.540622 
164 0.716969 -0.0139931 0.716969 -0.716829 -0.00190116 -0.716829 
165 0.725368 -0.0123486 0.725368 -0.72526 -0.00167669 -0.72526 
166 0.796443 -0.0118712 0.796443 -0.796353 -0.00161102 -0.796353 
167 0.779652 -0.00998668 0.779652 -0.779587 -0.00135457 -0.779587 
168 0.582162 -0.00633454 0.582162 -0.582127 -0.000858791 -0.582127 
169 0.919144 -0.00850856 0.919144 -0.919104 -0.00115306 -0.919104 
170 0.782373 -0.00595024 0.782373 -0.78235 -0.00080603 -0.78235 
171 0.78951 -0.0048384 0.78951 -0.789495 -0.000655174 -0.789495 
172 0.780937 -0.00384425 0.780937 -0.780928 -0.000520399 -0.780928 
173 0.770207 -0.0029177 0.770207 -0.770201 -0.000394858 -0.770201 
174 0.496252 -0.00134668 0.496252 -0.49625 -0.0001822 -0.49625 
175 0.793559 -0.00154169 0.793559 -0.793557 -0.000208543 -0.793557 
176 0.6728 -0.000768482 0.6728 -0.6728 -0.000103931 -0.6728 
177 0.471973 -0.000319928 0.471973 -0.471972 -4.32626e-05 -0.471972 
178 0.778557 -0.000252738 0.778557 -0.778557 -3.41738e-05 -0.778557 
179 0.707671 -6.83925e-05 0.707671 -0.707671 -9.24708e-06 -0.707671 
180 1.13221 -2.07872e-05 1.13221 -1.13221 -2.81048e-06 -1.13221 
