0 6.61544 -0.0261239 0.0149498 0.00248592 -0.0273282 6.6032 0.00749006 -0.00201491 0.0167938 0.0110398 6.55713 0.0105484 0.00184953 -0.00554937 -0.0115826 6.54604 
1 9.47797 0.00396249 0.0396391 0.0196246 -0.0206368 9.23044 -0.021824 0.0381017 0.0740288 -0.026822 9.32512 0.0914269 0.00147392 -0.0231502 -0.0193502 9.13606 
2 6.56143 -0.0396729 0.0117026 -0.00669581 -0.0471037 6.45905 -0.00629108 -0.0290351 0.00983485 -0.0148364 6.51464 -0.00738639 -0.0020877 0.0181262 0.0187923 6.42843 
3 7.54619 -0.104307 -0.00621448 0.000267393 -0.1201 7.38697 0.0173247 0.00302658 -0.00205538 -0.0133625 7.43599 0.00979701 0.0024252 0.00761743 0.004088 7.3542 
4 6.23386 -0.0727264 -0.00273034 -0.000313065 -0.0759777 6.04888 0.0341871 0.0194145 -0.00168476 0.0436471 6.11673 -0.0183542 -0.00401147 -0.0148742 0.00652126 5.95885 
5 7.10776 -0.104292 -0.00593261 -0.00274984 -0.101314 7.01859 0.00854534 0.0139931 -0.00144095 0.0180791 7.01193 -0.0172407 -0.0021636 -0.000172152 0.0149228 6.95281 
6 6.42075 -0.1318 0.0123891 -0.00864967 -0.135557 6.30712 -0.0223436 0.000583947 0.0148521 -0.0112056 6.29881 0.0229414 -0.00415165 -0.0014487 -0.02032 6.20061 
7 6.12839 -0.0755742 -0.0149018 -0.00871325 -0.0745961 5.97015 0.0114022 -0.00902663 -0.0039537 0.00355094 5.91599 -0.0204727 -0.00979137 0.0237488 0.00959224 5.80769 
8 5.86249 -0.17666 0.0109715 -0.00331563 -0.179529 5.75622 0.0227221 0.00367019 0.0169722 0.0187509 5.68621 -0.000753125 -0.00754339 -0.00301108 -0.00242191 5.60563 
9 6.442 -0.149374 0.00757551 -0.00246466 -0.151771 6.28389 0.0162507 0.0116902 0.0118284 0.0184511 6.2851 0.00232047 -0.00244667 -0.00259756 0.0114149 6.1614 
10 6.05459 -0.163724 -0.00143479 -0.0013677 -0.162549 5.96737 0.0113489 0.00739186 0.00203951 -0.00585386 5.90306 0.00654346 -0.00212733 0.00429278 -0.0138939 5.8464 
11 5.50157 -0.167598 -0.00622492 0.00226618 -0.166908 5.38883 -0.0105841 -0.0078895 -0.00655721 -0.00799922 5.39481 -0.0052559 0.00284138 0.00370015 0.00297596 5.31405 
12 5.9141 -0.242181 -0.00297307 -0.00381223 -0.241119 5.84656 -0.00198167 -0.00154812 -0.000817552 -0.00185519 5.79192 0.00106326 -0.00328818 0.0100446 0.00128224 5.74172 
13 5.70856 -0.153438 0.00220925 -0.000502193 -0.150751 5.62758 0.00112533 0.00882401 0.00337525 -0.00548008 5.59307 0.00501349 -0.00222543 -0.00140291 -2.90374e-05 5.5385 
14 4.91587 -0.159311 -0.00479902 -0.00255548 -0.155784 4.81138 0.0071203 -0.00594452 -0.0047163 -0.00221328 4.80798 -3.44953e-05 -0.00439146 -0.000905665 -0.0086323 4.72449 
15 5.47868 -0.160564 -0.00249413 0.00190808 -0.163353 5.39669 0.0181715 0.00613264 -0.00330993 0.00448096 5.34348 0.00316803 0.00299311 -0.00468909 0.00503423 5.28422 
16 5.4885 -0.203734 0.000933229 0.000264685 -0.203683 5.41649 0.00145216 0.00920399 -0.00118406 0.00272225 5.34453 -0.00550697 -2.59782e-05 -0.0102928 0.00483691 5.28791 
17 4.96685 -0.170003 0.00469082 -0.00190935 -0.16799 4.90478 0.00388792 -0.00049653 0.000462919 0.00678864 4.83952 -0.00955347 0.000317667 -0.011439 0.0111048 4.79788 
18 5.32992 -0.115212 0.00401331 0.00148114 -0.115154 5.25008 -0.00678432 -0.00222841 0.00214561 -0.000551305 5.20054 -0.00576395 2.55769e-06 0.00578974 0.00337836 5.13698 
19 4.64118 -0.166815 -0.00160568 0.00139252 -0.166438 4.56673 -0.0125013 -0.00647655 0.0015963 0.00129461 4.48198 0.0009472 0.000978373 0.00911218 0.00171821 4.4355 
20 5.16648 -0.135281 -0.00228468 0.00103705 -0.134146 5.0865 -0.00721713 -0.00514709 0.001793 -0.00415889 5.00789 0.00328103 0.000230825 0.0115919 0.00128949 4.94781 
21 5.20504 -0.0997898 -0.000353607 -0.000989883 -0.098695 5.14179 0.0262808 0.00279683 0.00346053 0.0155038 5.0575 -0.00410669 -0.000760662 0.00898427 0.00304427 5.01466 
22 5.19156 -0.129243 -0.000325717 0.00217682 -0.129684 5.12235 -0.00484268 0.0002002 0.000536467 0.00452014 5.03854 7.40183e-05 0.00188872 0.0034902 0.00324253 4.98956 
23 4.98095 -0.105381 0.000276505 0.000895555 -0.105834 4.92263 -0.00559216 0.00175652 0.000293974 -7.50777e-05 4.79929 -0.00437357 0.000377384 0.00394416 0.0109889 4.75602 
24 4.48248 -0.117374 0.00142511 6.39367e-05 -0.118242 4.43737 0.00301314 0.00565297 0.0026639 0.00136665 4.31793 0.000176639 0.0013741 0.000308789 0.00307114 4.28804 
25 4.73052 -0.0887027 -0.0015714 -0.000567405 -0.0879607 4.67608 0.00811727 -0.00607346 -0.00280916 -0.0182446 4.58802 -0.00436232 9.01752e-05 0.00858882 0.00424384 4.55399 
26 4.43294 -0.081224 -0.00309554 0.00115234 -0.080709 4.38441 -0.00609594 0.00636906 -0.00174308 0.00400492 4.2911 -0.00836995 -0.000408622 0.000258395 0.00419567 4.2576 
27 4.43614 -0.0486731 -0.000595097 -0.000733802 -0.0485949 4.38426 0.0125006 0.00202146 0.002227 0.00497633 4.26477 -0.00779879 -0.000641284 0.00363802 0.00737447 4.23279 
28 4.33273 -0.0795079 0.000161692 -0.000191335 -0.0793784 4.29819 -0.00805079 0.00151724 -0.000259183 0.00292915 4.15745 -0.00772225 0.00102752 0.00164254 0.00495261 4.13765 
29 4.37548 -0.0204733 0.00187592 -0.000238192 -0.0188011 4.34913 -0.00156283 -0.000710358 0.000216695 -0.00773051 4.22301 -0.00478311 9.10273e-05 -0.000917424 0.000701247 4.21149 
30 3.85931 0.00335438 0.000238334 -0.000563168 9.31545e-05 3.82157 -0.00491773 0.000221043 -0.00051751 -0.00559592 3.70916 -0.000125551 -0.000470762 -0.00245627 0.00450396 3.68595 
31 3.8931 -0.00540051 0.000588373 -3.88989e-05 -0.00538801 3.85505 -0.00573816 0.00725237 0.00045888 0.000596951 3.71616 0.00285641 -0.000101015 -0.00333546 -0.000874207 3.6924 
32 3.82325 0.0324276 0.000347018 0.000446211 0.0320538 3.79316 -0.00152905 0.00121187 0.000869098 0.0178037 3.66751 -0.00794818 0.000776559 5.36142e-05 0.00349364 3.64942 
33 3.48789 0.0352665 0.00245725 -0.0001326 0.0364295 3.45763 -0.00396601 0.000601413 0.00313226 0.00358636 3.34396 -0.00704156 -0.000609385 -0.0017088 0.00436889 3.32328 
34 3.37528 0.0261038 0.000394187 -0.000333659 0.024664 3.35153 -0.00893382 -0.000766669 0.00163277 0.00116489 3.2236 -0.00445033 0.000393766 0.00111732 0.00460234 3.21495 
35 3.29341 0.0293821 -0.000883295 0.00084938 0.0292331 3.26905 0.0081124 0.00088816 0.000444664 0.0035785 3.12418 -0.00620584 0.000489111 0.00246289 0.00720198 3.11112 
36 3.03537 0.00290724 0.00316527 -0.000372946 0.00221381 3.00555 -0.000601597 0.00130331 0.00411424 0.00568898 2.83899 -0.00668003 0.000113501 0.00209753 0.00916368 2.82489 
37 3.13985 0.0532446 -0.00189474 0.000489041 0.0518182 3.12055 0.00330608 0.00149606 9.99453e-06 0.00787077 2.96755 -0.00462673 0.00037677 0.00349466 0.00654617 2.96116 
38 3.12365 0.0434169 0.00240191 -0.00038757 0.0426054 3.10486 0.00298822 -0.00233901 0.00151906 -0.000517313 2.93731 -0.00311255 0.000415657 -0.00147504 0.00211559 2.93017 
39 2.79609 0.0921684 0.000661514 3.74409e-05 0.0917314 2.77838 -0.00459877 0.00178256 0.00275728 0.0048643 2.62933 -0.00579492 0.000372207 -0.000605856 0.00647998 2.62302 
40 2.92093 0.0823733 0.000809211 -0.000863229 0.0829565 2.90681 0.0117404 -0.000276438 -0.00160901 -0.0077074 2.73522 -0.00290662 -2.62602e-06 0.000416018 0.00233772 2.73333 
41 2.80957 0.091803 0.000795691 -4.70993e-05 0.0919331 2.79176 0.00497114 0.000672806 0.0011206 0.00260147 2.63426 -0.00392202 -4.68278e-05 -0.000108798 0.00263843 2.62422 
42 2.55513 0.0827747 -0.00281603 -9.82447e-05 0.083478 2.52863 -0.0114117 0.00350562 -0.00115207 0.00501826 2.37171 -0.00323652 -0.000243162 -0.000263564 0.00203426 2.35834 
43 2.47785 0.0743933 0.00098318 0.000363753 0.0754549 2.46104 0.00474734 -0.000226575 0.000782323 0.00233074 2.28166 -0.00444252 0.000417454 0.00134398 0.00303944 2.27626 
44 2.45731 0.0997721 -0.00158431 0.000272569 0.0993731 2.44416 0.00209613 -0.00315796 -0.00252312 -0.000428433 2.26086 -0.00388437 0.00033512 0.000166918 0.00505095 2.25672 
45 2.64092 0.175116 0.00136723 0.000497303 0.17494 2.6275 0.00149247 0.000126249 0.00180369 0.0083367 2.44881 -0.00468834 0.000555191 0.00184737 0.00566072 2.44786 
46 2.14284 0.126298 -7.52278e-05 0.000424843 0.125469 2.12598 0.000147381 0.00135299 0.000689099 0.00276112 1.96058 -0.00211713 0.000706494 -0.000920797 0.00290866 1.95348 
47 2.07878 0.114947 0.000775856 -0.000213894 0.115205 2.0661 0.000659119 -0.00204652 4.19312e-05 0.000176741 1.88696 -0.00513824 0.000217494 0.000892728 0.00448014 1.8843 
48 2.10381 0.145793 0.000953386 -0.00018331 0.145795 2.08744 0.000872146 -0.00238454 2.60652e-05 -0.00497239 1.9121 -0.00375419 -0.000282531 -1.21639e-05 0.00469448 1.90746 
49 2.00246 0.140949 5.00219e-05 -0.000197278 0.140614 1.98541 -0.00293423 0.000142741 0.000214078 0.00371822 1.79846 -0.00245486 0.000155659 -0.00168751 0.00275751 1.79592 
50 1.93306 0.135752 0.00292079 -0.000355912 0.135854 1.91651 0.00815597 -0.00277159 0.000991001 0.00558545 1.71975 -0.0039671 0.000429814 -0.00102192 0.0029902 1.71517 
51 1.87633 0.1599 1.14377e-05 -0.000490347 0.159684 1.86626 0.0101402 -0.00170333 -0.00244624 -0.0109191 1.68514 -0.00375294 -0.00013119 0.000791762 0.00435049 1.6857 
52 1.7124 0.0973322 0.000586931 -0.000292566 0.0970648 1.69904 -5.51002e-05 0.000737574 -0.000133475 -0.00147609 1.47976 -0.000737821 -0.000193814 0.000338187 0.000886837 1.47705 
53 1.74518 0.148273 0.000782236 4.95986e-05 0.148147 1.73363 -0.00209402 0.000510259 0.00180823 0.00398519 1.53204 -0.00109412 6.09052e-05 0.00124033 0.00195881 1.53102 
54 1.58338 0.0950494 1.64752e-05 -0.000165156 0.0948604 1.57237 0.0015847 -0.000517152 -0.000671674 -0.00188921 1.34692 -0.00416318 -6.75712e-05 0.00177474 0.00435892 1.34613 
55 1.53151 0.147331 -0.000396306 -6.3508e-05 0.147004 1.52044 -0.00456754 0.0010406 -0.000431005 -0.00162311 1.32251 -0.00403 7.99529e-06 -0.00014368 0.00415516 1.32252 
56 1.44472 0.105558 0.00158554 -0.000133759 0.105534 1.43336 -0.00100875 -0.00136267 0.00142289 0.00282678 1.20828 -0.00220904 -0.00018623 -0.000215018 0.00140931 1.209 
57 1.32399 0.131058 3.13771e-05 0.000248468 0.131675 1.31096 -0.0116555 0.00066407 0.00264091 0.0133772 1.11967 -0.00554255 -9.6852e-05 -0.000676777 0.00395407 1.12012 
58 1.30276 0.111255 0.00111456 -2.52638e-05 0.110882 1.28975 0.00623217 -0.000493824 -0.000563687 -0.00338915 1.06806 -0.00368186 -8.13912e-05 -0.000195836 0.00477712 1.06522 
59 1.17764 0.1041 -9.09755e-05 -6.18878e-05 0.1046 1.16456 -0.00403706 0.000205474 8.16213e-05 0.00448237 0.955486 -0.00116577 5.37093e-05 -0.000329132 0.00112391 0.953507 
60 1.1921 0.110687 -0.00186188 0.00025185 0.110796 1.18063 -0.00195365 -0.00015552 -0.000671978 0.00237942 0.959084 -0.00335665 6.33719e-05 0.000639118 0.00357895 0.957509 
61 1.12548 0.111992 0.00018117 -0.00014919 0.111585 1.11405 -0.00563715 -6.00439e-05 0.00157966 0.004913 0.887866 -0.00276958 1.54507e-05 0.00013677 0.00287393 0.886571 
62 1.01301 0.101496 0.00144116 -4.24439e-05 0.101959 1.0033 0.00132896 -0.00113009 6.84207e-05 -0.00298977 0.787536 -0.00665793 6.81871e-05 0.00048075 0.00675758 0.788916 
63 0.907249 0.0897825 -0.00173112 0.000102188 0.0900693 0.896992 -0.00414158 0.000329948 -0.000656721 0.000638147 0.697458 -0.00371096 1.84013e-05 -0.00193721 0.00454144 0.697549 
64 0.998527 0.11906 0.000182593 4.68181e-06 0.119329 0.988202 -0.00571704 0.000410109 0.00119406 0.0036915 0.7657 -0.00606858 -0.000180185 -0.00137413 0.00582859 0.766929 
65 0.807595 0.0589396 0.000724797 0.00039384 0.0585367 0.795199 0.000650747 0.00225969 0.000721637 0.00289949 0.571321 -0.00598266 -0.000106641 -0.0017235 0.00639201 0.569621 
66 0.705063 0.0252842 -0.000286519 -0.000206869 0.0243728 0.693543 0.00221829 -0.00120417 0.00043506 0.00177364 0.474192 -0.00853028 0.000221328 0.00172936 0.00903929 0.473173 
67 0.774219 0.0591142 -0.000295205 -7.3585e-05 0.0590043 0.765996 0.000725649 -0.00112894 -0.00131259 0.000189413 0.533195 -0.00982391 -0.000121711 -0.0013145 0.0100114 0.535535 
68 0.700355 0.0623487 -0.000879989 6.21792e-05 0.0622836 0.689364 0.00355194 0.000770091 -0.000653454 -9.67215e-05 0.475614 -0.0117399 0.000455386 0.00153565 0.0119801 0.47562 
69 0.669784 0.0369049 0.000229399 3.74641e-05 0.0365071 0.655357 -0.00374453 0.000886536 0.00190779 0.00335997 0.421708 -0.0117865 0.000547554 0.0013687 0.0117238 0.421394 
70 0.681639 0.0528285 -0.00069686 -0.000257969 0.0523942 0.670113 0.00249964 -0.000287747 -0.00189915 -0.00459365 0.438048 -0.0150525 1.52597e-06 -0.000676773 0.0155286 0.439692 
71 0.557174 0.0217166 -0.000305351 -0.000223703 0.0217934 0.548142 -0.00200648 0.000467687 9.30039e-05 -0.00224619 0.321561 -0.0145476 -0.000127516 -0.000297841 0.0155804 0.32396 
72 0.578534 0.035184 -0.000820111 -3.87715e-05 0.035085 0.566874 -0.00774643 -1.98526e-05 0.00130278 0.0048043 0.338046 -0.0200704 1.73685e-05 0.00085005 0.0202735 0.338566 
73 0.489741 0.00281424 -0.000395356 -1.81773e-05 0.00281397 0.473558 0.00186026 0.000389201 0.00127348 0.00225118 0.257728 -0.0132782 0.000328283 -0.000742732 0.0136932 0.253965 
74 0.472763 0.00128723 0.00101809 0.000108322 0.00164457 0.461518 0.0042662 -0.000527545 0.000200302 -0.00256034 0.237059 -0.0194761 -0.000190979 -0.000263332 0.0186935 0.239547 
75 0.403095 -0.0222205 0.000891787 -0.000202948 -0.0221781 0.393897 0.00347355 -0.000120422 -0.00190336 -0.00525323 0.175759 -0.0147425 0.000112129 0.000312188 0.0147084 0.178351 
76 0.433267 -0.00688859 0.00280278 -0.000562336 -0.00622696 0.421057 0.00453066 -0.00250523 0.000923735 0.00288343 0.18721 -0.017667 -0.00033139 -0.00144816 0.0177795 0.187788 
77 0.38507 -0.0182386 -0.000831019 3.31389e-05 -0.0180645 0.370452 -0.00134701 0.000257209 0.000270664 -0.00267192 0.143263 -0.0221302 0.000135262 -0.00127113 0.0238928 0.142944 
78 0.369704 -0.0268937 -0.000720589 -7.25517e-05 -0.0270752 0.360392 -0.00404064 0.000907616 0.000442088 0.00518007 0.13011 -0.0216485 0.000301744 0.00155358 0.0207149 0.13294 
79 0.331066 -0.017011 0.000473754 -0.000123244 -0.0178188 0.317098 0.00522333 -0.000600926 2.51116e-07 0.0024321 0.111425 -0.0218621 -0.000282939 0.000119204 0.0239074 0.112518 
80 0.32601 -0.0357429 -0.00174181 6.85953e-05 -0.0351013 0.3095 -0.00615786 0.00171456 -0.000794902 -0.00261933 0.0865132 -0.0259212 6.75197e-05 -0.000288304 0.0262918 0.0871477 
81 0.294112 -0.041984 0.000452333 -6.5339e-06 -0.041881 0.284118 -0.000638017 0.000755083 0.00022411 -0.000472554 0.0623412 -0.0256931 0.000313511 0.00134238 0.0259834 0.0642003 
82 0.27405 -0.0487177 -0.000207623 -1.46198e-05 -0.047784 0.256539 -0.00209425 -0.00242203 4.32475e-05 -0.0021917 0.0430877 -0.0245393 0.000264189 -0.00166107 0.0236859 0.0435464 
83 0.245656 -0.0609265 -8.88782e-06 1.9532e-05 -0.0609719 0.233434 -0.00800719 0.00255739 -0.000114505 0.002094 0.0172382 -0.0200638 -6.49315e-05 0.00171841 0.0211581 0.0192179 
84 0.268302 -0.0675307 -0.00132745 -4.93228e-05 -0.0681196 0.253818 -0.00130429 0.00106999 0.00197558 0.00625035 0.0107921 -0.0244151 -0.000423341 0.00196978 0.0263802 0.0104773 
85 0.237291 -0.0767656 0.000812105 -9.044e-05 -0.0755154 0.224521 -9.86364e-05 -6.77636e-05 -0.0017018 0.000790556 -0.0120853 -0.0242006 -0.00018595 0.000697585 0.0246359 -0.0103407 
86 0.261839 -0.0533702 0.000264176 0.000104445 -0.0521393 0.245809 -0.00117922 0.00111768 -0.000435838 0.00132779 0.00960799 -0.0311864 -4.29431e-05 0.0012581 0.0293127 0.0166198 
87 0.238147 -0.058241 -0.000929699 0.000316019 -0.0579202 0.224671 -0.00235347 -0.000302449 -4.9026e-05 0.00423147 -0.0144851 -0.0306765 -0.000336782 0.00168746 0.0304976 -0.013622 
88 0.205212 -0.0803479 0.00103104 -0.00101168 -0.0800105 0.190919 -0.000259737 -0.000982604 -0.00128886 -0.00192427 -0.042259 -0.0169743 -0.000270889 -0.000239236 0.0167111 -0.0414514 
89 0.20657 -0.0598911 0.000222493 -0.00026071 -0.0601592 0.190448 -0.00373068 0.00239785 2.41099e-06 0.00310103 -0.0258479 -0.0318746 -1.94017e-05 0.00232812 0.0320462 -0.0235659 
90 0.190603 -0.0684367 0.00104323 -0.000355777 -0.0693718 0.171903 -0.00100055 -0.00256342 -0.000716097 -0.00277789 -0.0488174 -0.0251117 0.000220014 -0.0011728 0.026424 -0.0464347 
91 0.186256 -0.0627607 -0.000733788 0.000196689 -0.0626699 0.171939 -0.00502291 0.00402319 0.00191281 0.00693048 -0.045753 -0.0251311 0.000166545 0.00535043 0.0247551 -0.0425816 
92 0.187804 -0.0693202 -0.000995067 0.000650435 -0.0692201 0.174151 0.000748975 -0.000171811 -0.000873709 -0.00281609 -0.0599126 -0.0282543 0.000277634 -0.00203691 0.0279826 -0.0570615 
93 0.190537 -0.0709291 0.000674283 -0.000361264 -0.0710588 0.173997 -0.00234233 0.00169478 0.000994819 0.00444029 -0.067103 -0.0312143 0.000875914 0.000484139 0.0318991 -0.0637674 
94 0.160367 -0.0644951 -0.000243696 0.000537234 -0.0647896 0.145696 -0.00324107 0.00307896 -0.00030274 0.000469949 -0.0614717 -0.0236337 -8.37156e-05 0.00178601 0.0225881 -0.0552265 
95 0.180866 -0.068081 0.0013629 -0.000168674 -0.0678581 0.166405 -0.0041816 0.00592253 -0.000965358 0.00657166 -0.0711975 -0.0282327 -0.000282603 0.00259124 0.0291217 -0.0668812 
96 0.169704 -0.0640728 0.000422461 0.000443194 -0.0639425 0.154909 0.00515476 -0.000992083 -0.000393668 -0.00177161 -0.0720808 -0.0334712 0.000583766 -0.000655269 0.0346504 -0.0657203 
97 0.157934 -0.0576266 0.000787475 -0.000455628 -0.0592177 0.142169 0.000260232 -0.00122142 -0.000168609 -0.000833322 -0.0688223 -0.0333013 0.000709217 0.00160508 0.0342879 -0.0631396 
98 0.157773 -0.0569828 0.00105734 -0.00112192 -0.0566738 0.145846 0.000302775 0.00342871 0.00154153 0.00209315 -0.0635524 -0.0396158 0.000732762 0.000638144 0.0393348 -0.0575679 
99 0.17058 -0.0590597 -0.000108351 -0.000857281 -0.0588044 0.156896 0.00165682 -4.31654e-05 0.00159788 0.000905199 -0.078616 -0.0397949 3.1404e-05 -0.000286074 0.0391246 -0.0731614 
100 0.160032 -0.0614768 0.00206817 -0.000977021 -0.0629503 0.148549 0.00426213 -0.00277988 -0.000463527 -0.00344276 -0.0841946 -0.0288696 0.0002228 -0.00453026 0.0295807 -0.0796417 
101 0.145346 -0.055365 -0.000578304 -0.000337451 -0.0550179 0.135043 -0.00011636 0.00215736 0.00120052 0.000511255 -0.0762472 -0.0204599 4.43773e-05 -0.000103697 0.0207057 -0.0750058 
102 0.160324 -0.052256 -0.000968616 0.000150785 -0.0522191 0.145768 -0.00282 0.00219261 0.000312185 0.00119275 -0.0831976 -0.0371443 6.55026e-05 0.00164258 0.0360983 -0.07646 
103 0.133892 -0.0464664 0.000604912 -0.000368134 -0.0462526 0.123386 0.000730499 0.000595124 0.000355487 -0.000449224 -0.0752823 -0.0269924 0.000100576 -0.000358974 0.0269245 -0.071415 
104 0.155206 -0.0545196 -0.00197749 0.00121958 -0.0546523 0.143427 -0.00415155 0.00102643 -0.000486469 -0.00146856 -0.0871588 -0.0295415 8.58847e-05 0.0035041 0.0299891 -0.0842694 
105 0.155881 -0.0536062 0.000470158 6.99314e-05 -0.0531303 0.144824 0.000726424 -0.00129364 0.000487477 0.00223029 -0.0931331 -0.0264926 -0.0003527 -0.000778238 0.0253245 -0.0881645 
106 0.14914 -0.0469005 -0.000607077 5.84332e-05 -0.0468602 0.133071 -0.00633859 0.00414353 0.00130084 0.00605037 -0.0918549 -0.0220275 -0.000478694 0.00665232 0.0221096 -0.0848609 
107 0.143777 -0.0487266 0.00018112 0.000559578 -0.0484356 0.134695 -0.000920014 0.00207976 0.000392249 0.00177767 -0.0889244 -0.0257683 0.000841662 0.00278536 0.026604 -0.0847915 
108 0.150731 -0.0433758 0.00118294 -0.000433219 -0.0436647 0.138234 0.00389528 -0.00560222 -0.00192187 -0.00515547 -0.0938607 -0.028965 -0.000388556 -0.00610963 0.0294734 -0.0870058 
109 0.152082 -0.0449545 -0.000615795 -0.000232681 -0.0454347 0.13584 -0.000574792 0.00439595 0.000980406 -0.00263427 -0.0971842 -0.0232887 0.000273885 0.00156618 0.0240644 -0.0882273 
110 0.153791 -0.0433747 -0.00172709 0.000947563 -0.0436158 0.13829 -0.00193557 0.00195178 0.000587521 0.00167889 -0.0978416 -0.0249413 0.000199237 0.00435842 0.0251955 -0.090938 
111 0.137461 -0.0389082 0.000296826 -0.000844219 -0.0385111 0.126266 0.00305892 -0.0010509 0.000151711 0.000237111 -0.0887642 -0.0253361 6.56305e-05 -0.00241773 0.0240356 -0.0839166 
112 0.156333 -0.0421579 0.000813578 8.41757e-05 -0.0424748 0.141363 0.00234901 -0.00244133 -0.00167435 -0.00197775 -0.0969721 -0.0232541 0.000153099 -0.000637347 0.0221655 -0.0904686 
113 0.12292 -0.0403071 -0.000332633 -0.000408394 -0.040899 0.11501 0.00244667 -0.00142949 0.00142746 0.00125066 -0.0907239 -0.0112735 0.000355275 -0.00183129 0.0108078 -0.0885885 
114 0.129682 -0.0418697 2.64557e-05 -0.000191721 -0.0413995 0.1233 0.000514618 -0.000978802 -4.7659e-05 -5.97174e-05 -0.098862 -0.0160271 -0.000159328 -0.000960756 0.0150342 -0.096804 
115 0.121503 -0.0371734 -0.000418519 0.000532946 -0.0362973 0.111907 -0.00160476 -0.000221702 -0.00065714 -0.00236441 -0.0874302 -0.01127 -0.000123717 0.000380976 0.0103627 -0.085064 
116 0.128208 -0.0354097 2.28844e-05 -0.000521758 -0.0346911 0.116889 0.000189825 -0.000620034 0.000962009 0.00102908 -0.0879616 -0.0132925 0.000357636 0.00263255 0.0142975 -0.0829717 
117 0.136232 -0.0381433 0.000491359 -0.000257376 -0.0382891 0.127298 -0.000420945 0.0016299 0.000384521 0.00116835 -0.100086 -0.0147401 0.000635104 0.00339084 0.0140592 -0.100705 
118 0.129005 -0.0359684 5.48827e-05 -0.000199991 -0.036421 0.120536 0.00107123 0.00138989 0.000302123 -0.00142304 -0.0972182 -0.0142104 0.000628322 -0.00258126 0.0130545 -0.0941922 
119 0.126584 -0.0291677 -0.00108429 -0.00017469 -0.0293087 0.117069 -0.000177093 -0.00129131 0.00196152 0.0024942 -0.0873068 -0.0184106 0.000368857 0.00132552 0.0182589 -0.0837325 
120 0.120464 -0.0316091 0.00143369 -0.000373985 -0.0319268 0.109996 0.0051864 -0.00780014 -0.000801042 -0.00135746 -0.0940913 -0.0105892 7.3445e-05 -0.00516235 0.00895482 -0.091911 
121 0.12455 -0.0307563 -0.000723702 -0.00025854 -0.0294974 0.111431 -0.00060675 -0.00161701 -9.49128e-06 -0.00327274 -0.0951387 -0.0107654 -0.000381767 -0.0061232 0.0127334 -0.0922631 
122 0.134918 -0.0298952 0.000689533 -0.000848969 -0.0296491 0.12828 0.00162935 -0.00030174 0.000829933 0.0011829 -0.102217 -0.0195305 0.000818817 -0.00220673 0.0190119 -0.100223 
123 0.119007 -0.028458 -0.000408128 -3.53599e-05 -0.0287816 0.112237 -0.00104955 0.000637533 -0.000420257 0.00139594 -0.090551 -0.0124693 -0.000216205 0.000756989 0.0119895 -0.0886591 
124 0.113688 -0.0267269 0.000335878 0.00064642 -0.0269061 0.10406 -0.00218171 -0.000281142 -0.000959977 -0.0027559 -0.0893543 -0.00315939 -0.000228612 -0.00232505 0.00278398 -0.086394 
125 0.108486 -0.0287603 -0.000273664 8.95326e-05 -0.0282951 0.100319 0.000529694 0.000810901 0.000502565 -0.00225381 -0.0928119 0.000616729 0.000206256 0.000518515 0.000140615 -0.0909554 
126 0.113056 -0.0224062 -0.000794238 7.08516e-05 -0.0232904 0.10052 -0.000706238 -0.00337201 0.00123739 0.00508649 -0.0887788 -0.000907553 -0.000162179 0.00232797 -0.00085101 -0.0862543 
127 0.115269 -0.0252182 0.000452583 -4.4351e-05 -0.0260529 0.105524 -0.00114035 0.000303091 0.000503974 0.00150419 -0.0949976 -0.00184791 0.000168809 0.00103858 -0.000393529 -0.0920933 
128 0.114487 -0.0255321 0.000768388 -2.06265e-05 -0.0250957 0.10587 0.000742525 0.00250095 -0.00089778 -0.00164123 -0.0980332 -0.00228367 -0.00048688 0.00163003 0.00230093 -0.0935548 
129 0.111696 -0.0242217 -0.000108878 0.000218085 -0.0253334 0.100885 0.000198371 -0.000586436 0.000184002 0.00109861 -0.0966269 -0.00233614 -0.000104061 -0.000342003 0.00153525 -0.0922713 
130 0.111426 -0.0207144 0.000501916 -0.00077885 -0.0209422 0.102696 0.00227197 -3.78362e-06 -0.000316338 -0.00155074 -0.091447 -0.00158694 0.000431327 5.6158e-06 0.00130947 -0.0873033 
131 0.109749 -0.0227037 -0.00128026 0.000277711 -0.0226122 0.0986858 0.00126845 -0.0030724 0.000911549 0.000148912 -0.0936914 0.00246766 -0.000420832 -0.00120404 -0.00307937 -0.0909659 
132 0.113246 -0.0234099 -0.000216318 0.000258697 -0.0234892 0.10274 -0.00107115 0.000307967 -0.000187474 0.00188215 -0.100011 0.00106537 0.000253101 -0.000201071 -0.00163514 -0.0945803 
133 0.114222 -0.0215862 -6.03787e-05 -0.000142563 -0.0218829 0.108475 0.000889237 -0.000688274 -0.000669269 0.000321496 -0.100329 -0.00290356 0.000160754 -0.000313961 0.00266184 -0.0995536 
134 0.100317 -0.017711 0.00142903 -5.76102e-05 -0.0172856 0.0903939 0.00448172 0.000465368 -0.00105742 -0.00118728 -0.0828432 0.00455095 0.000220733 0.00312175 -0.00495923 -0.0805272 
135 0.105326 -0.0189436 6.11896e-05 8.60165e-05 -0.0187845 0.092391 -0.000292091 -0.000842166 0.000668876 0.000933107 -0.0934087 -9.74658e-05 0.000184879 0.00161383 -0.000841506 -0.0859462 
136 0.123663 -0.0204216 -0.000419456 -3.39588e-05 -0.0211227 0.111313 0.00197443 -0.0012564 0.000131123 -0.000790847 -0.107901 0.00148464 -0.000246301 -0.00059906 -0.00130149 -0.103131 
137 0.112846 -0.0148789 -0.000578063 0.000227246 -0.0149499 0.104267 -0.0011854 0.00262414 0.00043069 -0.00132089 -0.0948204 0.00450683 -0.000253287 0.00171931 -0.00370527 -0.0913268 
138 0.112291 -0.0175911 0.000274133 -0.000142484 -0.017388 0.10388 0.00371069 -0.00214779 0.000510726 -0.000722663 -0.0955792 0.000288652 -0.000199023 0.000614581 0.000218918 -0.0934706 
139 0.106314 -0.0143147 0.000351257 0.000338392 -0.0137203 0.0940878 0.00277094 0.00303715 -0.000814238 0.00188315 -0.0913645 0.00105311 1.17909e-05 0.00151134 0.000906359 -0.087403 
140 0.115079 -0.0139963 0.000983931 6.17421e-05 -0.013795 0.104769 0.000445412 0.000132881 -0.000206649 9.75892e-05 -0.0942951 0.00357376 3.50564e-05 -0.00113178 -0.00464648 -0.0911632 
141 0.115917 -0.0155749 -0.000400336 0.000418887 -0.0147396 0.103029 -0.000282372 -0.000524721 0.0012937 0.000420373 -0.0976764 0.00338525 -0.000526325 -0.000784904 -0.00101592 -0.0963513 
142 0.120151 -0.011591 0.000175346 0.000167577 -0.0112656 0.105666 0.00260564 -0.00298144 0.00125485 0.00348733 -0.0967988 0.00375306 -4.34208e-06 0.000654959 -0.00340668 -0.0941945 
143 0.118668 -0.0123877 0.000911973 0.000370168 -0.0113923 0.0986142 0.000768246 0.00164632 -0.0014704 0.000659666 -0.0929177 0.00698447 8.58469e-05 0.00104722 -0.00253746 -0.0861666 
144 0.111548 -0.0120505 -0.000987436 0.000238887 -0.0114555 0.100087 0.000931506 -0.00138225 0.000889373 0.000381032 -0.0919743 0.0067499 -0.000156422 0.00078145 -0.00446876 -0.0885594 
145 0.125258 -0.0142701 0.00032595 0.00035709 -0.0151392 0.11115 0.00203105 0.000956594 -0.000868241 -0.000468307 -0.104498 0.00365107 -0.000144908 0.00162077 -0.0033815 -0.0990139 
146 0.124772 -0.0134549 0.000690036 -0.000274237 -0.0122931 0.112587 -0.000942493 -0.000302706 -0.000954689 0.00266177 -0.0949586 -0.00455866 0.00015021 4.62428e-05 0.00418581 -0.0914644 
147 0.133647 -0.0122197 0.00090441 0.000129922 -0.0126955 0.113689 -0.000974599 0.00189935 -0.00115598 -0.000548496 -0.10372 -0.00350679 -0.000386732 0.000486028 0.0023109 -0.0940848 
148 0.134518 -0.0134844 0.000925069 0.000545365 -0.0136048 0.120934 0.000489098 -0.00164199 -0.0010489 0.0022106 -0.094438 -0.00475518 0.000336713 0.000328067 0.00690721 -0.0916878 
149 0.149207 -0.0223583 -0.00109376 -1.32643e-05 -0.0211099 0.130437 -0.00326538 -0.00304472 0.00259809 -0.000303592 -0.0957608 -0.00647491 0.000135596 -0.00215515 0.00806561 -0.0864793 
150 0.156762 -0.0238614 0.00226057 0.000425118 -0.0223327 0.133951 0.00223961 0.00283872 -0.00248401 0.00269323 -0.0954418 -0.00780053 -0.000406475 0.00402815 0.00845155 -0.0834844 
151 0.163274 -0.0207679 -0.000673754 -6.66062e-05 -0.0195669 0.131086 0.00497503 0.00453973 -0.00213985 -0.00758817 -0.10113 -0.00105033 -0.0010075 -0.000883359 2.37799e-05 -0.0807032 
152 0.172702 -0.0293706 0.000616576 -8.07663e-05 -0.028475 0.145403 -0.00826629 0.00400583 -0.00254751 0.00723265 -0.0986951 -0.00788189 -0.000154584 0.00119984 0.00832555 -0.0834619 
153 0.2056 -0.029121 0.00297427 -8.90683e-05 -0.0308867 0.165425 0.00662595 -0.00533503 -0.00111964 0.00310803 -0.084484 -0.0230401 -0.000153563 0.000169605 0.0198041 -0.0615969 
154 0.276785 -0.0374168 -0.00249639 -3.57132e-05 -0.0374664 0.21118 -0.00348584 0.002893 0.00297614 0.00368882 -0.103726 -0.0434192 -0.000578224 0.0020053 0.045509 -0.0484287 
155 0.268988 -0.0429576 -0.00450884 -0.000313037 -0.0399011 0.202285 -0.00398857 0.00027165 0.00244221 0.00623787 -0.113252 -0.0236351 4.10815e-05 6.99502e-05 0.0277421 -0.0621768 
156 0.358558 -0.0563481 0.00450008 0.00266208 -0.0589332 0.269537 0.00654093 -0.00871012 -0.00819774 0.00179303 -0.105758 -0.0558552 0.00026363 -0.00971565 0.0557868 -0.035074 
157 0.376907 -0.0875765 -0.000664142 -0.000775933 -0.0884782 0.283707 0.00792736 0.00375059 0.00169739 -0.00433728 -0.169486 -0.0336864 0.000167732 0.00622789 0.0320695 -0.0902241 
158 0.45105 -0.0839989 0.00810904 0.000463435 -0.080994 0.306891 -0.00505309 -0.0132613 -0.00556489 0.00971163 -0.143726 -0.0631293 0.000863511 -0.0125145 0.0636759 -0.0168534 
159 0.530224 -0.111074 0.00939675 0.00123734 -0.112797 0.341342 0.00316863 -0.0181138 -0.0124879 -0.00115702 -0.228155 -0.0655961 0.00136686 -0.0161416 0.0617989 -0.0575785 
160 0.55637 -0.121495 0.00168421 -0.000241031 -0.124539 0.400954 -0.0417829 0.00842095 -0.00202377 0.0393593 -0.245385 -0.0479038 0.000945127 0.0129773 0.0447497 -0.111226 
161 0.653667 -0.156877 -0.000748173 0.00191149 -0.155701 0.466626 -0.0262456 0.00704822 0.00155365 0.0273989 -0.245617 -0.069969 -4.99008e-05 0.0109654 0.0709261 -0.0738112 
162 0.763885 -0.176422 0.00197126 0.00145568 -0.166471 0.490746 0.0508054 -0.022543 0.00425308 -0.0502673 -0.388504 -0.0540378 0.00038485 -0.0205378 0.0628998 -0.135709 
163 0.878794 -0.158773 0.00809489 -0.00103934 -0.166282 0.558699 -0.00827787 0.00657631 -0.00606229 0.00500851 -0.441243 -0.0714879 -0.000481118 0.0101355 0.0697206 -0.143545 
164 1.02744 -0.187869 0.0123622 0.000353246 -0.178933 0.696575 0.036438 -0.034061 -0.0071901 -0.0226261 -0.535225 -0.0763208 0.00177192 -0.0264079 0.0782195 -0.237088 
165 1.1026 -0.221942 0.0120208 0.00178926 -0.212921 0.718505 -0.00113966 0.00206423 -0.0118102 -0.00645304 -0.682787 -0.0471643 -0.00217072 -0.0037594 0.04865 -0.325294 
166 1.37272 -0.185234 0.00787568 0.00256953 -0.179642 0.853948 -0.00111641 -0.00654619 0.00191129 -0.00602076 -0.762488 -0.114336 -0.000974267 -0.00983985 0.118723 -0.289904 
167 1.44825 -0.22716 -0.0174286 0.00267514 -0.220007 1.05649 0.0339411 0.0120224 0.010832 -0.0251658 -0.817786 -0.0807973 -0.0022158 0.0064439 0.0919179 -0.464108 
168 1.63736 -0.206688 0.0235962 0.00195183 -0.198033 1.12379 -0.0161355 0.0165679 -0.0314514 0.00941501 -0.969579 -0.104063 -0.00150892 0.00913885 0.114872 -0.485792 
169 1.68812 -0.193307 -0.015947 -0.000291011 -0.192117 1.17513 -0.0355529 0.0207597 0.0194506 0.0456396 -1.12823 -0.0274325 -0.000327406 0.013009 0.0278506 -0.651979 
170 2.00479 -0.213808 -0.00345344 0.000555284 -0.200019 1.31516 -0.0427267 0.0202584 0.014426 0.0508217 -1.35109 -0.0533982 -0.00184965 0.0218895 0.0592613 -0.69855 
171 2.05595 -0.17153 -0.00710473 0.00375205 -0.167403 1.39008 -0.00196963 -0.0255133 0.00647341 0.00189635 -1.43856 -0.0712811 0.00206476 -0.0250248 0.0676169 -0.805703 
172 2.32629 -0.0677016 -0.0176319 0.00390184 -0.060404 1.61918 -0.00300259 0.0152798 0.00879236 0.0123392 -1.67354 -0.0863589 -0.00213158 0.0129446 0.0785544 -1.01176 
173 2.31564 -0.147026 0.024274 0.00398222 -0.143242 1.58397 0.0188586 -0.0187957 -0.0197736 -0.0503024 -1.60647 0.0359121 0.00230908 -0.0191553 -0.0298956 -0.932184 
174 2.55565 -0.0690494 0.001157 0.00543111 -0.058542 1.72324 -0.0427712 -0.0199761 -0.0238305 0.0385551 -1.78238 -0.0172803 -0.00401341 -0.0185094 0.0325148 -1.0207 
175 2.66385 -0.0463994 0.0431899 0.00220138 -0.0580645 1.77274 0.0126134 -0.0443859 -0.0441311 0.00623557 -1.91728 -0.0623542 -0.00202493 -0.0502968 0.0393143 -1.07582 
176 2.83268 -0.0639133 -0.0326354 0.000212371 -0.0514304 2.14677 -0.02339 -0.00777045 0.035865 -0.00120731 -1.91865 -0.0338734 0.0029333 -0.00977044 0.050576 -1.30348 
177 2.84752 -0.0811398 -0.0878846 -5.61211e-05 -0.0819135 1.94741 -0.112159 0.00996136 0.0709319 0.107214 -2.19151 -0.0220294 -0.00247205 0.004258 0.0197758 -1.33176 
178 3.09458 0.0590662 -0.07012 0.00093489 0.0847629 2.15872 0.0256298 0.0198868 0.0766177 -0.0168465 -2.15964 -0.0798021 -0.00237949 0.0202216 0.0848683 -1.26882 
179 2.80318 -0.137523 0.0642042 0.00400783 -0.123904 2.03955 -0.215604 -0.0378162 -0.0423837 0.202758 -2.06112 0.0641349 -0.000966218 -0.0278858 -0.0697833 -1.33446 
180 3.24148 0.0378489 -0.100357 0.00669229 0.0780651 3.01505 0.118627 -0.079649 0.189278 -0.0604202 -2.89842 0.0542294 -0.0093164 -0.0603456 -0.0629156 -2.69905 
