0 6.61544 -0.0261239 6.6032 6.55713 0.0105484 6.54604 
1 9.47797 0.00396249 9.23044 9.32512 0.0914269 9.13606 
2 6.56143 -0.0396729 6.45905 6.51464 -0.00738639 6.42843 
3 7.54619 -0.104307 7.38697 7.43599 0.00979701 7.3542 
4 6.23386 -0.0727264 6.04888 6.11673 -0.0183542 5.95885 
5 7.10776 -0.104292 7.01859 7.01193 -0.0172407 6.95281 
6 6.42075 -0.1318 6.30712 6.29881 0.0229414 6.20061 
7 6.12839 -0.0755742 5.97015 5.91599 -0.0204727 5.80769 
8 5.86249 -0.17666 5.75622 5.68621 -0.000753125 5.60563 
9 6.442 -0.149374 6.28389 6.2851 0.00232047 6.1614 
10 6.05459 -0.163724 5.96737 5.90306 0.00654346 5.8464 
11 5.50157 -0.167598 5.38883 5.39481 -0.0052559 5.31405 
12 5.9141 -0.242181 5.84656 5.79192 0.00106326 5.74172 
13 5.70856 -0.153438 5.62758 5.59307 0.00501349 5.5385 
14 4.91587 -0.159311 4.81138 4.80798 -3.44953e-05 4.72449 
15 5.47868 -0.160564 5.39669 5.34348 0.00316803 5.28422 
16 5.4885 -0.203734 5.41649 5.34453 -0.00550697 5.28791 
17 4.96685 -0.170003 4.90478 4.83952 -0.00955347 4.79788 
18 5.32992 -0.115212 5.25008 5.20054 -0.00576395 5.13698 
19 4.64118 -0.166815 4.56673 4.48198 0.0009472 4.4355 
20 5.16648 -0.135281 5.0865 5.00789 0.00328103 4.94781 
21 5.20504 -0.0997898 5.14179 5.0575 -0.00410669 5.01466 
22 5.19156 -0.129243 5.12235 5.03854 7.40183e-05 4.98956 
23 4.98095 -0.105381 4.92263 4.79929 -0.00437357 4.75602 
24 4.48248 -0.117374 4.43737 4.31793 0.000176639 4.28804 
25 4.73052 -0.0887027 4.67608 4.58802 -0.00436232 4.55399 
26 4.43294 -0.081224 4.38441 4.2911 -0.00836995 4.2576 
27 4.43614 -0.0486731 4.38426 4.26477 -0.00779879 4.23279 
28 4.33273 -0.0795079 4.29819 4.15745 -0.00772225 4.13765 
29 4.37548 -0.0204733 4.34913 4.22301 -0.00478311 4.21149 
30 3.85931 0.00335438 3.82157 3.70916 -0.000125551 3.68595 
31 3.8931 -0.00540051 3.85505 3.71616 0.00285641 3.6924 
32 3.82325 0.0324276 3.79316 3.66751 -0.00794818 3.64942 
33 3.48789 0.0352665 3.45763 3.34396 -0.00704156 3.32328 
34 3.37528 0.0261038 3.35153 3.2236 -0.00445033 3.21495 
35 3.29341 0.0293821 3.26905 3.12418 -0.00620584 3.11112 
36 3.03537 0.00290724 3.00555 2.83899 -0.00668003 2.82489 
37 3.13985 0.0532446 3.12055 2.96755 -0.00462673 2.96116 
38 3.12365 0.0434169 3.10486 2.93731 -0.00311255 2.93017 
39 2.79609 0.0921684 2.77838 2.62933 -0.00579492 2.62302 
40 2.92093 0.0823733 2.90681 2.73522 -0.00290662 2.73333 
41 2.80957 0.091803 2.79176 2.63426 -0.00392202 2.62422 
42 2.55513 0.0827747 2.52863 2.37171 -0.00323652 2.35834 
43 2.47785 0.0743933 2.46104 2.28166 -0.00444252 2.27626 
44 2.45731 0.0997721 2.44416 2.26086 -0.00388437 2.25672 
45 2.64092 0.175116 2.6275 2.44881 -0.00468834 2.44786 
46 2.14284 0.126298 2.12598 1.96058 -0.00211713 1.95348 
47 2.07878 0.114947 2.0661 1.88696 -0.00513824 1.8843 
48 2.10381 0.145793 2.08744 1.9121 -0.00375419 1.90746 
49 2.00246 0.140949 1.98541 1.79846 -0.00245486 1.79592 
50 1.93306 0.135752 1.91651 1.71975 -0.0039671 1.71517 
51 1.87633 0.1599 1.86626 1.68514 -0.00375294 1.6857 
52 1.7124 0.0973322 1.69904 1.47976 -0.000737821 1.47705 
53 1.74518 0.148273 1.73363 1.53204 -0.00109412 1.53102 
54 1.58338 0.0950494 1.57237 1.34692 -0.00416318 1.34613 
55 1.53151 0.147331 1.52044 1.32251 -0.00403 1.32252 
56 1.44472 0.105558 1.43336 1.20828 -0.00220904 1.209 
57 1.32399 0.131058 1.31096 1.11967 -0.00554255 1.12012 
58 1.30276 0.111255 1.28975 1.06806 -0.00368186 1.06522 
59 1.17764 0.1041 1.16456 0.955486 -0.00116577 0.953507 
60 1.1921 0.110687 1.18063 0.959084 -0.00335665 0.957509 
61 1.12548 0.111992 1.11405 0.887866 -0.00276958 0.886571 
62 1.01301 0.101496 1.0033 0.787536 -0.00665793 0.788916 
63 0.907249 0.0897825 0.896992 0.697458 -0.00371096 0.697549 
64 0.998527 0.11906 0.988202 0.7657 -0.00606858 0.766929 
65 0.807595 0.0589396 0.795199 0.571321 -0.00598266 0.569621 
66 0.705063 0.0252842 0.693543 0.474192 -0.00853028 0.473173 
67 0.774219 0.0591142 0.765996 0.533195 -0.00982391 0.535535 
68 0.700355 0.0623487 0.689364 0.475614 -0.0117399 0.47562 
69 0.669784 0.0369049 0.655357 0.421708 -0.0117865 0.421394 
70 0.681639 0.0528285 0.670113 0.438048 -0.0150525 0.439692 
71 0.557174 0.0217166 0.548142 0.321561 -0.0145476 0.32396 
72 0.578534 0.035184 0.566874 0.338046 -0.0200704 0.338566 
73 0.489741 0.00281424 0.473558 0.257728 -0.0132782 0.253965 
74 0.472763 0.00128723 0.461518 0.237059 -0.0194761 0.239547 
75 0.403095 -0.0222205 0.393897 0.175759 -0.0147425 0.178351 
76 0.433267 -0.00688859 0.421057 0.18721 -0.017667 0.187788 
77 0.38507 -0.0182386 0.370452 0.143263 -0.0221302 0.142944 
78 0.369704 -0.0268937 0.360392 0.13011 -0.0216485 0.13294 
79 0.331066 -0.017011 0.317098 0.111425 -0.0218621 0.112518 
80 0.32601 -0.0357429 0.3095 0.0865132 -0.0259212 0.0871477 
81 0.294112 -0.041984 0.284118 0.0623412 -0.0256931 0.0642003 
82 0.27405 -0.0487177 0.256539 0.0430877 -0.0245393 0.0435464 
83 0.245656 -0.0609265 0.233434 0.0172382 -0.0200638 0.0192179 
84 0.268302 -0.0675307 0.253818 0.0107921 -0.0244151 0.0104773 
85 0.237291 -0.0767656 0.224521 -0.0120853 -0.0242006 -0.0103407 
86 0.261839 -0.0533702 0.245809 0.00960799 -0.0311864 0.0166198 
87 0.238147 -0.058241 0.224671 -0.0144851 -0.0306765 -0.013622 
88 0.205212 -0.0803479 0.190919 -0.042259 -0.0169743 -0.0414514 
89 0.20657 -0.0598911 0.190448 -0.0258479 -0.0318746 -0.0235659 
90 0.190603 -0.0684367 0.171903 -0.0488174 -0.0251117 -0.0464347 
91 0.186256 -0.0627607 0.171939 -0.045753 -0.0251311 -0.0425816 
92 0.187804 -0.0693202 0.174151 -0.0599126 -0.0282543 -0.0570615 
93 0.190537 -0.0709291 0.173997 -0.067103 -0.0312143 -0.0637674 
94 0.160367 -0.0644951 0.145696 -0.0614717 -0.0236337 -0.0552265 
95 0.180866 -0.068081 0.166405 -0.0711975 -0.0282327 -0.0668812 
96 0.169704 -0.0640728 0.154909 -0.0720808 -0.0334712 -0.0657203 
97 0.157934 -0.0576266 0.142169 -0.0688223 -0.0333013 -0.0631396 
98 0.157773 -0.0569828 0.145846 -0.0635524 -0.0396158 -0.0575679 
99 0.17058 -0.0590597 0.156896 -0.078616 -0.0397949 -0.0731614 
100 0.160032 -0.0614768 0.148549 -0.0841946 -0.0288696 -0.0796417 
101 0.145346 -0.055365 0.135043 -0.0762472 -0.0204599 -0.0750058 
102 0.160324 -0.052256 0.145768 -0.0831976 -0.0371443 -0.07646 
103 0.133892 -0.0464664 0.123386 -0.0752823 -0.0269924 -0.071415 
104 0.155206 -0.0545196 0.143427 -0.0871588 -0.0295415 -0.0842694 
105 0.155881 -0.0536062 0.144824 -0.0931331 -0.0264926 -0.0881645 
106 0.14914 -0.0469005 0.133071 -0.0918549 -0.0220275 -0.0848609 
107 0.143777 -0.0487266 0.134695 -0.0889244 -0.0257683 -0.0847915 
108 0.150731 -0.0433758 0.138234 -0.0938607 -0.028965 -0.0870058 
109 0.152082 -0.0449545 0.13584 -0.0971842 -0.0232887 -0.0882273 
110 0.153791 -0.0433747 0.13829 -0.0978416 -0.0249413 -0.090938 
111 0.137461 -0.0389082 0.126266 -0.0887642 -0.0253361 -0.0839166 
112 0.156333 -0.0421579 0.141363 -0.0969721 -0.0232541 -0.0904686 
113 0.12292 -0.0403071 0.11501 -0.0907239 -0.0112735 -0.0885885 
114 0.129682 -0.0418697 0.1233 -0.098862 -0.0160271 -0.096804 
115 0.121503 -0.0371734 0.111907 -0.0874302 -0.01127 -0.085064 
116 0.128208 -0.0354097 0.116889 -0.0879616 -0.0132925 -0.0829717 
117 0.136232 -0.0381433 0.127298 -0.100086 -0.0147401 -0.100705 
118 0.129005 -0.0359684 0.120536 -0.0972182 -0.0142104 -0.0941922 
119 0.126584 -0.0291677 0.117069 -0.0873068 -0.0184106 -0.0837325 
120 0.120464 -0.0316091 0.109996 -0.0940913 -0.0105892 -0.091911 
121 0.12455 -0.0307563 0.111431 -0.0951387 -0.0107654 -0.0922631 
122 0.134918 -0.0298952 0.12828 -0.102217 -0.0195305 -0.100223 
123 0.119007 -0.028458 0.112237 -0.090551 -0.0124693 -0.0886591 
124 0.113688 -0.0267269 0.10406 -0.0893543 -0.00315939 -0.086394 
125 0.108486 -0.0287603 0.100319 -0.0928119 0.000616729 -0.0909554 
126 0.113056 -0.0224062 0.10052 -0.0887788 -0.000907553 -0.0862543 
127 0.115269 -0.0252182 0.105524 -0.0949976 -0.00184791 -0.0920933 
128 0.114487 -0.0255321 0.10587 -0.0980332 -0.00228367 -0.0935548 
129 0.111696 -0.0242217 0.100885 -0.0966269 -0.00233614 -0.0922713 
130 0.111426 -0.0207144 0.102696 -0.091447 -0.00158694 -0.0873033 
131 0.109749 -0.0227037 0.0986858 -0.0936914 0.00246766 -0.0909659 
132 0.113246 -0.0234099 0.10274 -0.100011 0.00106537 -0.0945803 
133 0.114222 -0.0215862 0.108475 -0.100329 -0.00290356 -0.0995536 
134 0.100317 -0.017711 0.0903939 -0.0828432 0.00455095 -0.0805272 
135 0.105326 -0.0189436 0.092391 -0.0934087 -9.74658e-05 -0.0859462 
136 0.123663 -0.0204216 0.111313 -0.107901 0.00148464 -0.103131 
137 0.112846 -0.0148789 0.104267 -0.0948204 0.00450683 -0.0913268 
138 0.112291 -0.0175911 0.10388 -0.0955792 0.000288652 -0.0934706 
139 0.106314 -0.0143147 0.0940878 -0.0913645 0.00105311 -0.087403 
140 0.115079 -0.0139963 0.104769 -0.0942951 0.00357376 -0.0911632 
141 0.115917 -0.0155749 0.103029 -0.0976764 0.00338525 -0.0963513 
142 0.120151 -0.011591 0.105666 -0.0967988 0.00375306 -0.0941945 
143 0.118668 -0.0123877 0.0986142 -0.0929177 0.00698447 -0.0861666 
144 0.111548 -0.0120505 0.100087 -0.0919743 0.0067499 -0.0885594 
145 0.125258 -0.0142701 0.11115 -0.104498 0.00365107 -0.0990139 
146 0.124772 -0.0134549 0.112587 -0.0949586 -0.00455866 -0.0914644 
147 0.133647 -0.0122197 0.113689 -0.10372 -0.00350679 -0.0940848 
148 0.134518 -0.0134844 0.120934 -0.094438 -0.00475518 -0.0916878 
149 0.149207 -0.0223583 0.130437 -0.0957608 -0.00647491 -0.0864793 
150 0.156762 -0.0238614 0.133951 -0.0954418 -0.00780053 -0.0834844 
151 0.163274 -0.0207679 0.131086 -0.10113 -0.00105033 -0.0807032 
152 0.172702 -0.0293706 0.145403 -0.0986951 -0.00788189 -0.0834619 
153 0.2056 -0.029121 0.165425 -0.084484 -0.0230401 -0.0615969 
154 0.276785 -0.0374168 0.21118 -0.103726 -0.0434192 -0.0484287 
155 0.268988 -0.0429576 0.202285 -0.113252 -0.0236351 -0.0621768 
156 0.358558 -0.0563481 0.269537 -0.105758 -0.0558552 -0.035074 
157 0.376907 -0.0875765 0.283707 -0.169486 -0.0336864 -0.0902241 
158 0.45105 -0.0839989 0.306891 -0.143726 -0.0631293 -0.0168534 
159 0.530224 -0.111074 0.341342 -0.228155 -0.0655961 -0.0575785 
160 0.55637 -0.121495 0.400954 -0.245385 -0.0479038 -0.111226 
161 0.653667 -0.156877 0.466626 -0.245617 -0.069969 -0.0738112 
162 0.763885 -0.176422 0.490746 -0.388504 -0.0540378 -0.135709 
163 0.878794 -0.158773 0.558699 -0.441243 -0.0714879 -0.143545 
164 1.02744 -0.187869 0.696575 -0.535225 -0.0763208 -0.237088 
165 1.1026 -0.221942 0.718505 -0.682787 -0.0471643 -0.325294 
166 1.37272 -0.185234 0.853948 -0.762488 -0.114336 -0.289904 
167 1.44825 -0.22716 1.05649 -0.817786 -0.0807973 -0.464108 
168 1.63736 -0.206688 1.12379 -0.969579 -0.104063 -0.485792 
169 1.68812 -0.193307 1.17513 -1.12823 -0.0274325 -0.651979 
170 2.00479 -0.213808 1.31516 -1.35109 -0.0533982 -0.69855 
171 2.05595 -0.17153 1.39008 -1.43856 -0.0712811 -0.805703 
172 2.32629 -0.0677016 1.61918 -1.67354 -0.0863589 -1.01176 
173 2.31564 -0.147026 1.58397 -1.60647 0.0359121 -0.932184 
174 2.55565 -0.0690494 1.72324 -1.78238 -0.0172803 -1.0207 
175 2.66385 -0.0463994 1.77274 -1.91728 -0.0623542 -1.07582 
176 2.83268 -0.0639133 2.14677 -1.91865 -0.0338734 -1.30348 
177 2.84752 -0.0811398 1.94741 -2.19151 -0.0220294 -1.33176 
178 3.09458 0.0590662 2.15872 -2.15964 -0.0798021 -1.26882 
179 2.80318 -0.137523 2.03955 -2.06112 0.0641349 -1.33446 
180 3.24148 0.0378489 3.01505 -2.89842 0.0542294 -2.69905 
