0 11.3613 0.0294617 0.0837596 -0.00723928 0.0220917 10.7322 0.154712 -0.497456 0.0864151 0.202003 11.3082 0.109108 0.00461646 0.480795 -0.167805 10.6819 
1 12.8139 -0.00508276 -0.0386244 0.004201 -0.0188856 12.5407 0.0449634 -0.0598431 -0.0369773 0.0545198 12.5724 0.00727204 0.000354348 -0.0477502 -0.0491916 12.3737 
2 13.4543 -0.0663542 -0.0111446 -0.00651077 -0.0538213 13.3264 -0.0433376 -0.071954 -0.0173827 0.0136633 13.1874 0.0581759 0.00570144 0.0458257 -0.115333 13.0853 
3 13.0663 -0.0606485 0.00677883 0.00244298 -0.0596018 12.9764 0.0357988 -0.0598523 -0.00724524 0.0810936 12.8192 -0.00061871 -0.00123429 0.02792 -0.0388197 12.7561 
4 12.229 -0.0192248 0.0053523 -0.00118232 -0.0110269 12.0703 0.11464 -0.0265148 0.00728739 0.0298762 11.8871 -0.0128798 -0.00170074 0.0541736 0.0735009 11.7973 
5 11.1519 -0.0142594 -0.0206015 -0.000584373 -0.00920526 10.9899 0.0209789 0.0395821 -0.01879 -0.0167353 11.0815 -0.00704712 -0.00116137 -0.0645334 -0.0227415 10.9536 
6 11.1662 -0.0235255 0.00991806 0.000462088 -0.0126185 11.0611 0.0149174 0.0070571 0.00697965 0.0131409 11.0531 -0.0510305 -0.00151817 -0.017638 0.0262554 10.9659 
7 10.6411 -0.0383703 -0.000718219 0.00413537 -0.0406297 10.3884 0.00394821 0.051301 0.00814263 0.027013 10.374 0.0140371 0.00223244 -0.0211917 0.0114304 10.1518 
8 10.2598 -0.0280585 0.0111686 0.00039928 -0.0292955 10.137 -0.0330156 -0.0152887 0.0106003 0.0143802 10.01 0.0361869 0.001385 -0.00382043 -0.0533964 9.93591 
9 11.126 -0.0212535 -0.000354737 -0.00149834 -0.02031 10.846 -0.0975973 -0.00530905 -0.00962948 -0.0464458 10.8215 -0.0294883 -0.00228047 0.00456759 0.0315799 10.6247 
10 11.2407 -0.0404997 -0.00387101 0.00195358 -0.0390176 11.0817 0.0712227 -0.0213841 0.00606613 0.0579527 10.9473 -0.0342448 -0.000285672 0.0135518 0.0370964 10.8321 
11 9.97974 -0.0183178 0.0108781 0.000123874 -0.0143928 9.8282 0.0132669 0.00278477 0.00409033 -0.0202362 9.8705 -0.0125975 -0.00119997 -0.0156047 -0.00347941 9.75462 
12 10.3011 -0.0270727 0.00707932 -3.5731e-05 -0.0249588 10.1251 0.0548683 0.0137902 0.0120223 -0.00586913 10.0926 0.0322509 -0.000513485 0.01401 -0.057982 9.9637 
13 9.12091 -0.0112928 -0.00296498 -0.00110981 -0.00689067 8.94925 -0.0358629 -0.0143819 -0.00244766 -0.037269 8.87222 -0.00802066 -0.000730494 0.0164429 0.0330784 8.74428 
14 10.2493 0.0134317 -0.00324775 -0.00197521 0.013291 10.0928 0.0375674 0.00176369 -0.00218439 0.0112451 10.028 0.0139188 0.0016814 -0.00886047 0.00323236 9.93468 
15 9.01361 0.0492223 -0.00558819 -0.000534949 0.0493289 8.80349 0.0182191 -0.0208082 -0.00392029 -0.0183661 8.82264 -0.0355293 -9.33196e-05 0.0164232 0.0505639 8.66955 
16 8.65432 0.034755 0.00884978 -0.00218274 0.0320167 8.54714 -0.0234523 0.0197252 0.0143614 -0.0165136 8.52902 -0.0182145 0.000644751 0.00601217 0.0240454 8.47536 
17 8.48005 0.0466935 -0.000473228 -0.00109824 0.0405515 8.32303 -0.014924 -0.0108361 -0.00336304 -0.0131258 8.30584 -0.0111793 0.00443955 0.0106006 0.0149119 8.1717 
18 8.43733 0.0496263 -0.0071476 -0.00151143 0.0522326 8.33422 -0.00802445 0.000989525 -0.00594931 0.0034815 8.33866 0.00419666 -0.00234247 0.00773945 0.016882 8.27361 
19 7.91146 0.0865295 -0.00895161 0.000239597 0.089222 7.79606 -0.0197923 0.0153118 -0.00431411 -0.0264157 7.73869 -0.0360295 0.000895838 0.0146857 0.0415456 7.65331 
20 7.57593 0.0933008 -0.000961321 0.00130589 0.0970606 7.46978 0.0141852 0.00553327 -0.00365152 0.0258218 7.43939 -0.0202505 -0.00106912 -0.00404076 0.0288477 7.36735 
21 6.94619 0.0790116 -0.00247332 -0.000621121 0.0806489 6.83617 -0.00866993 0.0221576 0.000192605 0.00181185 6.76952 -0.0139036 -0.000425951 -0.0431958 0.0188096 6.71441 
22 6.9583 0.120746 0.00763968 0.000280577 0.126657 6.85301 0.0312828 -0.000983029 0.00375022 0.0245852 6.7692 -0.0415346 0.00127359 0.0179145 0.0367967 6.70614 
23 6.75172 0.0950928 0.0016574 0.00224326 0.0920126 6.6489 -0.00742243 0.0187183 0.00251368 0.00438644 6.60085 -0.028458 0.000974318 -0.0131015 0.0162419 6.53843 
24 6.22664 0.0958785 0.00444099 -0.000309848 0.094037 6.14203 -0.0108368 0.00915453 0.00552059 -0.00321493 6.07519 -0.0257002 0.00262387 -0.000254472 0.0135037 6.02388 
25 5.88279 0.132755 0.00634928 0.000715823 0.128938 5.79801 0.00661044 0.00216056 0.00453988 0.0133754 5.69211 -0.00033546 0.00136045 -0.00759331 0.00486631 5.64604 
26 5.87477 0.13513 0.000674119 0.000791397 0.139 5.79837 -0.00349682 0.00416497 0.00136391 0.00913411 5.69898 -0.0213505 0.000698284 -0.00286207 0.0282751 5.66378 
27 5.01842 0.118133 0.00678482 -7.96005e-05 0.119975 4.96337 -0.0132193 -0.00254128 0.00650226 0.00446236 4.91062 -0.00591098 0.000837994 0.00833271 0.0152754 4.89411 
28 5.02444 0.15993 0.0074147 0.000179049 0.158039 4.95926 0.0213862 0.0018978 0.00714187 -0.0169399 4.89099 -0.022618 0.00122607 -0.00154788 0.0285666 4.84931 
29 4.82322 0.182149 -0.00179006 0.00115685 0.181571 4.76641 -0.000453247 -0.00137604 0.00157161 0.00775403 4.7324 -0.0121477 -6.19792e-05 -0.000575992 0.0106203 4.6926 
30 4.62946 0.18129 0.00127587 -0.000661458 0.177454 4.58549 0.0147005 0.00980575 -0.00310983 0.00895402 4.50199 -0.00652361 9.91774e-05 -0.00395171 0.0112544 4.47696 
31 4.20075 0.165147 0.00893616 -0.000367445 0.169035 4.12937 0.0119134 0.0185284 0.00789168 0.012311 4.03548 -0.0378089 0.0009209 -0.00930242 0.035104 3.99446 
32 3.92085 0.144731 5.41081e-05 0.000691399 0.143215 3.84465 0.00247523 0.00216747 -0.00257493 -0.0119958 3.7795 -0.0191651 0.000427615 -0.0115376 0.0194175 3.74024 
33 3.6853 0.179367 0.00320529 0.000675069 0.182608 3.62854 -0.00683482 -0.00860448 0.00376978 0.00343045 3.5598 -0.00115959 -0.000235236 0.0088723 -0.00542225 3.54872 
34 3.68764 0.212475 -0.00137434 -0.000776644 0.213693 3.62184 -0.0275159 -0.0243115 -0.00689132 0.000620749 3.5373 -0.000888334 0.000155207 0.0116449 -0.00341927 3.50441 
35 3.31869 0.162944 -0.000524975 0.00177905 0.164744 3.26532 0.00496061 -0.00245396 -0.000305331 -0.000935413 3.20255 -0.00143172 0.000196401 0.00145074 0.00880931 3.16762 
36 3.09479 0.17865 -0.00133142 0.0014275 0.173284 3.03416 0.00823197 0.00508691 -0.00166638 -0.0183789 2.96977 -0.01035 0.00108929 -0.00263165 0.0105828 2.94997 
37 2.78948 0.141539 0.00608909 -0.000517553 0.142991 2.72419 0.0076497 -0.00531724 0.00413873 0.0143575 2.63969 -0.00474303 -0.000378902 -0.00334658 0.00885409 2.59432 
38 2.98888 0.193884 0.00320196 -6.27258e-05 0.191249 2.93575 0.00109035 0.000837327 0.0025208 -0.0142583 2.85393 -0.0186205 -0.00141447 1.74065e-05 0.0135668 2.83345 
39 2.65422 0.175503 0.00137156 -0.000505937 0.174651 2.60871 0.00355922 0.00476533 0.00154745 0.00371226 2.52798 -0.00641375 -0.000518545 -0.00514309 0.00462365 2.49512 
40 2.6131 0.206872 0.00026493 0.000972319 0.204581 2.56612 -0.00793134 0.00809659 0.000573093 0.00433764 2.48946 0.00196655 -0.000979482 -0.00103614 -0.00568959 2.47172 
41 2.47921 0.18517 0.00267678 0.000393657 0.187778 2.43035 0.0156515 -0.00582117 0.00111615 -0.00372642 2.31801 -0.0368114 -6.94159e-05 -0.00112746 0.0346243 2.30309 
42 2.15782 0.161166 -0.00060572 0.000104642 0.160775 2.11016 0.00279277 -0.00374742 -0.00348878 -0.00830294 2.03343 -0.00601396 -0.00115793 0.000253972 0.00705495 2.00893 
43 2.27302 0.19835 0.000890289 -0.00112815 0.198276 2.22534 0.000233633 0.00588713 0.00083539 0.00883049 2.13633 -0.0104748 0.000222693 0.00331843 0.00910774 2.11366 
44 2.21481 0.188206 0.00300247 -0.00062657 0.188392 2.16909 0.0128204 0.00469053 0.00173533 -0.000191974 2.07847 -0.00322807 -5.93386e-05 -0.00222819 0.0128048 2.05328 
45 1.82769 0.16658 -0.00200408 -0.000370856 0.162156 1.78065 -0.0152242 -0.00602933 -0.000513948 0.00176708 1.69337 -0.00582486 -0.000724966 -0.0030401 -0.00202259 1.67147 
46 1.91653 0.165022 -0.00216145 -0.00052216 0.166953 1.87276 0.00375917 -0.00739387 -0.00133941 0.00903833 1.76921 -0.0160697 0.00045995 0.00498031 0.0139853 1.74755 
47 1.63623 0.155168 -0.0006031 0.000537847 0.154175 1.59814 0.00795376 0.0141334 0.000181555 -0.00579752 1.49726 -0.0200061 -0.000574125 -0.0123476 0.0104555 1.49048 
48 1.46857 0.152954 0.000821697 0.000524912 0.151734 1.44599 -0.00271601 -0.00211048 0.000458339 0.00124464 1.36494 -0.00422769 -0.000124071 -0.000244337 0.00449618 1.36053 
49 1.44462 0.14876 -0.00149071 -0.000930559 0.14733 1.40947 -0.0137759 -0.00627094 -0.00186867 -0.00469752 1.30316 -0.0104958 0.000143045 0.00188265 0.0165176 1.29572 
50 1.3157 0.147655 0.00185378 0.000938513 0.147739 1.27829 -0.00168412 -0.00855132 -0.000286873 -0.0174189 1.18205 -0.0207647 -0.000660596 0.00836839 0.0216862 1.16313 
51 1.2374 0.128208 0.00111026 0.000998512 0.128349 1.19768 0.00482006 0.00156338 -0.000993697 0.0101078 1.08766 -0.00463164 0.000301032 -0.00267033 0.00346682 1.07073 
52 0.976335 0.0862271 0.000394319 0.00025714 0.0861209 0.952801 0.0107504 -0.00279102 -0.000552655 -0.00680749 0.8215 -0.0117278 0.00020399 0.00237257 0.0121057 0.814096 
53 0.92526 0.086484 0.00160545 -7.73067e-05 0.0885356 0.884004 0.0153627 -0.00629445 0.00195704 -0.000490827 0.772691 -0.0194177 -0.000647603 0.00917512 0.0207597 0.766907 
54 0.949348 0.105378 -0.000267952 -0.000742506 0.107884 0.906333 0.0124451 0.00153736 -0.00323902 0.000868165 0.80495 -0.0249415 8.02199e-05 -0.000633992 0.0252635 0.781905 
55 0.854293 0.0765825 0.00106702 -0.000427463 0.0755713 0.823962 0.0063084 -0.00148586 0.000579033 -0.0169293 0.72978 -0.0125438 0.00031994 0.00444376 0.00576531 0.729658 
56 0.768064 0.0689488 0.00198834 -0.000490578 0.0695457 0.747099 0.00943459 -0.000797446 0.00055507 -0.00032771 0.64063 -0.0188635 0.000370381 -0.000741741 0.0164583 0.640532 
57 0.664251 0.0578548 -0.000405679 -0.000137027 0.0576574 0.648225 0.0011697 -0.00289905 0.000680254 -0.00353835 0.520204 -0.011267 -0.000458029 -0.00535167 0.012417 0.521919 
58 0.638055 0.0521818 -0.00214692 -0.00135868 0.0502833 0.612207 -0.00813333 0.00468419 0.000393245 0.00427164 0.496962 -0.0208509 0.000569655 0.00191047 0.0263326 0.491 
59 0.622392 0.0586666 0.000478851 -0.000892579 0.0582726 0.593721 -0.000188033 0.00304247 -0.000203303 -0.00274558 0.478452 -0.0240203 0.00167307 0.00753264 0.0244748 0.471037 
60 0.463949 0.0175552 -0.00246553 -0.000110273 0.0172254 0.442482 -0.00404923 0.000601312 -0.00158298 0.00744175 0.330193 -0.0250259 0.000661529 -0.00146425 0.0194414 0.331898 
61 0.428906 0.011551 0.00256759 0.000686562 0.00955154 0.399318 -0.000548003 -0.00697405 -0.00164674 -0.0107772 0.277099 -0.0351403 0.000316661 0.00582517 0.0448251 0.275778 
62 0.405716 0.0234488 -0.00299813 0.00110034 0.0244983 0.393809 -0.00405058 0.00202532 -0.00139582 -0.000917199 0.293617 -0.0277721 -0.00101008 -0.000514216 0.0256478 0.291614 
63 0.323887 -0.0101182 -0.000915601 0.000543361 -0.00942684 0.299584 -0.010634 0.00271105 0.00229398 0.00373951 0.201895 -0.0167038 0.000142314 0.00220808 0.0231622 0.193945 
64 0.294891 -0.00894584 0.00063747 0.000527001 -0.00869184 0.269457 0.00345451 0.00281634 0.00221137 0.0187056 0.14973 -0.0188561 0.000181166 0.00869122 0.0176893 0.138972 
65 0.289793 -0.0172407 -0.00145453 -0.0004237 -0.0154517 0.264858 -0.00524814 -0.000853542 0.000205775 -0.00238313 0.165028 -0.0100319 1.75613e-05 0.00446951 0.00644664 0.163751 
66 0.243338 -0.0272305 -0.000840452 -0.00048944 -0.0277578 0.218507 -0.00933464 -0.00390919 0.00108917 -0.00490445 0.115518 -0.0161335 0.000538041 0.00449201 0.0128834 0.109026 
67 0.226367 -0.0320203 -0.00124315 -0.00106281 -0.0322204 0.194868 -0.00924217 -0.00543761 -0.000453685 -0.0103003 0.0983213 -0.0228461 0.000574989 0.00152727 0.0221531 0.0863102 
68 0.211497 -0.0279412 0.00090541 -0.00120541 -0.029123 0.192941 -0.00294374 -0.00333228 -0.000388598 -0.000337763 0.0788494 -0.00549766 0.000202483 -0.00300938 0.0102076 0.0750034 
69 0.192827 -0.0257461 -0.00140428 -0.000311627 -0.0268021 0.178551 -0.00208155 0.00109021 -0.00165089 0.000347825 0.0687247 -0.00598701 0.00041709 0.00141691 0.00548501 0.0699793 
70 0.174157 -0.0289721 0.000673367 -0.000528751 -0.0297386 0.148661 0.00287793 -0.00617171 -0.000499637 -0.00580156 0.0441382 -0.0274356 0.000527399 -0.00205534 0.0222173 0.0399279 
71 0.17138 -0.0397739 -0.000681534 -0.00117322 -0.0384602 0.14305 0.00205523 0.00239121 -0.00129184 0.00909159 0.0489976 -0.0262871 -0.000415579 -0.000739644 0.0215598 0.0324132 
72 0.152432 -0.0472985 -0.000487998 -0.000718082 -0.0482379 0.12834 0.000826915 0.00178177 0.001757 0.000602855 0.0200121 -0.0161163 0.000125935 -0.00327093 0.0110764 0.0143566 
73 0.132583 -0.04348 -0.00102635 -0.00018308 -0.041737 0.113855 -0.00299295 -0.00806984 0.000629984 -0.00178439 0.0211241 -0.00647615 0.000532664 0.00688479 0.00549064 0.0177788 
74 0.137642 -0.0371293 4.6703e-05 -0.000549514 -0.0382035 0.116317 2.92837e-05 -0.00612241 -0.00117647 0.000320105 0.00733067 -0.0306564 0.000172708 -0.00558475 0.0284137 0.00338903 
75 0.125071 -0.0368578 -0.00109051 0.000463675 -0.0356847 0.113684 -0.00140633 -0.00333149 -0.000767018 -0.00694638 0.00159576 -0.0297998 -0.000406748 0.00385128 0.0270123 0.00350513 
76 0.132216 -0.0405195 -0.00191879 0.000122331 -0.0425124 0.106422 -0.000288974 0.00789939 -0.00010617 -0.00423484 -0.00465832 -0.0196893 0.000121076 0.0028486 0.0205249 0.00126087 
77 0.146243 -0.0433589 0.000880355 -4.22825e-06 -0.0447775 0.118108 -0.00715926 -0.00653313 -0.000837237 -0.00973079 -0.00854619 -0.0236227 0.000485294 0.00173797 0.0202132 -0.0109942 
78 0.118431 -0.0389105 0.000419182 -0.000607575 -0.0376125 0.100114 -0.00356885 -0.00556723 -0.00168837 -0.0103147 -0.0229136 -0.0191156 -0.00114717 -0.00215767 0.0162618 -0.026713 
79 0.111537 -0.0386314 -0.00107892 0.000441539 -0.0401979 0.0843369 0.000956368 0.00572768 0.00125767 0.00211704 -0.00900288 -0.0217175 -0.000148836 -0.00507021 0.0178116 -0.00500122 
80 0.104972 -0.0447155 0.00188822 0.000746807 -0.0462972 0.0829242 -0.000283734 0.00219828 -0.000532118 -0.00871556 -0.00704842 -0.00890115 0.000567367 -0.00267822 0.00845576 -0.00610467 
81 0.108691 -0.0425428 -0.00174958 0.000996655 -0.0436781 0.0876439 -0.00341818 0.00625224 1.36089e-05 0.0010046 -0.0182878 -0.0106553 0.000658621 0.0004692 0.0101893 -0.0225198 
82 0.110397 -0.036648 -0.00226849 5.51573e-05 -0.0365175 0.0898147 -0.0121687 0.00116445 0.00179052 0.0041622 -0.0231079 -0.0157609 0.000584129 -0.0020022 0.0150643 -0.0210261 
83 0.106502 -0.0396656 -0.00156833 -6.98689e-05 -0.0416051 0.0896677 -0.0044197 0.00341632 -0.00163631 -0.00227834 -0.0201138 -0.00240781 -0.000723811 0.00621892 0.00177644 -0.0176802 
84 0.0967828 -0.039689 0.000532019 -0.00124215 -0.0403342 0.0755989 -0.00814008 -0.000204055 -0.00051544 0.00296778 -0.0121794 -0.0196174 0.000482067 0.00769152 0.0181235 -0.0130392 
85 0.0988551 -0.0397319 5.97931e-05 0.000621317 -0.0388629 0.0825478 -0.00498605 0.00433283 -0.00136007 -0.000194854 -0.0235419 -0.0121018 -0.00019192 0.00214715 0.0115198 -0.0229098 
86 0.109787 -0.0373817 -0.000447216 -2.05235e-05 -0.0385673 0.0889281 -0.00937562 0.000488591 0.000740927 0.00286614 -0.0253331 -0.013505 -3.59021e-05 -0.00550024 0.00727208 -0.0227474 
87 0.138151 -0.0313928 -0.00120442 0.000976416 -0.0319215 0.107935 -0.0104995 -0.00528166 -0.000570339 0.00588382 -0.0318887 -0.0240296 0.000400674 0.00210106 0.0166274 -0.0283551 
88 0.105091 -0.0411138 -0.00148284 1.99449e-05 -0.0398921 0.0816529 -0.00380194 -0.0020074 0.000930239 0.00211559 -0.0235862 -0.00646374 -0.00043612 -0.0074029 0.0115699 -0.0249491 
89 0.0826911 -0.0296292 -0.000598827 -0.000197589 -0.0304418 0.0665197 -0.00186675 0.0022636 -0.000911309 0.000561896 -0.0187251 -0.00867341 0.000455757 0.00439277 0.00379002 -0.0153808 
90 0.0690547 -0.0358828 -9.58902e-05 0.000156653 -0.0356507 0.0552814 0.00451152 -0.00428996 0.00108744 -0.00177958 -0.0179772 -0.00385119 -0.00012492 0.000648159 0.00654601 -0.0206448 
91 0.0921797 -0.0351355 -0.00115856 0.000300938 -0.0368988 0.074857 -0.00493178 0.000676276 -0.00165849 -0.0073355 -0.029323 -0.00905045 9.3778e-05 -0.00166159 0.00782484 -0.0349244 
92 0.110593 -0.0330001 0.00103051 7.46088e-05 -0.0330281 0.0876829 -0.000231563 -0.00293893 3.96926e-05 -0.00530006 -0.0257415 -0.0132893 0.000332205 -0.00476032 0.0201393 -0.021459 
93 0.083311 -0.036068 0.00059453 -0.00014411 -0.0367705 0.0716077 0.00199692 -0.00391396 0.000651822 -0.00269356 -0.0319864 -0.000576337 -0.000343191 -0.00291273 0.000141147 -0.0333888 
94 0.0861425 -0.0308199 -0.000171284 0.000333257 -0.0326031 0.070065 0.00938122 -0.00150402 0.000277577 0.00370036 -0.021662 -0.00806273 0.000269663 0.00415049 0.00798202 -0.0243193 
95 0.0852686 -0.0322718 4.06459e-05 -0.000633484 -0.0328532 0.0653472 0.0115529 -0.000837479 -0.00137135 -0.00285156 -0.0283033 -0.00874147 0.000195074 -0.000246137 0.0103869 -0.0287211 
96 0.111804 -0.0292798 0.00125575 0.000226426 -0.0296402 0.0915453 -0.00320919 -0.00238354 -0.00224085 -0.00491514 -0.0413272 -0.0215607 -0.000944001 0.0015414 0.0259852 -0.0404401 
97 0.099359 -0.033614 0.00124146 -0.000227694 -0.0320066 0.072193 0.00311709 -0.00506947 -0.000960464 0.00678133 -0.0387552 -0.0102091 0.000670061 0.00385557 0.00266896 -0.037601 
98 0.10438 -0.0287612 0.0012977 -0.000358913 -0.0277677 0.0842739 -0.00406018 0.00328049 -0.00102907 -0.0011062 -0.0369813 0.00130514 0.000729477 0.00351884 0.00621159 -0.0335144 
99 0.0912186 -0.029812 0.00186013 -0.000158703 -0.0302573 0.0728775 0.0025599 -0.00448937 0.00165048 0.00793397 -0.0362045 -0.00193522 -0.00067479 -0.00083102 0.000878773 -0.0387901 
100 0.0784973 -0.0286224 0.00179606 -0.000537409 -0.028565 0.0620649 0.0066241 0.000131709 -0.000124413 0.00484729 -0.0328817 -0.00142987 0.000704178 -0.000659382 0.00153724 -0.0281018 
101 0.088725 -0.0259969 -0.000719137 0.0004691 -0.0266811 0.0745927 -0.000574181 0.00390743 0.00150027 0.00594571 -0.0286605 -0.00368683 -0.000233773 0.00252385 0.00249946 -0.0264876 
102 0.0814552 -0.03125 0.000323529 0.000472932 -0.0300745 0.0560406 0.00672382 0.00312191 -0.0012217 0.00229106 -0.0334238 0.000179078 0.000154503 -0.00183868 -0.00684971 -0.0255317 
103 0.0822805 -0.0293846 -0.00254187 -0.000504075 -0.027411 0.0580136 -0.00799633 -0.00568051 0.000217974 -0.00117279 -0.0368991 -0.00316599 0.000805203 -0.00127867 0.00408934 -0.0322914 
104 0.0899884 -0.0254132 0.000903684 -9.71758e-05 -0.0263356 0.0687809 0.00280643 5.27882e-05 0.00204044 0.00466375 -0.0345086 0.00350596 -0.000830919 -0.00356595 -0.00888967 -0.0335828 
105 0.0881097 -0.0206579 0.000931174 -9.99902e-05 -0.0203712 0.0667202 0.00215523 0.00865507 0.000275339 -0.00146975 -0.0385849 -0.00335518 0.000378086 0.00548638 0.00879942 -0.0392761 
106 0.103833 -0.0227908 0.000118468 0.00019253 -0.0233478 0.0824927 -0.00157059 0.000589014 -0.00346944 -0.00420929 -0.0338904 -0.0197184 -0.00100926 -0.00613044 0.0201808 -0.035383 
107 0.0632044 -0.0264505 -0.000731114 0.000418033 -0.0249526 0.046275 -0.000963911 0.00279472 0.000588964 0.00720946 -0.032854 -0.00113384 0.000338853 0.00632475 0.00132359 -0.0231445 
108 0.0700523 -0.0269643 -0.000411924 -1.6631e-05 -0.0268665 0.0527972 -0.0076734 0.00118657 -0.000738011 -0.00114909 -0.0309234 -0.00136981 -0.000184391 0.00377268 -0.00443109 -0.0276287 
109 0.0790238 -0.0254155 0.000665956 6.00551e-05 -0.0248496 0.0607837 0.000202587 -8.95175e-05 -0.0020099 -0.00320862 -0.0390762 -0.0130385 0.000565009 0.00134961 0.0118358 -0.0355207 
110 0.0896486 -0.0231671 -0.000599838 -9.92406e-05 -0.0248878 0.068825 0.000307432 0.00295773 0.00116999 0.00424862 -0.036981 0.000917834 -0.000136443 0.00546241 0.00254465 -0.0361297 
111 0.0909765 -0.0230435 0.000394775 0.0004061 -0.0229433 0.0742179 -0.00082365 -0.000209812 0.000728682 -1.43051e-05 -0.0394007 0.000275813 0.000243589 0.00552705 0.00079399 -0.0341754 
112 0.0943228 -0.0224239 -0.000878601 7.83573e-05 -0.023912 0.0690945 0.00135554 0.0121234 -0.000739893 -0.00495895 -0.0332917 0.00796194 -0.000140418 -0.00345149 -0.012535 -0.0316363 
113 0.0750959 -0.0274586 0.00119438 -0.000487686 -0.027511 0.0642617 0.00252622 -0.000783435 0.000578682 0.00338702 -0.0340898 -0.000800297 -0.00023262 0.00123607 -0.00182708 -0.0321941 
114 0.0962299 -0.0217226 0.000614423 -7.2198e-05 -0.0216263 0.0711293 0.00880924 0.0010519 0.000479953 -0.000252909 -0.0288826 0.00393255 -9.00303e-05 0.00140982 -0.00718187 -0.0236766 
115 0.0919788 -0.0238538 0.00160526 -6.67712e-06 -0.0230168 0.0646222 0.00302564 -0.00707251 0.000295963 0.00677899 -0.020117 -0.0115266 0.000734806 -0.00771015 0.00863431 -0.0106792 
116 0.0852496 -0.0208297 -0.000274756 0.00052427 -0.0216813 0.0649428 0.00709644 0.00292187 -0.000536924 -0.00418815 -0.0275705 -0.00744879 -0.000497611 0.000320962 0.00766754 -0.0288091 
117 0.111245 -0.0217395 0.00167446 0.000523097 -0.0219881 0.0843923 0.00501197 -0.00351634 -0.00304942 -0.00130126 -0.036255 -0.0114583 -0.00120208 -0.00587703 0.0107644 -0.0297302 
118 0.109577 -0.0197476 7.97896e-05 -0.000133061 -0.0208735 0.0710289 0.00350078 -0.00326357 -0.00200174 -0.00846639 -0.0325781 0.00682514 0.000116985 0.00439972 -0.00653709 -0.0351942 
119 0.0981196 -0.0191716 0.000660546 -4.24085e-05 -0.0185357 0.0686804 0.0015567 0.00046855 0.000389727 0.00314258 -0.0296672 -0.00216823 0.000396695 -0.00398135 0.00255935 -0.0217295 
120 0.0990599 -0.0193928 -0.000643417 -3.46269e-05 -0.0200051 0.070629 0.00974896 0.00161035 -0.00286729 -0.00492513 -0.0232725 -0.00404886 0.000432457 0.00867059 0.0110554 -0.0156974 
121 0.113736 -0.0193626 -0.00156966 -0.000115907 -0.0185092 0.0782641 -0.00131148 -0.00226138 -0.00266482 0.00510658 -0.0330358 -0.00510858 -8.88996e-05 -0.00207203 0.00649172 -0.0224488 
122 0.146117 -0.01343 0.00150298 0.000563658 -0.0148426 0.109463 -0.000841259 0.000215853 -0.00145257 0.00443224 -0.0400582 0.0117141 -0.000363583 -0.00125658 -0.00896104 -0.0249835 
123 0.126977 -0.0145221 -0.000881867 -0.00213421 -0.0137324 0.090897 0.001485 -0.000961551 -0.000293326 0.001733 -0.0152234 -0.0128049 0.000402106 0.00256057 0.0132729 0.00291459 
124 0.130947 -0.018291 0.00162105 -0.000708221 -0.0185351 0.101416 0.000762591 0.00571872 -0.00404184 0.000159402 -0.0241361 -0.0052885 6.63875e-06 0.00879237 0.00191023 -0.0116146 
125 0.136873 -0.0166361 0.000375808 0.000936074 -0.0176792 0.0972987 -0.00168399 0.0100542 -7.15887e-05 -0.00554491 -0.0353852 -0.0034242 -0.000920487 0.00989478 -0.0045496 -0.0215006 
126 0.140819 -0.0201145 -0.00130385 0.00115471 -0.0204507 0.106253 0.0038373 -0.00251882 -0.000622769 -0.000703016 -0.0265871 -0.0248825 -2.02122e-05 -0.00159885 0.0222636 -0.0106133 
127 0.112026 -0.0189028 -9.85371e-05 -0.000833869 -0.0189362 0.0853259 0.0033215 -0.0025835 0.000373389 0.00188005 -0.0190095 -0.0102303 -0.000494025 -0.00513226 0.00742204 -0.00457413 
128 0.150813 -0.0178525 0.00309867 0.000416097 -0.0158384 0.111558 0.0151326 -0.00553606 -0.00362851 0.00380287 -0.00771741 0.00313835 0.000571798 -0.00177913 -0.00405521 0.0115883 
129 0.18586 -0.00948997 0.00418831 0.000172648 -0.0116165 0.147935 0.0133907 -0.00471758 -0.00280705 -0.00911577 0.0102286 -0.0217597 0.000680871 -0.00559561 0.0233623 0.0297416 
130 0.211612 -0.0147929 -0.000188268 0.00128809 -0.018536 0.156131 0.00589326 0.00799223 0.00233057 -0.00130794 0.0143639 -0.0217935 -0.000513888 -0.00374654 0.0163267 0.0361574 
131 0.234065 -0.0182988 0.0036856 -0.00221169 -0.0189722 0.176176 0.014631 -0.0212014 -0.000553771 -0.0137159 0.0317508 -0.0508345 0.000603504 -0.0186881 0.0534 0.0727344 
132 0.235498 -0.023046 -0.00622871 0.00122592 -0.0218647 0.176635 -0.00725712 -0.000724627 0.00466998 0.0167452 0.039171 -0.0407907 -0.000918447 -0.00139566 0.0364432 0.0663261 
133 0.215029 -0.0225409 -0.00578837 0.00139253 -0.0243202 0.165018 -0.0063391 0.0121451 0.00421883 0.00397327 0.0220961 -0.0537899 0.000502684 0.00699598 0.0447246 0.0517518 
134 0.279773 -0.0280748 -0.000142538 0.000365466 -0.0274033 0.213947 0.000144776 0.00827414 0.00236624 0.0110049 0.0655992 -0.0304607 -0.000525665 -0.00753842 0.0251583 0.100461 
135 0.280024 -0.0258399 -0.00575839 0.00192401 -0.0279366 0.221359 0.0266177 -0.0219444 0.00100088 -0.00997882 0.0609831 -0.0497793 0.000804704 -0.00858266 0.0483789 0.0964599 
136 0.33298 -0.0345302 0.00269525 -0.000901538 -0.0340473 0.266998 0.0265409 -0.00695488 0.00307869 -0.00255142 0.121634 -0.0652093 0.00181739 -0.00586349 0.0675744 0.164779 
137 0.324291 -0.0389686 -0.0049921 -0.000249687 -0.0385837 0.26164 -0.0152352 -0.0104404 0.00309039 0.0136063 0.0998141 -0.0583249 -0.00177264 -0.0207109 0.0607738 0.138041 
138 0.351445 -0.0560576 0.000721256 -0.00121503 -0.059742 0.282345 0.0134605 -0.00826125 0.000910135 -0.00860506 0.0829841 -0.0628234 -0.00153219 -0.0108102 0.0637747 0.12639 
139 0.354057 -0.0604811 0.00356786 0.000580046 -0.0592742 0.298281 0.00513254 -0.00375705 -0.000533109 -0.00726739 0.0988864 -0.0328217 -0.00044437 -0.00334872 0.033402 0.13322 
140 0.388628 -0.0662591 -0.00208003 0.000490127 -0.0670383 0.327828 0.00499767 -0.00503164 0.00154334 0.00189069 0.106591 -0.0591228 -0.00103306 0.00235357 0.0563127 0.134826 
141 0.445851 -0.0790518 0.000800316 -0.000951346 -0.0792358 0.36589 -0.00249012 0.00830665 0.00735851 0.00207226 0.119998 -0.0736847 0.00162549 0.0121878 0.0778262 0.179385 
142 0.476803 -0.0787809 0.00466854 -0.00231243 -0.0742119 0.386492 0.0112776 -0.00147908 0.00259344 -0.0124326 0.101652 -0.0981192 0.00115828 0.000642899 0.0987547 0.174724 
143 0.425513 -0.109835 -0.00301153 0.000136349 -0.108353 0.336265 -0.0197519 -0.00116818 0.00469509 0.0106376 0.053713 -0.0681813 -0.000402171 0.00367576 0.0774551 0.116836 
144 0.478444 -0.120259 0.000809832 0.00017677 -0.118082 0.389577 0.00795255 0.00738081 -0.0029134 0.0110577 0.0894175 -0.088658 -0.00064998 0.000749898 0.0906222 0.160673 
145 0.46354 -0.146016 0.00467542 0.000771604 -0.141177 0.365278 0.00121118 -0.00664529 -0.00260704 -0.0128136 0.0444997 -0.0740921 -0.00131556 -0.00835203 0.0699992 0.120255 
146 0.448096 -0.161104 -0.00368856 6.54584e-05 -0.160902 0.366083 -0.0161832 0.00617637 -0.000700676 0.0222566 0.00246433 -0.0415112 -0.00186963 -0.00252015 0.0487267 0.0436363 
147 0.480874 -0.146332 -0.00229445 -0.00172215 -0.151203 0.383194 0.00769049 0.0104434 0.00727172 0.0227638 -0.00993783 -0.0517063 -0.00147737 0.00156537 0.0621138 0.0439606 
148 0.527153 -0.179761 -0.00526221 0.00115691 -0.179254 0.406397 -0.0171685 0.0125056 0.00810961 0.017021 -0.0272805 -0.075535 0.00159275 0.0151005 0.0790303 0.0687483 
149 0.482361 -0.159341 -0.000503532 0.000179683 -0.159649 0.372994 -0.0187818 -0.0102143 -0.000595507 0.015451 -0.0605579 -0.0488687 -0.000413764 0.0012635 0.0563311 0.019379 
150 0.507497 -0.153194 0.00287883 0.000575013 -0.154818 0.414893 -0.00266139 0.00253633 0.00360656 0.00631897 -0.0510268 -0.0788985 -0.000360564 0.00646666 0.0776331 0.0184643 
151 0.513361 -0.180862 0.00477204 0.000366549 -0.182687 0.407062 0.02992 -0.0170589 -0.00305321 -0.00515766 -0.10656 -0.0412026 0.000584554 -0.0193381 0.0376608 -0.0311751 
152 0.538418 -0.167857 0.00246855 -0.00146776 -0.171801 0.398994 0.00913531 -0.0210385 -0.00174993 -0.00405849 -0.143589 -0.0523785 0.000146757 -0.0141091 0.0408062 -0.0378263 
153 0.549247 -0.16717 0.00448435 0.000490331 -0.167229 0.448768 0.00542594 0.0168184 -0.00316328 -0.00358333 -0.106693 -0.0772941 0.000255676 0.000379599 0.077556 -0.04651 
154 0.581536 -0.152952 -0.00139993 -0.00122735 -0.152085 0.457002 0.0183718 0.0166982 0.00377211 0.0164581 -0.18128 -0.0644496 0.00133251 0.0243131 0.0779947 -0.110571 
155 0.552341 -0.14315 -0.00280742 0.000311344 -0.139148 0.434061 0.00911664 -0.0218571 0.00377995 -0.0209139 -0.168302 -0.056445 8.01106e-05 -0.00258415 0.0608485 -0.0944432 
156 0.535109 -0.137709 -0.00163504 0.00193416 -0.139033 0.41952 0.0028412 -0.0100658 9.82255e-05 -0.0193453 -0.20232 -0.0712373 -0.00177772 -0.014318 0.0729399 -0.121423 
157 0.521768 -0.13975 0.000199956 0.00190382 -0.136898 0.402475 -0.0183474 0.00488292 -0.0028554 0.00472697 -0.242842 -0.0219592 -4.01184e-05 -0.0127069 0.0260957 -0.159308 
158 0.476651 -0.123897 -0.00627894 0.000379559 -0.12709 0.381512 -0.0209208 -0.00262822 0.00865306 0.00366203 -0.2278 -0.0550009 -0.000916304 -0.000273697 0.0547828 -0.166459 
159 0.506152 -0.113954 -0.00429031 0.000158528 -0.112619 0.37985 0.00345107 0.000559583 0.00465609 -0.0217928 -0.283024 -0.0296901 0.000427151 0.0125298 0.0242572 -0.191369 
160 0.429378 -0.107125 2.76324e-05 -0.00327344 -0.104037 0.334253 0.0326822 0.00129222 -0.0059009 -0.0262838 -0.262032 -0.0150011 0.0013449 -0.0130615 0.0248598 -0.195984 
161 0.434742 -0.0981623 0.00781457 -0.00115714 -0.0970077 0.322822 0.00108458 0.0111244 -0.00485529 -0.00904865 -0.306197 -0.0055741 -0.000614966 -0.0165872 -0.0100772 -0.235468 
162 0.410617 -0.0900203 0.00203808 0.00209974 -0.0884553 0.335422 -0.00857583 0.00312268 0.00195269 -0.0178637 -0.27466 -0.0180609 -0.00333856 0.00956411 0.00312363 -0.257199 
163 0.451418 -0.079777 -0.00921644 0.00275345 -0.0743236 0.341581 0.00409134 0.000923571 0.00683713 -0.00242729 -0.284567 -0.00142908 0.00057907 -0.00731068 0.0271748 -0.222331 
164 0.398454 -0.0618078 0.00296103 -0.00022962 -0.0635462 0.302328 -0.0137374 -0.00110022 -0.00290734 -0.0150871 -0.287571 -0.0145136 -0.00217947 -0.0144454 0.0110078 -0.242553 
165 0.396705 -0.0546661 -0.00502436 0.000982949 -0.0586271 0.310614 0.0154041 -0.0150311 0.00330221 0.0191577 -0.277806 -0.043224 -0.00378268 -0.0197373 0.0355255 -0.230049 
166 0.426072 -0.0414433 0.00232779 0.000796839 -0.0330638 0.326934 0.00922751 0.00495731 0.00151859 0.00250166 -0.319203 -0.019439 -0.000803801 0.00990802 0.0406715 -0.252461 
167 0.478649 -0.0310005 0.0024029 -0.00125754 -0.0390711 0.299908 0.0249168 0.019324 -0.00677136 -0.0502985 -0.380122 -0.00670001 -0.0012502 0.0322043 0.00715954 -0.250891 
168 0.419652 -0.0423915 -0.00537086 0.00148331 -0.0421972 0.306445 0.00427079 0.013978 0.00624863 0.0159906 -0.319928 -0.00348158 0.00458312 0.0139728 -0.00105199 -0.246437 
169 0.360701 -0.0268753 0.00480673 0.00138132 -0.0287999 0.294608 0.00847825 -0.0247906 -0.00406447 0.0196532 -0.278462 -0.00962322 0.00185092 -0.0265188 -0.0132009 -0.247629 
170 0.41136 -0.0229788 -0.00330242 -0.000998227 -0.0234875 0.332411 -0.00275309 -0.0222863 0.0133305 0.00726787 -0.316908 -0.016379 0.00150397 0.00636823 0.0136731 -0.270933 
171 0.516086 -0.0227072 0.00714066 0.000950187 -0.0206218 0.367499 -0.0168864 0.00114001 -0.0132492 -0.0114412 -0.309263 -0.0949484 -0.00172081 -0.0141531 0.0616193 -0.214488 
172 0.362599 3.55243e-05 0.00327434 -0.00094604 -0.00172396 0.272502 -0.00417409 -0.00893471 -0.00311704 0.00811168 -0.28994 0.00520607 -0.00448824 -0.0044997 -0.0033903 -0.237757 
173 0.374918 -0.0118944 -0.005243 -0.0014332 -0.023623 0.262293 0.000182253 0.0325464 0.00939618 0.0265937 -0.262094 0.0249778 -0.00567958 0.0483714 -0.0430007 -0.222554 
174 0.324997 -0.00364623 0.0116825 -0.00156934 -0.00746529 0.227378 -0.0378976 0.0202427 -0.0078523 -0.0335645 -0.275916 -0.0126859 0.0011201 0.00889545 0.0177889 -0.215063 
175 0.316878 0.00173208 -0.00473623 0.00184322 0.00360574 0.243264 -0.0242719 -0.0569016 0.00895643 0.0478606 -0.233641 0.0350772 -0.00113168 -0.0198654 -0.0447058 -0.194653 
176 0.341461 -0.0200926 0.000199598 0.00163266 -0.0216767 0.299573 -0.0223333 0.00950854 0.000947357 -0.0200942 -0.296385 -0.0193971 0.00205145 0.00279929 0.0267345 -0.2865 
177 0.433543 0.00599116 -0.0232267 -0.00487521 0.00843239 0.303078 -0.0434778 -0.0678634 0.0219319 0.0233102 -0.384707 -0.0232784 -0.00810778 -0.0568093 0.00548293 -0.294836 
178 0.619451 -0.00271707 0.0242382 0.000607307 0.00862799 0.490994 0.0436144 0.0674821 -0.0125845 0.11344 -0.249394 0.0127454 0.00836288 -0.00492038 0.00480888 -0.230341 
179 0.446154 -0.00259468 -0.0104199 0.00135378 -0.00659029 0.198184 0.0219839 0.179138 0.0125794 -0.0259203 -0.434503 0.0212289 -0.00233827 0.180714 -0.0181791 -0.192126 
180 0.488852 0.000291218 -0.00466943 9.23589e-06 -2.2925e-06 0.488244 0.000575931 1.86885e-05 0.00451962 0.000149847 -0.488601 9.35526e-06 -2.33563e-06 1.43543e-05 -5.7445e-06 -0.488117 
