0 11.3613 0.0294617 10.7322 11.3082 0.109108 10.6819 
1 12.8139 -0.00508276 12.5407 12.5724 0.00727204 12.3737 
2 13.4543 -0.0663542 13.3264 13.1874 0.0581759 13.0853 
3 13.0663 -0.0606485 12.9764 12.8192 -0.00061871 12.7561 
4 12.229 -0.0192248 12.0703 11.8871 -0.0128798 11.7973 
5 11.1519 -0.0142594 10.9899 11.0815 -0.00704712 10.9536 
6 11.1662 -0.0235255 11.0611 11.0531 -0.0510305 10.9659 
7 10.6411 -0.0383703 10.3884 10.374 0.0140371 10.1518 
8 10.2598 -0.0280585 10.137 10.01 0.0361869 9.93591 
9 11.126 -0.0212535 10.846 10.8215 -0.0294883 10.6247 
10 11.2407 -0.0404997 11.0817 10.9473 -0.0342448 10.8321 
11 9.97974 -0.0183178 9.8282 9.8705 -0.0125975 9.75462 
12 10.3011 -0.0270727 10.1251 10.0926 0.0322509 9.9637 
13 9.12091 -0.0112928 8.94925 8.87222 -0.00802066 8.74428 
14 10.2493 0.0134317 10.0928 10.028 0.0139188 9.93468 
15 9.01361 0.0492223 8.80349 8.82264 -0.0355293 8.66955 
16 8.65432 0.034755 8.54714 8.52902 -0.0182145 8.47536 
17 8.48005 0.0466935 8.32303 8.30584 -0.0111793 8.1717 
18 8.43733 0.0496263 8.33422 8.33866 0.00419666 8.27361 
19 7.91146 0.0865295 7.79606 7.73869 -0.0360295 7.65331 
20 7.57593 0.0933008 7.46978 7.43939 -0.0202505 7.36735 
21 6.94619 0.0790116 6.83617 6.76952 -0.0139036 6.71441 
22 6.9583 0.120746 6.85301 6.7692 -0.0415346 6.70614 
23 6.75172 0.0950928 6.6489 6.60085 -0.028458 6.53843 
24 6.22664 0.0958785 6.14203 6.07519 -0.0257002 6.02388 
25 5.88279 0.132755 5.79801 5.69211 -0.00033546 5.64604 
26 5.87477 0.13513 5.79837 5.69898 -0.0213505 5.66378 
27 5.01842 0.118133 4.96337 4.91062 -0.00591098 4.89411 
28 5.02444 0.15993 4.95926 4.89099 -0.022618 4.84931 
29 4.82322 0.182149 4.76641 4.7324 -0.0121477 4.6926 
30 4.62946 0.18129 4.58549 4.50199 -0.00652361 4.47696 
31 4.20075 0.165147 4.12937 4.03548 -0.0378089 3.99446 
32 3.92085 0.144731 3.84465 3.7795 -0.0191651 3.74024 
33 3.6853 0.179367 3.62854 3.5598 -0.00115959 3.54872 
34 3.68764 0.212475 3.62184 3.5373 -0.000888334 3.50441 
35 3.31869 0.162944 3.26532 3.20255 -0.00143172 3.16762 
36 3.09479 0.17865 3.03416 2.96977 -0.01035 2.94997 
37 2.78948 0.141539 2.72419 2.63969 -0.00474303 2.59432 
38 2.98888 0.193884 2.93575 2.85393 -0.0186205 2.83345 
39 2.65422 0.175503 2.60871 2.52798 -0.00641375 2.49512 
40 2.6131 0.206872 2.56612 2.48946 0.00196655 2.47172 
41 2.47921 0.18517 2.43035 2.31801 -0.0368114 2.30309 
42 2.15782 0.161166 2.11016 2.03343 -0.00601396 2.00893 
43 2.27302 0.19835 2.22534 2.13633 -0.0104748 2.11366 
44 2.21481 0.188206 2.16909 2.07847 -0.00322807 2.05328 
45 1.82769 0.16658 1.78065 1.69337 -0.00582486 1.67147 
46 1.91653 0.165022 1.87276 1.76921 -0.0160697 1.74755 
47 1.63623 0.155168 1.59814 1.49726 -0.0200061 1.49048 
48 1.46857 0.152954 1.44599 1.36494 -0.00422769 1.36053 
49 1.44462 0.14876 1.40947 1.30316 -0.0104958 1.29572 
50 1.3157 0.147655 1.27829 1.18205 -0.0207647 1.16313 
51 1.2374 0.128208 1.19768 1.08766 -0.00463164 1.07073 
52 0.976335 0.0862271 0.952801 0.8215 -0.0117278 0.814096 
53 0.92526 0.086484 0.884004 0.772691 -0.0194177 0.766907 
54 0.949348 0.105378 0.906333 0.80495 -0.0249415 0.781905 
55 0.854293 0.0765825 0.823962 0.72978 -0.0125438 0.729658 
56 0.768064 0.0689488 0.747099 0.64063 -0.0188635 0.640532 
57 0.664251 0.0578548 0.648225 0.520204 -0.011267 0.521919 
58 0.638055 0.0521818 0.612207 0.496962 -0.0208509 0.491 
59 0.622392 0.0586666 0.593721 0.478452 -0.0240203 0.471037 
60 0.463949 0.0175552 0.442482 0.330193 -0.0250259 0.331898 
61 0.428906 0.011551 0.399318 0.277099 -0.0351403 0.275778 
62 0.405716 0.0234488 0.393809 0.293617 -0.0277721 0.291614 
63 0.323887 -0.0101182 0.299584 0.201895 -0.0167038 0.193945 
64 0.294891 -0.00894584 0.269457 0.14973 -0.0188561 0.138972 
65 0.289793 -0.0172407 0.264858 0.165028 -0.0100319 0.163751 
66 0.243338 -0.0272305 0.218507 0.115518 -0.0161335 0.109026 
67 0.226367 -0.0320203 0.194868 0.0983213 -0.0228461 0.0863102 
68 0.211497 -0.0279412 0.192941 0.0788494 -0.00549766 0.0750034 
69 0.192827 -0.0257461 0.178551 0.0687247 -0.00598701 0.0699793 
70 0.174157 -0.0289721 0.148661 0.0441382 -0.0274356 0.0399279 
71 0.17138 -0.0397739 0.14305 0.0489976 -0.0262871 0.0324132 
72 0.152432 -0.0472985 0.12834 0.0200121 -0.0161163 0.0143566 
73 0.132583 -0.04348 0.113855 0.0211241 -0.00647615 0.0177788 
74 0.137642 -0.0371293 0.116317 0.00733067 -0.0306564 0.00338903 
75 0.125071 -0.0368578 0.113684 0.00159576 -0.0297998 0.00350513 
76 0.132216 -0.0405195 0.106422 -0.00465832 -0.0196893 0.00126087 
77 0.146243 -0.0433589 0.118108 -0.00854619 -0.0236227 -0.0109942 
78 0.118431 -0.0389105 0.100114 -0.0229136 -0.0191156 -0.026713 
79 0.111537 -0.0386314 0.0843369 -0.00900288 -0.0217175 -0.00500122 
80 0.104972 -0.0447155 0.0829242 -0.00704842 -0.00890115 -0.00610467 
81 0.108691 -0.0425428 0.0876439 -0.0182878 -0.0106553 -0.0225198 
82 0.110397 -0.036648 0.0898147 -0.0231079 -0.0157609 -0.0210261 
83 0.106502 -0.0396656 0.0896677 -0.0201138 -0.00240781 -0.0176802 
84 0.0967828 -0.039689 0.0755989 -0.0121794 -0.0196174 -0.0130392 
85 0.0988551 -0.0397319 0.0825478 -0.0235419 -0.0121018 -0.0229098 
86 0.109787 -0.0373817 0.0889281 -0.0253331 -0.013505 -0.0227474 
87 0.138151 -0.0313928 0.107935 -0.0318887 -0.0240296 -0.0283551 
88 0.105091 -0.0411138 0.0816529 -0.0235862 -0.00646374 -0.0249491 
89 0.0826911 -0.0296292 0.0665197 -0.0187251 -0.00867341 -0.0153808 
90 0.0690547 -0.0358828 0.0552814 -0.0179772 -0.00385119 -0.0206448 
91 0.0921797 -0.0351355 0.074857 -0.029323 -0.00905045 -0.0349244 
92 0.110593 -0.0330001 0.0876829 -0.0257415 -0.0132893 -0.021459 
93 0.083311 -0.036068 0.0716077 -0.0319864 -0.000576337 -0.0333888 
94 0.0861425 -0.0308199 0.070065 -0.021662 -0.00806273 -0.0243193 
95 0.0852686 -0.0322718 0.0653472 -0.0283033 -0.00874147 -0.0287211 
96 0.111804 -0.0292798 0.0915453 -0.0413272 -0.0215607 -0.0404401 
97 0.099359 -0.033614 0.072193 -0.0387552 -0.0102091 -0.037601 
98 0.10438 -0.0287612 0.0842739 -0.0369813 0.00130514 -0.0335144 
99 0.0912186 -0.029812 0.0728775 -0.0362045 -0.00193522 -0.0387901 
100 0.0784973 -0.0286224 0.0620649 -0.0328817 -0.00142987 -0.0281018 
101 0.088725 -0.0259969 0.0745927 -0.0286605 -0.00368683 -0.0264876 
102 0.0814552 -0.03125 0.0560406 -0.0334238 0.000179078 -0.0255317 
103 0.0822805 -0.0293846 0.0580136 -0.0368991 -0.00316599 -0.0322914 
104 0.0899884 -0.0254132 0.0687809 -0.0345086 0.00350596 -0.0335828 
105 0.0881097 -0.0206579 0.0667202 -0.0385849 -0.00335518 -0.0392761 
106 0.103833 -0.0227908 0.0824927 -0.0338904 -0.0197184 -0.035383 
107 0.0632044 -0.0264505 0.046275 -0.032854 -0.00113384 -0.0231445 
108 0.0700523 -0.0269643 0.0527972 -0.0309234 -0.00136981 -0.0276287 
109 0.0790238 -0.0254155 0.0607837 -0.0390762 -0.0130385 -0.0355207 
110 0.0896486 -0.0231671 0.068825 -0.036981 0.000917834 -0.0361297 
111 0.0909765 -0.0230435 0.0742179 -0.0394007 0.000275813 -0.0341754 
112 0.0943228 -0.0224239 0.0690945 -0.0332917 0.00796194 -0.0316363 
113 0.0750959 -0.0274586 0.0642617 -0.0340898 -0.000800297 -0.0321941 
114 0.0962299 -0.0217226 0.0711293 -0.0288826 0.00393255 -0.0236766 
115 0.0919788 -0.0238538 0.0646222 -0.020117 -0.0115266 -0.0106792 
116 0.0852496 -0.0208297 0.0649428 -0.0275705 -0.00744879 -0.0288091 
117 0.111245 -0.0217395 0.0843923 -0.036255 -0.0114583 -0.0297302 
118 0.109577 -0.0197476 0.0710289 -0.0325781 0.00682514 -0.0351942 
119 0.0981196 -0.0191716 0.0686804 -0.0296672 -0.00216823 -0.0217295 
120 0.0990599 -0.0193928 0.070629 -0.0232725 -0.00404886 -0.0156974 
121 0.113736 -0.0193626 0.0782641 -0.0330358 -0.00510858 -0.0224488 
122 0.146117 -0.01343 0.109463 -0.0400582 0.0117141 -0.0249835 
123 0.126977 -0.0145221 0.090897 -0.0152234 -0.0128049 0.00291459 
124 0.130947 -0.018291 0.101416 -0.0241361 -0.0052885 -0.0116146 
125 0.136873 -0.0166361 0.0972987 -0.0353852 -0.0034242 -0.0215006 
126 0.140819 -0.0201145 0.106253 -0.0265871 -0.0248825 -0.0106133 
127 0.112026 -0.0189028 0.0853259 -0.0190095 -0.0102303 -0.00457413 
128 0.150813 -0.0178525 0.111558 -0.00771741 0.00313835 0.0115883 
129 0.18586 -0.00948997 0.147935 0.0102286 -0.0217597 0.0297416 
130 0.211612 -0.0147929 0.156131 0.0143639 -0.0217935 0.0361574 
131 0.234065 -0.0182988 0.176176 0.0317508 -0.0508345 0.0727344 
132 0.235498 -0.023046 0.176635 0.039171 -0.0407907 0.0663261 
133 0.215029 -0.0225409 0.165018 0.0220961 -0.0537899 0.0517518 
134 0.279773 -0.0280748 0.213947 0.0655992 -0.0304607 0.100461 
135 0.280024 -0.0258399 0.221359 0.0609831 -0.0497793 0.0964599 
136 0.33298 -0.0345302 0.266998 0.121634 -0.0652093 0.164779 
137 0.324291 -0.0389686 0.26164 0.0998141 -0.0583249 0.138041 
138 0.351445 -0.0560576 0.282345 0.0829841 -0.0628234 0.12639 
139 0.354057 -0.0604811 0.298281 0.0988864 -0.0328217 0.13322 
140 0.388628 -0.0662591 0.327828 0.106591 -0.0591228 0.134826 
141 0.445851 -0.0790518 0.36589 0.119998 -0.0736847 0.179385 
142 0.476803 -0.0787809 0.386492 0.101652 -0.0981192 0.174724 
143 0.425513 -0.109835 0.336265 0.053713 -0.0681813 0.116836 
144 0.478444 -0.120259 0.389577 0.0894175 -0.088658 0.160673 
145 0.46354 -0.146016 0.365278 0.0444997 -0.0740921 0.120255 
146 0.448096 -0.161104 0.366083 0.00246433 -0.0415112 0.0436363 
147 0.480874 -0.146332 0.383194 -0.00993783 -0.0517063 0.0439606 
148 0.527153 -0.179761 0.406397 -0.0272805 -0.075535 0.0687483 
149 0.482361 -0.159341 0.372994 -0.0605579 -0.0488687 0.019379 
150 0.507497 -0.153194 0.414893 -0.0510268 -0.0788985 0.0184643 
151 0.513361 -0.180862 0.407062 -0.10656 -0.0412026 -0.0311751 
152 0.538418 -0.167857 0.398994 -0.143589 -0.0523785 -0.0378263 
153 0.549247 -0.16717 0.448768 -0.106693 -0.0772941 -0.04651 
154 0.581536 -0.152952 0.457002 -0.18128 -0.0644496 -0.110571 
155 0.552341 -0.14315 0.434061 -0.168302 -0.056445 -0.0944432 
156 0.535109 -0.137709 0.41952 -0.20232 -0.0712373 -0.121423 
157 0.521768 -0.13975 0.402475 -0.242842 -0.0219592 -0.159308 
158 0.476651 -0.123897 0.381512 -0.2278 -0.0550009 -0.166459 
159 0.506152 -0.113954 0.37985 -0.283024 -0.0296901 -0.191369 
160 0.429378 -0.107125 0.334253 -0.262032 -0.0150011 -0.195984 
161 0.434742 -0.0981623 0.322822 -0.306197 -0.0055741 -0.235468 
162 0.410617 -0.0900203 0.335422 -0.27466 -0.0180609 -0.257199 
163 0.451418 -0.079777 0.341581 -0.284567 -0.00142908 -0.222331 
164 0.398454 -0.0618078 0.302328 -0.287571 -0.0145136 -0.242553 
165 0.396705 -0.0546661 0.310614 -0.277806 -0.043224 -0.230049 
166 0.426072 -0.0414433 0.326934 -0.319203 -0.019439 -0.252461 
167 0.478649 -0.0310005 0.299908 -0.380122 -0.00670001 -0.250891 
168 0.419652 -0.0423915 0.306445 -0.319928 -0.00348158 -0.246437 
169 0.360701 -0.0268753 0.294608 -0.278462 -0.00962322 -0.247629 
170 0.41136 -0.0229788 0.332411 -0.316908 -0.016379 -0.270933 
171 0.516086 -0.0227072 0.367499 -0.309263 -0.0949484 -0.214488 
172 0.362599 3.55243e-05 0.272502 -0.28994 0.00520607 -0.237757 
173 0.374918 -0.0118944 0.262293 -0.262094 0.0249778 -0.222554 
174 0.324997 -0.00364623 0.227378 -0.275916 -0.0126859 -0.215063 
175 0.316878 0.00173208 0.243264 -0.233641 0.0350772 -0.194653 
176 0.341461 -0.0200926 0.299573 -0.296385 -0.0193971 -0.2865 
177 0.433543 0.00599116 0.303078 -0.384707 -0.0232784 -0.294836 
178 0.619451 -0.00271707 0.490994 -0.249394 0.0127454 -0.230341 
179 0.446154 -0.00259468 0.198184 -0.434503 0.0212289 -0.192126 
180 0.488852 0.000291218 0.488244 -0.488601 9.35526e-06 -0.488117 
