0 0 0 0 0 0 0 0 0 0 0 0 0 0 0 0 0 
1 0.848226 -0.0302091 -9.40429e-17 0 -0.0302091 0.848226 4.33449e-17 -6.82525e-17 -4.05067e-17 -4.33449e-17 0.847573 -0.0139604 -3.09984e-18 6.76296e-17 0.0139604 0.847573 
2 1.62277 -0.109613 5.49635e-17 0 -0.109613 1.62277 4.0255e-17 -4.81355e-17 7.58466e-17 -9.28961e-18 1.61819 -0.0506523 -8.06793e-19 4.38353e-17 0.0506523 1.61819 
3 2.32179 -0.237573 1.68804e-16 0 -0.237573 2.32179 7.43357e-17 -5.28701e-17 1.6886e-16 -8.25952e-18 2.30686 -0.109773 2.24711e-18 4.98153e-17 0.109773 2.30686 
4 2.59373 -0.350046 5.77196e-07 4.73283e-06 -0.350046 2.59373 -5.41269e-06 -1.70397e-07 -5.05983e-07 5.40691e-06 2.56477 -0.161701 4.73364e-06 -1.48998e-07 0.161701 2.56477 
5 3.11551 -0.529243 1.99541e-06 1.50786e-05 -0.529243 3.11551 -1.72623e-05 -8.09929e-07 -1.84891e-06 1.72328e-05 3.06028 -0.244434 1.50453e-05 -3.22855e-07 0.244434 3.06028 
6 3.51729 -0.705734 -6.15791e-17 0 -0.705734 3.51729 3.01628e-16 2.05557e-17 -4.67711e-17 -2.87542e-16 3.4301 -0.325945 -3.52896e-19 -4.82682e-17 0.325945 3.4301 
7 2.90157 -0.670429 2.01289e-06 9.08963e-06 -0.670429 2.90157 -1.04526e-05 -5.96684e-07 -1.6238e-06 1.04002e-05 2.80588 -0.309376 9.09644e-06 -4.75868e-07 0.309376 2.80588 
8 2.91185 -0.766498 1.01527e-16 0 -0.766498 2.91185 1.74712e-17 -6.40609e-17 1.11526e-16 -5.86255e-17 2.78657 -0.353848 -3.18053e-18 5.57137e-17 0.353848 2.78657 
9 2.87926 -0.860748 -6.29936e-06 -2.73552e-05 -0.860748 2.87926 3.14739e-05 1.85766e-06 6.69161e-06 -3.15398e-05 2.71859 -0.397029 -2.7346e-05 1.97405e-06 0.397029 2.71859 
10 2.85885 -0.931716 2.42811e-05 9.20866e-05 -0.931716 2.85885 -0.000106479 -7.16891e-06 -2.3726e-05 0.000106375 2.66823 -0.42974 9.20964e-05 -6.97717e-06 0.42974 2.66823 
11 2.75946 -0.98544 -6.95383e-06 -2.30775e-05 -0.98544 2.75946 2.67704e-05 2.05135e-06 6.91663e-06 -2.67623e-05 2.53704 -0.454189 -2.30787e-05 2.04048e-06 0.454189 2.53704 
12 3.06954 -1.19246 -3.08617e-17 0 -1.19246 3.06954 -5.43166e-17 8.3109e-18 -2.6993e-17 2.46244e-17 2.77429 -0.549748 -1.51645e-18 7.14692e-19 0.549748 2.77429 
13 2.6551 -1.11111 2.74024e-05 7.20762e-05 -1.11111 2.6551 -8.41997e-05 -8.1148e-06 -2.41356e-05 8.3374e-05 2.35633 -0.511869 7.21766e-05 -7.09464e-06 0.511869 2.35633 
14 2.67308 -1.19571 -7.43263e-06 -1.67487e-05 -1.19571 2.67307 2.06726e-05 2.20543e-06 2.3194e-06 -1.92888e-05 2.32639 -0.550228 -1.69283e-05 6.56067e-07 0.550228 2.3264 
15 2.51452 -1.19435 2.95714e-06 6.83889e-06 -1.19435 2.51452 -7.86209e-06 -8.84997e-07 -1.69072e-06 7.5095e-06 2.1433 -0.549468 6.88242e-06 -4.91145e-07 0.549468 2.1433 
16 2.34256 -1.17738 9.38041e-05 0.000220122 -1.17738 2.34256 -0.0002584 -2.76547e-05 -9.74336e-05 0.000259502 1.95145 -0.540778 0.000219993 -2.879e-05 0.540778 1.95145 
17 2.32811 -1.23201 -3.82811e-05 -7.70865e-05 -1.23201 2.32811 9.21544e-05 1.13197e-05 3.43526e-05 -9.08798e-05 1.89245 -0.56579 -7.72109e-05 1.0029e-05 0.56579 1.89245 
18 1.95667 -1.08994 1.0404e-17 0 -1.08994 1.95667 2.62285e-17 -1.07614e-17 2.28486e-17 -5.00965e-17 1.54573 -0.500973 -1.7342e-19 -4.02171e-18 0.500973 1.54573 
19 2.33434 -1.35168 7.36066e-17 0 -1.35168 2.33434 2.09119e-17 -4.42765e-17 1.01538e-16 -8.68425e-17 1.79889 -0.620945 1.93702e-18 2.45217e-17 0.620945 1.79889 
20 1.92078 -1.16124 -1.97289e-05 -3.47223e-05 -1.16124 1.92078 4.20864e-05 5.80986e-06 1.81454e-05 -4.14903e-05 1.43422 -0.532443 -3.48082e-05 5.37995e-06 0.532443 1.43422 
21 1.85562 -1.1682 5.09533e-17 0 -1.1682 1.85562 -2.86854e-17 -2.32948e-17 3.40202e-17 5.65415e-20 1.33833 -0.535916 -6.69205e-18 2.98303e-17 0.535916 1.33833 
22 1.89155 -1.23127 6.79639e-05 0.000111735 -1.23127 1.89155 -0.000136088 -2.00573e-05 -6.58187e-05 0.000135213 1.32035 -0.564081 0.000111852 -1.94664e-05 0.564081 1.32035 
23 1.7448 -1.17539 3.91664e-05 6.63838e-05 -1.17539 1.7448 -7.91006e-05 -1.1641e-05 -4.30975e-05 8.07676e-05 1.1717 -0.538098 6.61514e-05 -1.27114e-05 0.538098 1.1717 
24 2.01347 -1.3971 2.53738e-17 0 -1.3971 2.01347 -4.02693e-18 -5.3804e-18 1.97384e-17 -2.27501e-18 1.30109 -0.639527 3.85715e-18 8.87584e-18 0.639527 1.30109 
25 1.97496 -1.41097 3.67582e-19 0 -1.41097 1.97496 1.31371e-17 -3.25209e-18 4.87125e-18 -9.55714e-18 1.22177 -0.645342 -1.2125e-18 8.59024e-19 0.645342 1.22177 
26 1.73154 -1.26897 -7.81162e-18 0 -1.26897 1.73154 -1.72564e-18 1.2373e-17 -2.12992e-17 1.18176e-17 1.02535 -0.579927 3.15744e-18 -9.95327e-18 0.579927 1.02535 
27 1.82794 -1.37246 3.48069e-05 4.62383e-05 -1.37246 1.82794 -5.79535e-05 -1.0325e-05 -3.55426e-05 5.83239e-05 1.03209 -0.626171 4.61851e-05 -1.0506e-05 0.626171 1.03209 
28 1.5888 -1.21967 0.00013211 0.000149804 -1.21967 1.58879 -0.000194999 -3.86893e-05 -0.000105984 0.000181237 0.853045 -0.555482 0.000151365 -3.13636e-05 0.555482 0.853056 
29 1.75182 -1.37155 7.96352e-05 9.91805e-05 -1.37155 1.75182 -0.000126031 -2.3601e-05 -8.04776e-05 0.000126478 0.892818 -0.624638 9.91183e-05 -2.38066e-05 0.624638 0.892819 
30 1.79257 -1.43158 -3.51287e-17 0 -1.43158 1.79257 4.3558e-17 -5.04212e-18 4.58598e-18 -2.84386e-17 0.859437 -0.651897 -4.8908e-18 -5.57899e-18 0.651897 0.859437 
31 1.45745 -1.18535 3.11458e-17 0 -1.18535 1.45745 -2.34216e-17 -4.58586e-18 1.75707e-17 3.93421e-19 0.654319 -0.539223 6.17534e-18 6.95043e-18 0.539223 0.654319 
32 1.62015 -1.33722 1.84017e-18 0 -1.33722 1.62015 -1.09462e-17 1.86052e-17 -3.92925e-17 4.81072e-17 0.683508 -0.607748 1.41731e-18 -3.64051e-18 0.607748 0.683508 
33 1.67679 -1.40499 -3.27642e-17 0 -1.40499 1.67679 1.48195e-17 9.291e-18 -2.28548e-17 1.35112e-17 0.656146 -0.637871 -2.38247e-18 -1.00512e-17 0.637871 0.656146 
34 1.15182 -0.978187 -1.55813e-18 0 -0.978187 1.15182 1.07982e-17 -1.78071e-17 3.70357e-17 -4.43704e-17 0.415856 -0.443623 -2.54527e-18 5.07298e-19 0.443623 0.415856 
35 1.41648 -1.21694 -7.07715e-18 0 -1.21694 1.41648 1.8735e-17 -1.53063e-17 3.67779e-17 -3.90715e-17 0.470474 -0.551322 3.50694e-18 -2.5141e-18 0.551322 0.470474 
36 1.45745 -1.26521 -5.95807e-18 0 -1.26521 1.45745 5.18817e-18 -6.19292e-18 1.02558e-17 -8.85235e-18 0.442047 -0.57258 -4.52941e-18 8.09395e-18 0.57258 0.442047 
37 1.38024 -1.21015 -5.02023e-17 0 -1.21015 1.38024 5.30508e-17 -2.29997e-18 3.72683e-18 -1.68508e-17 0.375763 -0.547021 -2.05527e-18 -1.58238e-17 0.547021 0.375763 
38 1.34116 -1.1856 2.35869e-18 0 -1.1856 1.34116 -5.22204e-18 -1.37846e-18 2.27677e-18 -2.20785e-18 0.3261 -0.535318 -1.29766e-18 8.228e-19 0.535318 0.3261 
39 1.18513 -1.05559 -1.05233e-17 0 -1.05559 1.18513 1.88678e-17 -7.5992e-18 1.74094e-17 -2.09433e-17 0.25204 -0.476042 1.14275e-18 -3.14732e-18 0.476042 0.25204 
40 1.38211 -1.23922 1.13615e-18 0 -1.23922 1.38211 -1.02975e-17 3.18147e-18 -5.61468e-18 6.73675e-18 0.250859 -0.558145 3.29715e-18 -3.415e-19 0.558145 0.250859 
41 1.35494 -1.22068 -4.94939e-18 0 -1.22068 1.35494 3.30603e-18 -1.24929e-18 1.19103e-18 -1.57773e-18 0.209874 -0.549189 -4.11525e-18 1.8068e-18 0.549189 0.209874 
42 1.35974 -1.23061 2.25109e-17 0 -1.23061 1.35974 -2.12347e-17 -1.0484e-17 2.37836e-17 -2.29201e-17 0.169081 -0.552938 1.20247e-18 1.00598e-17 0.552938 0.169081 
43 1.15379 -1.04778 -4.19218e-17 0 -1.04778 1.15379 3.70344e-17 1.13502e-17 -2.64136e-17 2.50297e-17 0.110406 -0.470201 -4.95171e-18 -1.11366e-17 0.470201 0.110406 
44 1.13996 -1.03801 2.49695e-17 0 -1.03801 1.13996 -2.84218e-17 -8.94239e-18 1.96863e-17 -1.9358e-17 0.0745112 -0.465183 -1.68931e-18 1.41562e-17 0.465183 0.0745112 
45 1.18782 -1.08342 -5.0249e-18 0 -1.08342 1.18782 -4.44164e-19 -3.05145e-19 4.6318e-19 -7.63444e-19 0.0435967 -0.484895 -2.5492e-18 -1.85635e-18 0.484895 0.0435967 
46 1.27934 -1.16791 1.49105e-17 0 -1.16791 1.27934 -1.28683e-17 -1.72445e-18 3.95022e-18 -4.25497e-18 0.0106768 -0.522009 1.35852e-18 5.03276e-18 0.522009 0.0106768 
47 0.981772 -0.896311 -2.5637e-17 0 -0.896311 0.981772 2.50921e-17 1.20334e-17 -2.69918e-17 3.02627e-17 -0.0194782 -0.40007 -4.42042e-19 -1.19712e-17 0.40007 -0.0194782 
48 1.07385 -0.979664 -8.45249e-19 0 -0.979664 1.07385 -9.36136e-19 6.4637e-18 -1.45784e-17 1.59032e-17 -0.0517648 -0.436659 5.42247e-19 -4.49891e-19 0.436659 -0.0517648 
49 1.25744 -1.1455 2.31924e-17 0 -1.1455 1.25744 -2.98777e-17 1.3305e-18 -3.5005e-18 1.37765e-18 -0.0943636 -0.509876 2.3332e-18 1.02426e-17 0.509876 -0.0943636 
50 1.12016 -1.01825 6.34825e-19 0 -1.01825 1.12016 -1.49448e-18 -6.47289e-18 1.53626e-17 -1.77541e-17 -0.113947 -0.452603 -3.11037e-18 6.71746e-18 0.452603 -0.113947 
51 1.09021 -0.987972 -1.31235e-18 0 -0.987972 1.09021 -3.21569e-18 -1.40088e-18 3.63248e-18 -4.28904e-18 -0.141916 -0.438469 -1.36782e-18 3.42862e-18 0.438469 -0.141916 
52 1.00893 -0.911087 -9.57835e-18 0 -0.911087 1.00893 8.97408e-18 -9.81428e-18 2.32232e-17 -2.42534e-17 -0.157375 -0.403767 -2.87479e-18 -1.30497e-18 0.403767 -0.157375 
53 1.13389 -1.0198 -2.35744e-19 0 -1.0198 1.13389 -4.86289e-19 7.80069e-18 -1.60285e-17 1.94719e-17 -0.204856 -0.451308 -3.58957e-18 3.18202e-19 0.451308 -0.204856 
54 1.22856 -1.09926 2.32511e-18 0 -1.09926 1.22856 -3.08901e-19 1.39818e-18 -3.95346e-18 4.82553e-18 -0.254958 -0.485705 1.51904e-18 9.26703e-19 0.485705 -0.254958 
55 0.93546 -0.832651 2.86115e-18 0 -0.832651 0.93546 -8.25363e-18 -4.28325e-18 1.08373e-17 -1.37662e-17 -0.216243 -0.36738 -1.99691e-18 7.16317e-18 0.36738 -0.216243 
56 1.01755 -0.899852 8.51368e-18 0 -0.899852 1.01755 -7.75397e-18 8.67478e-19 -2.33737e-18 9.4455e-19 -0.261704 -0.396387 5.655e-19 -6.36489e-19 0.396387 -0.261704 
57 1.03521 -0.909082 -1.29862e-17 0 -0.909082 1.03521 2.39027e-17 6.53694e-18 -1.28814e-17 1.92438e-17 -0.292078 -0.399811 -2.67702e-18 -4.53008e-18 0.399811 -0.292078 
58 1.0875 -0.948238 -2.42915e-19 0 -0.948238 1.0875 -2.83932e-18 -7.24782e-18 1.60858e-17 -1.93635e-17 -0.33173 -0.416401 5.41585e-19 1.44355e-18 0.416401 -0.33173 
59 0.884967 -0.765599 8.88436e-18 0 -0.765599 0.884967 -5.89007e-18 5.25175e-18 -1.13753e-17 1.00584e-17 -0.290364 -0.33567 -6.76854e-19 2.97065e-18 0.33567 -0.290364 
60 1.00053 -0.858311 -3.13914e-18 0 -0.858311 1.00053 9.42911e-18 6.50305e-18 -1.37138e-17 1.72458e-17 -0.350917 -0.375721 -1.13987e-18 2.14475e-20 0.375721 -0.350917 
61 0.965808 -0.820906 7.11239e-18 0 -0.820906 0.965808 -1.01048e-17 7.35647e-19 -4.10361e-18 -1.42866e-19 -0.360768 -0.358753 2.37917e-18 1.72211e-18 0.358753 -0.360768 
62 0.99241 -0.835226 -8.82958e-18 0 -0.835226 0.99241 6.47923e-18 1.17444e-18 -2.42851e-18 5.98153e-18 -0.392994 -0.364398 -2.24396e-19 -4.01366e-18 0.364398 -0.392994 
63 1.02289 -0.852509 1.46492e-18 0 -0.852509 1.02289 -4.96708e-18 -4.96088e-18 9.86576e-18 -1.3839e-17 -0.426124 -0.371348 1.36379e-18 -2.04814e-18 0.371348 -0.426124 
64 1.0059 -0.829127 8.78099e-18 0 -0.829127 1.0059 -1.60534e-17 -6.60568e-18 1.58186e-17 -2.34301e-17 -0.440845 -0.360539 -5.29694e-19 2.57944e-18 0.360539 -0.440845 
65 1.03211 -0.841618 1.53073e-17 0 -0.841618 1.03211 -1.62482e-17 -1.31625e-18 3.22248e-18 -1.03547e-17 -0.472644 -0.365379 -8.8114e-20 7.45735e-18 0.365379 -0.472644 
66 0.971565 -0.782873 2.09603e-18 0 -0.782873 0.971565 7.72612e-19 3.09696e-18 -7.55479e-18 6.87588e-18 -0.464642 -0.33929 2.7261e-19 2.21895e-18 0.33929 -0.464642 
67 1.00548 -0.800549 -7.3352e-18 0 -0.800549 1.00548 1.42928e-17 7.49314e-18 -1.50421e-17 2.29426e-17 -0.500104 -0.346368 -1.58175e-18 -1.12191e-18 0.346368 -0.500104 
68 0.890003 -0.699964 -1.96686e-19 0 -0.699964 0.890003 -8.8108e-18 -3.20557e-18 9.7754e-18 -9.16228e-18 -0.459033 -0.302345 -1.55934e-18 5.82773e-19 0.302345 -0.459033 
69 0.935564 -0.726301 -1.58758e-18 0 -0.726301 0.935564 2.05648e-18 2.19855e-18 -3.25189e-18 2.7284e-18 -0.499649 -0.313184 -1.19022e-18 2.51956e-18 0.313184 -0.499649 
70 0.806806 -0.617797 1.77204e-17 0 -0.617797 0.806806 -2.98451e-17 -5.84891e-18 1.16343e-17 -2.76798e-17 -0.445559 -0.265928 1.14469e-18 6.81483e-18 0.265928 -0.445559 
71 0.929952 -0.702408 3.3099e-17 0 -0.702408 0.929952 -5.42774e-17 -6.09165e-18 7.31632e-18 -3.48893e-17 -0.529431 -0.301833 3.91406e-18 7.9899e-18 0.301833 -0.529431 
72 0.929628 -0.692298 1.26723e-18 0 -0.692298 0.929628 8.19105e-18 5.32667e-18 -1.2323e-17 1.51109e-17 -0.544707 -0.296978 -1.38817e-20 5.45508e-19 0.296978 -0.544707 
73 0.919156 -0.674035 5.68558e-19 0 -0.674035 0.919156 -9.54895e-18 -3.71597e-18 4.53245e-18 -1.28031e-17 -0.554255 -0.288617 2.14863e-18 -1.1892e-18 0.288617 -0.554255 
74 0.801234 -0.578518 -1.21381e-18 0 -0.578518 0.801234 -8.11902e-18 -1.13216e-18 3.26953e-18 -6.16743e-18 -0.496112 -0.247274 -2.90188e-19 1.69776e-18 0.247274 -0.496112 
75 0.934052 -0.664462 6.85001e-18 0 -0.664462 0.934052 8.45566e-18 6.3975e-18 -2.08771e-17 1.97136e-17 -0.592052 -0.283532 2.81182e-18 8.64009e-19 0.283532 -0.592052 
76 0.842341 -0.589772 1.63583e-19 0 -0.589772 0.842341 -6.59206e-18 -6.74733e-19 5.80039e-18 -6.10131e-18 -0.546419 -0.25122 -1.94208e-18 2.06915e-18 0.25122 -0.546419 
77 0.893965 -0.615751 1.21481e-17 0 -0.615751 0.893965 -1.04204e-17 7.72235e-19 -4.81306e-18 1.80229e-19 -0.592832 -0.261822 1.30697e-18 1.35128e-18 0.261822 -0.592832 
78 0.915664 -0.620013 2.76712e-18 0 -0.620013 0.915664 3.00057e-18 4.01208e-18 -6.32505e-18 7.90266e-18 -0.620281 -0.263158 -1.33487e-18 2.24227e-18 0.263158 -0.620281 
79 0.937439 -0.623867 8.5006e-18 0 -0.623867 0.937439 -4.90589e-18 3.89298e-18 -1.2058e-17 9.74556e-18 -0.647837 -0.264319 1.17861e-18 1.42107e-18 0.264319 -0.647837 
80 0.888658 -0.580933 8.71533e-18 0 -0.580933 0.888658 -2.39256e-17 -4.4829e-18 7.93956e-18 -2.13005e-17 -0.625977 -0.245683 1.04615e-18 1.83377e-18 0.245683 -0.625977 
81 0.933433 -0.599422 -5.29977e-18 0 -0.599422 0.933433 1.23741e-17 2.27562e-18 -5.7865e-18 1.65216e-17 -0.669277 -0.253053 1.3321e-19 -4.50908e-18 0.253053 -0.669277 
82 0.829177 -0.522671 -7.52397e-18 0 -0.522671 0.829177 8.92134e-18 -1.19533e-18 3.13008e-18 5.52895e-18 -0.60483 -0.220252 -1.04913e-19 -2.89193e-18 0.220252 -0.60483 
83 0.896556 -0.554878 7.06013e-18 0 -0.554878 0.896556 -2.04897e-17 -2.91067e-18 8.54624e-18 -2.07245e-17 -0.664394 -0.233414 -5.70634e-19 3.73464e-18 0.233414 -0.664394 
84 0.816413 -0.495641 7.15052e-18 0 -0.495641 0.816413 -6.35847e-18 8.26507e-19 -4.98705e-19 -6.11058e-18 -0.614444 -0.208119 -4.8661e-19 3.46278e-18 0.208119 -0.614444 
85 0.827652 -0.492454 -6.60904e-18 0 -0.492454 0.827652 1.68089e-17 1.90673e-18 -4.58997e-18 1.47173e-17 -0.632363 -0.206397 6.38849e-21 -2.26431e-18 0.206397 -0.632363 
86 0.860975 -0.502472 -4.56431e-18 0 -0.502472 0.860975 2.1084e-17 2.79782e-18 -7.91368e-18 1.68163e-17 -0.666772 -0.210228 3.91519e-19 -3.49665e-18 0.210228 -0.666772 
87 0.798707 -0.456879 -1.5601e-17 0 -0.456879 0.798707 1.62362e-17 -5.78794e-19 7.70647e-18 8.07603e-18 -0.626714 -0.190812 -1.91205e-18 -2.43401e-18 0.190812 -0.626714 
88 0.841603 -0.471239 -3.10208e-18 0 -0.471239 0.841603 -2.48115e-17 -6.91792e-18 1.78702e-17 -2.80927e-17 -0.669047 -0.196444 -3.64866e-19 -1.10245e-19 0.196444 -0.669047 
89 0.777521 -0.426422 2.02024e-19 0 -0.426422 0.777521 -7.25598e-18 -4.71838e-19 1.45648e-18 -5.19225e-18 -0.625463 -0.177446 -9.75676e-20 1.52859e-18 0.177446 -0.625463 
90 0.89736 -0.482178 -7.49761e-18 0 -0.482178 0.89736 6.3515e-18 -4.12374e-19 5.68959e-18 -2.92542e-18 -0.72981 -0.200302 -1.29774e-18 -3.16393e-19 0.200302 -0.72981 
91 0.894901 -0.469974 1.51402e-18 0 -0.469974 0.894901 -4.64888e-18 8.71557e-19 5.99576e-19 -4.99171e-18 -0.736196 -0.194864 -7.12055e-19 2.33436e-18 0.194864 -0.736196 
92 0.862671 -0.443531 -5.12958e-18 0 -0.443531 0.862671 -1.64565e-18 -2.51966e-18 1.02007e-17 -1.57942e-17 -0.716773 -0.183584 -1.04914e-18 1.24015e-18 0.183584 -0.716773 
93 0.939953 -0.472378 -4.44446e-18 0 -0.472378 0.939953 -3.2972e-18 -1.58697e-18 7.04925e-18 -5.07473e-18 -0.788836 -0.195171 -7.97064e-19 -1.32321e-18 0.195171 -0.788836 
94 0.887281 -0.4362 -8.84424e-18 0 -0.4362 0.887281 2.21673e-17 9.43524e-19 4.58631e-19 1.56979e-17 -0.751408 -0.179913 -6.50269e-19 -2.06168e-18 0.179913 -0.751408 
95 0.868145 -0.416307 -4.87385e-18 0 -0.416307 0.868145 1.67527e-17 1.36099e-18 -1.31896e-18 7.14349e-18 -0.742281 -0.171381 -4.63913e-19 -7.53178e-19 0.171381 -0.742281 
96 0.792138 -0.371212 -1.04877e-17 0 -0.371212 0.792138 2.38235e-17 8.21934e-19 -6.79747e-19 2.25577e-17 -0.682937 -0.152553 -2.99362e-19 -3.83864e-18 0.152553 -0.682937 
97 0.86767 -0.397324 -1.0184e-17 0 -0.397324 0.86767 3.60943e-17 5.5058e-18 -1.30638e-17 3.55227e-17 -0.753925 -0.163006 -8.21169e-20 -1.49586e-18 0.163006 -0.753925 
98 0.889029 -0.397124 -6.43289e-18 0 -0.397124 0.889029 1.32362e-17 4.64872e-19 1.34709e-18 1.05681e-17 -0.778591 -0.162631 -5.09467e-19 -2.04383e-18 0.162631 -0.778591 
99 0.777645 -0.338812 -3.44827e-18 0 -0.338812 0.777645 3.26876e-18 -7.40725e-19 2.14145e-18 3.99363e-18 -0.68611 -0.138505 -5.86339e-20 -1.88484e-18 0.138505 -0.68611 
100 0.781519 -0.332172 4.45283e-18 0 -0.332172 0.781519 -1.216e-17 -2.53174e-18 3.54256e-18 -1.50302e-17 -0.694297 -0.135557 5.23283e-19 3.06914e-19 0.135557 -0.694297 
101 0.870642 -0.360816 1.08542e-18 0 -0.360816 0.870642 4.3262e-18 4.73144e-20 -1.26523e-18 2.02119e-18 -0.778596 -0.146992 2.19834e-19 -4.88955e-19 0.146992 -0.778596 
102 0.847898 -0.342143 -1.67104e-18 0 -0.342143 0.847898 -6.64703e-18 -1.66818e-18 5.06365e-18 -9.63781e-18 -0.763217 -0.139136 -1.80383e-19 5.2371e-19 0.139136 -0.763217 
103 0.862012 -0.338965 -8.42744e-18 0 -0.338965 0.862012 3.11242e-18 -5.57411e-19 5.29478e-18 5.37048e-18 -0.780526 -0.13761 -6.90047e-19 -1.21568e-18 0.13761 -0.780526 
104 0.897869 -0.343662 6.35517e-19 0 -0.343662 0.897869 1.74134e-18 -9.69223e-19 9.86156e-19 -1.14595e-18 -0.817715 -0.139275 2.32389e-19 -1.06655e-18 0.139275 -0.817715 
105 0.925114 -0.344691 3.25587e-19 0 -0.344691 0.925114 -3.94114e-18 -1.04681e-18 2.12349e-18 -7.89014e-18 -0.847093 -0.139455 7.894e-20 1.99723e-19 0.139455 -0.847093 
106 0.894471 -0.324165 -5.45425e-19 0 -0.324165 0.894471 7.90296e-18 2.08052e-18 -2.61076e-18 7.01148e-18 -0.823313 -0.130927 -4.0147e-19 1.43317e-18 0.130927 -0.823313 
107 0.799196 -0.281921 1.89019e-18 0 -0.281921 0.799196 5.45604e-19 1.24186e-18 -4.53596e-18 6.98867e-18 -0.739125 -0.11368 2.22484e-19 -7.81326e-20 0.11368 -0.739125 
108 0.824248 -0.282482 -3.70714e-18 0 -0.282482 0.824248 2.67738e-18 1.91819e-18 2.55817e-18 7.83684e-18 -0.765932 -0.113711 -1.0849e-18 1.42658e-18 0.113711 -0.765932 
109 0.737795 -0.245753 -3.89862e-18 0 -0.245753 0.737795 2.49345e-17 1.55129e-18 -4.22614e-18 2.33002e-17 -0.688613 -0.0987633 5.55545e-20 -1.43602e-18 0.0987633 -0.688613 
110 0.825996 -0.267321 8.44554e-19 0 -0.267321 0.825996 -5.725e-18 -7.06588e-21 7.0541e-19 -4.20839e-18 -0.774143 -0.107256 -9.98858e-20 6.76092e-19 0.107256 -0.774143 
111 0.814718 -0.255647 1.7958e-18 0 -0.255647 0.814718 -3.25636e-17 -3.70654e-18 9.85408e-18 -3.34806e-17 -0.766758 -0.102397 -7.21483e-20 2.04269e-19 0.102397 -0.766758 
112 0.762554 -0.232436 -2.29074e-18 0 -0.232436 0.762554 7.5584e-18 1.37156e-18 1.90134e-18 1.08607e-17 -0.720289 -0.0929546 -7.00728e-19 5.059e-19 0.0929546 -0.720289 
113 0.795966 -0.235236 1.41018e-18 0 -0.235236 0.795966 -6.51205e-18 -9.91403e-19 1.60615e-18 -6.2589e-18 -0.754586 -0.0939212 1.13915e-19 -1.66929e-19 0.0939212 -0.754586 
114 0.820479 -0.234866 2.8765e-19 0 -0.234866 0.820479 8.02047e-18 4.50768e-19 -8.01782e-19 2.35896e-18 -0.780547 -0.0936194 -4.05596e-20 1.88359e-19 0.0936194 -0.780547 
115 0.890866 -0.247339 4.09239e-18 0 -0.247339 0.890866 -1.47377e-17 -5.72378e-19 -2.91301e-19 -1.00706e-17 -0.850158 -0.0984401 2.01998e-19 1.69252e-19 0.0984401 -0.850158 
116 0.816224 -0.219237 6.57166e-18 0 -0.219237 0.816224 4.42619e-18 7.42072e-19 -7.10904e-18 9.67901e-18 -0.781385 -0.0871139 5.8804e-19 -3.32528e-19 0.0871139 -0.781385 
117 0.783376 -0.20385 -4.93327e-18 0 -0.20385 0.783376 -5.23826e-18 7.32274e-19 8.03392e-18 -5.8693e-18 -0.752049 -0.0808775 -1.06105e-18 2.02477e-18 0.0808775 -0.752049 
118 0.740343 -0.186377 -2.7596e-18 0 -0.186377 0.740343 1.9933e-17 9.59078e-20 -8.75938e-19 1.965e-17 -0.712682 -0.0738313 6.82567e-20 -1.72069e-18 0.0738313 -0.712682 
119 0.790192 -0.192336 -8.93091e-19 0 -0.192336 0.790192 1.25406e-17 1.56729e-18 -2.65534e-18 1.23832e-17 -0.762639 -0.0760754 -1.27196e-19 -4.61447e-19 0.0760754 -0.762639 
120 0.760461 -0.178765 -2.78233e-18 0 -0.178765 0.760461 3.05335e-17 2.26789e-18 -5.53353e-18 2.81002e-17 -0.735769 -0.0705992 -1.95111e-20 -4.56491e-19 0.0705992 -0.735769 
121 0.835777 -0.189845 -6.45803e-18 0 -0.189845 0.835777 -1.14502e-18 2.38464e-20 5.108e-18 -5.25724e-19 -0.810477 -0.0748647 -4.74161e-19 -2.55475e-21 0.0748647 -0.810477 
122 0.844248 -0.185134 -4.85034e-18 0 -0.185134 0.844248 2.51955e-17 1.10008e-18 9.5687e-19 2.41043e-17 -0.820463 -0.0729002 -3.30089e-19 -1.11203e-18 0.0729002 -0.820463 
123 0.763016 -0.16139 7.18358e-18 0 -0.16139 0.763016 -1.73432e-17 -4.39547e-19 -4.22066e-18 -1.24255e-17 -0.743045 -0.0634574 4.56656e-19 1.14649e-18 0.0634574 -0.743045 
124 0.722374 -0.147406 -1.69612e-18 0 -0.147406 0.722374 -1.1465e-17 -8.94842e-19 3.28488e-18 -1.1411e-17 -0.7048 -0.0578772 -8.40151e-20 6.86135e-20 0.0578772 -0.7048 
125 0.759086 -0.149147 6.64687e-19 0 -0.149147 0.759086 -2.59981e-18 2.61943e-20 1.59709e-18 -3.07456e-18 -0.741986 -0.0584764 -1.27814e-19 3.85777e-20 0.0584764 -0.741986 
126 0.825667 -0.156316 9.52271e-20 0 -0.156316 0.825667 -3.05301e-17 -1.73847e-18 8.80172e-18 -3.04481e-17 -0.80842 -0.061203 -3.35445e-19 9.74088e-19 0.061203 -0.80842 
127 0.726962 -0.132267 7.68812e-18 0 -0.132267 0.726962 -3.04459e-18 -1.08872e-19 -7.84097e-18 -3.03191e-18 -0.712954 -0.0517132 5.93578e-19 3.58374e-19 0.0517132 -0.712954 
128 0.880071 -0.154207 -5.6254e-18 0 -0.154207 0.880071 2.0091e-17 5.63594e-19 3.13051e-18 2.40273e-17 -0.864358 -0.0602129 -3.20493e-19 -1.02721e-18 0.0602129 -0.864358 
129 0.731522 -0.123065 5.14388e-18 0 -0.123065 0.731522 -2.055e-17 -5.47789e-19 -1.57979e-18 -1.77689e-17 -0.719495 -0.0479872 1.9797e-19 6.90192e-19 0.0479872 -0.719495 
130 0.813758 -0.131471 -1.87857e-18 0 -0.131471 0.813758 -4.58484e-19 -1.0971e-19 1.74007e-18 5.98234e-18 -0.801432 -0.0511976 -9.40339e-20 -5.87295e-19 0.0511976 -0.801432 
131 0.829527 -0.128552 -3.46119e-18 0 -0.128552 0.829527 -2.28613e-17 -8.70533e-19 8.54105e-18 -2.45002e-17 -0.817977 -0.0499959 -3.85661e-19 7.30917e-19 0.0499959 -0.817977 
132 0.787568 -0.116907 -3.27577e-18 0 -0.116907 0.787568 4.66523e-17 1.34517e-18 -3.04495e-18 4.60905e-17 -0.777517 -0.0454078 -2.66853e-20 -1.18299e-18 0.0454078 -0.777517 
133 0.851512 -0.121213 -6.32492e-18 0 -0.121213 0.851512 -1.01748e-17 -4.34847e-19 9.06726e-18 -8.62203e-18 -0.841527 -0.0470226 -4.36897e-19 2.53026e-19 0.0470226 -0.841527 
134 0.805097 -0.109585 -4.18646e-18 0 -0.109585 0.805097 -4.43535e-18 9.576e-20 4.50831e-18 -1.4225e-18 -0.796472 -0.0424585 -2.53938e-19 -1.29472e-20 0.0424585 -0.796472 
135 0.851554 -0.110738 -3.32668e-18 0 -0.110738 0.851554 -3.55212e-18 -1.89541e-19 3.0261e-18 -6.4153e-18 -0.843233 -0.0428523 -1.25331e-19 1.66076e-19 0.0428523 -0.843233 
136 0.908257 -0.112725 -3.37968e-18 0 -0.112725 0.908257 3.17519e-17 9.36734e-19 -2.7057e-18 3.30409e-17 -0.900179 -0.0435687 1.63233e-20 -6.25164e-19 0.0435687 -0.900179 
137 0.74671 -0.0884418 -4.84764e-18 0 -0.0884418 0.74671 3.28898e-17 9.86033e-19 7.13552e-19 2.48109e-17 -0.740667 -0.0341434 -1.50351e-19 -4.25119e-19 0.0341434 -0.740667 
138 0.834402 -0.0941764 -1.5818e-17 0 -0.0941764 0.834402 3.51928e-17 2.49371e-19 1.02175e-17 3.58085e-17 -0.828273 -0.0363155 -4.69885e-19 -1.15387e-18 0.0363155 -0.828273 
139 0.731824 -0.0786287 2.7258e-18 0 -0.0786287 0.731824 1.68017e-17 2.50054e-19 -3.94444e-18 2.3249e-17 -0.726956 -0.030286 1.33826e-19 -6.17065e-19 0.030286 -0.726956 
140 0.764786 -0.078015 -1.02105e-18 0 -0.078015 0.764786 -4.25562e-19 -4.40532e-19 -2.68388e-20 2.88174e-18 -0.760203 -0.0300156 4.32688e-20 -3.35508e-19 0.0300156 -0.760203 
141 0.748863 -0.0726666 4.01834e-18 0 -0.0726666 0.748863 6.80981e-18 3.85607e-20 -3.07208e-18 4.25009e-18 -0.744805 -0.0279287 1.10715e-19 -2.30415e-19 0.0279287 -0.744805 
142 0.821699 -0.0755467 5.82341e-18 0 -0.0755467 0.821699 4.2329e-17 -8.16843e-20 -6.19146e-18 4.76093e-17 -0.817704 -0.0290045 2.25412e-19 -1.49656e-18 0.0290045 -0.817704 
143 0.81167 -0.0708281 -6.28633e-18 0 -0.0708281 0.81167 1.36641e-17 -4.73861e-19 5.022e-18 1.28953e-17 -0.808116 -0.027166 -1.26388e-19 -7.11964e-19 0.027166 -0.808116 
144 0.757184 -0.0626055 3.05004e-18 0 -0.0626055 0.757184 2.92373e-17 1.17426e-18 -1.78486e-18 3.20296e-17 -0.754209 -0.0239888 -4.05898e-20 3.52225e-19 0.0239888 -0.754209 
145 0.740578 -0.0577666 3.19678e-19 0 -0.0577666 0.740578 -9.70863e-18 -1.76076e-19 -2.06323e-18 -1.27241e-17 -0.73799 -0.0221125 7.44946e-20 1.43797e-19 0.0221125 -0.73799 
146 0.883545 -0.0648544 -2.81646e-18 0 -0.0648544 0.883545 -2.66059e-17 -3.84346e-19 3.16163e-18 -3.37066e-17 -0.880812 -0.0248011 -5.89249e-20 5.47638e-19 0.0248011 -0.880812 
147 0.795669 -0.0549689 3.19953e-18 0 -0.0549689 0.795669 -3.73961e-17 2.21537e-19 -4.01641e-18 -3.84006e-17 -0.793489 -0.0210012 9.2237e-20 1.27559e-18 0.0210012 -0.793489 
148 0.812243 -0.0527131 2.46949e-18 0 -0.0527131 0.812243 -7.71118e-18 6.45227e-19 -1.60513e-18 -7.15037e-18 -0.81028 -0.0201211 1.20327e-22 8.8583e-19 0.0201211 -0.81028 
149 0.830031 -0.0504487 -1.17024e-17 0 -0.0504487 0.830031 4.92366e-17 -2.84443e-19 9.33249e-18 4.73973e-17 -0.828272 -0.0192395 -1.99673e-19 -1.3364e-18 0.0192395 -0.828272 
150 0.849152 -0.0482256 -9.12664e-19 0 -0.0482256 0.849152 -2.81719e-17 7.17886e-20 2.87263e-18 -3.05831e-17 -0.847581 -0.0183756 -6.85528e-20 5.68225e-19 0.0183756 -0.847581 
151 0.941228 -0.0500263 8.75814e-18 0 -0.0500263 0.941228 4.91301e-17 8.17857e-19 -1.16665e-17 5.39749e-17 -0.939704 -0.0190465 1.9559e-19 -2.63396e-19 0.0190465 -0.939704 
152 0.781225 -0.0386173 1.76351e-18 0 -0.0386173 0.781225 8.02427e-18 4.85516e-19 -1.51876e-18 2.23536e-18 -0.780131 -0.0146907 7.44406e-21 3.42109e-19 0.0146907 -0.780131 
153 0.865068 -0.0398402 -3.46528e-18 0 -0.0398402 0.865068 -1.53758e-17 5.16231e-20 2.41543e-18 -1.442e-17 -0.864017 -0.0151446 -4.36832e-20 1.74868e-19 0.0151446 -0.864017 
154 0.724582 -0.0308982 8.03166e-18 0 -0.0308982 0.724582 -1.11088e-17 -1.37761e-19 -6.42607e-18 -7.2531e-18 -0.723827 -0.0117366 1.10015e-19 -1.46853e-20 0.0117366 -0.723827 
155 0.731058 -0.0286836 -1.30854e-17 0 -0.0286836 0.731058 3.70065e-17 1.99954e-19 1.03381e-17 3.52634e-17 -0.730414 -0.0108871 -1.61558e-19 -3.75027e-19 0.0108871 -0.730414 
156 0.873158 -0.0317806 1.01228e-17 0 -0.0317806 0.873158 6.79014e-17 1.02901e-18 -1.38735e-17 7.07826e-17 -0.872496 -0.0120549 1.54599e-19 -3.22388e-20 0.0120549 -0.872496 
157 0.931061 -0.0310039 -3.33568e-18 0 -0.0310039 0.931061 -4.02593e-17 4.19836e-19 5.46433e-18 -4.51513e-17 -0.93047 -0.0117521 -8.08285e-20 8.67006e-19 0.0117521 -0.93047 
158 0.894035 -0.0271466 -7.96462e-18 0 -0.0271466 0.894035 -1.17187e-16 -5.02679e-19 1.45197e-17 -1.13511e-16 -0.893563 -0.0102832 -1.47143e-19 7.87763e-19 0.0102832 -0.893563 
159 0.676723 -0.018732 -1.19311e-17 0 -0.018732 0.676723 5.91895e-17 2.53884e-19 6.8726e-18 6.17339e-17 -0.676426 -0.00709142 -7.80381e-20 -3.10831e-19 0.00709142 -0.676426 
160 0.92008 -0.0230282 5.79674e-18 0 -0.0230282 0.92008 9.55187e-17 3.02909e-19 -7.94421e-18 9.0246e-17 -0.91975 -0.00871259 6.64531e-20 -6.26884e-19 0.00871259 -0.91975 
161 0.948822 -0.0215146 4.26913e-18 0 -0.0215146 0.948822 2.14409e-17 2.38037e-19 -5.4119e-18 2.41379e-17 -0.948542 -0.00813557 4.29931e-20 2.75532e-20 0.00813557 -0.948542 
162 0.878175 -0.0178518 -6.51624e-18 0 -0.0178518 0.878175 1.64442e-16 3.72424e-19 8.78014e-19 1.5494e-16 -0.877967 -0.00674689 -1.31007e-20 -8.42182e-19 0.00674689 -0.877967 
163 0.789921 -0.0142527 -6.71892e-18 0 -0.0142527 0.789921 -1.03264e-17 2.5494e-19 4.99365e-18 -1.11349e-17 -0.789774 -0.00538384 -3.86617e-20 2.48702e-19 0.00538384 -0.789774 
164 0.869289 -0.0139349 1.03654e-17 0 -0.0139349 0.869289 1.63892e-16 4.82475e-19 -9.77947e-18 1.6138e-16 -0.869161 -0.0052614 5.08464e-20 -4.45846e-19 0.0052614 -0.869161 
165 0.702691 -0.0099065 -1.9038e-17 0 -0.0099065 0.702691 -1.81617e-16 -3.15733e-19 2.16534e-17 -1.64619e-16 -0.702611 -0.00373873 -1.10298e-19 6.5725e-19 0.00373873 -0.702611 
166 0.715966 -0.00877552 -7.51196e-18 0 -0.00877552 0.715966 1.41661e-16 2.55057e-19 8.1828e-18 1.4208e-16 -0.715905 -0.00331049 -3.99844e-20 -3.91302e-19 0.00331049 -0.715905 
167 0.782809 -0.00829603 9.32309e-19 0 -0.00829603 0.782809 7.3607e-17 -6.17962e-20 9.1804e-19 7.60766e-17 -0.782758 -0.00312841 -8.3431e-22 -3.85608e-19 0.00312841 -0.782758 
168 0.721998 -0.00655651 3.23642e-18 0 -0.00655651 0.721998 3.11866e-18 -1.82783e-19 -4.09128e-18 3.50849e-18 -0.721964 -0.00247158 1.86852e-20 -2.17504e-19 0.00247158 -0.721964 
169 0.726193 -0.00547535 4.34508e-18 0 -0.00547535 0.726193 -3.8088e-17 -7.95231e-20 -4.09291e-18 -3.82296e-17 -0.72617 -0.00206328 1.26598e-20 2.54422e-20 0.00206328 -0.72617 
170 0.847829 -0.00529906 -1.08451e-17 0 -0.00529906 0.847829 6.67358e-17 2.48636e-19 1.04063e-17 7.21521e-17 -0.84781 -0.00199625 -2.76662e-20 7.0556e-20 0.00199625 -0.84781 
171 0.682774 -0.00344402 -1.74323e-18 0 -0.00344402 0.682774 2.16571e-16 4.04202e-19 -6.89113e-19 2.2417e-16 -0.682764 -0.00129706 -1.28282e-21 4.55372e-21 0.00129706 -0.682764 
172 0.91265 -0.00362754 2.61613e-18 0 -0.00362754 0.91265 5.49663e-16 2.74281e-19 -3.60697e-18 5.31318e-16 -0.912642 -0.00136584 5.30688e-21 -5.16591e-19 0.00136584 -0.912642 
173 0.90011 -0.00280304 1.32478e-17 0 -0.00280304 0.90011 1.81784e-17 -3.62187e-20 -1.16556e-17 1.91759e-17 -0.900105 -0.00105519 1.44512e-20 -4.14581e-20 0.00105519 -0.900105 
174 0.938967 -0.00211026 -5.57919e-18 0 -0.00211026 0.938967 4.611e-16 1.34121e-19 5.48829e-18 4.60842e-16 -0.938964 -0.000794235 -5.9849e-21 -2.6061e-19 0.000794235 -0.938964 
175 0.66243 -0.00104681 -1.41703e-18 0 -0.00104681 0.66243 6.07878e-16 1.10984e-19 -5.24772e-19 6.17488e-16 -0.662429 -0.000393924 4.0769e-22 -2.1266e-19 0.000393924 -0.662429 
176 0.951807 -0.000973031 1.7796e-17 0 -0.000973031 0.951807 9.9866e-16 1.13069e-19 -2.3847e-17 9.9256e-16 -0.951807 -0.000366112 7.97288e-21 -2.33838e-19 0.000366112 -0.951807 
177 0.827364 -0.000460125 -5.49568e-18 0 -0.000460125 0.827364 -3.43803e-16 9.74882e-20 1.04574e-17 -3.31413e-16 -0.827364 -0.000173108 -2.33184e-21 1.44683e-19 0.000173108 -0.827364 
178 0.661723 -0.000166122 1.17305e-17 0 -0.000166122 0.661723 -1.1403e-15 8.56512e-20 -2.52349e-18 -1.14727e-15 -0.661723 -6.24939e-05 6.15986e-22 1.8862e-19 6.24939e-05 -0.661723 
179 0.496217 -2.81392e-05 1.41916e-18 0 -2.81392e-05 0.496217 -3.16727e-15 1.33103e-20 2.26008e-18 -3.16727e-15 -0.496217 -1.05852e-05 -9.67348e-23 4.14786e-20 1.05852e-05 -0.496217 
180 0 0 0 0 0 0 0 0 0 0 0 0 0 0 0 0 
