0 0 0 0 0 0 0 
1 0.848226 -0.0302091 0.848226 0.847573 -0.0139604 0.847573 
2 1.62277 -0.109613 1.62277 1.61819 -0.0506523 1.61819 
3 2.32179 -0.237573 2.32179 2.30686 -0.109773 2.30686 
4 2.59373 -0.350046 2.59373 2.56477 -0.161701 2.56477 
5 3.11551 -0.529243 3.11551 3.06028 -0.244434 3.06028 
6 3.51729 -0.705734 3.51729 3.4301 -0.325945 3.4301 
7 2.90157 -0.670429 2.90157 2.80588 -0.309376 2.80588 
8 2.91185 -0.766498 2.91185 2.78657 -0.353848 2.78657 
9 2.87926 -0.860748 2.87926 2.71859 -0.397029 2.71859 
10 2.85885 -0.931716 2.85885 2.66823 -0.42974 2.66823 
11 2.75946 -0.98544 2.75946 2.53704 -0.454189 2.53704 
12 3.06954 -1.19246 3.06954 2.77429 -0.549748 2.77429 
13 2.6551 -1.11111 2.6551 2.35633 -0.511869 2.35633 
14 2.67308 -1.19571 2.67307 2.32639 -0.550228 2.3264 
15 2.51452 -1.19435 2.51452 2.1433 -0.549468 2.1433 
16 2.34256 -1.17738 2.34256 1.95145 -0.540778 1.95145 
17 2.32811 -1.23201 2.32811 1.89245 -0.56579 1.89245 
18 1.95667 -1.08994 1.95667 1.54573 -0.500973 1.54573 
19 2.33434 -1.35168 2.33434 1.79889 -0.620945 1.79889 
20 1.92078 -1.16124 1.92078 1.43422 -0.532443 1.43422 
21 1.85562 -1.1682 1.85562 1.33833 -0.535916 1.33833 
22 1.89155 -1.23127 1.89155 1.32035 -0.564081 1.32035 
23 1.7448 -1.17539 1.7448 1.1717 -0.538098 1.1717 
24 2.01347 -1.3971 2.01347 1.30109 -0.639527 1.30109 
25 1.97496 -1.41097 1.97496 1.22177 -0.645342 1.22177 
26 1.73154 -1.26897 1.73154 1.02535 -0.579927 1.02535 
27 1.82794 -1.37246 1.82794 1.03209 -0.626171 1.03209 
28 1.5888 -1.21967 1.58879 0.853045 -0.555482 0.853056 
29 1.75182 -1.37155 1.75182 0.892818 -0.624638 0.892819 
30 1.79257 -1.43158 1.79257 0.859437 -0.651897 0.859437 
31 1.45745 -1.18535 1.45745 0.654319 -0.539223 0.654319 
32 1.62015 -1.33722 1.62015 0.683508 -0.607748 0.683508 
33 1.67679 -1.40499 1.67679 0.656146 -0.637871 0.656146 
34 1.15182 -0.978187 1.15182 0.415856 -0.443623 0.415856 
35 1.41648 -1.21694 1.41648 0.470474 -0.551322 0.470474 
36 1.45745 -1.26521 1.45745 0.442047 -0.57258 0.442047 
37 1.38024 -1.21015 1.38024 0.375763 -0.547021 0.375763 
38 1.34116 -1.1856 1.34116 0.3261 -0.535318 0.3261 
39 1.18513 -1.05559 1.18513 0.25204 -0.476042 0.25204 
40 1.38211 -1.23922 1.38211 0.250859 -0.558145 0.250859 
41 1.35494 -1.22068 1.35494 0.209874 -0.549189 0.209874 
42 1.35974 -1.23061 1.35974 0.169081 -0.552938 0.169081 
43 1.15379 -1.04778 1.15379 0.110406 -0.470201 0.110406 
44 1.13996 -1.03801 1.13996 0.0745112 -0.465183 0.0745112 
45 1.18782 -1.08342 1.18782 0.0435967 -0.484895 0.0435967 
46 1.27934 -1.16791 1.27934 0.0106768 -0.522009 0.0106768 
47 0.981772 -0.896311 0.981772 -0.0194782 -0.40007 -0.0194782 
48 1.07385 -0.979664 1.07385 -0.0517648 -0.436659 -0.0517648 
49 1.25744 -1.1455 1.25744 -0.0943636 -0.509876 -0.0943636 
50 1.12016 -1.01825 1.12016 -0.113947 -0.452603 -0.113947 
51 1.09021 -0.987972 1.09021 -0.141916 -0.438469 -0.141916 
52 1.00893 -0.911087 1.00893 -0.157375 -0.403767 -0.157375 
53 1.13389 -1.0198 1.13389 -0.204856 -0.451308 -0.204856 
54 1.22856 -1.09926 1.22856 -0.254958 -0.485705 -0.254958 
55 0.93546 -0.832651 0.93546 -0.216243 -0.36738 -0.216243 
56 1.01755 -0.899852 1.01755 -0.261704 -0.396387 -0.261704 
57 1.03521 -0.909082 1.03521 -0.292078 -0.399811 -0.292078 
58 1.0875 -0.948238 1.0875 -0.33173 -0.416401 -0.33173 
59 0.884967 -0.765599 0.884967 -0.290364 -0.33567 -0.290364 
60 1.00053 -0.858311 1.00053 -0.350917 -0.375721 -0.350917 
61 0.965808 -0.820906 0.965808 -0.360768 -0.358753 -0.360768 
62 0.99241 -0.835226 0.99241 -0.392994 -0.364398 -0.392994 
63 1.02289 -0.852509 1.02289 -0.426124 -0.371348 -0.426124 
64 1.0059 -0.829127 1.0059 -0.440845 -0.360539 -0.440845 
65 1.03211 -0.841618 1.03211 -0.472644 -0.365379 -0.472644 
66 0.971565 -0.782873 0.971565 -0.464642 -0.33929 -0.464642 
67 1.00548 -0.800549 1.00548 -0.500104 -0.346368 -0.500104 
68 0.890003 -0.699964 0.890003 -0.459033 -0.302345 -0.459033 
69 0.935564 -0.726301 0.935564 -0.499649 -0.313184 -0.499649 
70 0.806806 -0.617797 0.806806 -0.445559 -0.265928 -0.445559 
71 0.929952 -0.702408 0.929952 -0.529431 -0.301833 -0.529431 
72 0.929628 -0.692298 0.929628 -0.544707 -0.296978 -0.544707 
73 0.919156 -0.674035 0.919156 -0.554255 -0.288617 -0.554255 
74 0.801234 -0.578518 0.801234 -0.496112 -0.247274 -0.496112 
75 0.934052 -0.664462 0.934052 -0.592052 -0.283532 -0.592052 
76 0.842341 -0.589772 0.842341 -0.546419 -0.25122 -0.546419 
77 0.893965 -0.615751 0.893965 -0.592832 -0.261822 -0.592832 
78 0.915664 -0.620013 0.915664 -0.620281 -0.263158 -0.620281 
79 0.937439 -0.623867 0.937439 -0.647837 -0.264319 -0.647837 
80 0.888658 -0.580933 0.888658 -0.625977 -0.245683 -0.625977 
81 0.933433 -0.599422 0.933433 -0.669277 -0.253053 -0.669277 
82 0.829177 -0.522671 0.829177 -0.60483 -0.220252 -0.60483 
83 0.896556 -0.554878 0.896556 -0.664394 -0.233414 -0.664394 
84 0.816413 -0.495641 0.816413 -0.614444 -0.208119 -0.614444 
85 0.827652 -0.492454 0.827652 -0.632363 -0.206397 -0.632363 
86 0.860975 -0.502472 0.860975 -0.666772 -0.210228 -0.666772 
87 0.798707 -0.456879 0.798707 -0.626714 -0.190812 -0.626714 
88 0.841603 -0.471239 0.841603 -0.669047 -0.196444 -0.669047 
89 0.777521 -0.426422 0.777521 -0.625463 -0.177446 -0.625463 
90 0.89736 -0.482178 0.89736 -0.72981 -0.200302 -0.72981 
91 0.894901 -0.469974 0.894901 -0.736196 -0.194864 -0.736196 
92 0.862671 -0.443531 0.862671 -0.716773 -0.183584 -0.716773 
93 0.939953 -0.472378 0.939953 -0.788836 -0.195171 -0.788836 
94 0.887281 -0.4362 0.887281 -0.751408 -0.179913 -0.751408 
95 0.868145 -0.416307 0.868145 -0.742281 -0.171381 -0.742281 
96 0.792138 -0.371212 0.792138 -0.682937 -0.152553 -0.682937 
97 0.86767 -0.397324 0.86767 -0.753925 -0.163006 -0.753925 
98 0.889029 -0.397124 0.889029 -0.778591 -0.162631 -0.778591 
99 0.777645 -0.338812 0.777645 -0.68611 -0.138505 -0.68611 
100 0.781519 -0.332172 0.781519 -0.694297 -0.135557 -0.694297 
101 0.870642 -0.360816 0.870642 -0.778596 -0.146992 -0.778596 
102 0.847898 -0.342143 0.847898 -0.763217 -0.139136 -0.763217 
103 0.862012 -0.338965 0.862012 -0.780526 -0.13761 -0.780526 
104 0.897869 -0.343662 0.897869 -0.817715 -0.139275 -0.817715 
105 0.925114 -0.344691 0.925114 -0.847093 -0.139455 -0.847093 
106 0.894471 -0.324165 0.894471 -0.823313 -0.130927 -0.823313 
107 0.799196 -0.281921 0.799196 -0.739125 -0.11368 -0.739125 
108 0.824248 -0.282482 0.824248 -0.765932 -0.113711 -0.765932 
109 0.737795 -0.245753 0.737795 -0.688613 -0.0987633 -0.688613 
110 0.825996 -0.267321 0.825996 -0.774143 -0.107256 -0.774143 
111 0.814718 -0.255647 0.814718 -0.766758 -0.102397 -0.766758 
112 0.762554 -0.232436 0.762554 -0.720289 -0.0929546 -0.720289 
113 0.795966 -0.235236 0.795966 -0.754586 -0.0939212 -0.754586 
114 0.820479 -0.234866 0.820479 -0.780547 -0.0936194 -0.780547 
115 0.890866 -0.247339 0.890866 -0.850158 -0.0984401 -0.850158 
116 0.816224 -0.219237 0.816224 -0.781385 -0.0871139 -0.781385 
117 0.783376 -0.20385 0.783376 -0.752049 -0.0808775 -0.752049 
118 0.740343 -0.186377 0.740343 -0.712682 -0.0738313 -0.712682 
119 0.790192 -0.192336 0.790192 -0.762639 -0.0760754 -0.762639 
120 0.760461 -0.178765 0.760461 -0.735769 -0.0705992 -0.735769 
121 0.835777 -0.189845 0.835777 -0.810477 -0.0748647 -0.810477 
122 0.844248 -0.185134 0.844248 -0.820463 -0.0729002 -0.820463 
123 0.763016 -0.16139 0.763016 -0.743045 -0.0634574 -0.743045 
124 0.722374 -0.147406 0.722374 -0.7048 -0.0578772 -0.7048 
125 0.759086 -0.149147 0.759086 -0.741986 -0.0584764 -0.741986 
126 0.825667 -0.156316 0.825667 -0.80842 -0.061203 -0.80842 
127 0.726962 -0.132267 0.726962 -0.712954 -0.0517132 -0.712954 
128 0.880071 -0.154207 0.880071 -0.864358 -0.0602129 -0.864358 
129 0.731522 -0.123065 0.731522 -0.719495 -0.0479872 -0.719495 
130 0.813758 -0.131471 0.813758 -0.801432 -0.0511976 -0.801432 
131 0.829527 -0.128552 0.829527 -0.817977 -0.0499959 -0.817977 
132 0.787568 -0.116907 0.787568 -0.777517 -0.0454078 -0.777517 
133 0.851512 -0.121213 0.851512 -0.841527 -0.0470226 -0.841527 
134 0.805097 -0.109585 0.805097 -0.796472 -0.0424585 -0.796472 
135 0.851554 -0.110738 0.851554 -0.843233 -0.0428523 -0.843233 
136 0.908257 -0.112725 0.908257 -0.900179 -0.0435687 -0.900179 
137 0.74671 -0.0884418 0.74671 -0.740667 -0.0341434 -0.740667 
138 0.834402 -0.0941764 0.834402 -0.828273 -0.0363155 -0.828273 
139 0.731824 -0.0786287 0.731824 -0.726956 -0.030286 -0.726956 
140 0.764786 -0.078015 0.764786 -0.760203 -0.0300156 -0.760203 
141 0.748863 -0.0726666 0.748863 -0.744805 -0.0279287 -0.744805 
142 0.821699 -0.0755467 0.821699 -0.817704 -0.0290045 -0.817704 
143 0.81167 -0.0708281 0.81167 -0.808116 -0.027166 -0.808116 
144 0.757184 -0.0626055 0.757184 -0.754209 -0.0239888 -0.754209 
145 0.740578 -0.0577666 0.740578 -0.73799 -0.0221125 -0.73799 
146 0.883545 -0.0648544 0.883545 -0.880812 -0.0248011 -0.880812 
147 0.795669 -0.0549689 0.795669 -0.793489 -0.0210012 -0.793489 
148 0.812243 -0.0527131 0.812243 -0.81028 -0.0201211 -0.81028 
149 0.830031 -0.0504487 0.830031 -0.828272 -0.0192395 -0.828272 
150 0.849152 -0.0482256 0.849152 -0.847581 -0.0183756 -0.847581 
151 0.941228 -0.0500263 0.941228 -0.939704 -0.0190465 -0.939704 
152 0.781225 -0.0386173 0.781225 -0.780131 -0.0146907 -0.780131 
153 0.865068 -0.0398402 0.865068 -0.864017 -0.0151446 -0.864017 
154 0.724582 -0.0308982 0.724582 -0.723827 -0.0117366 -0.723827 
155 0.731058 -0.0286836 0.731058 -0.730414 -0.0108871 -0.730414 
156 0.873158 -0.0317806 0.873158 -0.872496 -0.0120549 -0.872496 
157 0.931061 -0.0310039 0.931061 -0.93047 -0.0117521 -0.93047 
158 0.894035 -0.0271466 0.894035 -0.893563 -0.0102832 -0.893563 
159 0.676723 -0.018732 0.676723 -0.676426 -0.00709142 -0.676426 
160 0.92008 -0.0230282 0.92008 -0.91975 -0.00871259 -0.91975 
161 0.948822 -0.0215146 0.948822 -0.948542 -0.00813557 -0.948542 
162 0.878175 -0.0178518 0.878175 -0.877967 -0.00674689 -0.877967 
163 0.789921 -0.0142527 0.789921 -0.789774 -0.00538384 -0.789774 
164 0.869289 -0.0139349 0.869289 -0.869161 -0.0052614 -0.869161 
165 0.702691 -0.0099065 0.702691 -0.702611 -0.00373873 -0.702611 
166 0.715966 -0.00877552 0.715966 -0.715905 -0.00331049 -0.715905 
167 0.782809 -0.00829603 0.782809 -0.782758 -0.00312841 -0.782758 
168 0.721998 -0.00655651 0.721998 -0.721964 -0.00247158 -0.721964 
169 0.726193 -0.00547535 0.726193 -0.72617 -0.00206328 -0.72617 
170 0.847829 -0.00529906 0.847829 -0.84781 -0.00199625 -0.84781 
171 0.682774 -0.00344402 0.682774 -0.682764 -0.00129706 -0.682764 
172 0.91265 -0.00362754 0.91265 -0.912642 -0.00136584 -0.912642 
173 0.90011 -0.00280304 0.90011 -0.900105 -0.00105519 -0.900105 
174 0.938967 -0.00211026 0.938967 -0.938964 -0.000794235 -0.938964 
175 0.66243 -0.00104681 0.66243 -0.662429 -0.000393924 -0.662429 
176 0.951807 -0.000973031 0.951807 -0.951807 -0.000366112 -0.951807 
177 0.827364 -0.000460125 0.827364 -0.827364 -0.000173108 -0.827364 
178 0.661723 -0.000166122 0.661723 -0.661723 -6.24939e-05 -0.661723 
179 0.496217 -2.81392e-05 0.496217 -0.496217 -1.05852e-05 -0.496217 
180 0 0 0 0 0 0 
