0 4.44159 0.155683 0.159689 -0.000207816 0.111561 4.24778 0.110488 -0.0659999 0.188868 0.155269 4.33584 0.0336079 -0.00749868 0.0487275 -0.0580628 4.15041 
1 2.43203 0.0110024 0.0526883 0.00561442 0.00373598 2.10899 -0.0209113 -0.0522725 0.0450927 -0.0652669 2.35482 0.0667568 0.00772744 0.0391106 0.0344962 2.07937 
2 5.02469 -0.0185412 -0.0110129 -0.00812504 -0.00597545 4.83449 0.0552422 0.0404949 0.00723284 -0.00816906 4.90935 -0.0251382 0.0024207 -0.073521 -0.0999409 4.8208 
3 4.649 -0.0404372 0.00492288 -2.2478e-05 -0.0508414 4.50288 -0.00802248 0.0555067 0.0138472 0.0334104 4.52892 -0.0395016 0.00346551 -0.0216425 0.0162377 4.49051 
4 5.36422 -0.089979 -0.0182575 -0.00767862 -0.0884271 4.99247 -0.0655437 -0.0422513 -0.0135625 -0.00538952 5.09152 0.0362231 -0.0068444 0.01028 -0.0606544 4.89423 
5 4.86574 -0.10724 0.00248 -0.00176897 -0.10239 4.61043 0.00239633 -0.00410566 -0.0049192 -0.0771026 4.68994 -0.0252656 0.00447246 -0.00113181 0.0270018 4.5682 
6 4.89114 -0.131571 0.0400073 0.00312773 -0.140588 4.63203 -0.00632048 -0.00918357 0.0279592 0.0342137 4.58292 -0.0204825 -0.00151866 0.0110749 0.00346006 4.41296 
7 5.41642 -0.129731 0.0140544 0.00144242 -0.12486 5.17419 0.00295558 0.0184704 0.0138 -0.0203596 5.17732 -0.0362205 -0.00140894 -0.0362252 0.0139424 4.99577 
8 4.99341 -0.120497 0.0145243 -0.00511502 -0.129519 4.7082 -0.026676 -0.0222859 0.014906 -0.0466913 4.77957 0.0175109 -0.00557051 0.0280419 0.0261814 4.59939 
9 4.83183 -0.161819 -0.023896 -0.00223322 -0.165365 4.65533 -0.05553 -0.00190141 -0.0139764 -0.0782052 4.60518 0.0102231 -0.00174564 0.00201939 -0.00311852 4.48949 
10 5.01022 -0.174256 -0.0263433 0.00252778 -0.167777 4.74113 0.0499892 0.00501733 -0.0288705 0.0316929 4.73039 0.00579428 0.000892462 -0.022517 -0.0436808 4.56825 
11 4.48214 -0.179236 -0.011455 -0.000482529 -0.178603 4.27537 0.00264753 0.00232071 -0.0108713 -0.00802429 4.24588 -0.00368271 -0.00519765 -0.0146695 -0.00969296 4.09828 
12 4.7303 -0.208267 -0.0200836 0.00150237 -0.199301 4.55814 -0.0365737 -0.00483929 -0.00926006 -0.0194077 4.51971 -0.0225791 -0.00339396 0.0111442 0.0247911 4.40731 
13 4.16421 -0.138743 0.0135988 -0.000458754 -0.137536 3.99433 -0.0160125 0.0110525 0.0157602 -0.00608116 3.89852 0.0242575 0.00174752 0.00368091 0.0192464 3.83048 
14 4.27829 -0.172518 0.00635354 -0.00153952 -0.162529 4.15378 -0.000389732 0.00201783 0.003985 -0.0180042 4.10069 -0.0217202 0.000481187 -0.0183091 -0.0118814 4.0434 
15 4.2454 -0.178745 0.00885816 0.00222424 -0.180759 4.10554 0.0124786 0.00753401 0.00843266 -0.00182638 4.03103 -0.00432087 -0.00410523 -0.00993767 0.00587664 3.93621 
16 4.18732 -0.171293 0.008105 -0.00136721 -0.167404 3.97941 -0.0456646 0.000209954 0.00490401 -0.027873 3.94273 0.022939 0.000302394 0.00373937 -0.0219785 3.83132 
17 4.47566 -0.140938 -0.00200478 0.00199106 -0.136214 4.28953 -0.0147781 -0.0113219 -0.00876193 -0.00257441 4.22212 -0.00909371 0.00363681 0.0227839 0.00978604 4.10413 
18 4.11067 -0.161507 -0.0145469 -0.00172135 -0.174189 3.94867 2.30677e-07 0.0087902 -0.0110697 -0.0121457 3.81594 0.00452559 0.00130586 -0.00702122 -0.00174007 3.74498 
19 4.03139 -0.116387 0.00548786 -0.0037178 -0.125215 3.87364 -0.0288558 0.00321682 -0.00408395 -0.0482392 3.78739 -0.00994226 -0.00183238 -0.0174943 0.0231761 3.6939 
20 3.80911 -0.114249 -0.0055492 -0.00340246 -0.11709 3.65383 -0.00992701 -0.00198964 -0.0077279 0.00370137 3.59733 -0.0139527 -0.000574831 0.00821699 0.00703762 3.49356 
21 4.2803 -0.0902163 0.00250589 -0.000230377 -0.0896313 4.10332 0.0151513 0.00314035 -0.00283566 0.0196933 4.0692 0.0159543 0.00110059 -0.0125214 0.0217488 3.96447 
22 3.83925 -0.0949959 0.00221349 0.000925004 -0.0999532 3.63812 0.00200531 0.00217787 -0.00947228 -0.0195083 3.61378 -0.000590566 -0.00749858 0.00898613 0.00736808 3.51493 
23 3.54477 -0.121616 -0.00151064 -0.00145371 -0.124186 3.42586 0.0127832 -0.00626994 -0.0111155 0.0173149 3.31864 0.0120443 0.00191855 -0.0195278 -0.0189275 3.26747 
24 3.89257 -0.0855196 0.00151546 -0.00313174 -0.087991 3.72355 0.00772318 0.0272686 -0.000409871 0.0061948 3.63576 -0.00851728 0.0013251 0.0108826 0.0139413 3.58962 
25 4.01754 -0.112268 -2.8955e-06 -0.000388172 -0.114684 3.88152 -0.00344228 0.00735877 -0.00508346 -0.0110479 3.75571 0.000139449 0.00250707 -0.0185073 -0.00366083 3.67463 
26 3.79283 -0.0887304 0.00344521 -0.000764623 -0.0800574 3.63607 -0.0042681 0.00667064 0.00130887 0.00252493 3.50293 -0.0187475 0.00159201 -0.0113163 0.00109319 3.44899 
27 3.48697 -0.0831209 -0.00431653 0.000558568 -0.0773525 3.35426 -0.0200304 -0.00229057 0.000368059 -0.00788166 3.21011 0.00164114 -0.00250179 0.0131791 0.00793534 3.14851 
28 3.41826 -0.1019 -0.00241322 -0.000545223 -0.0960668 3.29313 -0.00607088 -0.00336993 -0.00364728 -0.00525587 3.20087 -0.000481099 0.000282894 0.00140239 -0.0147679 3.12004 
29 3.0128 -0.0607063 0.00283378 -0.00159468 -0.0532865 2.91828 0.0193997 -0.00275203 0.00145902 -0.00373164 2.78713 -0.0178626 0.000299741 -0.0127825 0.00182176 2.76414 
30 3.14862 -0.0548582 0.00215003 0.00159555 -0.0509516 3.06298 -0.0110551 -0.00333871 -0.00314039 -0.00179729 2.9451 0.00182184 -0.000342757 0.00170519 -0.00228324 2.90292 
31 3.33055 -0.00844417 -0.00309355 0.00149023 -0.00325878 3.24227 0.00559878 -0.00678589 -0.00546311 0.00236051 3.0942 0.00524696 -0.00122961 0.0120446 -0.0139855 3.06504 
32 3.26762 0.0295774 -0.000590654 0.000351218 0.0227576 3.15504 -0.00123729 -0.00186919 -0.00180334 -0.0204679 3.04479 0.0029144 -0.000143547 -0.0104044 0.00735585 2.9958 
33 3.05632 0.00713812 0.00130412 -0.00237904 0.0123825 2.95557 0.00584562 0.00924462 0.000283621 0.00276134 2.82745 0.00980567 -0.00277481 0.00100226 -0.000119913 2.78897 
34 2.97252 -0.0167562 0.000556331 0.00263407 -0.0109698 2.86349 0.00744648 -0.0152143 -0.00121606 -0.0054274 2.69847 -0.0085752 0.000707 0.00250132 0.00469983 2.66954 
35 3.15305 0.0440882 0.0045334 0.00199752 0.0378925 3.03789 -0.00795514 0.0077133 0.00419866 -0.0187242 2.91916 0.00290157 -0.00350559 -0.0106796 -0.00295075 2.85374 
36 2.89582 0.00771761 -0.000586097 -0.00158649 0.00946643 2.80942 -0.00108026 0.00353096 0.000123106 -0.00796339 2.68348 -0.00940706 0.00244699 -0.000174631 0.00404861 2.64451 
37 2.92872 0.0598861 0.00209864 -0.000782584 0.0587292 2.84169 -0.0050369 -0.00337631 -0.00230398 -0.0143787 2.69696 -0.00235056 -0.00183382 -0.00620919 0.00254107 2.6753 
38 2.61232 -0.00280513 -0.00221889 -0.00106789 0.00183352 2.53783 -0.0111274 -0.00429093 0.000257721 -0.0142207 2.37854 0.00437009 0.00146931 0.00326659 -0.0112473 2.3454 
39 2.75982 0.0167544 0.00246975 -0.000291898 0.020229 2.67161 -0.00487192 0.00669234 0.000999574 -0.00287416 2.50587 -0.00356943 -0.000311422 -0.00732762 -0.0057727 2.47271 
40 2.59865 0.028676 -0.0116632 -0.00377746 0.0255957 2.50562 0.0031581 -0.00469731 -0.00707142 -0.00515031 2.33118 -0.0118816 0.00333595 0.000664086 0.0142506 2.30342 
41 2.34922 0.0493325 0.00107037 0.00323979 0.0470609 2.29083 -0.00914618 0.00909615 0.00172923 0.00104884 2.12179 0.00505188 -0.00145345 -0.0052321 -0.00671939 2.10177 
42 2.45147 0.0497889 0.00273747 0.000913458 0.0457168 2.36855 -0.0112912 0.0157685 0.00340194 0.00331087 2.17995 0.0030197 -0.00187887 -0.00328727 0.000786674 2.14159 
43 2.40301 0.0580996 -0.00500631 3.67813e-05 0.0565645 2.32501 0.00163356 0.00524442 -0.00362328 0.0187562 2.14076 -0.0152201 0.00190446 -0.00538611 -0.000405912 2.11628 
44 2.45601 0.0806287 -0.00315702 0.000530265 0.082091 2.38939 -0.00315239 0.00243795 0.00122399 -0.00532908 2.18682 -0.00439782 -0.00106832 0.000521571 0.00399778 2.17137 
45 2.16572 0.0714328 0.00304041 -0.000250283 0.0727617 2.09902 -0.00622368 -0.00680777 0.00096181 3.26795e-05 1.90669 0.0019486 -0.00136421 -8.23806e-05 0.00464141 1.89739 
46 2.26793 0.117386 -0.00122108 -0.000485834 0.121399 2.19565 0.00951729 0.00266924 -0.000543295 -0.00489459 1.99078 -4.8268e-05 -2.45158e-05 -0.0114899 -0.00336236 1.97828 
47 2.11461 0.122135 -0.00538816 -0.000179748 0.122039 2.04037 -0.00402527 -0.00169455 -0.00412385 0.0067549 1.85035 -0.0131054 0.00242801 0.00182296 0.0082637 1.84007 
48 2.05112 0.125202 0.00261496 -0.00203342 0.126811 1.97635 0.00544599 -0.00513039 0.00212217 0.00728413 1.77237 -0.0220283 -0.000636053 0.00462793 0.0123675 1.77073 
49 1.89065 0.119228 -0.000680647 0.000305811 0.120192 1.81672 -0.000460347 -0.00402116 -0.000342407 -0.000370904 1.63993 -0.00178319 0.000652409 0.000403999 0.00471318 1.62261 
50 1.96468 0.123902 0.00402404 -0.00097105 0.122888 1.90409 0.0159739 0.00189047 -0.0025191 -0.00434109 1.69469 -0.00289682 -7.52888e-05 -0.0103974 -0.00221092 1.68269 
51 1.91716 0.121471 -0.00648767 0.0019721 0.119975 1.84903 0.00902445 0.00413248 -0.00574285 -0.00473848 1.62447 -0.0141191 -0.000389833 -0.00143376 0.0129467 1.61462 
52 1.82514 0.114533 0.000974773 -0.000864804 0.111598 1.76201 0.0026826 -0.00106342 0.00238743 0.00591249 1.52414 -0.0145264 -0.00116504 0.00233442 0.0121328 1.50941 
53 1.82782 0.163257 0.000749019 0.000564292 0.163589 1.76326 0.010394 -0.00370638 -0.00253553 0.00213783 1.53658 -0.0103891 -0.00143343 0.00796561 0.00377612 1.53286 
54 1.67649 0.150233 0.000973644 -0.00184938 0.14637 1.61084 0.00781364 0.00157256 -0.00252914 -0.00446944 1.38985 -0.00290788 0.0011762 0.00605165 0.00749303 1.38261 
55 1.63849 0.11337 0.00234424 0.000270653 0.111457 1.56629 -0.00971047 -0.00515031 0.00333118 -0.00306159 1.32006 -0.00971889 -0.000282631 0.00309011 0.0145447 1.30746 
56 1.67985 0.1432 0.00152613 0.00106781 0.140229 1.62698 0.0130022 -0.00251419 -0.00282232 -0.0160384 1.36975 -0.00490974 -0.00102208 -0.0029009 0.00551554 1.36648 
57 1.47848 0.127893 -0.000904513 0.000562227 0.126587 1.42048 0.00399295 0.00272577 -0.00541831 -0.0157002 1.1723 -0.00884104 -0.00217576 -0.000877221 0.0110714 1.1633 
58 1.38683 0.117635 0.00146766 0.000656752 0.121435 1.33244 0.00711667 0.00234571 8.54767e-05 -0.00285461 1.08465 -0.0111114 -0.000143563 -0.00738447 0.00891705 1.08027 
59 1.40438 0.163136 0.00138575 0.000658729 0.161407 1.35912 -0.00724109 0.010177 0.00521136 0.0115713 1.12435 -0.0150572 -5.63147e-05 -0.00354819 0.0151957 1.1174 
60 1.32788 0.124254 -0.00297184 0.000400923 0.126016 1.27233 0.00624999 -0.00114333 -0.00251418 0.00360159 1.00935 0.00408148 -0.000900384 0.00493643 0.00179151 1.00991 
61 1.32466 0.149697 -0.00519695 0.00126207 0.150333 1.25665 -0.0142435 0.00519982 0.000912457 0.00468816 0.972174 -0.0281542 0.000409615 -0.00253128 0.0224004 0.983813 
62 1.22251 0.133026 0.000776261 0.000380307 0.13404 1.16593 0.000866366 0.00466216 -0.000477735 -0.00178098 0.887533 -0.0222392 0.000771881 0.00519564 0.0250709 0.890405 
63 1.17247 0.152887 -0.00366475 0.00164652 0.153127 1.12011 -0.0130989 0.00387449 0.00247986 0.0105841 0.870381 -0.0140029 0.00129117 -0.00156693 0.0158353 0.869102 
64 1.13893 0.121198 0.0052116 -0.000195424 0.123313 1.07882 0.0123502 -0.00709946 0.000630907 -0.0149043 0.784362 -0.0194516 -0.000718307 -0.00208294 0.0131853 0.794454 
65 1.00603 0.114017 0.0013097 -0.00149854 0.114219 0.953735 0.00419491 -0.00313044 0.000702702 -0.000298604 0.690404 -0.020534 -0.000546775 0.00530997 0.0199313 0.691857 
66 1.05245 0.132183 0.000777476 0.000482861 0.133022 0.992715 -0.00208389 0.00756151 0.00313811 0.00125285 0.707911 -0.0133084 -0.00035112 -0.00256676 0.0127788 0.705844 
67 0.988507 0.109827 0.000380539 0.000636622 0.108745 0.939519 -0.0068415 0.00279874 -0.00286216 -0.00320557 0.64995 -0.019469 -0.000701905 0.000907747 0.0146299 0.651636 
68 0.888748 0.111266 -0.00257525 -0.0017297 0.109625 0.836475 0.00349582 -0.00304902 0.000810478 -0.00712264 0.574059 -0.0274936 -0.00108902 -0.00313345 0.0305985 0.586912 
69 0.840725 0.095188 -0.0015175 -0.00106897 0.0929858 0.783548 0.00197502 0.00052806 -0.00317205 0.00519002 0.505788 -0.0162615 -0.000647237 0.00559827 0.0190236 0.509519 
70 0.861987 0.125399 -0.000272732 -9.48345e-05 0.129655 0.806784 -0.00473645 0.010292 0.0055405 0.0104475 0.523987 -0.0282692 0.00134156 -0.000104273 0.0304631 0.534758 
71 0.767485 0.0993239 0.00342679 -0.000525389 0.0961888 0.722578 -0.00139233 -0.00574825 -0.000831386 0.005978 0.447079 -0.0295858 -0.000407453 0.000175515 0.0310641 0.448982 
72 0.712864 0.0705329 0.00044992 0.000277656 0.068194 0.648824 0.00705941 0.00323125 -0.00327349 0.00238191 0.393558 -0.0166803 -0.00126362 -0.000466079 0.0224093 0.400674 
73 0.78993 0.106387 0.0072399 9.04829e-05 0.108561 0.738581 0.00561761 -0.000919617 0.00371835 0.00180799 0.442939 -0.02431 0.00125486 0.000126181 0.0291054 0.446928 
74 0.658713 0.0604748 -0.00560449 0.00155524 0.0581294 0.614712 -0.0152315 0.00174947 0.00268413 0.00402758 0.305142 -0.023208 3.18429e-05 -0.00101075 0.0236133 0.314384 
75 0.668801 0.0587904 0.000523154 -0.0020497 0.0554891 0.611576 -0.00547985 -0.00924663 0.00364853 0.00929062 0.290785 -0.0253339 0.00351414 0.00163108 0.0297536 0.301731 
76 0.595736 0.0445321 0.00215829 -0.000910258 0.0458834 0.538159 -0.00240362 -0.00603103 -0.00386793 -0.00236377 0.253785 -0.0474059 -0.00124581 -0.00610621 0.0414328 0.263389 
77 0.565433 0.0458587 0.00241403 -0.00017883 0.0460879 0.514091 -0.00258987 0.00805373 0.00249248 0.00732745 0.222971 -0.0300177 -0.00252446 0.00173225 0.0282826 0.22804 
78 0.55609 0.0407051 0.00360253 -0.00191135 0.0381486 0.50822 0.00668823 0.00198627 -0.000598106 0.000117585 0.206493 -0.0335441 0.00269945 -0.00162018 0.0373787 0.207676 
79 0.478355 0.00713916 0.00088138 0.000112867 0.00463414 0.433631 0.00651075 0.00405749 -9.88826e-05 -0.0085224 0.137073 -0.0297041 0.00117693 0.00782402 0.0281237 0.138761 
80 0.431658 -0.00936989 0.00111766 9.87876e-05 -0.0108119 0.394427 -0.00137649 -0.00184424 0.00312839 0.0131245 0.0905976 -0.0341238 0.00112519 0.000679939 0.0391132 0.0968162 
81 0.427555 0.0106504 0.000405601 -0.00153039 0.0101666 0.354353 0.00390599 -0.00089393 0.00365257 0.003335 0.0834912 -0.028124 -0.000244069 0.0104458 0.0251525 0.106452 
82 0.394983 0.0157976 0.0018346 -0.00144401 0.0157845 0.352872 0.00138601 0.000597006 0.00034225 -0.00856859 0.0938727 -0.035557 -0.000387471 -0.00165282 0.0336165 0.101042 
83 0.37193 -0.00812909 0.00269 0.00068968 -0.00882729 0.330429 -0.00138033 0.00572922 0.000157986 0.000967115 0.0553814 -0.0340639 0.00136197 0.00209907 0.033908 0.0501364 
84 0.350941 -0.00549443 0.0016284 -0.000500465 -0.00303065 0.299694 0.00931541 -0.00381058 0.0010042 0.00310051 0.0385718 -0.0288583 0.000149777 -0.00713088 0.0294395 0.0533837 
85 0.341941 -0.0278214 -0.00025597 -0.000257951 -0.0288754 0.296138 0.00422483 0.000725292 0.00228991 0.00278911 0.000893569 -0.0299733 0.00175102 -0.00226959 0.0305416 0.00359358 
86 0.326486 -0.0393233 0.00339003 -0.000128059 -0.0405904 0.283552 -0.00407919 -0.00318312 -0.00314641 -0.00567082 -0.0168046 -0.0434668 -0.000371108 0.00756882 0.0414349 -0.0121308 
87 0.287021 -0.0454531 -0.000113255 0.000662612 -0.0452879 0.245116 -0.000943493 0.000860638 0.00205508 0.0051867 -0.0387363 -0.0216451 6.90592e-05 -0.00223091 0.0330032 -0.0262425 
88 0.280993 -0.0355476 -0.000140592 0.00209515 -0.0351816 0.241922 0.00446743 0.00375208 0.00105758 -0.0016043 -0.0212163 -0.0183503 -0.00048989 -0.00842923 0.0174605 -0.0178085 
89 0.255041 -0.0458042 0.000707169 -0.000119787 -0.0474303 0.211629 -0.00822778 -9.97755e-05 0.000446457 0.000786736 -0.0405602 -0.0149361 -0.000160195 0.00112447 0.0153064 -0.0333702 
90 0.263804 -0.056207 0.000964826 0.000312375 -0.0585515 0.209729 0.0130846 -0.00113842 -0.00153786 -0.00561783 -0.0521995 -0.0223637 -0.000200756 -0.0042727 0.0171733 -0.0483472 
91 0.252102 -0.0395095 0.00335214 -0.000107407 -0.0388665 0.207604 0.00518982 -0.00469295 0.000663531 0.00297963 -0.0559454 -0.038504 0.00127547 -0.000411276 0.0371817 -0.0463438 
92 0.227995 -0.0516822 -0.00246183 0.000200298 -0.0516109 0.193302 -0.00446149 0.00849141 0.00210355 0.0107497 -0.0574157 -0.0114441 0.000294333 0.00321441 0.0111094 -0.0551695 
93 0.258209 -0.0387596 0.00153571 0.000622208 -0.0401265 0.215196 0.00014425 0.000705798 0.00220976 0.00355523 -0.0725506 -0.0393743 -0.000487088 -0.00436278 0.0428642 -0.0644131 
94 0.22665 -0.05095 0.00102204 8.89075e-06 -0.0484781 0.191749 0.000103219 -0.00359309 -0.00221046 -0.00568753 -0.0745888 -0.0182968 -0.000244892 -0.00752499 0.0138121 -0.0731998 
95 0.230306 -0.0409552 -0.00113619 -0.000965599 -0.039868 0.1806 -0.00163958 0.000318103 -0.000666244 -0.00420996 -0.0862093 -0.028873 -0.00030125 -0.00311007 0.0267602 -0.0806375 
96 0.202504 -0.0481299 7.50836e-05 0.00106434 -0.0494112 0.163301 -0.00446641 0.00769455 0.000274734 0.00684729 -0.0775975 -0.0291639 -0.000706262 0.00468448 0.0249665 -0.0742684 
97 0.199933 -0.0531169 0.00104721 0.000385432 -0.0521548 0.164898 0.0088671 -0.00217715 -0.00260648 -0.00119126 -0.0797346 -0.0206269 -6.46192e-05 -0.00726958 0.0163641 -0.0804641 
98 0.203007 -0.0474075 0.000706058 -0.000105853 -0.0457108 0.161554 0.00892431 -0.00789463 0.00412012 -0.00355965 -0.0866212 -0.0111589 0.000416446 0.00174624 0.00946627 -0.0855553 
99 0.217271 -0.036171 -0.00031565 -0.00049181 -0.0423063 0.176992 -0.00252289 -0.00286174 -0.00333459 -0.0017695 -0.095184 -0.0247433 -0.000247004 -0.00252329 0.020621 -0.102527 
100 0.190781 -0.0568972 -0.00206877 -0.00135112 -0.0588551 0.153488 -0.00466425 0.00418445 0.00160901 -0.00179721 -0.102084 -0.0036396 -0.000224527 -0.0018397 0.00970903 -0.0927 
101 0.182933 -0.053391 0.000883151 -0.000331285 -0.0517623 0.148174 0.000605782 0.00134819 -0.000464161 -0.00562825 -0.0977736 0.000680531 -0.000238385 0.00298995 -0.00130635 -0.109053 
102 0.188329 -0.0492006 -4.00566e-05 -0.00166545 -0.049465 0.141061 -0.00261269 -0.0107684 0.0056664 0.00258478 -0.0980265 -0.0156635 7.64952e-05 -0.00470876 0.011034 -0.0892017 
103 0.186329 -0.0548854 -0.000226826 -0.000165892 -0.0568518 0.149373 -0.00688073 -0.00481675 0.00399961 0.00325558 -0.106211 0.00375378 -0.00157209 -0.0064412 -0.00455843 -0.102084 
104 0.16826 -0.0499546 -0.00304244 0.00262366 -0.0525109 0.134197 -0.00571587 0.00229248 0.00431637 0.00828153 -0.0981556 0.00847436 0.00255361 -0.00136097 -0.00309168 -0.0978993 
105 0.194908 -0.0518277 0.000550916 -0.000231387 -0.0478402 0.147972 0.00959468 -0.0102965 0.00128623 0.00676967 -0.110323 -0.00807717 -0.000113183 0.000243225 0.00727261 -0.118815 
106 0.184588 -0.04761 -0.00366228 -0.000511316 -0.0451322 0.144965 0.00138452 -0.0112647 0.00317887 0.00435445 -0.106243 0.00157998 0.000506157 -0.00104736 -0.00547375 -0.106765 
107 0.173417 -0.0487731 0.00131236 0.000781196 -0.0473763 0.119539 0.000714423 -0.00632073 -8.94482e-05 0.00130111 -0.094064 -0.00305712 -0.000109509 -0.00715058 -0.000989229 -0.0968978 
108 0.179574 -0.0437039 0.0021588 -0.000290732 -0.0453055 0.134384 0.00986967 -0.0089441 -0.00129387 0.00263927 -0.106448 -0.00435017 0.000839033 -0.00214449 0.000891682 -0.105628 
109 0.152167 -0.0502232 -0.000140019 8.21516e-05 -0.050577 0.122315 -0.00816173 0.00364318 -0.00271836 -0.00891044 -0.0983543 0.0014272 0.000777555 4.15981e-05 -0.00398034 -0.101588 
110 0.159033 -0.0419205 0.000779408 0.000541908 -0.0447179 0.116608 0.00291936 -0.00293635 0.00084449 0.00179496 -0.0896774 0.00109373 0.00153746 -0.00242744 -0.0020545 -0.0995172 
111 0.159396 -0.0437107 6.22254e-05 -0.000389692 -0.0422361 0.11446 -0.00146604 0.00444233 0.00282588 0.00223111 -0.0935168 0.00347472 -0.000872787 -0.0050164 0.00239518 -0.0970252 
112 0.174906 -0.0402098 -0.000347188 -0.000203111 -0.0408829 0.131083 -0.00104461 0.00473931 -0.00100104 -0.00640304 -0.106594 0.0047941 0.000723198 0.00192118 -0.0017904 -0.0987792 
113 0.164335 -0.0300892 -0.0022145 0.000780331 -0.0315987 0.126619 -0.00276482 -0.00317144 -0.000280045 0.00590758 -0.0987541 -0.00380948 0.000585338 0.00010165 0.00132756 -0.0949649 
114 0.163041 -0.0376344 0.00488615 -0.00190875 -0.039256 0.116124 0.00660681 0.00367804 -0.00409224 -0.00860998 -0.0967264 0.00415212 -0.00174876 -0.00561363 -0.0111071 -0.0919355 
115 0.157865 -0.0339252 0.00287398 -5.0533e-06 -0.0331536 0.120153 0.00168485 0.00514135 -0.0052525 -0.00959617 -0.0956484 0.0106807 -0.000775056 0.00581855 -0.0125114 -0.0997055 
116 0.163323 -0.0418717 0.000207944 0.0011566 -0.0404716 0.117989 -0.00566901 0.00271277 -0.00330914 -0.00365403 -0.106983 0.00358175 6.81733e-05 0.00294365 -0.00423737 -0.108294 
117 0.171489 -0.0313078 -0.00160698 0.000284103 -0.0329863 0.128912 0.00299691 -0.00490002 0.00454907 0.0120168 -0.0977581 0.00234441 -0.000669449 -0.000916085 0.00232832 -0.0983128 
118 0.155201 -0.0319905 -0.00158554 -0.000550899 -0.0380629 0.113067 -0.00306366 -0.00314322 0.00120238 -0.000824211 -0.105779 0.00550155 -0.0012951 -0.0033802 6.98302e-05 -0.100633 
119 0.178847 -0.0282637 0.00325679 0.000819197 -0.0255224 0.127015 0.00587959 0.00183735 -0.00395442 -0.00743107 -0.105491 0.01561 -0.000414575 0.00600174 -0.0162646 -0.105502 
120 0.177583 -0.0330919 -0.00188938 0.000198926 -0.0325667 0.128483 0.00215708 -0.00360387 -0.00235269 0.00753371 -0.110413 0.00577191 3.9122e-05 0.000275646 -0.0106743 -0.109274 
121 0.195536 -0.0339954 0.00283628 -0.00216585 -0.0346793 0.14703 -0.0114966 -0.00379383 -0.00172147 0.000713707 -0.116263 0.0102894 -0.000509343 -0.00230941 -0.0142161 -0.102092 
122 0.162511 -0.0262508 0.00223473 0.00137249 -0.0287796 0.109559 0.00690516 0.00664261 -0.00265584 0.00552141 -0.0925551 0.0113042 0.000138507 -0.00185931 -0.00711067 -0.0965887 
123 0.171383 -0.0270633 -0.00439558 0.000348431 -0.0271321 0.124857 -0.00457168 0.00544991 -9.92544e-06 -0.00636295 -0.11043 -0.000148051 -0.00194982 -0.00587002 0.00175948 -0.104711 
124 0.182738 -0.0217412 0.00202638 0.000370807 -0.0249345 0.11363 0.000353619 0.000960307 0.00073102 -0.000780551 -0.110192 0.00881491 0.000516604 -0.00066382 -0.014135 -0.101798 
125 0.162931 -0.0271893 -0.000466449 0.000598178 -0.0283273 0.118455 -0.00121708 0.000593236 0.000823826 9.02832e-05 -0.108203 0.00680121 0.00142952 0.00262603 0.000232698 -0.0960269 
126 0.184018 -0.0185599 -0.000950588 0.000790073 -0.0212718 0.140937 -0.00340126 0.000509688 0.00530432 0.00140589 -0.115869 0.00858937 -0.000279406 0.00806934 -0.0128881 -0.114784 
127 0.163906 -0.0269531 0.00480719 -0.000632844 -0.0273211 0.116053 -0.00442582 -0.00346838 -0.00307323 0.00139697 -0.105034 0.00864938 -0.00277875 -0.00544435 -0.0110008 -0.104526 
128 0.181807 -0.0298992 -0.00168534 0.00111997 -0.025686 0.123916 -0.00263817 0.000279748 -0.000637117 -0.000757202 -0.124173 0.00561814 -0.000399303 0.0108242 -0.00746028 -0.117849 
129 0.187198 -0.023491 0.00281582 -0.000126345 -0.0238822 0.127217 -0.00134629 0.0060289 0.000633412 -0.00617778 -0.0957596 0.00878096 -0.000945196 -0.00715459 -0.0174869 -0.0935003 
130 0.189806 -0.0201139 -0.000768835 -0.000365324 -0.0188431 0.126793 0.00604767 0.00564532 0.00378391 -0.000937068 -0.109382 0.0174223 -0.000345828 -0.00740459 -0.0113322 -0.105903 
131 0.182732 -0.0220809 0.000440835 0.000979758 -0.0174488 0.118 0.0103749 0.0042788 0.00117715 0.00799164 -0.10141 0.00572228 -0.00123075 0.00189723 -0.00290448 -0.10147 
132 0.195289 -0.0112714 -0.00175008 -0.000170679 -0.0133856 0.124005 -0.0061601 -0.0020303 0.00150168 -0.0109843 -0.104639 0.0121602 0.000463506 0.00070583 -0.0116556 -0.108911 
133 0.1836 -0.0172851 0.00107648 -0.000805375 -0.0177394 0.129149 0.000511431 -0.000671591 -0.00250224 0.00517606 -0.117598 0.00766974 -0.00099188 -0.00361357 -0.0118016 -0.107692 
134 0.191789 -0.0169436 -0.00111998 0.00144598 -0.0197928 0.108689 0.0186938 -0.0118073 0.00156154 0.00959662 -0.113487 -0.00137335 0.00392865 0.00398666 -0.00300507 -0.100659 
135 0.162645 -0.0237076 -0.00121067 -0.00132293 -0.0246391 0.120665 -0.000242983 -0.00320938 0.00292074 0.00171143 -0.110589 0.00237754 0.00148024 0.000544433 -0.0015407 -0.103818 
136 0.191316 -0.0139958 -0.00376804 -0.000340378 -0.0119235 0.128456 -0.00336737 0.00876645 0.00234092 -0.0078446 -0.101732 0.00849548 -0.000678601 0.00124424 -0.00986569 -0.0903949 
137 0.181438 -0.0200705 -0.0025939 0.00246614 -0.0189048 0.131257 0.0046672 -0.00418172 7.77026e-05 0.0010167 -0.109802 -0.00199785 -0.00143614 -0.00465549 -0.00307672 -0.107561 
138 0.195735 -0.0180337 0.00100092 0.00157561 -0.0147567 0.131003 0.00619204 0.00499926 0.00017823 9.81619e-05 -0.11351 -0.00113589 -0.000263126 0.00641045 0.0023665 -0.0882291 
139 0.193399 -0.019894 -0.002991 0.00074418 -0.0162746 0.119499 -0.00705166 0.00794344 0.000379544 -0.00398705 -0.127678 0.012213 0.000893118 -0.00766844 -0.0164789 -0.109659 
140 0.169156 -0.0104238 0.00188727 0.00154468 -0.0101569 0.119705 0.0092278 -0.00277284 0.000434905 0.0132761 -0.112443 0.00794203 0.000330254 0.00135259 -0.00903247 -0.0993842 
141 0.183377 -0.0112263 -4.98153e-05 0.000396033 -0.0153206 0.123187 -0.00452024 0.00351121 -0.000762128 0.00631113 -0.124664 0.00704561 0.00143393 0.00207147 -0.00976272 -0.0891667 
142 0.177888 -0.0153902 0.00724227 0.00112838 -0.0131274 0.128737 0.0047318 0.00569209 -0.00426198 -0.00548069 -0.1152 -0.00132207 0.00128689 -0.000395692 -0.00321101 -0.103219 
143 0.200671 -0.00988921 -0.00162993 -0.000568376 -0.00589796 0.114157 -0.0191151 -0.0063185 0.00155079 0.00162943 -0.120366 0.00722038 -0.000811891 -0.001718 -0.00493908 -0.106111 
144 0.218489 -0.00891277 0.00378259 0.0012697 -0.00103928 0.138698 0.00362649 0.000552491 -0.00377337 -0.00842454 -0.121758 0.00888418 0.000404047 0.00930131 -0.000757532 -0.112704 
145 0.209259 -0.0106509 0.000181182 -4.11137e-06 -0.0111853 0.130537 0.00494612 -0.0103741 0.000889271 -0.0107219 -0.116638 0.0121311 0.000672583 -0.00291009 -0.00825991 -0.0978555 
146 0.226326 -0.0084338 0.00345724 -0.000539728 -0.00771295 0.135621 0.0104529 0.0111453 -0.00340341 -0.00971841 -0.120446 0.00564047 -0.00168342 0.0134852 -0.00742098 -0.105412 
147 0.199894 -0.00327996 -0.000332259 0.000150249 -0.00222519 0.120682 0.017598 0.00335641 0.00446618 0.00200011 -0.113934 0.0170369 0.00358656 0.00823797 -0.0115147 -0.0959851 
148 0.242904 -0.00861013 -0.00346019 -0.00154833 -0.00376785 0.162573 0.00496046 0.0104306 -0.00457602 -0.00251667 -0.135661 0.0244309 0.00178171 0.00103584 -0.0269466 -0.115558 
149 0.209256 -0.00519187 -0.00335127 -0.000491396 -0.00525023 0.144512 -0.00687219 -0.00809873 0.00209497 -0.00615059 -0.118051 0.0146182 -0.00300957 -0.00345204 -0.00368097 -0.103558 
150 0.28054 -0.00434146 -0.0022015 -0.000559715 -0.0113246 0.159044 0.00399717 0.00716607 0.00411063 0.00363705 -0.163601 0.0207134 0.00170946 -0.00376443 -0.00284296 -0.11461 
151 0.246157 -0.00866442 0.000958134 0.0012923 -0.00931334 0.153221 0.00993897 -0.0066253 -0.00234489 -0.00171542 -0.15091 -0.00793533 0.00258896 -0.00381631 -0.00238315 -0.112388 
152 0.229177 -0.00872373 -0.00132116 0.0031335 -0.00645599 0.130999 0.00702302 0.00727494 0.0068728 0.00466842 -0.136381 0.0117018 -0.00175358 -0.00222654 -0.00314543 -0.0858663 
153 0.303 -0.0162506 0.00524083 -0.00112094 -0.0171882 0.168105 -0.00847515 -0.00640201 0.0022673 0.00293573 -0.152531 -0.00368327 -0.00186837 -0.0135217 0.00192792 -0.0946102 
154 0.296939 -0.0146958 -0.00122839 0.00213883 -0.00535956 0.19345 0.0125081 -0.00454774 0.00748887 -0.0019424 -0.177311 -0.00279862 0.00358979 -0.00841721 0.00709001 -0.143411 
155 0.336165 0.00423237 -0.00969786 -0.00159235 -0.00338416 0.174974 -0.00325186 -0.00213785 0.00569728 0.00292488 -0.176133 -0.0128514 0.00411576 -0.00293135 -0.00502855 -0.100822 
156 0.35156 -0.0125057 -0.00354509 0.000430004 -0.0151798 0.233685 -0.00235652 -0.007675 0.00434528 -0.00723813 -0.209292 -0.00470958 -0.00137186 0.00293664 0.0103446 -0.133797 
157 0.411062 -0.0186383 0.00978351 -0.000673126 -0.0213734 0.261976 -0.0128786 -0.0181468 -0.00241201 0.00912085 -0.205309 0.00406604 0.00317194 -0.0150571 -0.000432743 -0.130898 
158 0.505797 -0.0105425 0.00413577 -0.00074181 -0.00614146 0.268741 0.00282484 0.00030334 0.00115794 -0.00631597 -0.270732 -0.00241193 0.00203407 0.000417639 -0.00377135 -0.102484 
159 0.542748 -0.0264816 0.00144086 -0.00118395 -0.0325522 0.328127 0.0212963 0.000105946 -0.00132546 -0.0306857 -0.297427 0.00796917 -0.00181692 -0.00836223 0.0116928 -0.142997 
160 0.622519 -0.0255867 0.00533622 0.00374131 -0.00620568 0.372586 -0.0219784 -0.00283198 -0.0040865 0.0117026 -0.361412 -0.0173194 -0.0051149 -0.00359469 0.0466671 -0.192406 
161 0.769716 -0.0345334 -0.0139591 0.00149714 -0.0205314 0.467745 -0.014712 0.0192596 0.0121826 0.0115044 -0.453791 -0.0342172 0.00115292 0.025517 0.0331371 -0.206441 
162 0.890989 -0.0376141 -0.00820686 -0.00509254 -0.0237767 0.521808 0.0245444 0.00257857 0.0134729 0.00509086 -0.51312 -0.0301435 0.0012792 0.0404217 0.045819 -0.23003 
163 1.0237 -0.0726951 0.0298098 1.16563e-05 -0.076948 0.639496 -0.00521291 -0.0239721 -0.0280053 -0.00305906 -0.627086 -0.00988373 0.00101748 -0.0216745 -0.00445348 -0.350319 
164 1.26467 -0.021601 0.00414629 0.00359894 -0.0286406 0.815347 -0.0191646 0.0163916 -0.0256735 0.0110945 -0.785282 -0.0396327 -0.00528795 -0.00487693 0.0351089 -0.431693 
165 1.4134 -0.0441836 -0.0145486 -0.00458469 -0.0571199 1.0204 0.0246107 0.0122036 0.0157327 -0.0183751 -0.919569 0.00239423 0.00145722 0.0127274 -0.000385116 -0.615448 
166 1.79573 -0.0484656 0.0170492 0.000513709 -0.0387545 1.20188 -0.0272147 -0.0081367 -0.0299897 0.0122647 -1.09932 -0.0484902 0.00603004 -0.0199638 0.02639 -0.6069 
167 1.91808 -0.0911803 -0.0310858 -0.00171841 -0.0923688 1.27163 -0.0335087 0.0130091 0.0404312 0.0314289 -1.33028 0.010631 0.00350298 0.00412106 -0.0164782 -0.778347 
168 2.45106 -0.0733735 -0.0115408 0.00107804 -0.0569765 1.64372 0.0680888 0.00518504 0.00997301 -0.0114288 -1.54485 -0.0116097 -0.00175921 0.0289852 0.0180834 -0.840677 
169 2.7149 -0.0401121 -0.032496 0.000514826 -0.0468677 1.91964 -0.0380559 -0.0181113 0.0291191 0.0142773 -1.72018 -0.0261845 0.000821892 -0.0182158 0.0418465 -1.03302 
170 2.98373 -0.0445008 0.0493717 0.00311183 -0.0525436 2.1569 -0.0956138 -0.0155725 -0.0569542 0.101706 -1.99199 -0.0396792 -0.00510366 -0.0242058 0.0507132 -1.26816 
171 3.42098 0.0109102 -0.0684451 0.00157857 -0.0205532 2.30741 0.0148065 0.0437328 0.035944 -0.00177779 -2.39809 -0.0986131 -0.000490665 0.0139878 0.0902054 -1.4164 
172 3.86668 -0.0452695 -0.0367085 -0.00338059 -0.0509544 2.74439 0.130817 0.0606877 0.0295791 -0.124015 -2.71507 -0.0618636 0.00152497 0.0914605 0.0589073 -1.7213 
173 4.12584 -0.110912 -0.0400878 0.00955217 -0.0772151 3.00211 -0.0918667 0.0381579 -0.00163764 0.102575 -3.06047 -0.0166748 -0.00919888 -0.030634 0.0304398 -2.06605 
174 4.60138 -0.0475281 -0.0198351 -0.00294375 -0.0426621 3.20397 -0.0247183 0.0214277 -0.0146538 0.00249632 -3.25983 0.0116731 0.0100743 -0.0113921 -0.0205512 -1.95166 
175 4.65241 -0.0638799 0.0784627 0.0112867 -0.0499671 3.38972 -0.0364133 -0.0548997 -0.0554791 0.0224973 -3.23888 -0.00834874 0.000560518 -0.079355 0.022616 -2.11136 
176 5.40314 0.00107455 0.0423265 0.00459952 0.0181248 3.8405 -0.0808497 -0.0508977 -0.0871658 0.0940004 -3.7571 0.0755168 -0.0131905 -0.0379556 -0.0294584 -2.34647 
177 5.33137 0.0429417 -0.0864055 -0.00907303 0.0268476 3.84517 0.0236902 0.057337 0.0167798 -0.0669006 -3.93697 -0.0286894 0.00477093 -0.0227195 0.0288613 -2.5678 
178 5.3276 0.0959693 -0.018617 -0.0104 0.0841628 4.0997 -0.188778 -0.0988827 0.0325039 0.124398 -4.22456 -0.0283888 -0.00397949 -0.106769 0.0256787 -3.09179 
179 5.53938 0.105866 -0.213298 -0.0155661 0.119015 4.16142 -0.254873 -0.0157545 0.269855 0.190873 -4.25909 -0.210676 0.0140812 0.00252106 0.218348 -2.93083 
180 4.20512 -0.603445 -0.137442 -0.00217338 -0.573638 3.31926 0.175741 -0.000577332 0.223078 -0.203099 -3.14046 -0.00510117 0.00110994 -0.000486197 0.00504197 -2.30402 
