0 4.44159 0.155683 4.24778 4.33584 0.0336079 4.15041 
1 2.43203 0.0110024 2.10899 2.35482 0.0667568 2.07937 
2 5.02469 -0.0185412 4.83449 4.90935 -0.0251382 4.8208 
3 4.649 -0.0404372 4.50288 4.52892 -0.0395016 4.49051 
4 5.36422 -0.089979 4.99247 5.09152 0.0362231 4.89423 
5 4.86574 -0.10724 4.61043 4.68994 -0.0252656 4.5682 
6 4.89114 -0.131571 4.63203 4.58292 -0.0204825 4.41296 
7 5.41642 -0.129731 5.17419 5.17732 -0.0362205 4.99577 
8 4.99341 -0.120497 4.7082 4.77957 0.0175109 4.59939 
9 4.83183 -0.161819 4.65533 4.60518 0.0102231 4.48949 
10 5.01022 -0.174256 4.74113 4.73039 0.00579428 4.56825 
11 4.48214 -0.179236 4.27537 4.24588 -0.00368271 4.09828 
12 4.7303 -0.208267 4.55814 4.51971 -0.0225791 4.40731 
13 4.16421 -0.138743 3.99433 3.89852 0.0242575 3.83048 
14 4.27829 -0.172518 4.15378 4.10069 -0.0217202 4.0434 
15 4.2454 -0.178745 4.10554 4.03103 -0.00432087 3.93621 
16 4.18732 -0.171293 3.97941 3.94273 0.022939 3.83132 
17 4.47566 -0.140938 4.28953 4.22212 -0.00909371 4.10413 
18 4.11067 -0.161507 3.94867 3.81594 0.00452559 3.74498 
19 4.03139 -0.116387 3.87364 3.78739 -0.00994226 3.6939 
20 3.80911 -0.114249 3.65383 3.59733 -0.0139527 3.49356 
21 4.2803 -0.0902163 4.10332 4.0692 0.0159543 3.96447 
22 3.83925 -0.0949959 3.63812 3.61378 -0.000590566 3.51493 
23 3.54477 -0.121616 3.42586 3.31864 0.0120443 3.26747 
24 3.89257 -0.0855196 3.72355 3.63576 -0.00851728 3.58962 
25 4.01754 -0.112268 3.88152 3.75571 0.000139449 3.67463 
26 3.79283 -0.0887304 3.63607 3.50293 -0.0187475 3.44899 
27 3.48697 -0.0831209 3.35426 3.21011 0.00164114 3.14851 
28 3.41826 -0.1019 3.29313 3.20087 -0.000481099 3.12004 
29 3.0128 -0.0607063 2.91828 2.78713 -0.0178626 2.76414 
30 3.14862 -0.0548582 3.06298 2.9451 0.00182184 2.90292 
31 3.33055 -0.00844417 3.24227 3.0942 0.00524696 3.06504 
32 3.26762 0.0295774 3.15504 3.04479 0.0029144 2.9958 
33 3.05632 0.00713812 2.95557 2.82745 0.00980567 2.78897 
34 2.97252 -0.0167562 2.86349 2.69847 -0.0085752 2.66954 
35 3.15305 0.0440882 3.03789 2.91916 0.00290157 2.85374 
36 2.89582 0.00771761 2.80942 2.68348 -0.00940706 2.64451 
37 2.92872 0.0598861 2.84169 2.69696 -0.00235056 2.6753 
38 2.61232 -0.00280513 2.53783 2.37854 0.00437009 2.3454 
39 2.75982 0.0167544 2.67161 2.50587 -0.00356943 2.47271 
40 2.59865 0.028676 2.50562 2.33118 -0.0118816 2.30342 
41 2.34922 0.0493325 2.29083 2.12179 0.00505188 2.10177 
42 2.45147 0.0497889 2.36855 2.17995 0.0030197 2.14159 
43 2.40301 0.0580996 2.32501 2.14076 -0.0152201 2.11628 
44 2.45601 0.0806287 2.38939 2.18682 -0.00439782 2.17137 
45 2.16572 0.0714328 2.09902 1.90669 0.0019486 1.89739 
46 2.26793 0.117386 2.19565 1.99078 -4.8268e-05 1.97828 
47 2.11461 0.122135 2.04037 1.85035 -0.0131054 1.84007 
48 2.05112 0.125202 1.97635 1.77237 -0.0220283 1.77073 
49 1.89065 0.119228 1.81672 1.63993 -0.00178319 1.62261 
50 1.96468 0.123902 1.90409 1.69469 -0.00289682 1.68269 
51 1.91716 0.121471 1.84903 1.62447 -0.0141191 1.61462 
52 1.82514 0.114533 1.76201 1.52414 -0.0145264 1.50941 
53 1.82782 0.163257 1.76326 1.53658 -0.0103891 1.53286 
54 1.67649 0.150233 1.61084 1.38985 -0.00290788 1.38261 
55 1.63849 0.11337 1.56629 1.32006 -0.00971889 1.30746 
56 1.67985 0.1432 1.62698 1.36975 -0.00490974 1.36648 
57 1.47848 0.127893 1.42048 1.1723 -0.00884104 1.1633 
58 1.38683 0.117635 1.33244 1.08465 -0.0111114 1.08027 
59 1.40438 0.163136 1.35912 1.12435 -0.0150572 1.1174 
60 1.32788 0.124254 1.27233 1.00935 0.00408148 1.00991 
61 1.32466 0.149697 1.25665 0.972174 -0.0281542 0.983813 
62 1.22251 0.133026 1.16593 0.887533 -0.0222392 0.890405 
63 1.17247 0.152887 1.12011 0.870381 -0.0140029 0.869102 
64 1.13893 0.121198 1.07882 0.784362 -0.0194516 0.794454 
65 1.00603 0.114017 0.953735 0.690404 -0.020534 0.691857 
66 1.05245 0.132183 0.992715 0.707911 -0.0133084 0.705844 
67 0.988507 0.109827 0.939519 0.64995 -0.019469 0.651636 
68 0.888748 0.111266 0.836475 0.574059 -0.0274936 0.586912 
69 0.840725 0.095188 0.783548 0.505788 -0.0162615 0.509519 
70 0.861987 0.125399 0.806784 0.523987 -0.0282692 0.534758 
71 0.767485 0.0993239 0.722578 0.447079 -0.0295858 0.448982 
72 0.712864 0.0705329 0.648824 0.393558 -0.0166803 0.400674 
73 0.78993 0.106387 0.738581 0.442939 -0.02431 0.446928 
74 0.658713 0.0604748 0.614712 0.305142 -0.023208 0.314384 
75 0.668801 0.0587904 0.611576 0.290785 -0.0253339 0.301731 
76 0.595736 0.0445321 0.538159 0.253785 -0.0474059 0.263389 
77 0.565433 0.0458587 0.514091 0.222971 -0.0300177 0.22804 
78 0.55609 0.0407051 0.50822 0.206493 -0.0335441 0.207676 
79 0.478355 0.00713916 0.433631 0.137073 -0.0297041 0.138761 
80 0.431658 -0.00936989 0.394427 0.0905976 -0.0341238 0.0968162 
81 0.427555 0.0106504 0.354353 0.0834912 -0.028124 0.106452 
82 0.394983 0.0157976 0.352872 0.0938727 -0.035557 0.101042 
83 0.37193 -0.00812909 0.330429 0.0553814 -0.0340639 0.0501364 
84 0.350941 -0.00549443 0.299694 0.0385718 -0.0288583 0.0533837 
85 0.341941 -0.0278214 0.296138 0.000893569 -0.0299733 0.00359358 
86 0.326486 -0.0393233 0.283552 -0.0168046 -0.0434668 -0.0121308 
87 0.287021 -0.0454531 0.245116 -0.0387363 -0.0216451 -0.0262425 
88 0.280993 -0.0355476 0.241922 -0.0212163 -0.0183503 -0.0178085 
89 0.255041 -0.0458042 0.211629 -0.0405602 -0.0149361 -0.0333702 
90 0.263804 -0.056207 0.209729 -0.0521995 -0.0223637 -0.0483472 
91 0.252102 -0.0395095 0.207604 -0.0559454 -0.038504 -0.0463438 
92 0.227995 -0.0516822 0.193302 -0.0574157 -0.0114441 -0.0551695 
93 0.258209 -0.0387596 0.215196 -0.0725506 -0.0393743 -0.0644131 
94 0.22665 -0.05095 0.191749 -0.0745888 -0.0182968 -0.0731998 
95 0.230306 -0.0409552 0.1806 -0.0862093 -0.028873 -0.0806375 
96 0.202504 -0.0481299 0.163301 -0.0775975 -0.0291639 -0.0742684 
97 0.199933 -0.0531169 0.164898 -0.0797346 -0.0206269 -0.0804641 
98 0.203007 -0.0474075 0.161554 -0.0866212 -0.0111589 -0.0855553 
99 0.217271 -0.036171 0.176992 -0.095184 -0.0247433 -0.102527 
100 0.190781 -0.0568972 0.153488 -0.102084 -0.0036396 -0.0927 
101 0.182933 -0.053391 0.148174 -0.0977736 0.000680531 -0.109053 
102 0.188329 -0.0492006 0.141061 -0.0980265 -0.0156635 -0.0892017 
103 0.186329 -0.0548854 0.149373 -0.106211 0.00375378 -0.102084 
104 0.16826 -0.0499546 0.134197 -0.0981556 0.00847436 -0.0978993 
105 0.194908 -0.0518277 0.147972 -0.110323 -0.00807717 -0.118815 
106 0.184588 -0.04761 0.144965 -0.106243 0.00157998 -0.106765 
107 0.173417 -0.0487731 0.119539 -0.094064 -0.00305712 -0.0968978 
108 0.179574 -0.0437039 0.134384 -0.106448 -0.00435017 -0.105628 
109 0.152167 -0.0502232 0.122315 -0.0983543 0.0014272 -0.101588 
110 0.159033 -0.0419205 0.116608 -0.0896774 0.00109373 -0.0995172 
111 0.159396 -0.0437107 0.11446 -0.0935168 0.00347472 -0.0970252 
112 0.174906 -0.0402098 0.131083 -0.106594 0.0047941 -0.0987792 
113 0.164335 -0.0300892 0.126619 -0.0987541 -0.00380948 -0.0949649 
114 0.163041 -0.0376344 0.116124 -0.0967264 0.00415212 -0.0919355 
115 0.157865 -0.0339252 0.120153 -0.0956484 0.0106807 -0.0997055 
116 0.163323 -0.0418717 0.117989 -0.106983 0.00358175 -0.108294 
117 0.171489 -0.0313078 0.128912 -0.0977581 0.00234441 -0.0983128 
118 0.155201 -0.0319905 0.113067 -0.105779 0.00550155 -0.100633 
119 0.178847 -0.0282637 0.127015 -0.105491 0.01561 -0.105502 
120 0.177583 -0.0330919 0.128483 -0.110413 0.00577191 -0.109274 
121 0.195536 -0.0339954 0.14703 -0.116263 0.0102894 -0.102092 
122 0.162511 -0.0262508 0.109559 -0.0925551 0.0113042 -0.0965887 
123 0.171383 -0.0270633 0.124857 -0.11043 -0.000148051 -0.104711 
124 0.182738 -0.0217412 0.11363 -0.110192 0.00881491 -0.101798 
125 0.162931 -0.0271893 0.118455 -0.108203 0.00680121 -0.0960269 
126 0.184018 -0.0185599 0.140937 -0.115869 0.00858937 -0.114784 
127 0.163906 -0.0269531 0.116053 -0.105034 0.00864938 -0.104526 
128 0.181807 -0.0298992 0.123916 -0.124173 0.00561814 -0.117849 
129 0.187198 -0.023491 0.127217 -0.0957596 0.00878096 -0.0935003 
130 0.189806 -0.0201139 0.126793 -0.109382 0.0174223 -0.105903 
131 0.182732 -0.0220809 0.118 -0.10141 0.00572228 -0.10147 
132 0.195289 -0.0112714 0.124005 -0.104639 0.0121602 -0.108911 
133 0.1836 -0.0172851 0.129149 -0.117598 0.00766974 -0.107692 
134 0.191789 -0.0169436 0.108689 -0.113487 -0.00137335 -0.100659 
135 0.162645 -0.0237076 0.120665 -0.110589 0.00237754 -0.103818 
136 0.191316 -0.0139958 0.128456 -0.101732 0.00849548 -0.0903949 
137 0.181438 -0.0200705 0.131257 -0.109802 -0.00199785 -0.107561 
138 0.195735 -0.0180337 0.131003 -0.11351 -0.00113589 -0.0882291 
139 0.193399 -0.019894 0.119499 -0.127678 0.012213 -0.109659 
140 0.169156 -0.0104238 0.119705 -0.112443 0.00794203 -0.0993842 
141 0.183377 -0.0112263 0.123187 -0.124664 0.00704561 -0.0891667 
142 0.177888 -0.0153902 0.128737 -0.1152 -0.00132207 -0.103219 
143 0.200671 -0.00988921 0.114157 -0.120366 0.00722038 -0.106111 
144 0.218489 -0.00891277 0.138698 -0.121758 0.00888418 -0.112704 
145 0.209259 -0.0106509 0.130537 -0.116638 0.0121311 -0.0978555 
146 0.226326 -0.0084338 0.135621 -0.120446 0.00564047 -0.105412 
147 0.199894 -0.00327996 0.120682 -0.113934 0.0170369 -0.0959851 
148 0.242904 -0.00861013 0.162573 -0.135661 0.0244309 -0.115558 
149 0.209256 -0.00519187 0.144512 -0.118051 0.0146182 -0.103558 
150 0.28054 -0.00434146 0.159044 -0.163601 0.0207134 -0.11461 
151 0.246157 -0.00866442 0.153221 -0.15091 -0.00793533 -0.112388 
152 0.229177 -0.00872373 0.130999 -0.136381 0.0117018 -0.0858663 
153 0.303 -0.0162506 0.168105 -0.152531 -0.00368327 -0.0946102 
154 0.296939 -0.0146958 0.19345 -0.177311 -0.00279862 -0.143411 
155 0.336165 0.00423237 0.174974 -0.176133 -0.0128514 -0.100822 
156 0.35156 -0.0125057 0.233685 -0.209292 -0.00470958 -0.133797 
157 0.411062 -0.0186383 0.261976 -0.205309 0.00406604 -0.130898 
158 0.505797 -0.0105425 0.268741 -0.270732 -0.00241193 -0.102484 
159 0.542748 -0.0264816 0.328127 -0.297427 0.00796917 -0.142997 
160 0.622519 -0.0255867 0.372586 -0.361412 -0.0173194 -0.192406 
161 0.769716 -0.0345334 0.467745 -0.453791 -0.0342172 -0.206441 
162 0.890989 -0.0376141 0.521808 -0.51312 -0.0301435 -0.23003 
163 1.0237 -0.0726951 0.639496 -0.627086 -0.00988373 -0.350319 
164 1.26467 -0.021601 0.815347 -0.785282 -0.0396327 -0.431693 
165 1.4134 -0.0441836 1.0204 -0.919569 0.00239423 -0.615448 
166 1.79573 -0.0484656 1.20188 -1.09932 -0.0484902 -0.6069 
167 1.91808 -0.0911803 1.27163 -1.33028 0.010631 -0.778347 
168 2.45106 -0.0733735 1.64372 -1.54485 -0.0116097 -0.840677 
169 2.7149 -0.0401121 1.91964 -1.72018 -0.0261845 -1.03302 
170 2.98373 -0.0445008 2.1569 -1.99199 -0.0396792 -1.26816 
171 3.42098 0.0109102 2.30741 -2.39809 -0.0986131 -1.4164 
172 3.86668 -0.0452695 2.74439 -2.71507 -0.0618636 -1.7213 
173 4.12584 -0.110912 3.00211 -3.06047 -0.0166748 -2.06605 
174 4.60138 -0.0475281 3.20397 -3.25983 0.0116731 -1.95166 
175 4.65241 -0.0638799 3.38972 -3.23888 -0.00834874 -2.11136 
176 5.40314 0.00107455 3.8405 -3.7571 0.0755168 -2.34647 
177 5.33137 0.0429417 3.84517 -3.93697 -0.0286894 -2.5678 
178 5.3276 0.0959693 4.0997 -4.22456 -0.0283888 -3.09179 
179 5.53938 0.105866 4.16142 -4.25909 -0.210676 -2.93083 
180 4.20512 -0.603445 3.31926 -3.14046 -0.00510117 -2.30402 
