0 7.5907 0.00313406 -0.0208486 0.00126004 -0.00385408 7.52588 -0.00405091 0.0275816 -0.0242026 -0.00321548 7.57733 -0.00540102 -0.00412639 -0.0265126 -0.000647754 7.51814 
1 8.38658 0.0487211 -0.0421418 -0.0011882 0.0370685 8.22804 -0.108271 -0.0278066 -0.0392707 -0.055054 8.27387 -0.0603366 0.00460428 0.0437894 0.0277995 8.13747 
2 9.23428 -0.0640622 0.00676205 0.00298854 -0.0626446 9.19706 0.0201438 -0.0205365 -0.00920528 0.00256177 8.98615 -0.0184888 0.00564831 0.00250155 0.0233665 8.96084 
3 10.6028 -0.0557621 -0.0134227 0.00156624 -0.0461769 10.4529 0.0342361 -0.0115606 -0.00468586 0.0321462 10.5103 -0.00455742 -0.000715572 0.0227901 -0.00414667 10.3769 
4 8.31067 -0.060344 0.00424398 0.0030834 -0.0513345 8.24278 0.0101079 -0.0322927 0.0111215 -0.00331957 8.25762 -0.0033481 0.00454136 0.0246614 0.00113927 8.22161 
5 8.97856 -0.0699652 0.0158074 0.00386032 -0.0778647 8.88665 -0.0257255 0.0206615 0.00734681 -0.0237181 8.88078 0.0282213 0.000576714 -0.0228788 -0.0132299 8.83926 
6 7.86202 -0.0505052 0.00280952 -0.00256764 -0.0450916 7.80321 -0.0180341 -0.00279242 -0.00239678 0.0104436 7.75027 -0.00928689 0.00301345 -0.00193281 0.00658626 7.74181 
7 7.6699 -0.0650081 -0.0035357 0.00267064 -0.0565039 7.5049 -0.00758144 -0.032877 -0.0116132 -0.0255845 7.47475 -0.00864632 -0.00172163 0.0270661 -0.0224272 7.35638 
8 7.58303 -0.0594662 0.0133335 -0.0041599 -0.0576565 7.42592 0.00168539 -0.0196001 0.000333718 -0.0214284 7.37428 -0.0253617 -0.00269828 -0.0167502 0.0124816 7.25537 
9 7.7806 -0.0550219 -0.0156446 -0.00163643 -0.0539283 7.64183 -0.00617322 -0.0203719 -0.013019 -0.00434337 7.59634 0.0128135 0.00274742 -0.00218349 -0.0212472 7.51248 
10 7.51268 -0.121741 0.0093987 -0.000884844 -0.119459 7.3343 -0.000743644 -0.00313645 -0.00714572 -0.00458346 7.32951 -0.00615515 -0.000417033 -0.0253917 -0.00536609 7.2075 
11 7.82487 -0.0589401 -0.00395187 0.00120162 -0.0608681 7.69722 -0.0399317 0.0127166 0.0010029 -0.0366614 7.67796 -0.00642035 0.00192263 -0.00313692 0.0117484 7.58486 
12 7.60283 -0.0437544 -0.00151246 0.00155022 -0.0441022 7.38273 -0.0408446 -0.0418731 -0.000149393 -0.0684762 7.41062 -0.0261308 0.00225284 0.0387505 0.0234063 7.24286 
13 6.72301 -0.0454263 -0.00231815 0.0029018 -0.0450054 6.58865 -0.0053489 -0.00507874 0.0021507 -0.00425605 6.60133 -0.0155346 0.00298011 0.00278512 0.0167486 6.50775 
14 7.54842 -0.0790291 -0.00271328 -0.00377001 -0.0777114 7.44075 -0.0205701 0.0163325 -0.00299712 -0.0259336 7.41982 -0.0244014 0.00189239 0.00629529 0.0184714 7.35314 
15 6.65561 -0.102623 0.00294064 -0.000318936 -0.0946834 6.54868 0.018909 -0.0144483 -0.000602436 0.017606 6.53529 -0.0157046 0.00168751 0.00124335 -0.00417048 6.47853 
16 7.37744 -0.0609836 -0.00773513 -0.0011627 -0.0603408 7.22037 -0.0257202 -0.00305857 -0.00287377 -0.0244754 7.24968 -0.0105913 0.00279287 0.0128281 0.0176254 7.12676 
17 6.24201 -0.0169099 0.00516848 0.00121511 -0.015874 6.11228 0.018106 0.00760333 0.0060636 0.00942951 6.07528 -0.00747635 0.00230705 -0.00978141 0.00936857 5.97332 
18 6.60537 -0.0352946 -0.0079077 -0.000945965 -0.0322697 6.5086 0.0151709 0.0133823 -0.00629284 -0.000367531 6.47472 -0.00632888 -0.000431804 -0.0172226 0.0130893 6.42872 
19 6.40024 -0.0369025 -0.00339354 0.000586482 -0.0382997 6.29691 0.00276008 -0.0242965 -0.00389761 0.0124669 6.22775 -0.0175507 -0.000268128 0.0241858 0.0226291 6.1533 
20 6.04711 -0.019544 0.00184681 0.00181828 -0.0168215 5.94995 0.00424625 -0.0195063 0.00193175 -0.00675258 5.88487 -0.0280497 -0.000594643 0.0103664 0.0359896 5.82098 
21 6.27802 -0.00658022 0.000154693 0.000292593 -0.0116814 6.18412 -0.00674138 0.00229837 0.00364854 -0.00414213 6.12712 -0.0260679 -0.00052093 -0.00366116 0.0239773 6.05678 
22 5.77502 0.00571931 -3.66664e-05 0.00125728 0.00835646 5.69465 0.0325048 -0.00718848 0.00127222 0.0111905 5.60524 -0.022092 0.000710296 0.00500113 0.0231082 5.56067 
23 5.53418 0.0578387 -0.00548007 0.00125614 0.0585868 5.44762 -0.00500371 0.00976464 -0.00206251 -0.00229681 5.35453 -0.0409172 -0.000723016 0.00150975 0.0433547 5.31622 
24 5.3561 0.0174211 0.00732601 0.000232933 0.0169262 5.26421 -0.00399175 0.00436834 0.00363737 0.00238058 5.2217 -0.0172493 0.000234342 -0.00834941 0.0259199 5.15461 
25 5.16471 0.0121637 0.00204769 -0.000620778 0.00968229 5.09471 -0.00152616 -0.00770444 -0.00383367 0.00558623 4.99286 -0.0234559 -0.000171801 -0.00813461 0.0227854 4.95439 
26 4.96023 0.0584187 0.00392908 -0.00124477 0.055102 4.871 0.0200816 0.0093278 0.00114823 0.00557429 4.77293 -0.0313414 -0.00178859 -0.0237407 0.0235598 4.7264 
27 5.14859 0.0804899 -0.000499568 0.000194953 0.0823475 5.07219 0.00465461 0.0114251 -0.00335707 -0.0140106 4.97453 -0.0320386 -0.00062227 -0.0126685 0.0310161 4.9176 
28 4.57975 0.0784472 -0.00455878 -0.00104096 0.078173 4.52131 -0.0036562 2.69552e-05 -0.000825244 0.00392291 4.44041 -0.0262658 -0.00124272 0.00588834 0.0255543 4.4049 
29 4.91091 0.114443 0.00369116 -0.000162715 0.11131 4.82248 0.00777553 -0.00142601 0.00152764 0.0168359 4.72732 -0.0325149 0.00160177 0.00632435 0.0413507 4.69553 
30 4.19844 0.0920993 -0.00413613 0.000403484 0.0931415 4.13716 -0.00459866 -0.00503042 -0.00514408 -0.00601652 4.03593 -0.0172622 -0.000286899 0.00238437 0.0161705 4.01275 
31 4.17253 0.106202 -0.00268543 0.00106433 0.108035 4.12277 -0.000669278 0.00721216 -0.00184593 0.00156648 4.02298 -0.0174658 2.38731e-05 -0.00637221 0.0166136 4.00464 
32 3.7868 0.105015 -0.00227109 0.00161456 0.105223 3.741 -0.00584532 -0.0015719 -0.00584026 -0.00873363 3.62105 -0.0299271 0.000695728 -0.00239747 0.0275165 3.59872 
33 3.95809 0.137117 0.00706948 -0.00130059 0.134889 3.88795 0.00609453 -0.0134976 0.00384319 0.0038867 3.79516 -0.0172726 0.000569156 0.0103876 0.0224578 3.76228 
34 3.53929 0.132648 -0.00115775 -0.000643891 0.132332 3.47177 0.00937431 -0.000600152 -0.0031683 -0.00780347 3.39124 -0.0170328 0.000304964 -0.005964 0.0230946 3.35927 
35 3.48122 0.133201 -0.00673967 0.00129753 0.132657 3.40154 -0.00632281 -0.00527613 -0.00528243 0.00977371 3.29515 -0.0237775 0.000783115 0.00125289 0.0268546 3.26142 
36 3.49014 0.145123 0.00195849 -0.00209482 0.144838 3.41624 0.00729808 -0.00524475 0.000345302 0.00578657 3.29984 -0.0255467 -0.000778504 -0.00906171 0.0356859 3.25852 
37 3.25537 0.153022 0.00109162 -0.000392001 0.152514 3.19699 -0.00931127 -0.00917012 -0.00027581 -0.0129236 3.08138 -0.013697 0.000115587 0.0033238 0.0219778 3.05897 
38 3.07281 0.173549 -0.00230819 0.000847386 0.174734 3.01284 -0.00421904 -0.00588054 -0.0031002 -0.00213764 2.87558 -0.0289563 -0.000734361 0.00127855 0.0229349 2.8419 
39 2.90821 0.167355 -0.00207476 0.000811719 0.168539 2.87299 0.00278775 0.00464133 0.00104369 0.00577032 2.73882 -0.0288105 0.00234721 -0.00104664 0.0227054 2.72045 
40 2.87794 0.180117 0.00160171 2.98942e-05 0.181241 2.83742 -0.00335667 0.00463107 0.00283204 -0.0101677 2.71527 -0.0111339 0.000461505 -0.00265046 0.0110473 2.69177 
41 2.65736 0.148268 0.000792296 0.000950994 0.149446 2.59572 -0.0198721 0.00244793 0.0023887 -0.0128904 2.46697 -0.0216197 -5.01424e-05 0.00624305 0.0143849 2.43153 
42 2.73403 0.207608 -0.00102907 0.000886845 0.20792 2.68365 -0.00315837 -0.000425816 -0.003113 -0.00400415 2.56105 -0.019526 -0.000381027 -0.00161291 0.0227663 2.53791 
43 2.2469 0.147901 0.00163168 -0.000210926 0.148741 2.19752 0.0245578 0.00335846 0.000849917 0.0111127 2.06513 -0.0229584 0.00160428 -0.00569311 0.0232404 2.03948 
44 2.30177 0.194748 -0.00183575 8.59123e-05 0.193858 2.26718 -0.00131949 -0.00317171 -0.000798116 -0.00516214 2.11984 -0.0197154 0.000288472 0.00285163 0.019451 2.10802 
45 2.0865 0.143904 0.00108825 -0.000312922 0.141477 2.0548 0.00382155 -0.00840961 0.0017944 -0.0041089 1.90284 -0.0183686 0.000469755 -0.00407276 0.0154346 1.89967 
46 2.09504 0.182873 -0.00288745 0.000219305 0.186767 2.04565 -0.0025712 0.00158712 -0.000802595 0.00305382 1.90514 -0.0223456 -9.49394e-05 -0.00215661 0.0159684 1.88878 
47 1.8885 0.159202 -0.00299241 6.8507e-05 0.157681 1.85054 -0.0158273 0.00338355 -0.00156521 -0.0106179 1.71172 -0.0150087 0.000137708 0.00706162 0.0180682 1.69495 
48 1.97785 0.187585 0.00144954 0.000323436 0.18835 1.9349 0.00763939 -0.0028409 -0.000971823 -0.00947399 1.79009 -0.0118544 -0.00010406 0.00369966 0.00406171 1.77573 
49 1.7589 0.150905 -0.00024352 -0.00086765 0.151749 1.72621 0.00449251 -0.00568506 0.0018614 0.00734875 1.55987 -0.0100193 -0.000522326 -0.00281154 0.0143515 1.5487 
50 1.61717 0.125619 0.00064328 -0.000209097 0.126129 1.58353 -0.00192531 -0.000617157 0.00160162 -0.00470687 1.40862 -0.0185038 0.000243066 -0.00211009 0.0188312 1.39507 
51 1.49959 0.143442 -3.15651e-05 0.00117734 0.141152 1.47007 0.000900162 -0.00611402 -0.000607373 -0.0090385 1.32507 -0.0126403 0.000312452 0.0062098 0.0174319 1.31704 
52 1.49698 0.149711 0.000514453 0.000374133 0.149344 1.47268 0.000321352 0.00469746 0.00157525 0.0038484 1.29806 -0.0212378 -0.000459086 0.00235387 0.0209219 1.29046 
53 1.43915 0.150505 0.00234584 -0.00076924 0.149991 1.40549 0.00920285 -0.00462386 -0.000764749 0.00608277 1.24912 -0.013117 -0.000368302 -0.00161701 0.0132976 1.23744 
54 1.36777 0.156444 -0.00296457 0.000347747 0.156552 1.33867 -0.00351391 -0.00111876 -0.00162977 -0.0119835 1.16791 -0.0174678 -0.000280218 0.00425443 0.022747 1.16024 
55 1.23434 0.141538 0.00184351 -0.000112426 0.14291 1.20995 0.00810335 0.00105145 -0.000144659 -0.000107287 1.04364 -0.011796 -0.000134865 -0.00232667 0.0111948 1.04071 
56 1.21984 0.17274 0.000629255 -0.00134243 0.172508 1.19275 0.00677035 -0.00199151 0.000697779 -0.00363741 1.03807 -0.0124409 -0.00100464 -0.00190112 0.0108467 1.03777 
57 1.09602 0.132998 0.00312868 -0.000157118 0.130898 1.06688 0.0105406 0.00317423 0.000414604 0.00199468 0.922808 -0.00919069 -0.000665444 -0.00269154 0.0118159 0.912511 
58 1.03717 0.128815 -0.000622927 0.00050463 0.128563 1.01238 0.00803458 0.00214206 0.00190235 0.00505281 0.864427 -0.0116839 -0.000379013 0.000632379 0.012691 0.854144 
59 0.892995 0.0998536 0.00136666 -0.000273085 0.100493 0.871387 0.000466424 -0.00712141 0.000200285 -0.000170388 0.722852 -0.0117767 0.000774459 -0.000140359 0.0102206 0.72308 
60 0.844443 0.0966407 0.00107218 0.000210928 0.096734 0.815907 0.00321626 -0.00108226 -0.000713013 -0.0141381 0.665298 -0.00713738 1.01057e-05 -0.002745 0.0127291 0.657098 
61 0.77668 0.0833595 -0.00167581 5.7044e-06 0.0839878 0.758408 -0.00267546 -0.000875577 0.000301157 0.00421321 0.605675 -0.0108313 -0.000174178 0.000180916 0.0113989 0.600754 
62 0.781286 0.0772462 -0.00158484 -0.000197391 0.0775975 0.760908 -0.00762128 0.000590269 -0.0005475 0.0069076 0.600993 -0.0101162 -0.000452419 -0.000337384 0.00981351 0.595053 
63 0.66148 0.0433183 -0.00152647 -0.0004764 0.0430628 0.632854 -0.00215497 -0.001982 -0.000132162 0.000762876 0.486197 -0.00470855 6.91711e-05 0.000605387 0.00216931 0.485983 
64 0.581517 0.037755 0.000947273 -0.000163814 0.0375328 0.548447 0.0110091 0.00461064 0.00103287 0.00879099 0.405576 -0.00874827 -8.08754e-05 -0.00694845 0.00724088 0.390234 
65 0.52679 0.0363934 -0.00373899 0.000798956 0.0375623 0.500737 -0.00811624 0.000186563 0.000165088 0.000923516 0.359533 -0.0180202 -0.000460089 0.00966562 0.0194241 0.34848 
66 0.473435 0.0147982 -7.59837e-05 -0.000503597 0.0133566 0.444193 0.0013417 0.00127391 0.000916497 0.00300267 0.306304 -0.0126807 -0.000620591 -0.000724601 0.0114219 0.305773 
67 0.514345 0.047724 0.00334254 -0.000787677 0.0475516 0.485004 0.00573286 -0.000461606 0.000561042 0.00657257 0.35039 -0.00437747 -0.000568716 -0.00143043 0.00369437 0.341169 
68 0.469035 0.0354065 0.00110491 0.000402395 0.0342513 0.450994 -0.00129137 0.00286097 0.000199511 0.00264307 0.313278 -0.00859528 -0.000560907 -0.000174555 0.0115224 0.312463 
69 0.446864 0.0149849 0.00125914 0.00190828 0.0138352 0.414346 0.0120247 -0.000590334 0.00195468 -0.00471644 0.255699 -0.0181904 -0.000306879 0.003475 0.0187308 0.249286 
70 0.347873 -0.00877713 0.000418164 0.000868496 -0.00642719 0.323131 -0.00176541 0.00540413 0.000973347 0.010094 0.173968 -0.0188092 0.000911009 -0.000910995 0.0170212 0.171372 
71 0.369951 0.00677521 -0.000687295 -0.0006388 0.00600995 0.348411 -0.00324072 -0.00364993 0.00079842 -0.000804251 0.202349 -0.0126094 0.000344871 0.00262749 0.0121367 0.195032 
72 0.294798 -0.0235516 -0.000723955 -4.61113e-06 -0.0227937 0.271765 0.00243877 0.00668513 -0.00199963 -0.00308736 0.124846 -0.0104954 0.000680432 -0.00184749 0.00839081 0.119498 
73 0.267014 -0.0234297 0.00128515 -2.05923e-05 -0.0236188 0.249039 0.00273102 0.000143738 0.000846269 -0.0012262 0.117392 -0.015387 -8.54588e-05 -0.00215275 0.012637 0.109113 
74 0.244795 -0.0301986 0.000558319 0.000155427 -0.0297385 0.226642 8.63349e-05 0.00463551 0.00125447 0.00439568 0.0981117 -0.0096952 0.000372199 -0.00367938 0.00914617 0.0935783 
75 0.224578 -0.0230678 -0.00127273 0.000333839 -0.0246122 0.20858 -0.00376728 -0.00312305 -0.000624103 -0.0039296 0.0788094 -0.00824231 -3.29212e-05 0.000519877 0.00808972 0.0757997 
76 0.203195 -0.0401542 -0.000911247 0.000105935 -0.04039 0.186928 -0.00336769 0.00106155 0.00032253 -0.000851637 0.0533804 -0.00534069 -0.000227868 0.000288611 0.00605503 0.0502138 
77 0.210118 -0.0397778 -0.000160703 0.00069714 -0.0396676 0.193032 -0.00357264 0.00509094 0.00019127 -0.00290847 0.0552932 -0.0025991 -2.56978e-05 -0.00719021 0.00275777 0.0508458 
78 0.167142 -0.0502796 -0.000545172 -0.000485749 -0.0497341 0.151854 -0.00391979 -0.00131045 -0.000152587 0.00120201 0.0193265 -0.00598389 -5.97246e-05 -0.00201212 0.00759685 0.0212131 
79 0.170241 -0.0523212 -7.97744e-05 0.000283465 -0.0511482 0.155231 -0.000608323 0.00106688 0.000712186 -0.0019766 0.019739 -0.00242852 9.88249e-05 -0.00185404 0.00193641 0.016212 
80 0.136531 -0.0505326 0.000707254 0.000441904 -0.0505759 0.123731 0.00373593 0.0023825 1.65503e-05 -0.00211826 0.0102986 -0.00279988 -0.000161171 -0.00012772 0.0029478 0.00777114 
81 0.142366 -0.0582401 -0.000360596 0.00010836 -0.0589772 0.12119 -0.00530454 -0.00278577 -0.00131275 -0.00342482 -0.00934909 -0.00115042 0.000318777 -0.00136286 0.00180965 -0.0104002 
82 0.132302 -0.0558037 -0.00128807 -0.000289435 -0.0561299 0.121927 -0.00198025 -0.00313176 0.00102318 -0.00111944 -0.00387133 -0.00311549 -0.00022581 0.000873855 0.00581982 -0.0037078 
83 0.134623 -0.0625711 0.000819731 -1.92459e-05 -0.0630152 0.117885 0.000883757 0.00253209 -0.00124492 0.00468577 -0.00777932 -0.00392904 -0.000641985 -0.00203438 0.00543031 -0.0115895 
84 0.128599 -0.0490916 -4.95641e-05 0.00021854 -0.0488756 0.112586 -0.00431286 0.000338871 -0.00197087 -0.00750621 -0.0128893 -0.00855204 0.000278515 0.00383967 0.0087471 -0.0154964 
85 0.120498 -0.0500679 0.000898245 -0.00113151 -0.0503848 0.105468 -0.00254119 -0.00120602 -0.000394931 0.000437125 -0.010565 -0.00276365 -0.000260409 0.000596071 0.00359541 -0.0122864 
86 0.149767 -0.05133 -0.00071078 0.000128145 -0.051034 0.124945 -0.000780176 0.00354303 -0.000262114 -0.00199188 -0.0293314 -0.0060486 -0.000307817 -0.00260747 0.00738771 -0.0293065 
87 0.123686 -0.0584637 -1.25146e-05 0.000755679 -0.0588221 0.102501 -0.0026652 0.00330055 -0.000363736 -0.00458407 -0.0194042 -0.00267049 0.000657361 0.000480021 0.000997001 -0.0187772 
88 0.12378 -0.0633434 -0.0023685 -2.38727e-05 -0.0629161 0.104311 0.000301177 0.00110126 -0.00233332 -0.00461995 -0.0319607 -0.00206634 -4.5501e-05 -0.00569798 0.00403805 -0.0317338 
89 0.114519 -0.0602725 0.000984406 -0.00112331 -0.0587385 0.100716 0.00398563 -0.00488145 -0.000319323 0.00441603 -0.0365849 0.00230256 0.000327898 0.00259752 -0.00391537 -0.0383494 
90 0.117054 -0.0563426 -0.000718574 -0.000152623 -0.0563619 0.0931347 0.000986313 0.000890515 0.000748019 0.000562138 -0.0281314 0.00328298 0.000428268 0.00298412 -0.0041861 -0.0262493 
91 0.114855 -0.0574269 0.00066785 -0.000771653 -0.0583903 0.0899441 -0.00336152 0.00208689 -0.00188598 -0.0101 -0.0374727 0.00177212 -0.000784512 -0.0026363 -0.0021833 -0.0390416 
92 0.0979289 -0.0585992 -0.000513601 0.00047392 -0.0576363 0.0839243 -0.0033281 0.00134771 0.000477329 -0.00136519 -0.0329145 -0.00450269 0.000608707 0.00103703 0.00266072 -0.0371567 
93 0.107398 -0.0592012 -0.000761798 -0.000399027 -0.0585271 0.0905103 0.00247694 -0.00103481 -3.92892e-05 0.00319911 -0.0366645 -0.00152892 -0.000319244 0.000958456 -0.000207023 -0.0363618 
94 0.136673 -0.052944 -0.00197853 -0.000463022 -0.0529429 0.100294 -0.00399735 -0.000888624 -0.00116671 -0.0052689 -0.0384743 -0.00325965 -0.000534242 -0.00447034 0.00321285 -0.0392443 
95 0.100531 -0.0514654 0.00214439 -0.000402854 -0.0523428 0.0845586 -0.000534625 0.000486248 -0.00178293 -0.00448592 -0.0395474 -0.00334622 0.000484617 0.00223037 0.00261587 -0.0374639 
96 0.0979321 -0.052227 0.000215352 0.000350611 -0.0522209 0.0848262 -0.00509035 0.00199284 -0.000474153 0.00129604 -0.0390858 0.00178579 -0.000331983 0.000506335 -0.000485226 -0.0367042 
97 0.114994 -0.0538598 0.00160865 -6.75449e-05 -0.0537939 0.0933895 0.00211378 -0.00364837 -0.000380799 0.000702287 -0.037456 -0.00437652 -6.77738e-05 -0.00712497 0.00650842 -0.0388896 
98 0.108528 -0.0554445 0.00138242 4.83168e-05 -0.0560582 0.0890848 -0.00242179 0.00380833 0.00074534 0.0012969 -0.032308 -0.00444458 -0.000751241 0.000508504 0.00316226 -0.0299531 
99 0.118243 -0.0442138 0.00148692 -0.00045678 -0.0430436 0.0947831 0.00251222 0.000322364 0.0014452 0.00228399 -0.0304531 -0.00467944 0.000425071 0.000408303 0.00713265 -0.0304426 
100 0.118131 -0.0480364 -0.000481586 -0.000254894 -0.0494812 0.0920996 0.0026435 -0.00233172 -0.000981368 -0.00333637 -0.0328021 -0.00607965 -0.000594151 -0.00284964 0.00709977 -0.032977 
101 0.129021 -0.0489693 0.000674425 -0.000238648 -0.0496493 0.103113 -0.000338852 0.00385722 -0.000160368 0.00066204 -0.0449996 -0.00575952 0.000262658 0.000588061 0.00745901 -0.0446537 
102 0.117608 -0.0369 0.000858043 8.76154e-05 -0.0385446 0.0979846 0.00146171 0.000380128 -0.000605509 -0.00464929 -0.034741 -0.0101711 0.00130261 0.00145257 0.012831 -0.0278796 
103 0.111127 -0.0435434 0.000247894 0.000556966 -0.0429048 0.0908231 0.00417847 -0.00112332 -0.000818006 0.00218957 -0.0317018 -0.00901817 -0.000276561 0.000640829 0.0103378 -0.0258471 
104 0.133199 -0.0363613 -0.000317892 -0.000157841 -0.0366566 0.107056 0.000778881 0.00201991 -0.000231635 -0.000537691 -0.041949 -0.0129675 -0.000175096 0.000382545 0.0106114 -0.0327068 
105 0.122562 -0.0356368 0.00136569 0.000155332 -0.0367222 0.098973 0.00150751 0.00338813 -0.00151646 -0.00315171 -0.0357255 -0.0172273 0.00110225 0.00252103 0.0186247 -0.0244148 
106 0.136304 -0.0358555 -0.00170358 0.000319651 -0.0358514 0.10916 -0.0122639 0.00553074 3.4409e-05 0.00982068 -0.0306106 -0.0272866 -0.000595229 0.0053865 0.0250199 -0.0179546 
107 0.128697 -0.0344413 0.000584556 -6.42829e-05 -0.0363217 0.109401 0.00413499 -0.00204422 0.000723109 0.00387305 -0.0372815 -0.0194461 -0.000313451 -0.00239112 0.019303 -0.0301081 
108 0.121167 -0.033867 -0.000213663 -0.000205282 -0.033429 0.0933604 0.000436528 0.00287163 0.00163359 0.00296556 -0.0394011 -0.0120168 0.000867335 0.00617373 0.0142409 -0.0253974 
109 0.136948 -0.0337462 -0.00197027 0.000788092 -0.0329837 0.109709 -0.00481858 0.00367979 -0.000792492 0.00407002 -0.035181 -0.0291998 -0.00079597 2.91085e-05 0.0305421 -0.0270598 
110 0.158693 -0.0327902 0.000196652 -0.000879277 -0.0327359 0.128725 0.00556993 -0.00872981 -0.000634407 -0.0100511 -0.0275651 -0.0298441 0.000455126 -0.00645539 0.0322752 -0.0232228 
111 0.1176 -0.0322977 0.00206698 -0.00146852 -0.03097 0.0929848 0.00730716 -0.00491815 0.00284294 0.00216256 -0.046433 -0.0169711 0.000683911 -0.00307619 0.0140791 -0.037495 
112 0.151619 -0.0271769 -0.00133404 0.00067116 -0.0294348 0.125076 -0.0020216 0.00691793 0.00140825 0.0015104 -0.0332832 -0.0288168 0.000386626 0.00194173 0.0326548 -0.0234469 
113 0.123369 -0.0243888 0.0019878 -0.000437271 -0.0245116 0.0983381 -0.00555328 0.00334618 -0.000251527 0.00110152 -0.0302064 -0.0133276 -7.66568e-05 0.000735949 0.01405 -0.0237717 
114 0.163154 -0.0218601 0.00251433 -0.00123839 -0.0218209 0.136886 0.0107845 -0.000927154 0.000244862 -0.00802879 -0.0368999 -0.0572653 -0.000127305 -0.00735783 0.0547381 -0.0208037 
115 0.148859 -0.0219282 0.000300589 0.000771014 -0.0224311 0.115337 0.00278454 -0.00263528 -0.00252407 -0.00925462 -0.0393338 -0.0343296 -0.000742137 -0.00514365 0.0323886 -0.0297033 
116 0.144444 -0.0203821 0.000505593 -8.8336e-05 -0.0228051 0.116568 0.000519704 -0.00769501 -0.00246208 -0.0105415 -0.0377987 -0.0293149 1.886e-05 -0.00599663 0.0333292 -0.0251933 
117 0.126182 -0.022536 -0.00082366 0.000446455 -0.0216425 0.0985901 0.00539525 -0.00172585 0.000149398 -0.00153444 -0.0472835 -0.0212405 0.000336725 -0.00355029 0.0221202 -0.0353182 
118 0.173324 -0.0163677 0.00155635 -0.000245744 -0.0167083 0.13994 0.00377102 -0.00127682 -0.00232914 -0.000545494 -0.0342676 -0.0588716 -0.000692827 -0.00213458 0.0563691 -0.0191715 
119 0.139737 -0.0142498 0.000366646 -0.000228881 -0.0144349 0.109463 -0.00707389 0.00580578 0.0025176 0.00706694 -0.0289077 -0.0346322 0.00109316 0.00639352 0.0365417 -0.0199685 
120 0.141475 -0.0161758 0.0017566 -0.000174891 -0.0146445 0.120808 0.00703916 -0.00204861 -0.000987357 -0.00470376 -0.0416497 -0.040099 -0.000644531 -0.000600807 0.0390317 -0.0331563 
121 0.134152 -0.0159723 0.00101743 0.000344979 -0.0169682 0.11184 0.00245035 0.00158665 0.000814175 0.00448422 -0.0404036 -0.0293738 0.000491601 0.000616787 0.0305873 -0.0287126 
122 0.156552 -0.0110106 -0.0004521 0.000568934 -0.0122091 0.125061 -0.00450124 0.00477543 -0.0011992 0.0102437 -0.0523426 -0.042892 -0.000258553 0.0036251 0.042001 -0.0346695 
123 0.145766 -0.0143546 -0.000538115 0.000360392 -0.0149654 0.114383 0.000917532 -0.00129975 0.000560475 0.000273397 -0.044369 -0.0325037 -0.000105548 0.00484075 0.0319074 -0.0379923 
124 0.147948 -0.00777609 -0.00160307 -0.000127346 -0.00892184 0.11762 -0.018463 0.00800099 0.00272377 0.00868711 -0.0506072 -0.0438754 0.000227148 0.00600091 0.0466075 -0.0348193 
125 0.155653 -0.00645075 0.00141684 -0.0017459 -0.00610327 0.125283 0.00268571 0.00187807 0.000399835 0.000503695 -0.0567666 -0.047342 0.00126949 0.00144696 0.0451004 -0.0453879 
126 0.121096 -0.0146521 -0.000302707 0.00096664 -0.0148796 0.091624 0.00493935 -0.00339041 0.000809313 0.00212213 -0.0483221 -0.0191383 0.000216747 -0.00109985 0.0171754 -0.0395143 
127 0.129761 -0.00765933 -0.00063471 -0.000301374 -0.00796118 0.103877 -0.00735117 0.00296775 0.00135868 0.00803906 -0.0516257 -0.0394693 0.000731459 0.00331604 0.0396388 -0.0385731 
128 0.155537 -0.00832385 -0.000264304 -0.00133967 -0.00909116 0.123497 0.00553899 -0.0129464 0.00249724 0.00387961 -0.0687805 -0.0320679 -0.000618297 -0.0080979 0.0332017 -0.0538054 
129 0.138319 -0.00976162 -0.00166534 0.000444 -0.00888523 0.104136 -0.000870528 0.00381663 0.00268727 0.00572371 -0.0670922 -0.0255335 -0.000368738 0.00411104 0.0315203 -0.0516312 
130 0.145432 -0.00438018 -0.0006892 -0.000219853 -0.00514083 0.115447 0.00150266 0.0016273 0.001247 0.0057263 -0.0502932 -0.0434047 -0.00134369 0.00205103 0.0449134 -0.0378254 
131 0.147134 -0.00475353 0.00296317 -0.00180923 -0.00549439 0.115342 0.00753304 -0.00633686 -0.0016374 -0.00133861 -0.0631743 -0.0293236 -0.000221929 -0.00634467 0.0258649 -0.0592155 
132 0.122491 -0.00755128 -5.74771e-05 1.42884e-05 -0.00876379 0.0934567 -0.00741335 0.00214124 -0.00130854 0.000800742 -0.062858 -0.0174446 -0.000109846 0.00376987 0.0175863 -0.0466261 
133 0.128167 -0.00316176 -0.000627628 0.000169004 -0.00428618 0.103363 -0.00387028 0.00583503 0.000610033 -0.0044765 -0.0590637 -0.0300875 0.00033068 0.00115839 0.0282486 -0.0441588 
134 0.124164 -0.00472315 0.00281388 -0.000190734 -0.00441533 0.0928507 0.00595791 -0.00383209 -0.00268478 0.00161625 -0.0605887 -0.0127173 -0.00124589 -0.00363528 0.0167149 -0.0473545 
135 0.125924 -0.00628198 -0.00124894 0.000955957 -0.00788929 0.0996074 -0.00112583 -0.00166962 -0.000391204 -0.00273521 -0.0564932 -0.0226955 -0.000369247 -0.0061755 0.0208743 -0.0473114 
136 0.145643 -0.00387311 -7.98579e-05 -2.35499e-05 -0.00427851 0.0960531 0.00202281 -0.0072277 0.000129205 0.00684423 -0.0703084 -0.0272487 -0.00130746 -0.0156619 0.0303366 -0.0560813 
137 0.124191 -0.0099094 0.00051418 0.000523706 -0.00985664 0.0866454 0.00491332 0.000296353 -0.000950903 0.00476847 -0.0520321 -0.00833281 -0.000886418 0.0083201 0.015858 -0.0392183 
138 0.14954 -0.0120238 0.000844044 0.000279793 -0.00893714 0.113163 -0.0043194 0.000782825 -0.00204357 -0.0104661 -0.0681116 -0.00607196 -0.00138863 -0.00666749 0.0132048 -0.0561153 
139 0.139975 -0.00857617 0.000678102 0.000573096 -0.00599879 0.0966523 -0.000167904 0.00684967 -0.00422735 -0.00393446 -0.0562915 -0.0180031 -0.000951636 0.00237 0.0161681 -0.0372044 
140 0.170136 -0.00588484 0.00109761 -6.99715e-06 -0.00469054 0.128107 0.000888895 0.0015296 -0.00298357 -0.015637 -0.065178 -0.00470463 -0.00042551 -0.00184842 0.00556895 -0.043163 
141 0.161441 -0.0108948 0.000977453 -0.000199033 -0.0102286 0.103348 0.00134964 -0.0045722 0.000993607 0.000971511 -0.0461216 -0.0146959 -0.000825804 0.00231889 0.0174268 -0.0372116 
142 0.197599 -0.00987875 0.000682477 -0.000157603 -0.0102393 0.154816 0.0110638 -0.000175446 0.00136068 -0.0111702 -0.01387 -0.0209977 0.000683327 -0.00145996 0.0241425 0.00461238 
143 0.246445 -0.00439606 -0.000515762 -0.00038516 -0.00441776 0.193138 0.015503 -0.00608197 0.00155596 -0.00724511 -0.0107509 -0.0405788 0.000184522 -0.0082375 0.0400885 0.0129763 
144 0.219825 -0.0153987 -0.00056379 0.000857467 -0.01467 0.166373 -0.00138191 -0.000830466 -0.0015437 -0.00466532 -0.0156714 -0.0333446 0.000730036 -0.000846502 0.0387952 0.0147239 
145 0.222122 -0.017157 -0.00114828 0.000492272 -0.0195826 0.178316 -0.010752 -0.00040405 0.00239152 -0.00271749 -0.0186502 -0.0303009 -0.00101232 -0.000247214 0.0262394 0.00634903 
146 0.297665 -0.0362133 -0.00161531 0.000332241 -0.0378531 0.223295 0.000242513 0.0104495 0.000414441 0.00310127 -0.0150014 -0.0526106 -0.000861735 0.000750699 0.0558148 0.0322836 
147 0.248516 -0.0416653 0.00487775 -0.000719351 -0.0406513 0.194309 -0.00149979 -0.00346397 0.00608299 -0.00611625 -0.0003419 -0.029778 0.00118738 -0.000346828 0.0289166 0.0326834 
148 0.327769 -0.0366341 0.00559182 -0.000162437 -0.0349042 0.255946 -0.00060834 -0.00827473 -0.00240878 -0.00232037 -0.00700185 -0.063599 0.000938404 -0.0115034 0.060709 0.0448951 
149 0.335854 -0.0664209 -0.00384318 0.000527106 -0.0678156 0.253087 0.0186043 -0.00574127 0.00427467 0.00863706 -0.0114559 -0.044338 -0.000280441 -0.00245269 0.0425124 0.0349866 
150 0.385628 -0.0610486 -0.000486206 -0.000492086 -0.0639029 0.296995 0.0112733 -0.00351138 -0.00303935 -0.0126484 0.0294775 -0.0446359 0.00113575 0.00686807 0.0444072 0.0793683 
151 0.402477 -0.0930075 -9.66596e-06 0.000439971 -0.0965316 0.324671 -0.0178983 -0.00742872 0.00690956 0.00478022 0.00838877 -0.0499523 0.000150085 -0.0017386 0.0511269 0.0687339 
152 0.436815 -0.0948325 -0.00746055 -0.000342993 -0.100959 0.326707 -0.0115679 -0.00250291 0.00469441 0.0147827 -0.0181609 -0.060917 0.00164543 0.0110478 0.0490518 0.0455351 
153 0.581134 -0.150348 -0.00807872 -0.00200286 -0.152807 0.449793 -0.002991 -0.00108823 0.00568859 0.0181719 -0.025773 -0.0790337 0.00229164 0.00411198 0.0675612 0.0611226 
154 0.616066 -0.159442 -0.00228097 0.000291774 -0.154822 0.469743 0.00305836 0.00357746 -0.00265877 0.0225187 -0.0550388 -0.0500384 0.000612021 0.0121304 0.0662445 0.0601766 
155 0.57436 -0.17865 -0.00441953 -0.000504444 -0.180564 0.418219 0.0148712 0.00560925 -0.00332574 -0.0117152 -0.0790535 -0.0579195 0.000647812 -0.00765867 0.0557376 0.0556937 
156 0.626037 -0.197182 0.00259923 0.00207468 -0.196892 0.483991 0.0026587 -0.00589451 -0.00554474 -0.00852981 -0.117995 -0.0510598 -0.000101863 -0.00695435 0.0476937 0.000558649 
157 0.707718 -0.223673 0.00539887 0.0002439 -0.218973 0.529024 0.0213879 1.63514e-05 -0.00572424 0.00694927 -0.198335 -0.0487116 -0.00178339 -0.00066015 0.0394546 -0.0586447 
158 0.785849 -0.24796 0.00153589 0.00212475 -0.245104 0.605555 0.040276 -0.00974149 0.00137252 -0.0442603 -0.214083 -0.0667138 0.00334582 -0.0014876 0.0626257 -0.0704879 
159 0.761517 -0.244094 -0.00723012 -0.00138894 -0.244043 0.576219 0.0140751 0.00814094 -0.000638359 -0.00426357 -0.261055 -0.0606987 -0.00212807 0.00881765 0.0617151 -0.108844 
160 0.848102 -0.267516 -0.00591318 -0.000133836 -0.275468 0.644948 -0.00525447 -0.00434506 0.00706497 0.00401408 -0.317367 -0.0463606 0.00113336 0.00159469 0.0486802 -0.147942 
161 1.00273 -0.255501 0.0227719 0.00186821 -0.254107 0.720455 0.0592166 -0.0384209 -0.0115934 -0.0788393 -0.35665 -0.058103 0.00101067 -0.0337553 0.0703061 -0.12195 
162 0.945761 -0.259661 -0.0121278 -0.00254701 -0.257128 0.663764 -0.0137192 -0.00723961 0.0180994 -0.0031617 -0.428883 -0.0335671 -6.61316e-06 -0.0071602 0.0295577 -0.196134 
163 0.983487 -0.26146 -0.00710041 0.00131125 -0.257616 0.658033 -0.00589915 0.0109638 0.00521301 -0.00970632 -0.516561 -0.0443406 -0.00214033 -0.00452658 0.0608097 -0.2613 
164 0.962769 -0.271497 -0.00411485 0.00138092 -0.262616 0.702525 -0.0289144 0.0241865 0.00497934 0.0134008 -0.545636 -0.0387699 -0.000964743 0.00164558 0.0536283 -0.358003 
165 0.98652 -0.236246 0.00217333 -0.000565607 -0.243266 0.694752 0.0109085 -0.0180164 -0.000257512 -0.00805247 -0.584389 -0.0442761 -0.00308396 -0.0178884 0.0472373 -0.337765 
166 1.05756 -0.263763 0.00893373 -0.00272247 -0.265163 0.78356 -0.0282745 0.0175691 -0.00282844 0.0120106 -0.648394 -0.0593284 -0.00218212 0.0171438 0.0490005 -0.421485 
167 1.16215 -0.208531 -0.00729058 -0.00183342 -0.213911 0.878121 -0.00248202 0.010227 0.0184027 -0.010385 -0.715022 -0.00207943 0.00152186 0.00786955 0.00537069 -0.512575 
168 1.08446 -0.224218 -0.00135632 -0.00191728 -0.229088 0.805537 0.0469626 -0.0274153 0.00287025 -0.0315625 -0.701867 -0.0398734 0.00341024 -0.00868816 0.0351164 -0.481915 
169 0.948454 -0.186264 0.00892256 0.00191499 -0.187709 0.745924 0.00819559 -0.00476565 -0.00663307 -0.00879985 -0.677103 0.000929655 -0.00187548 0.0105213 0.0175253 -0.516605 
170 1.01022 -0.146216 -0.00812588 -0.00330931 -0.154162 0.785038 0.0266583 -0.00333969 0.00769851 -0.000489745 -0.7747 -0.0231582 0.00363976 -0.0161187 0.00960259 -0.590225 
171 1.09506 -0.139191 -0.00613485 0.000157478 -0.131397 0.876898 -0.00438251 -0.0168871 0.0134683 0.0110745 -0.808651 0.0191931 0.000394227 -0.0316238 -0.0223715 -0.634977 
172 1.12355 -0.121501 0.00268511 0.00199419 -0.122325 0.84432 0.000877861 -0.0080847 0.00531515 -0.0132101 -0.895977 -0.00739482 -0.00145623 -0.00660277 0.00540766 -0.655805 
173 1.0853 -0.0832831 -0.0143401 0.00261448 -0.0878415 0.806073 0.0178752 -0.014763 0.0094619 0.0137752 -0.816131 -0.0330047 -0.000234526 -0.00861246 0.0158344 -0.623312 
174 0.989359 -0.0623589 -0.00458518 0.00250521 -0.0645978 0.782325 0.0556719 0.0107208 0.00911768 -0.031123 -0.777674 0.0164986 -0.002117 0.0201042 -0.00399438 -0.604031 
175 1.10892 -0.0531728 -0.0280936 0.00236329 -0.0574352 0.862237 0.0265699 0.00649433 0.02218 -0.0199903 -0.784148 0.0100092 4.70061e-05 0.0258034 -0.0183912 -0.617806 
176 0.976644 -0.027307 0.00122995 0.00226537 -0.0282146 0.780797 0.00256592 -0.00392173 0.00213793 0.0481584 -0.796119 0.000344881 -0.00377609 0.0109862 -0.00295053 -0.646992 
177 1.09438 -0.0174497 -0.0457362 0.00229319 0.00529821 0.849402 -0.00822251 0.0104409 0.0313882 0.00158713 -0.802511 0.0247572 0.00194742 0.0280121 -0.0267695 -0.626007 
178 1.10756 0.0149285 0.0282189 0.000794739 0.0181254 0.816066 0.0407061 -0.0770593 -0.00732036 0.101998 -0.77388 -0.0568954 0.00221158 -0.0847599 0.0253051 -0.634296 
179 0.953158 0.0769787 0.0229032 0.00117011 0.059954 0.799241 0.0356097 -0.0145969 -0.000881954 -0.0342491 -0.74541 -0.0113821 0.00966326 0.00562846 0.0149702 -0.618317 
180 0.713399 -0.0160987 -0.00199902 -0.00728203 0.0133868 0.609887 -0.00223023 -0.00609822 -0.0294576 0.0345937 -0.571481 0.00857005 0.000364078 -0.0064761 -0.00105701 -0.485192 
