0 7.5907 0.00313406 7.52588 7.57733 -0.00540102 7.51814 
1 8.38658 0.0487211 8.22804 8.27387 -0.0603366 8.13747 
2 9.23428 -0.0640622 9.19706 8.98615 -0.0184888 8.96084 
3 10.6028 -0.0557621 10.4529 10.5103 -0.00455742 10.3769 
4 8.31067 -0.060344 8.24278 8.25762 -0.0033481 8.22161 
5 8.97856 -0.0699652 8.88665 8.88078 0.0282213 8.83926 
6 7.86202 -0.0505052 7.80321 7.75027 -0.00928689 7.74181 
7 7.6699 -0.0650081 7.5049 7.47475 -0.00864632 7.35638 
8 7.58303 -0.0594662 7.42592 7.37428 -0.0253617 7.25537 
9 7.7806 -0.0550219 7.64183 7.59634 0.0128135 7.51248 
10 7.51268 -0.121741 7.3343 7.32951 -0.00615515 7.2075 
11 7.82487 -0.0589401 7.69722 7.67796 -0.00642035 7.58486 
12 7.60283 -0.0437544 7.38273 7.41062 -0.0261308 7.24286 
13 6.72301 -0.0454263 6.58865 6.60133 -0.0155346 6.50775 
14 7.54842 -0.0790291 7.44075 7.41982 -0.0244014 7.35314 
15 6.65561 -0.102623 6.54868 6.53529 -0.0157046 6.47853 
16 7.37744 -0.0609836 7.22037 7.24968 -0.0105913 7.12676 
17 6.24201 -0.0169099 6.11228 6.07528 -0.00747635 5.97332 
18 6.60537 -0.0352946 6.5086 6.47472 -0.00632888 6.42872 
19 6.40024 -0.0369025 6.29691 6.22775 -0.0175507 6.1533 
20 6.04711 -0.019544 5.94995 5.88487 -0.0280497 5.82098 
21 6.27802 -0.00658022 6.18412 6.12712 -0.0260679 6.05678 
22 5.77502 0.00571931 5.69465 5.60524 -0.022092 5.56067 
23 5.53418 0.0578387 5.44762 5.35453 -0.0409172 5.31622 
24 5.3561 0.0174211 5.26421 5.2217 -0.0172493 5.15461 
25 5.16471 0.0121637 5.09471 4.99286 -0.0234559 4.95439 
26 4.96023 0.0584187 4.871 4.77293 -0.0313414 4.7264 
27 5.14859 0.0804899 5.07219 4.97453 -0.0320386 4.9176 
28 4.57975 0.0784472 4.52131 4.44041 -0.0262658 4.4049 
29 4.91091 0.114443 4.82248 4.72732 -0.0325149 4.69553 
30 4.19844 0.0920993 4.13716 4.03593 -0.0172622 4.01275 
31 4.17253 0.106202 4.12277 4.02298 -0.0174658 4.00464 
32 3.7868 0.105015 3.741 3.62105 -0.0299271 3.59872 
33 3.95809 0.137117 3.88795 3.79516 -0.0172726 3.76228 
34 3.53929 0.132648 3.47177 3.39124 -0.0170328 3.35927 
35 3.48122 0.133201 3.40154 3.29515 -0.0237775 3.26142 
36 3.49014 0.145123 3.41624 3.29984 -0.0255467 3.25852 
37 3.25537 0.153022 3.19699 3.08138 -0.013697 3.05897 
38 3.07281 0.173549 3.01284 2.87558 -0.0289563 2.8419 
39 2.90821 0.167355 2.87299 2.73882 -0.0288105 2.72045 
40 2.87794 0.180117 2.83742 2.71527 -0.0111339 2.69177 
41 2.65736 0.148268 2.59572 2.46697 -0.0216197 2.43153 
42 2.73403 0.207608 2.68365 2.56105 -0.019526 2.53791 
43 2.2469 0.147901 2.19752 2.06513 -0.0229584 2.03948 
44 2.30177 0.194748 2.26718 2.11984 -0.0197154 2.10802 
45 2.0865 0.143904 2.0548 1.90284 -0.0183686 1.89967 
46 2.09504 0.182873 2.04565 1.90514 -0.0223456 1.88878 
47 1.8885 0.159202 1.85054 1.71172 -0.0150087 1.69495 
48 1.97785 0.187585 1.9349 1.79009 -0.0118544 1.77573 
49 1.7589 0.150905 1.72621 1.55987 -0.0100193 1.5487 
50 1.61717 0.125619 1.58353 1.40862 -0.0185038 1.39507 
51 1.49959 0.143442 1.47007 1.32507 -0.0126403 1.31704 
52 1.49698 0.149711 1.47268 1.29806 -0.0212378 1.29046 
53 1.43915 0.150505 1.40549 1.24912 -0.013117 1.23744 
54 1.36777 0.156444 1.33867 1.16791 -0.0174678 1.16024 
55 1.23434 0.141538 1.20995 1.04364 -0.011796 1.04071 
56 1.21984 0.17274 1.19275 1.03807 -0.0124409 1.03777 
57 1.09602 0.132998 1.06688 0.922808 -0.00919069 0.912511 
58 1.03717 0.128815 1.01238 0.864427 -0.0116839 0.854144 
59 0.892995 0.0998536 0.871387 0.722852 -0.0117767 0.72308 
60 0.844443 0.0966407 0.815907 0.665298 -0.00713738 0.657098 
61 0.77668 0.0833595 0.758408 0.605675 -0.0108313 0.600754 
62 0.781286 0.0772462 0.760908 0.600993 -0.0101162 0.595053 
63 0.66148 0.0433183 0.632854 0.486197 -0.00470855 0.485983 
64 0.581517 0.037755 0.548447 0.405576 -0.00874827 0.390234 
65 0.52679 0.0363934 0.500737 0.359533 -0.0180202 0.34848 
66 0.473435 0.0147982 0.444193 0.306304 -0.0126807 0.305773 
67 0.514345 0.047724 0.485004 0.35039 -0.00437747 0.341169 
68 0.469035 0.0354065 0.450994 0.313278 -0.00859528 0.312463 
69 0.446864 0.0149849 0.414346 0.255699 -0.0181904 0.249286 
70 0.347873 -0.00877713 0.323131 0.173968 -0.0188092 0.171372 
71 0.369951 0.00677521 0.348411 0.202349 -0.0126094 0.195032 
72 0.294798 -0.0235516 0.271765 0.124846 -0.0104954 0.119498 
73 0.267014 -0.0234297 0.249039 0.117392 -0.015387 0.109113 
74 0.244795 -0.0301986 0.226642 0.0981117 -0.0096952 0.0935783 
75 0.224578 -0.0230678 0.20858 0.0788094 -0.00824231 0.0757997 
76 0.203195 -0.0401542 0.186928 0.0533804 -0.00534069 0.0502138 
77 0.210118 -0.0397778 0.193032 0.0552932 -0.0025991 0.0508458 
78 0.167142 -0.0502796 0.151854 0.0193265 -0.00598389 0.0212131 
79 0.170241 -0.0523212 0.155231 0.019739 -0.00242852 0.016212 
80 0.136531 -0.0505326 0.123731 0.0102986 -0.00279988 0.00777114 
81 0.142366 -0.0582401 0.12119 -0.00934909 -0.00115042 -0.0104002 
82 0.132302 -0.0558037 0.121927 -0.00387133 -0.00311549 -0.0037078 
83 0.134623 -0.0625711 0.117885 -0.00777932 -0.00392904 -0.0115895 
84 0.128599 -0.0490916 0.112586 -0.0128893 -0.00855204 -0.0154964 
85 0.120498 -0.0500679 0.105468 -0.010565 -0.00276365 -0.0122864 
86 0.149767 -0.05133 0.124945 -0.0293314 -0.0060486 -0.0293065 
87 0.123686 -0.0584637 0.102501 -0.0194042 -0.00267049 -0.0187772 
88 0.12378 -0.0633434 0.104311 -0.0319607 -0.00206634 -0.0317338 
89 0.114519 -0.0602725 0.100716 -0.0365849 0.00230256 -0.0383494 
90 0.117054 -0.0563426 0.0931347 -0.0281314 0.00328298 -0.0262493 
91 0.114855 -0.0574269 0.0899441 -0.0374727 0.00177212 -0.0390416 
92 0.0979289 -0.0585992 0.0839243 -0.0329145 -0.00450269 -0.0371567 
93 0.107398 -0.0592012 0.0905103 -0.0366645 -0.00152892 -0.0363618 
94 0.136673 -0.052944 0.100294 -0.0384743 -0.00325965 -0.0392443 
95 0.100531 -0.0514654 0.0845586 -0.0395474 -0.00334622 -0.0374639 
96 0.0979321 -0.052227 0.0848262 -0.0390858 0.00178579 -0.0367042 
97 0.114994 -0.0538598 0.0933895 -0.037456 -0.00437652 -0.0388896 
98 0.108528 -0.0554445 0.0890848 -0.032308 -0.00444458 -0.0299531 
99 0.118243 -0.0442138 0.0947831 -0.0304531 -0.00467944 -0.0304426 
100 0.118131 -0.0480364 0.0920996 -0.0328021 -0.00607965 -0.032977 
101 0.129021 -0.0489693 0.103113 -0.0449996 -0.00575952 -0.0446537 
102 0.117608 -0.0369 0.0979846 -0.034741 -0.0101711 -0.0278796 
103 0.111127 -0.0435434 0.0908231 -0.0317018 -0.00901817 -0.0258471 
104 0.133199 -0.0363613 0.107056 -0.041949 -0.0129675 -0.0327068 
105 0.122562 -0.0356368 0.098973 -0.0357255 -0.0172273 -0.0244148 
106 0.136304 -0.0358555 0.10916 -0.0306106 -0.0272866 -0.0179546 
107 0.128697 -0.0344413 0.109401 -0.0372815 -0.0194461 -0.0301081 
108 0.121167 -0.033867 0.0933604 -0.0394011 -0.0120168 -0.0253974 
109 0.136948 -0.0337462 0.109709 -0.035181 -0.0291998 -0.0270598 
110 0.158693 -0.0327902 0.128725 -0.0275651 -0.0298441 -0.0232228 
111 0.1176 -0.0322977 0.0929848 -0.046433 -0.0169711 -0.037495 
112 0.151619 -0.0271769 0.125076 -0.0332832 -0.0288168 -0.0234469 
113 0.123369 -0.0243888 0.0983381 -0.0302064 -0.0133276 -0.0237717 
114 0.163154 -0.0218601 0.136886 -0.0368999 -0.0572653 -0.0208037 
115 0.148859 -0.0219282 0.115337 -0.0393338 -0.0343296 -0.0297033 
116 0.144444 -0.0203821 0.116568 -0.0377987 -0.0293149 -0.0251933 
117 0.126182 -0.022536 0.0985901 -0.0472835 -0.0212405 -0.0353182 
118 0.173324 -0.0163677 0.13994 -0.0342676 -0.0588716 -0.0191715 
119 0.139737 -0.0142498 0.109463 -0.0289077 -0.0346322 -0.0199685 
120 0.141475 -0.0161758 0.120808 -0.0416497 -0.040099 -0.0331563 
121 0.134152 -0.0159723 0.11184 -0.0404036 -0.0293738 -0.0287126 
122 0.156552 -0.0110106 0.125061 -0.0523426 -0.042892 -0.0346695 
123 0.145766 -0.0143546 0.114383 -0.044369 -0.0325037 -0.0379923 
124 0.147948 -0.00777609 0.11762 -0.0506072 -0.0438754 -0.0348193 
125 0.155653 -0.00645075 0.125283 -0.0567666 -0.047342 -0.0453879 
126 0.121096 -0.0146521 0.091624 -0.0483221 -0.0191383 -0.0395143 
127 0.129761 -0.00765933 0.103877 -0.0516257 -0.0394693 -0.0385731 
128 0.155537 -0.00832385 0.123497 -0.0687805 -0.0320679 -0.0538054 
129 0.138319 -0.00976162 0.104136 -0.0670922 -0.0255335 -0.0516312 
130 0.145432 -0.00438018 0.115447 -0.0502932 -0.0434047 -0.0378254 
131 0.147134 -0.00475353 0.115342 -0.0631743 -0.0293236 -0.0592155 
132 0.122491 -0.00755128 0.0934567 -0.062858 -0.0174446 -0.0466261 
133 0.128167 -0.00316176 0.103363 -0.0590637 -0.0300875 -0.0441588 
134 0.124164 -0.00472315 0.0928507 -0.0605887 -0.0127173 -0.0473545 
135 0.125924 -0.00628198 0.0996074 -0.0564932 -0.0226955 -0.0473114 
136 0.145643 -0.00387311 0.0960531 -0.0703084 -0.0272487 -0.0560813 
137 0.124191 -0.0099094 0.0866454 -0.0520321 -0.00833281 -0.0392183 
138 0.14954 -0.0120238 0.113163 -0.0681116 -0.00607196 -0.0561153 
139 0.139975 -0.00857617 0.0966523 -0.0562915 -0.0180031 -0.0372044 
140 0.170136 -0.00588484 0.128107 -0.065178 -0.00470463 -0.043163 
141 0.161441 -0.0108948 0.103348 -0.0461216 -0.0146959 -0.0372116 
142 0.197599 -0.00987875 0.154816 -0.01387 -0.0209977 0.00461238 
143 0.246445 -0.00439606 0.193138 -0.0107509 -0.0405788 0.0129763 
144 0.219825 -0.0153987 0.166373 -0.0156714 -0.0333446 0.0147239 
145 0.222122 -0.017157 0.178316 -0.0186502 -0.0303009 0.00634903 
146 0.297665 -0.0362133 0.223295 -0.0150014 -0.0526106 0.0322836 
147 0.248516 -0.0416653 0.194309 -0.0003419 -0.029778 0.0326834 
148 0.327769 -0.0366341 0.255946 -0.00700185 -0.063599 0.0448951 
149 0.335854 -0.0664209 0.253087 -0.0114559 -0.044338 0.0349866 
150 0.385628 -0.0610486 0.296995 0.0294775 -0.0446359 0.0793683 
151 0.402477 -0.0930075 0.324671 0.00838877 -0.0499523 0.0687339 
152 0.436815 -0.0948325 0.326707 -0.0181609 -0.060917 0.0455351 
153 0.581134 -0.150348 0.449793 -0.025773 -0.0790337 0.0611226 
154 0.616066 -0.159442 0.469743 -0.0550388 -0.0500384 0.0601766 
155 0.57436 -0.17865 0.418219 -0.0790535 -0.0579195 0.0556937 
156 0.626037 -0.197182 0.483991 -0.117995 -0.0510598 0.000558649 
157 0.707718 -0.223673 0.529024 -0.198335 -0.0487116 -0.0586447 
158 0.785849 -0.24796 0.605555 -0.214083 -0.0667138 -0.0704879 
159 0.761517 -0.244094 0.576219 -0.261055 -0.0606987 -0.108844 
160 0.848102 -0.267516 0.644948 -0.317367 -0.0463606 -0.147942 
161 1.00273 -0.255501 0.720455 -0.35665 -0.058103 -0.12195 
162 0.945761 -0.259661 0.663764 -0.428883 -0.0335671 -0.196134 
163 0.983487 -0.26146 0.658033 -0.516561 -0.0443406 -0.2613 
164 0.962769 -0.271497 0.702525 -0.545636 -0.0387699 -0.358003 
165 0.98652 -0.236246 0.694752 -0.584389 -0.0442761 -0.337765 
166 1.05756 -0.263763 0.78356 -0.648394 -0.0593284 -0.421485 
167 1.16215 -0.208531 0.878121 -0.715022 -0.00207943 -0.512575 
168 1.08446 -0.224218 0.805537 -0.701867 -0.0398734 -0.481915 
169 0.948454 -0.186264 0.745924 -0.677103 0.000929655 -0.516605 
170 1.01022 -0.146216 0.785038 -0.7747 -0.0231582 -0.590225 
171 1.09506 -0.139191 0.876898 -0.808651 0.0191931 -0.634977 
172 1.12355 -0.121501 0.84432 -0.895977 -0.00739482 -0.655805 
173 1.0853 -0.0832831 0.806073 -0.816131 -0.0330047 -0.623312 
174 0.989359 -0.0623589 0.782325 -0.777674 0.0164986 -0.604031 
175 1.10892 -0.0531728 0.862237 -0.784148 0.0100092 -0.617806 
176 0.976644 -0.027307 0.780797 -0.796119 0.000344881 -0.646992 
177 1.09438 -0.0174497 0.849402 -0.802511 0.0247572 -0.626007 
178 1.10756 0.0149285 0.816066 -0.77388 -0.0568954 -0.634296 
179 0.953158 0.0769787 0.799241 -0.74541 -0.0113821 -0.618317 
180 0.713399 -0.0160987 0.609887 -0.571481 0.00857005 -0.485192 
