0 17.1857 -0.00376028 -0.0124597 0.000180961 -0.00215163 17.1516 0.000149153 0.00740383 -0.0110842 -0.00252366 17.1837 -0.00391615 0.00712879 -0.00720776 -0.00830476 17.1518 
1 21.3399 0.00310193 0.0282997 0.00261185 -0.0116139 20.8844 0.0100298 0.220454 0.0274884 0.0217667 21.2828 -0.0400836 0.00271144 -0.222853 0.109682 20.854 
2 19.3631 0.0169993 0.0201181 -0.00782694 0.0240823 19.1921 0.11474 0.0517807 0.0185804 0.102401 19.1387 -0.111425 -0.00179698 -0.0989565 0.0710704 19.0222 
3 17.4811 -0.00890393 -0.00351111 -0.00390839 -0.0146456 17.3605 -0.00803487 0.0568155 -0.00156084 0.00885311 17.4042 -0.0381858 0.00107336 -0.0554255 0.0282598 17.2993 
4 17.1121 -0.0403547 0.00354224 -0.000767527 -0.0532084 16.983 0.0630208 -0.0400878 0.00839445 0.0402915 17.0014 0.0737987 -0.00127822 0.0633171 -0.0426899 16.9051 
5 15.7794 -0.00287242 0.00223042 0.00478861 -0.00137632 15.5816 -0.00876321 0.0681792 0.00565096 -0.0186092 15.636 0.0412663 -0.00350343 -0.0416767 -0.0565937 15.4622 
6 17.3647 -0.0212533 -0.0136895 -0.00220806 -0.0250396 17.2383 0.0236659 7.31883e-05 -0.00909194 0.0653442 17.2177 -0.0180995 -0.0020774 0.019314 0.0373746 17.1176 
7 16.4602 0.00619971 -0.010002 -0.00041717 0.00290951 16.2654 -0.0340636 -0.036021 -0.00884795 -0.00971606 16.2453 0.0279109 0.00102202 0.0431043 -0.00186871 16.1072 
8 14.8838 0.0190581 -0.0175004 -0.00101644 0.0119859 14.6969 -0.00831811 -0.00721422 -0.0189711 -0.0335389 14.7413 0.0348181 0.00330158 0.00745309 -0.0327079 14.591 
9 15.6077 -0.00118216 -0.00806514 0.00109327 0.00241122 15.4592 0.0109509 -0.0219119 -0.00611298 -0.0181222 15.5179 -0.00328052 -0.00045849 0.0172477 0.0123884 15.3866 
10 15.1748 0.0318603 0.00217534 0.000896116 0.0298583 15.0915 -0.0120269 -0.0321989 0.00196435 0.0281275 15.0729 -0.0278535 -0.000202689 0.031711 0.00389981 15.017 
11 13.8603 0.0475902 -0.00722799 0.00158232 0.0470936 13.714 -0.0208222 -0.0136591 -0.0092188 -0.0115472 13.6824 -0.049309 -0.000228523 0.0014562 0.0390317 13.5667 
12 12.5344 0.0189192 -0.00364184 0.000452608 0.0161649 12.4023 0.00819211 -0.00131145 -0.00283999 -0.0318769 12.396 -0.0248369 8.83039e-06 -0.00915609 0.0199201 12.3001 
13 13.5998 0.0600229 0.00263241 -0.000976362 0.055771 13.4578 0.0181908 -0.00618701 -0.00134352 0.0267811 13.444 -0.0088266 8.52064e-05 -0.00178031 0.0196979 13.3334 
14 12.7892 0.081114 0.00486145 8.15752e-05 0.0804078 12.6632 0.00959368 -0.0189746 0.00193424 -0.0339028 12.6491 -0.00822469 0.00146212 0.00642523 0.0401012 12.5633 
15 11.7206 0.0865698 -0.0046287 0.00097911 0.0878178 11.6509 -0.0166516 -0.00827027 -0.00734896 -0.00434957 11.5997 -0.0313061 -0.000285285 0.00891021 0.0316809 11.5466 
16 11.2675 0.111088 -0.00174287 0.00159414 0.111454 11.1181 0.00228518 -0.00251715 -0.00230473 -0.0147489 11.1246 -0.0407555 -0.000333716 0.0142832 0.0103335 11.0226 
17 10.7192 0.120862 -0.00158625 0.00187604 0.121967 10.6049 -9.77972e-05 -0.022902 0.000348101 -0.00868393 10.6068 -0.00750498 -0.00122141 0.0433635 -0.00328963 10.5403 
18 10.0039 0.141297 0.00203949 -0.000447277 0.1417 9.9172 0.00513163 -0.0241445 -0.00027308 -0.00105066 9.92259 -0.0108613 0.000591785 0.0237615 0.0151475 9.85001 
19 9.66013 0.155742 -0.00283877 -0.000624746 0.158263 9.57326 -0.0277363 -0.00193743 -0.000120483 -0.00923444 9.57052 -0.0314163 -0.000246978 0.0170184 0.0144659 9.51173 
20 8.85212 0.163146 0.000676476 0.000192475 0.161749 8.78227 0.0190433 0.0202526 0.00266928 0.0199394 8.72502 -0.0441195 -0.000938751 0.00815218 0.0462603 8.67617 
21 8.41037 0.157223 0.00766889 0.00105331 0.159479 8.31115 0.0118134 0.0306757 0.00692361 0.0086566 8.28943 -0.027673 0.00127574 -0.0154046 0.0311005 8.20728 
22 7.73482 0.181285 -0.00363711 -0.000988685 0.182562 7.68541 0.00509121 -0.0025351 -0.00237509 0.0169699 7.62054 -0.0475986 0.00024885 0.00506873 0.0467516 7.59553 
23 7.69256 0.183337 -0.00201314 -0.000333563 0.18114 7.64256 -0.00960404 -0.0122178 -0.000295274 0.00324688 7.58478 -0.0285149 -0.00133089 0.0105572 0.0246178 7.55156 
24 6.79032 0.18844 0.00553435 -0.000276119 0.185592 6.7173 -0.00593381 0.0233 0.00831444 0.0209342 6.69848 -0.00912237 0.000442319 -0.0167141 0.0166554 6.64632 
25 6.64223 0.196113 0.000237772 -0.000714199 0.196017 6.53222 0.0132134 0.00390116 0.0019171 0.00981291 6.48459 -0.0655878 -0.00015913 0.0210574 0.0643545 6.42103 
26 6.06326 0.198433 -0.00506057 0.00120638 0.201041 5.98418 -0.00878842 -0.00113606 -0.00532243 -0.0305477 5.94961 -0.0424315 -0.000395007 -0.00569925 0.0378081 5.88925 
27 5.64658 0.207669 -0.00080139 0.000206103 0.210052 5.58707 0.0043957 -0.00373996 0.000963737 0.0316783 5.53311 -0.0187681 -0.000761077 -0.0111408 0.0138813 5.49659 
28 5.03997 0.190708 -0.00297909 -0.00012543 0.190009 5.00195 -0.0133655 -0.00703803 0.000802844 -0.00495104 4.94922 -0.0333724 9.21222e-05 0.00509616 0.0331039 4.92647 
29 5.09272 0.198915 -0.00306353 0.000627831 0.202501 5.03933 0.00107831 0.00511036 -0.00309842 0.00534545 4.98613 -0.044626 -0.000882218 -0.0152091 0.0402959 4.96463 
30 4.46764 0.207105 0.000416554 0.000544258 0.207321 4.42854 0.0151338 -0.0016623 -0.00138337 -0.00380695 4.34743 -0.0175868 0.000941966 0.00427594 0.0117909 4.32402 
31 4.04458 0.194534 -0.00473708 -0.000825313 0.193486 3.99953 -0.0143964 0.000579173 -0.00271394 0.00789661 3.93987 -0.0354537 0.000329518 0.00834757 0.0431916 3.9118 
32 4.02764 0.210072 0.00613001 -0.00103023 0.211701 3.98406 0.0226337 0.00674134 0.00295561 0.0125848 3.90797 -0.0293853 0.000292867 -0.00449071 0.0253258 3.89285 
33 3.82711 0.206305 0.00135573 -0.00057746 0.206174 3.79241 -0.000738169 0.00895834 0.00289381 0.0147535 3.7229 -0.0197282 0.000204833 -0.0108337 0.0219934 3.70153 
34 3.38248 0.19973 0.000735441 -0.000300243 0.200774 3.35012 0.00669263 0.00070876 0.00354252 0.00965624 3.26497 -0.0364484 3.52234e-06 -0.00542783 0.0304538 3.24767 
35 2.95144 0.17909 -0.000800344 0.000508309 0.178887 2.92686 0.00488125 -0.00323298 -0.00142745 0.0122063 2.83958 -0.0295752 -0.00102711 -4.0374e-05 0.0277573 2.829 
36 2.97398 0.18052 -0.00301101 0.00103297 0.182987 2.91017 -0.0102792 -0.00844064 -0.00262115 -0.00627836 2.84235 -0.0357232 0.000114472 0.0116038 0.033508 2.80223 
37 2.82211 0.205167 -0.000467431 0.000477176 0.204282 2.77926 -0.0049689 0.00321233 -1.45472e-05 -0.00342936 2.70963 -0.0250747 -0.000640302 0.0101185 0.020413 2.68211 
38 2.5138 0.179147 -0.000473492 0.000121071 0.179905 2.48582 0.0094893 -0.00696195 -0.000727385 -7.8389e-05 2.39108 -0.0209187 -0.000230812 -0.000480301 0.0214211 2.3725 
39 2.35865 0.178362 -0.000300128 0.000346603 0.17802 2.34065 -0.00031176 0.000626934 0.000657468 -0.00159134 2.26095 -0.0299852 -0.000543556 -0.0015817 0.0312178 2.2539 
40 2.10289 0.150116 0.0030103 -0.000358248 0.150549 2.06022 0.00821637 -0.00290858 -0.00128174 -0.0212899 1.98118 -0.02245 -0.000252804 -0.00987838 0.0228351 1.96468 
41 1.89261 0.154581 -0.000285298 -3.08832e-05 0.154645 1.86431 0.000669089 -0.00624579 -0.00104864 -0.00600601 1.78174 -0.0299428 5.94941e-05 0.00378313 0.0257269 1.76168 
42 1.70161 0.140744 0.000812618 0.00117807 0.141346 1.66841 -0.000139027 -0.00926132 -0.000702139 -0.000604613 1.58856 -0.0401965 -5.7463e-05 0.00349537 0.0429349 1.5672 
43 1.60567 0.141438 -7.29281e-05 0.0005193 0.142373 1.57 -0.00188022 0.010626 -0.0012858 0.0118456 1.48024 -0.0294937 -0.00026145 -0.0107753 0.0302811 1.45872 
44 1.41762 0.111731 0.0013281 -0.000805717 0.112586 1.38048 0.00637935 -0.000916081 0.00337485 0.00491023 1.28728 -0.0424723 0.00101131 0.00315809 0.0446567 1.27043 
45 1.35922 0.12519 -0.000320824 0.000403472 0.12612 1.32658 -0.00168712 -0.0139495 -0.00103744 -0.0038592 1.26957 -0.0114645 0.000553905 0.0209571 0.0167381 1.24624 
46 1.12149 0.0869495 -0.00040204 0.000254408 0.0866608 1.09912 -0.00196957 -0.00357205 -0.00124562 -0.0051075 1.00004 -0.0330953 0.000334459 0.000522075 0.0346367 0.988195 
47 1.0135 0.0975047 -0.00178401 -0.000481248 0.0985611 0.990762 -0.0194814 0.00628291 -2.05568e-05 -0.0016787 0.890641 -0.0319764 0.000467537 0.00261621 0.0309882 0.883602 
48 0.895226 0.0591841 0.00193116 9.9927e-05 0.0577822 0.872393 -0.000588983 -0.00954944 0.00238389 -0.00478256 0.771232 -0.0380905 -0.000270227 0.00274692 0.0394056 0.760365 
49 0.883773 0.0840695 0.00112963 -0.000333743 0.0832596 0.866977 -0.00267278 -0.000160683 0.00173839 0.0102919 0.808662 -0.0211847 -0.000170405 3.01566e-05 0.0142567 0.801046 
50 0.726821 0.0531353 0.000570502 5.68979e-05 0.0528921 0.705268 -0.00352222 -0.00313963 -3.02657e-05 0.00224774 0.634325 -0.0177253 -0.000378236 0.00363605 0.0193992 0.618597 
51 0.645275 0.0483894 -0.000223189 0.000675602 0.0485404 0.633611 -0.000361247 -0.00155093 0.00033452 0.00011956 0.548898 -0.0184823 0.00036506 0.00451792 0.0169248 0.547853 
52 0.608084 0.0434968 -0.00131413 -0.000342476 0.0434784 0.596994 0.000486573 -0.000758947 -0.000294604 0.00309409 0.532524 -0.00714783 0.000578603 0.00169607 0.00551163 0.530247 
53 0.565715 0.0359949 1.12229e-05 9.71487e-05 0.0359445 0.543824 0.00459525 0.00379863 -0.00182731 -0.000357108 0.459941 -0.0229218 -1.91044e-05 0.00133223 0.0284193 0.455389 
54 0.450714 0.0145279 0.000134372 0.000563735 0.0152724 0.434442 0.00948668 0.00471955 -0.000540884 -0.00192362 0.359574 -0.0190936 -0.000279784 -0.0036852 0.0182262 0.350088 
55 0.370347 0.00803518 0.000840234 0.000156743 0.00836672 0.361516 0.00432036 -0.000716102 -0.000191403 0.00177474 0.302299 -0.00753529 0.000152792 -0.00431544 0.00793653 0.303265 
56 0.31178 -0.00543414 0.00159599 -0.000703168 -0.00571741 0.296421 0.00533247 0.00475558 -0.000168089 0.0015688 0.218395 -0.0314107 -0.000583903 -0.00553171 0.0305442 0.211598 
57 0.314033 -0.00468349 0.00088187 0.00048447 -0.00564727 0.292448 0.0101338 0.00138013 0.00118894 0.0120139 0.223471 -0.015299 -0.000177187 -0.0033451 0.018594 0.209938 
58 0.249047 -0.00424443 -0.000613065 6.04985e-05 -0.00420596 0.238686 -0.00432945 -0.0010645 -0.00105382 -0.00121148 0.182535 -0.013081 -0.000274356 0.00156511 0.0140962 0.177622 
59 0.220229 -0.0225785 0.00207531 -0.00064172 -0.0230418 0.204096 0.00448294 -0.0044926 0.00100899 0.00104826 0.125611 -0.0123832 -0.000238825 -0.00435433 0.0135139 0.116091 
60 0.198345 -0.0212826 -0.000275113 0.00039569 -0.0204459 0.187189 -0.00100381 0.00150681 0.000586696 0.00514998 0.115665 -0.0238997 -7.0125e-05 0.0008551 0.0222035 0.112015 
61 0.151744 -0.0351826 -0.00166926 6.74055e-05 -0.0341465 0.140625 -0.00768974 0.0025749 -0.000651367 0.000806614 0.0839426 -0.0119888 0.000237216 0.00731676 0.00906951 0.0806158 
62 0.169458 -0.0362283 0.000215603 0.00019034 -0.0360993 0.160335 0.000302522 -0.0041778 -0.000728324 0.00270078 0.0849847 -0.00491296 -0.000159534 -0.00147238 0.00223971 0.0847946 
63 0.130485 -0.0382854 -0.00160185 -6.30126e-05 -0.037878 0.114788 -0.00322792 -0.00137826 -0.000109973 0.0035837 0.0527792 -0.00889407 -8.54269e-05 -0.00516792 0.012221 0.0479085 
64 0.120153 -0.0366758 0.00109149 -0.000310222 -0.0357391 0.103674 -0.000269858 0.00307019 0.0014218 0.00408799 0.0508788 -0.0236802 -0.00043816 -0.00551308 0.019836 0.0441957 
65 0.102648 -0.0429278 2.39007e-06 -9.5965e-05 -0.0422846 0.0963576 -0.00107711 0.00168698 -0.000732401 0.000702433 0.0375166 -0.0078042 -0.000863249 0.00331621 0.00647764 0.038447 
66 0.114099 -0.0401612 0.00075201 -9.01156e-05 -0.0399038 0.0972276 0.000428149 0.00428441 0.00115854 0.00877196 0.0310994 -0.0104611 0.000443735 0.00174656 0.00925332 0.023393 
67 0.0954628 -0.0394755 -0.00138841 -0.000194079 -0.0382602 0.0810043 -0.0094845 0.000466856 -0.000708955 -0.00103042 0.0232144 -0.00742601 0.000142324 -0.000287059 0.00885875 0.0162874 
68 0.0963833 -0.0457617 -0.000134109 0.000393429 -0.045182 0.0823513 -0.00347353 0.00271038 -0.000198756 0.00116883 0.0109217 -0.0086461 -0.000111431 -0.00892107 0.0136259 0.00567175 
69 0.102279 -0.0444207 0.000661254 -0.000107278 -0.0441376 0.0870843 0.00303984 0.00217278 0.000629011 0.00163502 0.0249672 -0.0111217 -0.000149804 0.00302297 0.00944654 0.0236411 
70 0.117661 -0.0415618 -0.00156474 0.00036561 -0.0414549 0.104347 -0.000283578 0.00184728 5.05209e-05 0.00262506 0.0110482 -0.0195014 -0.000259212 0.00482759 0.0181863 0.0116288 
71 0.10628 -0.0420508 0.000857954 -0.000406759 -0.042108 0.0902134 0.00783778 0.000948915 0.00111964 0.0031204 0.0189776 -0.00694034 2.0554e-06 -0.00323468 0.00842559 0.0169789 
72 0.078153 -0.0427828 0.000445608 -0.000381611 -0.0425056 0.0692928 0.00466179 -0.000660875 8.98078e-05 0.00177517 0.0123234 -0.0102262 0.000497673 0.00197574 0.0102272 0.0118062 
73 0.0910191 -0.0336067 -0.000116927 -0.000352329 -0.0334641 0.0735628 -0.00239403 0.00327101 0.00125465 -0.00329915 0.00403452 -0.00428491 0.000537939 0.00137031 0.00517139 -0.000545939 
74 0.0974653 -0.0341767 7.16273e-05 0.000418217 -0.0345876 0.0848423 0.00199036 0.00074745 0.000656242 -0.0011071 -0.00541309 -0.0249372 0.000206959 -5.21941e-05 0.0238532 -0.00960639 
75 0.0816763 -0.0372852 0.00098504 0.000157825 -0.0376266 0.074195 -0.000636532 0.00203394 -0.000988634 -0.00198127 -0.004113 -0.00913762 -3.3071e-06 0.000438851 0.00736658 -0.00544293 
76 0.0727299 -0.0370853 -0.0010158 -0.000246188 -0.037181 0.0658983 -0.00748778 -0.000288816 0.000503877 -0.00108447 0.00338912 -0.0126042 -0.000140037 0.00184234 0.0139193 0.00356333 
77 0.0696105 -0.035242 0.000942684 0.000116441 -0.0350771 0.054876 -0.00313169 -0.000956707 -0.000398101 -0.00385968 -0.00690145 -0.00656418 7.82119e-05 0.00597184 0.00737403 -0.010944 
78 0.0848979 -0.0317756 0.000521573 2.72945e-05 -0.032061 0.0674499 0.00447089 -0.00536248 -0.00010417 -0.00399934 0.00638337 -0.0122221 0.000327353 0.00556642 0.0149682 0.00276497 
79 0.0662226 -0.0357415 -3.27465e-05 -0.000260044 -0.036046 0.0593114 -0.00215136 0.000186332 -0.000744255 0.00317427 0.00431505 -0.0114192 -0.000121254 0.000222586 0.0110462 0.00401509 
80 0.084145 -0.0388525 -0.000923733 -3.53899e-05 -0.0381122 0.0735711 -0.00236525 0.00324264 -0.000190446 0.00237917 -0.00506783 -0.0169857 -8.81351e-05 0.00280868 0.014549 -0.00699188 
81 0.0761459 -0.032994 0.00133488 -1.64385e-05 -0.0325198 0.0587605 0.00185299 0.00402929 0.000596905 0.000561725 -0.00359384 -0.00780545 -0.000413197 -0.00449947 0.00742515 -0.0134866 
82 0.0831993 -0.027073 0.00027042 0.00058227 -0.0268976 0.0668538 -0.00148647 -0.00073164 -0.00108344 -0.000657026 -0.01239 -0.0164761 -0.00040601 0.000367972 0.0147494 -0.0177913 
83 0.102457 -0.0234875 -0.000252455 0.000144142 -0.0239849 0.0893063 -0.00207432 0.00279815 0.00012881 0.00552605 0.00326039 -0.0342394 -0.000177333 -0.00173506 0.0319437 0.0080315 
84 0.0795179 -0.0273918 -0.000358368 -4.30667e-05 -0.0269878 0.0690446 -0.00220699 -0.00229539 0.000214794 0.001952 0.00183311 -0.0124856 -0.000723566 -0.00222669 0.0104836 0.00125666 
85 0.0907642 -0.0261032 -8.39352e-05 -0.000168826 -0.0271395 0.0757368 -0.000392076 -0.00199561 0.00105706 0.00489539 1.80294e-05 -0.020154 0.000118793 -0.00186324 0.0202354 0.00573834 
86 0.0931952 -0.0282054 -0.00163654 5.08873e-05 -0.0279295 0.0792472 -0.00105389 0.00496602 -8.12256e-05 0.000490163 0.0074498 -0.0269926 7.23546e-06 -0.00479495 0.024919 0.00636808 
87 0.084518 -0.0249972 -0.0014509 3.53905e-05 -0.0252501 0.0745673 -0.0038842 -0.00373059 0.00059748 0.000364009 0.0027238 -0.022696 0.000361935 -0.00301755 0.0218245 0.00322175 
88 0.0820671 -0.0240221 0.00233665 -0.000266686 -0.0247183 0.0727396 -0.00237407 -0.00273482 1.92108e-05 -0.0041404 0.0085265 -0.0161844 -0.000236556 -0.0045013 0.0159677 0.0102248 
89 0.0678792 -0.0261825 0.000462626 9.10407e-05 -0.0260501 0.057531 0.00568348 -0.00111701 -0.000660712 0.0012825 -0.00811535 -0.0202345 6.7929e-05 -0.00475566 0.019 -0.00538041 
90 0.078898 -0.0250795 0.000599897 0.000189772 -0.0245924 0.0643716 0.00152287 0.00475776 -0.00132773 -0.000919153 -0.00736761 -0.0232603 -7.29831e-05 0.000920312 0.0199763 -0.000447341 
91 0.0873935 -0.0229669 0.00108256 0.000310805 -0.0227436 0.0699934 0.00318966 0.00194005 -4.67918e-05 -0.00160622 -0.0035959 -0.0237128 0.000364937 -0.00665358 0.0259531 -0.00924615 
92 0.0740572 -0.0243577 0.00082729 -0.000322389 -0.0239742 0.0621333 0.00380378 -0.00499664 -0.000512948 -0.000230175 -0.00292988 -0.0191725 -0.0002297 -0.00129804 0.0181237 0.000498024 
93 0.0727985 -0.0206101 0.00119799 -0.000377968 -0.020234 0.0657395 0.000985859 -0.00208296 0.000506701 -0.00379159 -0.0112522 -0.0210892 0.000435919 -0.00114176 0.0208008 -0.0107174 
94 0.0783411 -0.0247104 -0.000351894 -4.92462e-05 -0.0245222 0.066235 -0.00510019 0.00395635 5.61035e-05 -0.00477814 -0.00468594 -0.0192015 -3.65106e-05 -0.00371009 0.0174536 -0.00968415 
95 0.0726614 -0.0175215 0.000846157 -0.000201005 -0.0179092 0.0648808 0.00250118 -0.00121754 0.000577127 -0.00427333 -0.00653131 -0.020355 0.00021726 -0.00474026 0.0220656 -0.00497207 
96 0.0671596 -0.0217858 -0.000672919 0.000489547 -0.0211849 0.0564899 0.00475633 -0.00137636 -0.00102699 -0.0049816 -0.0117062 -0.0163032 -0.00051949 0.00301064 0.0179924 -0.0070893 
97 0.066378 -0.0221117 -0.000432954 -0.000400014 -0.0219911 0.057564 0.000350908 0.000125109 0.000850794 0.00336889 -0.00104527 -0.019159 -3.77304e-06 0.00398465 0.0193602 -0.00241386 
98 0.0653471 -0.0196195 -0.00054666 -0.000370773 -0.0194911 0.0558722 -0.00823109 0.00207409 0.000452429 0.0069339 -0.0047552 -0.0161455 0.000281558 0.00245574 0.0149699 -0.0017238 
99 0.0764876 -0.0198267 0.00185236 -2.16145e-05 -0.0202223 0.0671816 0.00725354 -0.00157439 -0.00100086 -0.00124072 -0.0193856 -0.0169354 0.000409649 0.00216596 0.0179993 -0.0201079 
100 0.0596783 -0.0167902 0.00107995 0.000504854 -0.0168737 0.0510008 0.00106513 0.00205468 -0.000436773 -0.00167571 -0.0130331 -0.00583969 0.000436921 -0.00330611 0.00687801 -0.0140729 
101 0.0754743 -0.0171292 0.00137827 -7.86503e-05 -0.0174104 0.0647282 0.00324259 -0.00462761 -2.13952e-05 -0.00441674 -0.0136898 -0.0116613 0.00046027 0.00194551 0.0118774 -0.0127816 
102 0.073209 -0.0163249 0.000280736 0.000243377 -0.0168045 0.0607568 0.00447316 -0.00126707 -0.00197624 -0.00371786 -0.0127954 -0.0204692 -0.000122564 -0.00128025 0.0179794 -0.0068063 
103 0.0896067 -0.0164681 -0.000405556 -2.73853e-05 -0.0169278 0.0737174 -0.00903563 -0.00129186 -0.00169211 -0.0114543 -0.0132172 -0.0322232 5.6493e-05 0.00155779 0.0332244 -0.0168535 
104 0.0662283 -0.0155312 0.000182799 0.000287935 -0.0157521 0.0594001 -0.00355327 -0.00152816 -0.000418366 2.65843e-05 -0.0225267 -0.0148951 5.17116e-05 -0.000567957 0.0147009 -0.0211636 
105 0.0714962 -0.0175045 -0.00107193 -0.000124335 -0.0170863 0.0607682 0.000556752 0.000387078 5.62382e-05 -0.00995824 -0.0144842 -0.0157092 9.56864e-05 0.00111136 0.0152613 -0.0147076 
106 0.0692353 -0.0150029 -0.000187403 0.000149055 -0.0149178 0.0543575 0.0015938 -0.00302605 0.00139286 0.00363873 -0.00863965 -0.0120795 -2.34569e-05 0.00379694 0.00982321 -0.00337859 
107 0.0868755 -0.0121195 0.000811887 -0.000309451 -0.0125385 0.0725773 -0.000809761 -0.00524646 -0.000256049 0.000341737 -0.000160574 -0.02968 2.00624e-05 -0.00111229 0.0289814 0.00738945 
108 0.0924105 -0.0109084 0.0014192 -5.28811e-05 -0.011921 0.0663537 0.00496477 0.00163969 -0.000303366 -0.00491384 -0.0194584 -0.0153809 0.000164797 -0.000824639 0.017703 -0.0319404 
109 0.0831912 -0.0129637 -0.000435994 8.71587e-05 -0.0118476 0.0656337 -0.00266115 -0.00736497 -0.000426362 0.00523059 -0.0155368 -0.0125552 0.000147168 -0.00251526 0.0148605 -0.00426871 
110 0.0830986 -0.0130559 0.000385383 -0.000345255 -0.0130835 0.067317 0.0104416 0.00547021 -0.000689991 0.00943628 -0.0262014 -0.0162912 -0.000476643 0.0021004 0.0141039 -0.0214974 
111 0.0855845 -0.0145995 0.000928481 -0.000221374 -0.0148129 0.0729987 -0.00187484 0.000153702 -0.000433063 0.00309936 -0.000923728 -0.027501 0.000382743 0.00141104 0.0284754 0.00554926 
112 0.0854727 -0.0119346 -0.000649554 6.01099e-05 -0.0125772 0.0715832 -0.00124158 0.00148743 -0.000110437 0.00105476 -0.0125765 -0.0254858 2.90162e-05 6.03079e-05 0.0274636 -0.00941141 
113 0.0891817 -0.0101162 -0.000456658 0.000573909 -0.0107745 0.0800798 -0.000660775 0.00443222 0.000886266 0.00511787 -0.000711712 -0.0221512 5.73428e-05 0.00242433 0.0234513 0.000296247 
114 0.0968221 -0.00919136 -0.000364105 -0.000112857 -0.00857242 0.083565 -0.00528129 0.00100862 0.000149425 0.00423812 0.00471187 -0.0295788 0.000181846 -0.00061005 0.0285397 0.0108832 
115 0.130914 -0.00579929 -0.000941685 7.37807e-05 -0.00536985 0.120213 -0.00938605 0.00182906 -0.000827087 0.000653704 0.016433 -0.0257679 -2.0561e-06 -0.00122737 0.0262464 0.0183702 
116 0.102613 -0.0114709 -0.000172114 0.000312629 -0.0117734 0.0922696 0.00690796 -0.00313125 0.000459951 0.0002425 0.000553573 -0.0178236 -0.000111082 0.000205076 0.0168242 0.00275572 
117 0.128359 -0.0108552 -0.00120665 -2.783e-05 -0.0113235 0.111563 0.00651735 0.00160219 -1.98284e-05 0.00686471 0.0237905 -0.0299996 -0.000830337 0.00237313 0.0260034 0.0250091 
118 0.147321 -0.0103699 -0.00153312 -0.00049212 -0.0115787 0.124882 -0.0076629 -0.0126384 -0.000812424 -0.00741217 0.0386747 -0.019728 0.000116771 -0.00550123 0.0227488 0.0404577 
119 0.1786 -0.0103977 -0.00102415 0.000498735 -0.00898111 0.158716 0.00461385 0.00608802 0.00141187 0.000101353 0.0643318 -0.0469865 -2.49772e-06 -0.000476544 0.0503202 0.0737063 
120 0.176233 -0.00890786 0.00035392 -0.000233001 -0.0100419 0.157012 0.0209545 0.00477968 -0.00153285 -0.0103101 0.055571 -0.0389817 -0.000239993 -0.0015639 0.0360133 0.0674474 
121 0.152663 -0.0206354 0.00167513 -0.000884126 -0.019954 0.136694 0.0073797 -0.00114766 0.000647558 0.00380848 0.0593485 -0.0235795 0.000367366 0.000790055 0.0256956 0.0658153 
122 0.185408 -0.0215482 -0.000610958 -0.000480939 -0.0215557 0.169213 0.000349102 -0.00235938 -0.00132267 -0.00690076 0.0756248 -0.0334976 0.00076574 -0.000472867 0.035591 0.0799333 
123 0.146171 -0.0309778 0.000103563 -0.000344197 -0.0313264 0.13438 0.00349328 0.00264177 -0.000216439 -0.0028999 0.0470522 -0.0200957 -0.000104911 0.00209147 0.0201464 0.051171 
124 0.185879 -0.0349265 0.00142648 -0.000449287 -0.0361286 0.166179 -0.00609919 0.0014183 0.00304599 0.00288188 0.0703065 -0.0335503 0.000125772 0.00288457 0.0313418 0.0863473 
125 0.220884 -0.0381796 -0.000336608 -1.76052e-05 -0.0378713 0.202197 -0.00160513 -0.00436959 0.00198609 0.00189543 0.108207 -0.0326249 0.00020126 -0.00726676 0.033189 0.112936 
126 0.209545 -0.0403596 0.00057441 4.09835e-07 -0.039305 0.187513 9.98418e-05 -0.00116872 0.00125742 0.00207861 0.0916965 -0.0261348 -0.000181681 -0.00696065 0.0303909 0.100573 
127 0.18704 -0.0583203 0.00230063 -0.000311122 -0.0575139 0.172687 0.00424999 -0.00274282 -0.00261842 -0.00227679 0.0594299 -0.0186156 -0.000283959 -0.00199533 0.0193132 0.0660068 
128 0.281961 -0.0542818 -0.000640056 0.000138323 -0.0532531 0.258474 0.00257828 -0.00632827 -0.00077827 -0.0130408 0.13055 -0.0486175 0.00052472 0.0017391 0.046915 0.139573 
129 0.244562 -0.0680428 0.00125096 0.00012134 -0.0678924 0.217341 -0.00400796 -0.0012643 0.000399867 0.0115335 0.0807179 -0.0255563 0.000160865 0.00241962 0.0251044 0.0970159 
130 0.212411 -0.0758089 0.00054831 0.000322757 -0.0756098 0.192342 0.00727357 -0.00250109 -0.000359385 -0.00738853 0.075893 -0.0196518 -3.5832e-05 -0.00220297 0.0211585 0.0890418 
131 0.252288 -0.0820576 0.000301634 -0.000514444 -0.0814922 0.222086 -0.00142474 -0.00451775 -0.00115035 0.000887856 0.0811509 -0.0237769 0.000144112 -0.00104974 0.0273173 0.0989007 
132 0.223079 -0.0917852 0.0010719 -0.000183849 -0.0921033 0.202802 -0.000747126 -0.0074881 0.000383794 -0.0019122 0.0569496 -0.0204665 -0.000370668 -0.00270854 0.0202995 0.0706981 
133 0.231554 -0.0883138 0.002046 0.000149629 -0.0881085 0.211948 -0.0054026 0.00451738 -0.00114465 0.00223479 0.0448784 -0.0153837 0.000135564 0.00287492 0.0158637 0.0545453 
134 0.253786 -0.0879392 -0.000843993 -0.000204236 -0.0880976 0.226934 0.00026588 0.00396875 0.00405434 0.0074594 0.0180715 -0.0194589 0.000255791 0.00188452 0.0212554 0.0283273 
135 0.241303 -0.105404 -0.00191858 4.71086e-05 -0.105825 0.215087 -0.00249047 0.0037005 0.00136642 4.32634e-05 0.0376113 -0.026309 0.000295311 0.00714518 0.0246555 0.0569907 
136 0.230259 -0.105763 -0.000320093 -0.000441341 -0.105645 0.207492 0.00855808 -0.000294371 -0.000490762 -0.00658389 0.011232 -0.0227422 -0.00026078 -0.00326682 0.0217874 0.0239975 
137 0.218522 -0.111196 -0.000603579 0.000150579 -0.110884 0.196892 0.00870617 -0.00211167 -0.000917047 0.00111373 0.000181491 -0.0106371 -3.69238e-05 -0.00126308 0.0130502 0.0117473 
138 0.249487 -0.111971 -0.00293083 0.000392905 -0.112965 0.208847 -0.00308856 -0.0123357 0.00382387 0.0119165 -0.0160638 -0.0204551 -0.000276387 -0.00996707 0.0196274 0.00975871 
139 0.222663 -0.122413 -0.00257019 0.000132251 -0.121237 0.187592 -0.00704302 0.000842351 0.000198742 -0.00458295 -0.0234181 0.00044854 7.95842e-05 -0.00435201 0.00671589 -0.00304252 
140 0.227264 -0.108929 -0.00106371 -0.000124628 -0.110836 0.196657 -0.00412048 -0.00120277 0.00168346 0.00283115 -0.0264384 -0.017846 -2.43097e-05 0.000838788 0.0166013 -0.00932659 
141 0.209742 -0.117697 -0.00127753 0.000427171 -0.119108 0.188679 0.00806824 -0.00068096 0.000874068 -0.00599577 -0.0407752 -0.0116941 -0.000415202 -0.00093115 0.00887738 -0.0267166 
142 0.192806 -0.107329 -0.00131606 0.000417045 -0.107585 0.167511 0.00419136 0.00204496 0.00316762 -0.00081003 -0.0521144 -0.00863817 9.22982e-05 0.00377432 0.00744939 -0.0343104 
143 0.224894 -0.100594 0.00352087 7.52592e-05 -0.0998615 0.190242 0.0147037 0.00517884 -0.00169914 -0.0116164 -0.0570484 -0.00707685 0.000734919 0.00128991 0.00617289 -0.0321227 
144 0.218309 -0.0932951 -0.0010144 -0.000106053 -0.0924547 0.187846 0.00605356 0.0043858 -0.00037414 -0.019031 -0.0662814 -0.00891301 0.000261073 0.00156014 0.00204759 -0.0556562 
145 0.231734 -0.0895847 0.00249723 -0.000675752 -0.0887 0.190158 0.00766336 -0.00468391 -0.00191061 -0.000396178 -0.0860659 -0.0120366 -0.00020546 0.00138409 0.0198645 -0.0610739 
146 0.2511 -0.0832684 0.00322954 -0.000385386 -0.0826627 0.195899 0.0272959 -0.00706112 -0.000157856 0.00964429 -0.0999406 -0.0252678 0.00026959 -0.011268 0.0238049 -0.0720797 
147 0.276921 -0.0759631 0.000620794 0.000456799 -0.0755599 0.222951 0.00773873 -0.00737375 -0.000601317 -0.00367338 -0.101903 -0.0195094 8.82606e-05 0.0110787 0.0226547 -0.0639359 
148 0.244649 -0.0703555 0.00151818 -0.00023586 -0.0695642 0.182803 -0.00913786 -0.00934001 -0.0025498 -0.0155181 -0.104646 -0.0316997 -0.000128459 -0.00387248 0.0243458 -0.0724562 
149 0.232718 -0.0665968 -0.0025488 -1.35378e-05 -0.0648388 0.189441 0.0111892 -0.0085357 0.00188934 0.000222964 -0.0869314 -0.0160579 9.5054e-05 0.00619845 0.0229252 -0.0635519 
150 0.231357 -0.0560884 -0.00126891 0.000713957 -0.0567141 0.181975 -0.00891406 -0.00648217 2.09656e-05 -0.0019291 -0.0929147 -0.0132344 -0.00067628 0.00272791 0.0153012 -0.063858 
151 0.253707 -0.05194 -0.000171428 0.000119957 -0.0497752 0.179401 -0.00651616 0.00850154 0.00353849 0.0126525 -0.107601 -0.0252753 -1.47866e-05 -0.00210632 0.0253891 -0.06339 
152 0.2345 -0.0454398 -0.00174874 0.000272595 -0.0456435 0.182467 -0.0057695 0.00401105 0.000235701 -0.0032767 -0.104899 -0.0142268 -9.44701e-05 0.00621272 0.0159397 -0.0741231 
153 0.262262 -0.0377069 0.000931211 7.54298e-05 -0.0391791 0.184555 0.0202629 -0.00899947 0.000633754 -0.0149544 -0.101357 -0.0227548 -0.000245917 -0.000153428 0.0321846 -0.0428332 
154 0.249843 -0.0396712 -0.00416431 -0.00128921 -0.038494 0.175463 -0.00231053 0.003795 0.00469212 -0.00431314 -0.121833 -0.0349015 0.000166048 0.00671491 0.0301151 -0.0617632 
155 0.221922 -0.0403933 -0.00165387 0.000240106 -0.0375357 0.162615 -0.0152041 0.000212255 -0.0013632 0.0183798 -0.0937992 -0.0208469 -0.000866861 -0.00186292 0.0217153 -0.0404312 
156 0.256278 -0.0278448 0.00180103 -0.00120952 -0.0247102 0.181638 0.0074489 -0.0236045 0.00188382 -0.0228408 -0.100954 -0.0234517 -0.000299421 -0.0174083 0.0234029 -0.0452703 
157 0.313998 -0.0195141 0.00371093 -0.00140365 -0.0186258 0.190957 0.0119176 -0.0067285 -0.00610261 -0.0038352 -0.110086 -0.0329598 0.000379468 -0.0185612 0.0357888 -0.0281349 
158 0.265403 -0.0214719 0.00277883 0.00133998 -0.0218435 0.16606 -0.0162874 -0.00997697 -0.0075071 -0.00831154 -0.126612 -0.0211637 9.49847e-06 -0.000312605 0.0239544 -0.0568142 
159 0.317282 -0.0242594 0.00036366 1.2499e-05 -0.0213902 0.191665 -0.017015 0.00320446 0.001765 -0.00670644 -0.135087 -0.0383957 -0.000758715 0.0126174 0.0360173 -0.0350402 
160 0.335319 -0.0109472 0.00864329 -0.000391953 -0.0102929 0.172339 0.0393004 0.00749035 -0.00632549 -0.0428371 -0.120186 -0.042758 -0.00015467 0.00465713 0.0470168 0.0201349 
161 0.417161 -0.0109291 -0.0076161 0.000305958 -0.0149652 0.168528 0.0060007 0.00524647 0.0104974 -0.00292102 -0.14547 -0.0396214 0.000452727 0.00962313 0.0490289 0.0867357 
162 0.372516 0.00490073 -0.000543561 -0.000694387 0.00290827 0.179331 -0.0146154 0.00580526 0.000366208 0.00479301 -0.101486 -0.0817712 -0.0008183 -0.00487879 0.076293 0.0737172 
163 0.34081 0.00811801 -0.00614329 -0.000341895 0.00716103 0.156455 0.00525272 -0.0101867 0.00648938 -0.00610891 -0.105418 -0.0662588 0.00214441 0.000199897 0.0704 0.0609733 
164 0.362482 -0.00588453 0.00334176 -0.000367426 -0.00696728 0.173968 0.0149244 -0.00208097 0.00196209 -0.0126693 -0.133538 -0.0629656 0.00204988 -0.00649566 0.0672161 0.0398043 
165 0.368485 0.00492913 0.00588059 0.00043418 0.0056067 0.177859 -0.0273054 -0.0138131 -0.00735208 -0.0193289 -0.128689 -0.0363973 0.000925979 -0.0162834 0.033449 0.0332974 
166 0.499237 -0.00343769 -0.0175356 0.00114721 -0.00664024 0.248859 -0.0172593 0.0227599 0.0122354 0.0332892 -0.193139 -0.0700263 5.48154e-05 0.00863933 0.0793624 0.0197306 
167 0.406256 0.00370709 0.00205188 0.000496336 0.00688631 0.143794 -0.0339504 -0.00787236 -0.002749 0.0387557 -0.177837 -0.0615491 -0.00228463 -0.00361178 0.0651137 0.064592 
168 0.467433 -0.00782554 0.000693677 -0.000433204 -0.00558862 0.172137 0.00796467 -0.0219714 -0.00440637 -0.0251219 -0.1873 -0.066047 -0.00119728 -0.0124739 0.0744537 0.0882354 
169 0.450331 0.006359 -8.51757e-05 -0.00112731 0.00451714 0.23268 0.0529953 -0.0190296 0.00056719 -0.0466835 -0.0205588 -0.0939049 0.00075421 -0.0198542 0.0953743 0.191115 
170 0.440696 0.0122841 0.00215259 0.000227985 0.0140928 0.237788 0.0336623 -0.0069393 -0.00537895 -0.0228447 -0.131784 -0.0366142 0.000808144 -0.0157879 0.0477748 0.0556423 
171 0.577372 -0.0011436 0.00811212 0.0014872 -0.000433931 0.156593 -0.0856455 -0.0474606 -0.0130145 0.117744 -0.217538 -0.0144489 0.000808068 -0.0419094 0.00969842 0.175894 
172 0.618935 0.0303887 -0.0186127 -0.000599444 0.0290214 0.124443 -0.0426579 0.0311432 0.0102852 0.0408563 -0.297089 -0.103247 -0.000367387 0.0231704 0.115235 0.181307 
173 0.71777 0.00929957 0.00476581 -0.0016949 0.0097343 0.28476 0.0492813 -0.0163071 0.00110726 0.012645 -0.148956 -0.0704765 -0.000345739 -0.0484006 0.0697163 0.241495 
174 0.588745 0.00772711 0.00925344 8.51611e-05 0.00620835 0.112285 0.00487475 0.032365 -0.00240908 -0.00167082 -0.238866 0.00574053 -0.00150745 0.0255155 0.00901693 0.215362 
175 0.675373 0.0208738 -0.0114069 -0.00127343 0.0191662 0.258406 0.011001 0.0273226 0.00989227 0.0373865 -0.139931 -0.0587263 0.00552581 0.0197524 0.0641409 0.255174 
176 0.95485 0.000414857 0.00418873 0.00539177 -0.00443574 0.475253 -0.00108897 0.0245704 -0.0103414 0.111858 -0.0284927 0.00693081 -0.00598979 0.0387565 -0.0402069 0.358252 
177 0.895887 0.0279267 -0.00285187 0.00646547 0.0357675 0.1241 -0.0969782 0.122837 0.00214064 -0.0795439 -0.39385 -0.0906172 0.00224897 0.154827 0.144183 0.261586 
178 0.921534 0.0195556 -0.0255883 0.00205661 0.0121318 0.0469723 0.116483 0.115969 0.0220214 -0.073497 -0.631655 -0.044755 -0.00280442 0.085812 -0.023588 0.144623 
179 1.31792 -0.00110195 0.0488245 -0.0054891 -0.0104356 0.470842 -0.324458 -0.196482 -0.0513556 0.260515 -0.0167235 0.156685 0.000803918 -0.203749 -0.143096 0.808478 
180 0.114871 0.00182029 2.59723e-05 0.00010066 0.00142741 0.113749 -0.000314465 0.00026698 0.000455716 0.000973069 -0.113617 -0.000121587 2.8175e-05 0.000142253 0.000227992 -0.112613 
