0 17.1857 -0.00376028 17.1516 17.1837 -0.00391615 17.1518 
1 21.3399 0.00310193 20.8844 21.2828 -0.0400836 20.854 
2 19.3631 0.0169993 19.1921 19.1387 -0.111425 19.0222 
3 17.4811 -0.00890393 17.3605 17.4042 -0.0381858 17.2993 
4 17.1121 -0.0403547 16.983 17.0014 0.0737987 16.9051 
5 15.7794 -0.00287242 15.5816 15.636 0.0412663 15.4622 
6 17.3647 -0.0212533 17.2383 17.2177 -0.0180995 17.1176 
7 16.4602 0.00619971 16.2654 16.2453 0.0279109 16.1072 
8 14.8838 0.0190581 14.6969 14.7413 0.0348181 14.591 
9 15.6077 -0.00118216 15.4592 15.5179 -0.00328052 15.3866 
10 15.1748 0.0318603 15.0915 15.0729 -0.0278535 15.017 
11 13.8603 0.0475902 13.714 13.6824 -0.049309 13.5667 
12 12.5344 0.0189192 12.4023 12.396 -0.0248369 12.3001 
13 13.5998 0.0600229 13.4578 13.444 -0.0088266 13.3334 
14 12.7892 0.081114 12.6632 12.6491 -0.00822469 12.5633 
15 11.7206 0.0865698 11.6509 11.5997 -0.0313061 11.5466 
16 11.2675 0.111088 11.1181 11.1246 -0.0407555 11.0226 
17 10.7192 0.120862 10.6049 10.6068 -0.00750498 10.5403 
18 10.0039 0.141297 9.9172 9.92259 -0.0108613 9.85001 
19 9.66013 0.155742 9.57326 9.57052 -0.0314163 9.51173 
20 8.85212 0.163146 8.78227 8.72502 -0.0441195 8.67617 
21 8.41037 0.157223 8.31115 8.28943 -0.027673 8.20728 
22 7.73482 0.181285 7.68541 7.62054 -0.0475986 7.59553 
23 7.69256 0.183337 7.64256 7.58478 -0.0285149 7.55156 
24 6.79032 0.18844 6.7173 6.69848 -0.00912237 6.64632 
25 6.64223 0.196113 6.53222 6.48459 -0.0655878 6.42103 
26 6.06326 0.198433 5.98418 5.94961 -0.0424315 5.88925 
27 5.64658 0.207669 5.58707 5.53311 -0.0187681 5.49659 
28 5.03997 0.190708 5.00195 4.94922 -0.0333724 4.92647 
29 5.09272 0.198915 5.03933 4.98613 -0.044626 4.96463 
30 4.46764 0.207105 4.42854 4.34743 -0.0175868 4.32402 
31 4.04458 0.194534 3.99953 3.93987 -0.0354537 3.9118 
32 4.02764 0.210072 3.98406 3.90797 -0.0293853 3.89285 
33 3.82711 0.206305 3.79241 3.7229 -0.0197282 3.70153 
34 3.38248 0.19973 3.35012 3.26497 -0.0364484 3.24767 
35 2.95144 0.17909 2.92686 2.83958 -0.0295752 2.829 
36 2.97398 0.18052 2.91017 2.84235 -0.0357232 2.80223 
37 2.82211 0.205167 2.77926 2.70963 -0.0250747 2.68211 
38 2.5138 0.179147 2.48582 2.39108 -0.0209187 2.3725 
39 2.35865 0.178362 2.34065 2.26095 -0.0299852 2.2539 
40 2.10289 0.150116 2.06022 1.98118 -0.02245 1.96468 
41 1.89261 0.154581 1.86431 1.78174 -0.0299428 1.76168 
42 1.70161 0.140744 1.66841 1.58856 -0.0401965 1.5672 
43 1.60567 0.141438 1.57 1.48024 -0.0294937 1.45872 
44 1.41762 0.111731 1.38048 1.28728 -0.0424723 1.27043 
45 1.35922 0.12519 1.32658 1.26957 -0.0114645 1.24624 
46 1.12149 0.0869495 1.09912 1.00004 -0.0330953 0.988195 
47 1.0135 0.0975047 0.990762 0.890641 -0.0319764 0.883602 
48 0.895226 0.0591841 0.872393 0.771232 -0.0380905 0.760365 
49 0.883773 0.0840695 0.866977 0.808662 -0.0211847 0.801046 
50 0.726821 0.0531353 0.705268 0.634325 -0.0177253 0.618597 
51 0.645275 0.0483894 0.633611 0.548898 -0.0184823 0.547853 
52 0.608084 0.0434968 0.596994 0.532524 -0.00714783 0.530247 
53 0.565715 0.0359949 0.543824 0.459941 -0.0229218 0.455389 
54 0.450714 0.0145279 0.434442 0.359574 -0.0190936 0.350088 
55 0.370347 0.00803518 0.361516 0.302299 -0.00753529 0.303265 
56 0.31178 -0.00543414 0.296421 0.218395 -0.0314107 0.211598 
57 0.314033 -0.00468349 0.292448 0.223471 -0.015299 0.209938 
58 0.249047 -0.00424443 0.238686 0.182535 -0.013081 0.177622 
59 0.220229 -0.0225785 0.204096 0.125611 -0.0123832 0.116091 
60 0.198345 -0.0212826 0.187189 0.115665 -0.0238997 0.112015 
61 0.151744 -0.0351826 0.140625 0.0839426 -0.0119888 0.0806158 
62 0.169458 -0.0362283 0.160335 0.0849847 -0.00491296 0.0847946 
63 0.130485 -0.0382854 0.114788 0.0527792 -0.00889407 0.0479085 
64 0.120153 -0.0366758 0.103674 0.0508788 -0.0236802 0.0441957 
65 0.102648 -0.0429278 0.0963576 0.0375166 -0.0078042 0.038447 
66 0.114099 -0.0401612 0.0972276 0.0310994 -0.0104611 0.023393 
67 0.0954628 -0.0394755 0.0810043 0.0232144 -0.00742601 0.0162874 
68 0.0963833 -0.0457617 0.0823513 0.0109217 -0.0086461 0.00567175 
69 0.102279 -0.0444207 0.0870843 0.0249672 -0.0111217 0.0236411 
70 0.117661 -0.0415618 0.104347 0.0110482 -0.0195014 0.0116288 
71 0.10628 -0.0420508 0.0902134 0.0189776 -0.00694034 0.0169789 
72 0.078153 -0.0427828 0.0692928 0.0123234 -0.0102262 0.0118062 
73 0.0910191 -0.0336067 0.0735628 0.00403452 -0.00428491 -0.000545939 
74 0.0974653 -0.0341767 0.0848423 -0.00541309 -0.0249372 -0.00960639 
75 0.0816763 -0.0372852 0.074195 -0.004113 -0.00913762 -0.00544293 
76 0.0727299 -0.0370853 0.0658983 0.00338912 -0.0126042 0.00356333 
77 0.0696105 -0.035242 0.054876 -0.00690145 -0.00656418 -0.010944 
78 0.0848979 -0.0317756 0.0674499 0.00638337 -0.0122221 0.00276497 
79 0.0662226 -0.0357415 0.0593114 0.00431505 -0.0114192 0.00401509 
80 0.084145 -0.0388525 0.0735711 -0.00506783 -0.0169857 -0.00699188 
81 0.0761459 -0.032994 0.0587605 -0.00359384 -0.00780545 -0.0134866 
82 0.0831993 -0.027073 0.0668538 -0.01239 -0.0164761 -0.0177913 
83 0.102457 -0.0234875 0.0893063 0.00326039 -0.0342394 0.0080315 
84 0.0795179 -0.0273918 0.0690446 0.00183311 -0.0124856 0.00125666 
85 0.0907642 -0.0261032 0.0757368 1.80294e-05 -0.020154 0.00573834 
86 0.0931952 -0.0282054 0.0792472 0.0074498 -0.0269926 0.00636808 
87 0.084518 -0.0249972 0.0745673 0.0027238 -0.022696 0.00322175 
88 0.0820671 -0.0240221 0.0727396 0.0085265 -0.0161844 0.0102248 
89 0.0678792 -0.0261825 0.057531 -0.00811535 -0.0202345 -0.00538041 
90 0.078898 -0.0250795 0.0643716 -0.00736761 -0.0232603 -0.000447341 
91 0.0873935 -0.0229669 0.0699934 -0.0035959 -0.0237128 -0.00924615 
92 0.0740572 -0.0243577 0.0621333 -0.00292988 -0.0191725 0.000498024 
93 0.0727985 -0.0206101 0.0657395 -0.0112522 -0.0210892 -0.0107174 
94 0.0783411 -0.0247104 0.066235 -0.00468594 -0.0192015 -0.00968415 
95 0.0726614 -0.0175215 0.0648808 -0.00653131 -0.020355 -0.00497207 
96 0.0671596 -0.0217858 0.0564899 -0.0117062 -0.0163032 -0.0070893 
97 0.066378 -0.0221117 0.057564 -0.00104527 -0.019159 -0.00241386 
98 0.0653471 -0.0196195 0.0558722 -0.0047552 -0.0161455 -0.0017238 
99 0.0764876 -0.0198267 0.0671816 -0.0193856 -0.0169354 -0.0201079 
100 0.0596783 -0.0167902 0.0510008 -0.0130331 -0.00583969 -0.0140729 
101 0.0754743 -0.0171292 0.0647282 -0.0136898 -0.0116613 -0.0127816 
102 0.073209 -0.0163249 0.0607568 -0.0127954 -0.0204692 -0.0068063 
103 0.0896067 -0.0164681 0.0737174 -0.0132172 -0.0322232 -0.0168535 
104 0.0662283 -0.0155312 0.0594001 -0.0225267 -0.0148951 -0.0211636 
105 0.0714962 -0.0175045 0.0607682 -0.0144842 -0.0157092 -0.0147076 
106 0.0692353 -0.0150029 0.0543575 -0.00863965 -0.0120795 -0.00337859 
107 0.0868755 -0.0121195 0.0725773 -0.000160574 -0.02968 0.00738945 
108 0.0924105 -0.0109084 0.0663537 -0.0194584 -0.0153809 -0.0319404 
109 0.0831912 -0.0129637 0.0656337 -0.0155368 -0.0125552 -0.00426871 
110 0.0830986 -0.0130559 0.067317 -0.0262014 -0.0162912 -0.0214974 
111 0.0855845 -0.0145995 0.0729987 -0.000923728 -0.027501 0.00554926 
112 0.0854727 -0.0119346 0.0715832 -0.0125765 -0.0254858 -0.00941141 
113 0.0891817 -0.0101162 0.0800798 -0.000711712 -0.0221512 0.000296247 
114 0.0968221 -0.00919136 0.083565 0.00471187 -0.0295788 0.0108832 
115 0.130914 -0.00579929 0.120213 0.016433 -0.0257679 0.0183702 
116 0.102613 -0.0114709 0.0922696 0.000553573 -0.0178236 0.00275572 
117 0.128359 -0.0108552 0.111563 0.0237905 -0.0299996 0.0250091 
118 0.147321 -0.0103699 0.124882 0.0386747 -0.019728 0.0404577 
119 0.1786 -0.0103977 0.158716 0.0643318 -0.0469865 0.0737063 
120 0.176233 -0.00890786 0.157012 0.055571 -0.0389817 0.0674474 
121 0.152663 -0.0206354 0.136694 0.0593485 -0.0235795 0.0658153 
122 0.185408 -0.0215482 0.169213 0.0756248 -0.0334976 0.0799333 
123 0.146171 -0.0309778 0.13438 0.0470522 -0.0200957 0.051171 
124 0.185879 -0.0349265 0.166179 0.0703065 -0.0335503 0.0863473 
125 0.220884 -0.0381796 0.202197 0.108207 -0.0326249 0.112936 
126 0.209545 -0.0403596 0.187513 0.0916965 -0.0261348 0.100573 
127 0.18704 -0.0583203 0.172687 0.0594299 -0.0186156 0.0660068 
128 0.281961 -0.0542818 0.258474 0.13055 -0.0486175 0.139573 
129 0.244562 -0.0680428 0.217341 0.0807179 -0.0255563 0.0970159 
130 0.212411 -0.0758089 0.192342 0.075893 -0.0196518 0.0890418 
131 0.252288 -0.0820576 0.222086 0.0811509 -0.0237769 0.0989007 
132 0.223079 -0.0917852 0.202802 0.0569496 -0.0204665 0.0706981 
133 0.231554 -0.0883138 0.211948 0.0448784 -0.0153837 0.0545453 
134 0.253786 -0.0879392 0.226934 0.0180715 -0.0194589 0.0283273 
135 0.241303 -0.105404 0.215087 0.0376113 -0.026309 0.0569907 
136 0.230259 -0.105763 0.207492 0.011232 -0.0227422 0.0239975 
137 0.218522 -0.111196 0.196892 0.000181491 -0.0106371 0.0117473 
138 0.249487 -0.111971 0.208847 -0.0160638 -0.0204551 0.00975871 
139 0.222663 -0.122413 0.187592 -0.0234181 0.00044854 -0.00304252 
140 0.227264 -0.108929 0.196657 -0.0264384 -0.017846 -0.00932659 
141 0.209742 -0.117697 0.188679 -0.0407752 -0.0116941 -0.0267166 
142 0.192806 -0.107329 0.167511 -0.0521144 -0.00863817 -0.0343104 
143 0.224894 -0.100594 0.190242 -0.0570484 -0.00707685 -0.0321227 
144 0.218309 -0.0932951 0.187846 -0.0662814 -0.00891301 -0.0556562 
145 0.231734 -0.0895847 0.190158 -0.0860659 -0.0120366 -0.0610739 
146 0.2511 -0.0832684 0.195899 -0.0999406 -0.0252678 -0.0720797 
147 0.276921 -0.0759631 0.222951 -0.101903 -0.0195094 -0.0639359 
148 0.244649 -0.0703555 0.182803 -0.104646 -0.0316997 -0.0724562 
149 0.232718 -0.0665968 0.189441 -0.0869314 -0.0160579 -0.0635519 
150 0.231357 -0.0560884 0.181975 -0.0929147 -0.0132344 -0.063858 
151 0.253707 -0.05194 0.179401 -0.107601 -0.0252753 -0.06339 
152 0.2345 -0.0454398 0.182467 -0.104899 -0.0142268 -0.0741231 
153 0.262262 -0.0377069 0.184555 -0.101357 -0.0227548 -0.0428332 
154 0.249843 -0.0396712 0.175463 -0.121833 -0.0349015 -0.0617632 
155 0.221922 -0.0403933 0.162615 -0.0937992 -0.0208469 -0.0404312 
156 0.256278 -0.0278448 0.181638 -0.100954 -0.0234517 -0.0452703 
157 0.313998 -0.0195141 0.190957 -0.110086 -0.0329598 -0.0281349 
158 0.265403 -0.0214719 0.16606 -0.126612 -0.0211637 -0.0568142 
159 0.317282 -0.0242594 0.191665 -0.135087 -0.0383957 -0.0350402 
160 0.335319 -0.0109472 0.172339 -0.120186 -0.042758 0.0201349 
161 0.417161 -0.0109291 0.168528 -0.14547 -0.0396214 0.0867357 
162 0.372516 0.00490073 0.179331 -0.101486 -0.0817712 0.0737172 
163 0.34081 0.00811801 0.156455 -0.105418 -0.0662588 0.0609733 
164 0.362482 -0.00588453 0.173968 -0.133538 -0.0629656 0.0398043 
165 0.368485 0.00492913 0.177859 -0.128689 -0.0363973 0.0332974 
166 0.499237 -0.00343769 0.248859 -0.193139 -0.0700263 0.0197306 
167 0.406256 0.00370709 0.143794 -0.177837 -0.0615491 0.064592 
168 0.467433 -0.00782554 0.172137 -0.1873 -0.066047 0.0882354 
169 0.450331 0.006359 0.23268 -0.0205588 -0.0939049 0.191115 
170 0.440696 0.0122841 0.237788 -0.131784 -0.0366142 0.0556423 
171 0.577372 -0.0011436 0.156593 -0.217538 -0.0144489 0.175894 
172 0.618935 0.0303887 0.124443 -0.297089 -0.103247 0.181307 
173 0.71777 0.00929957 0.28476 -0.148956 -0.0704765 0.241495 
174 0.588745 0.00772711 0.112285 -0.238866 0.00574053 0.215362 
175 0.675373 0.0208738 0.258406 -0.139931 -0.0587263 0.255174 
176 0.95485 0.000414857 0.475253 -0.0284927 0.00693081 0.358252 
177 0.895887 0.0279267 0.1241 -0.39385 -0.0906172 0.261586 
178 0.921534 0.0195556 0.0469723 -0.631655 -0.044755 0.144623 
179 1.31792 -0.00110195 0.470842 -0.0167235 0.156685 0.808478 
180 0.114871 0.00182029 0.113749 -0.113617 -0.000121587 -0.112613 
