0 0 0 0 0 0 0 0 0 0 0 0 0 0 0 0 0 
1 0.97425 -0.0367796 1.24202e-17 0 -0.0367796 0.97425 2.12918e-16 -1.37705e-16 2.68353e-17 -1.84529e-16 0.972411 -0.047023 -4.00152e-18 1.29525e-16 0.047023 0.972411 
2 1.1874 -0.0687436 1.5084e-17 0 -0.0687436 1.1874 -2.83934e-17 -5.81901e-17 1.2607e-17 1.41967e-17 1.1821 -0.0878866 -2.35515e-18 5.94487e-17 0.0878866 1.1821 
3 0.926621 -0.0722911 1.56204e-16 0 -0.0722911 0.926621 -7.5735e-17 -2.24138e-16 1.43539e-16 4.73344e-18 0.919042 -0.0924177 -3.28489e-18 2.26022e-16 0.0924177 0.919042 
4 1.22858 -0.132649 -3.08596e-06 -4.3375e-05 -0.132649 1.22858 -3.79558e-06 2.90878e-06 2.93874e-06 3.8166e-06 1.20945 -0.169496 -4.33763e-05 2.7427e-06 0.169496 1.20945 
5 1.80972 -0.250404 4.36904e-17 0 -0.250404 1.80972 3.49079e-17 -6.65607e-17 5.44051e-17 -6.28875e-17 1.76334 -0.320052 6.1303e-19 5.83547e-17 0.320052 1.76334 
6 1.73942 -0.287878 -2.62257e-06 -2.5402e-05 -0.287878 1.73942 -2.17069e-06 2.46013e-06 2.69538e-06 2.15638e-06 1.67541 -0.367755 -2.54e-05 2.53012e-06 0.367755 1.67541 
7 1.97261 -0.37385 -3.17828e-06 -2.71897e-05 -0.37385 1.97261 -2.33015e-06 2.97989e-06 3.4304e-06 2.27261e-06 1.87686 -0.477548 -2.71818e-05 3.22218e-06 0.477548 1.87686 
8 2.17298 -0.464785 4.65897e-06 3.73788e-05 -0.464785 2.17298 3.33503e-06 -4.3278e-06 -5.5231e-06 -3.10401e-06 2.0378 -0.593698 3.73562e-05 -5.22689e-06 0.593698 2.0378 
9 1.91998 -0.459586 -1.25203e-16 0 -0.459586 1.91998 7.8388e-17 1.55074e-16 -1.14013e-16 2.45457e-17 1.76916 -0.587039 2.19725e-18 -1.55489e-16 0.587039 1.76916 
10 1.49614 -0.393801 6.46573e-06 3.56069e-05 -0.393801 1.49614 2.87698e-06 -6.10235e-06 -5.51906e-06 -3.18407e-06 1.35285 -0.502781 3.56415e-05 -5.14788e-06 0.502781 1.35285 
11 1.58924 -0.45706 8.47169e-06 4.95992e-05 -0.45706 1.58924 4.03882e-06 -7.9459e-06 -9.21703e-06 -3.78966e-06 1.40573 -0.583279 4.95658e-05 -8.65787e-06 0.583279 1.40573 
12 1.98534 -0.615043 8.40961e-05 0.000472071 -0.615043 1.98534 3.62728e-05 -8.3384e-05 -9.84718e-05 -3.30563e-05 1.71741 -0.783107 0.000469716 -8.76564e-05 0.783107 1.71741 
13 1.73578 -0.576513 4.66595e-05 0.000213816 -0.576513 1.73578 1.47916e-05 -4.38871e-05 -4.43105e-05 -1.57765e-05 1.46291 -0.734833 0.0002139 -4.1446e-05 0.734833 1.46291 
14 1.76714 -0.626623 -4.72163e-05 -0.000198551 -0.626623 1.76714 -1.26226e-05 4.43458e-05 4.49895e-05 1.36227e-05 1.4462 -0.798833 -0.000198645 4.20986e-05 0.798833 1.4462 
15 1.5025 -0.56436 3.39607e-05 0.000127268 -0.56436 1.50249 5.47793e-06 -3.21116e-05 -2.49728e-05 -9.76853e-06 1.19278 -0.718241 0.000127682 -2.30758e-05 0.718241 1.19278 
16 1.42097 -0.560932 5.23367e-05 0.000203314 -0.560932 1.42097 1.21025e-05 -4.90755e-05 -5.22785e-05 -1.2131e-05 1.09261 -0.714464 0.000203317 -4.90186e-05 0.714464 1.09261 
17 1.42352 -0.588742 -5.5952e-05 -0.000232292 -0.588742 1.42352 -1.51617e-05 6.02499e-05 7.06686e-05 1.20655e-05 1.05767 -0.74885 -0.000227612 5.85266e-05 0.74885 1.05768 
18 1.36798 -0.593209 0.000136315 0.000440162 -0.593209 1.36798 2.14895e-05 -0.0001286 -0.000120792 -3.04446e-05 0.975214 -0.75377 0.000440797 -0.000112244 0.75377 0.975218 
19 1.5938 -0.719376 -4.24909e-05 -0.000166897 -0.719376 1.5938 -7.65695e-06 5.16316e-05 5.89812e-05 5.85432e-06 1.08921 -0.914299 -0.000159286 4.30328e-05 0.914298 1.08921 
20 1.48892 -0.695374 0.000161416 0.000491161 -0.695374 1.48891 1.57783e-05 -0.000150328 -0.000142527 -2.7731e-05 0.97661 -0.882698 0.000491685 -0.000129944 0.882699 0.976628 
21 1.53477 -0.741207 7.10928e-05 0.000209262 -0.741207 1.53476 5.89631e-06 -6.60965e-05 -7.12375e-05 -5.93707e-06 0.959011 -0.941305 0.000209083 -6.57694e-05 0.941305 0.959027 
22 1.36196 -0.678303 0.000131094 0.000348932 -0.678303 1.36195 9.00773e-06 -0.000122801 -0.000124009 -1.38542e-05 0.807672 -0.861503 0.000349395 -0.000116128 0.861503 0.807677 
23 1.29556 -0.663341 3.52729e-06 9.09005e-06 -0.663341 1.29556 2.12814e-07 -3.30853e-06 -3.40193e-06 -2.96945e-07 0.727516 -0.841972 9.10291e-06 -3.20452e-06 0.841972 0.727516 
24 1.30685 -0.685602 5.93563e-05 0.000149653 -0.685602 1.30685 2.77497e-06 -5.57193e-05 -5.86831e-05 -3.24505e-06 0.693613 -0.869733 0.00014972 -5.5156e-05 0.869733 0.693615 
25 1.34845 -0.724023 9.12238e-18 0 -0.724023 1.34845 1.57535e-18 -4.10517e-18 1.08429e-17 -1.61199e-18 0.670273 -0.919043 1.02528e-17 -1.75853e-18 0.919043 0.670273 
26 1.23903 -0.67846 -8.31291e-06 -1.89715e-05 -0.67846 1.23903 -1.2411e-07 7.79466e-06 7.96785e-06 3.81875e-07 0.579327 -0.85968 -1.90108e-05 7.5166e-06 0.85968 0.579327 
27 1.17791 -0.657555 8.07421e-18 0 -0.657555 1.17791 -7.33244e-19 1.03818e-17 -6.1645e-18 1.22861e-17 0.509809 -0.833707 3.26185e-18 -6.48836e-18 0.833707 0.509809 
28 1.13211 -0.643021 2.17203e-18 0 -0.643021 1.13211 1.19036e-18 -1.52569e-18 -1.52697e-18 9.32967e-19 0.451912 -0.814765 -4.97683e-18 9.54095e-18 0.814765 0.451912 
29 1.38347 -0.797989 -2.29468e-17 0 -0.797989 1.38347 3.20197e-17 6.37225e-20 1.15388e-18 -1.13678e-17 0.505944 -1.01047 2.37999e-18 -2.11883e-17 1.01047 0.505944 
30 1.22753 -0.717645 -2.16686e-17 0 -0.717645 1.22753 2.10105e-17 -5.51215e-18 -2.50324e-20 -1.11556e-17 0.408605 -0.908134 -9.61044e-18 -1.40741e-17 0.908134 0.408605 
31 1.24472 -0.73609 -1.272e-18 0 -0.73609 1.24472 -1.44298e-18 -2.27372e-18 -5.35829e-19 2.7347e-18 0.375274 -0.930872 -5.96258e-18 1.48506e-17 0.930872 0.375274 
32 1.3557 -0.811146 -1.52995e-05 -2.67946e-05 -0.811146 1.3557 9.25785e-07 1.4329e-05 1.4242e-05 6.6538e-08 0.362579 -1.02383 -2.69435e-05 1.35253e-05 1.02383 0.36258 
33 1.08714 -0.655891 5.611e-18 0 -0.655891 1.08714 -1.03301e-17 2.65995e-17 -1.93868e-17 3.61117e-17 0.25601 -0.828265 5.37638e-18 3.17684e-18 0.828265 0.25601 
34 1.26351 -0.768594 1.35395e-17 0 -0.768594 1.26351 -1.0833e-17 1.00539e-17 -7.57867e-18 1.423e-17 0.254938 -0.969843 1.69654e-18 2.31889e-18 0.969843 0.254938 
35 1.19008 -0.728714 -1.53832e-17 0 -0.728714 1.19008 1.40031e-17 -1.37541e-17 8.10925e-18 -1.92656e-17 0.20218 -0.918831 -1.30228e-17 1.97393e-19 0.918831 0.20218 
36 1.10046 -0.677661 7.47436e-19 0 -0.677661 1.10046 -6.26925e-18 -2.79648e-17 2.23109e-17 -3.52933e-17 0.150835 -0.853773 6.05891e-19 1.32398e-17 0.853773 0.150835 
37 1.17894 -0.729169 -1.97184e-17 0 -0.729169 1.17894 2.37977e-17 1.47019e-17 -1.20669e-17 1.65684e-17 0.12449 -0.917938 -2.7673e-18 -1.62854e-17 0.917938 0.12449 
38 0.985497 -0.611491 -2.82137e-19 0 -0.611491 0.985497 -4.335e-18 4.78041e-18 -3.79671e-18 5.82752e-18 0.0744994 -0.769191 2.64647e-19 -1.76984e-18 0.769191 0.0744994 
39 1.16416 -0.724092 1.68652e-17 0 -0.724092 1.16416 -1.53522e-17 -3.93878e-18 3.25592e-18 -3.73271e-18 0.0514832 -0.910057 1.75771e-18 1.95147e-17 0.910057 0.0514832 
40 1.173 -0.730622 -1.62259e-17 0 -0.730622 1.173 2.68153e-17 9.27381e-18 -7.35572e-18 1.14722e-17 0.0160298 -0.917477 5.04887e-19 -2.33738e-17 0.917477 0.0160298 
41 1.09207 -0.680548 9.69965e-18 0 -0.680548 1.09207 -1.41483e-17 9.607e-18 -7.61996e-18 1.20595e-17 -0.0181065 -0.853845 -2.41138e-18 1.36615e-17 0.853845 -0.0181065 
42 1.01009 -0.629216 5.89179e-18 0 -0.629216 1.01009 -9.18332e-18 -7.87075e-18 6.39874e-18 -1.00451e-17 -0.0466921 -0.788735 -2.01245e-18 5.21208e-18 0.788735 -0.0466921 
43 1.16484 -0.724783 2.09842e-17 0 -0.724783 1.16484 -2.23123e-17 -1.8271e-17 1.40983e-17 -2.47746e-17 -0.0863812 -0.907735 5.43082e-18 1.58421e-17 0.907735 -0.0863812 
44 1.09094 -0.677381 5.05676e-18 0 -0.677381 1.09094 -1.40419e-18 -6.79145e-18 5.08266e-18 -7.59716e-18 -0.113548 -0.847544 2.75178e-18 9.2359e-19 0.847544 -0.113548 
45 1.16105 -0.718886 -3.02854e-18 0 -0.718886 1.16105 5.29618e-18 3.90707e-18 -3.53836e-18 6.44369e-18 -0.153794 -0.898614 2.76472e-18 -6.57575e-18 0.898614 -0.153794 
46 0.939906 -0.580024 1.04929e-19 0 -0.580024 0.939906 5.99443e-18 7.87877e-18 -6.95183e-18 1.11037e-17 -0.149065 -0.724372 3.06522e-18 -4.14875e-18 0.724372 -0.149065 
47 1.01587 -0.624151 -7.36201e-18 0 -0.624151 1.01587 1.96647e-17 3.59677e-18 -2.8163e-18 8.14069e-18 -0.189796 -0.77868 -1.56274e-19 -8.14797e-18 0.77868 -0.189796 
48 1.06913 -0.653721 7.20158e-18 0 -0.653721 1.06913 -9.50054e-18 4.04445e-18 -4.60188e-18 4.52174e-18 -0.227528 -0.814772 4.97907e-18 -6.15921e-19 0.814772 -0.227528 
49 0.95341 -0.579801 -2.99651e-18 0 -0.579801 0.95341 -3.62607e-18 -1.48848e-17 1.27875e-17 -1.8644e-17 -0.227168 -0.721919 -2.6503e-18 -1.51492e-18 0.721919 -0.227168 
50 1.1944 -0.722077 8.50155e-18 0 -0.722077 1.1944 -6.85177e-18 -4.70666e-19 -1.4538e-18 1.3605e-18 -0.313654 -0.898181 5.34612e-18 -8.98663e-18 0.898181 -0.313654 
51 1.12378 -0.674737 -1.17608e-17 0 -0.674737 1.12378 2.43459e-17 4.87977e-19 -7.07824e-19 8.71257e-18 -0.323472 -0.8384 8.11779e-19 -1.71468e-17 0.8384 -0.323472 
52 1.09791 -0.654252 -5.28908e-18 0 -0.654252 1.09791 -8.21544e-19 2.98679e-18 -5.77877e-19 4.05369e-18 -0.343303 -0.812059 -4.33659e-18 1.90834e-18 0.812059 -0.343303 
53 1.02838 -0.608337 1.1511e-19 0 -0.608337 1.02838 -8.16673e-18 -6.77602e-18 6.63863e-18 -1.2364e-17 -0.34416 -0.754313 -2.58439e-18 4.81037e-18 0.754313 -0.34416 
54 1.16697 -0.684531 -4.051e-18 0 -0.684531 1.16697 3.8348e-18 1.83678e-18 -2.44691e-18 5.72409e-18 -0.417491 -0.847862 1.82819e-18 -3.81507e-18 0.847862 -0.417491 
55 1.05064 -0.610721 9.29237e-18 0 -0.610721 1.05064 -1.987e-18 2.19685e-18 -4.80539e-18 2.15121e-18 -0.399868 -0.75559 5.71746e-18 1.74365e-18 0.75559 -0.399868 
56 0.934383 -0.538224 -9.37183e-18 0 -0.538224 0.934383 -1.07854e-18 -2.42452e-18 5.91048e-18 -2.76754e-18 -0.375345 -0.665177 -6.99818e-18 -1.26296e-18 0.665177 -0.375345 
57 0.958218 -0.546474 -9.24226e-19 0 -0.546474 0.958218 1.42615e-18 5.79915e-18 -6.2405e-18 1.06753e-17 -0.40548 -0.674603 2.55722e-18 -2.19114e-18 0.674603 -0.40548 
58 0.96496 -0.544677 -3.78725e-18 0 -0.544677 0.96496 -1.0199e-17 -1.24337e-17 1.16523e-17 -2.022e-17 -0.428211 -0.671619 -2.49767e-18 -2.22054e-18 0.671619 -0.428211 
59 1.0877 -0.607443 -4.95154e-18 0 -0.607443 1.0877 3.63519e-18 -6.36777e-18 4.98769e-18 -5.28909e-18 -0.504283 -0.74816 2.63159e-19 -2.02871e-18 0.74816 -0.504283 
60 1.12576 -0.621598 -6.74794e-18 0 -0.621598 1.12576 2.96746e-17 2.76726e-17 -2.14145e-17 4.6085e-17 -0.544191 -0.764691 -1.52426e-18 -9.47383e-18 0.764691 -0.544191 
61 0.953985 -0.520696 4.1225e-18 0 -0.520696 0.953985 2.61999e-18 5.14841e-18 -7.16397e-18 5.57633e-18 -0.479132 -0.639812 3.93215e-18 1.02675e-18 0.639812 -0.479132 
62 0.981677 -0.529366 -2.08078e-18 0 -0.529366 0.981677 9.23951e-18 -3.83584e-21 -1.07179e-18 5.02095e-18 -0.511206 -0.649689 1.36752e-18 -6.95008e-18 0.649689 -0.511206 
63 0.899092 -0.478745 9.18812e-18 0 -0.478745 0.899092 -2.4632e-17 -1.21267e-17 9.21235e-18 -2.71777e-17 -0.484511 -0.586847 8.2494e-19 1.08932e-17 0.586847 -0.484511 
64 1.00519 -0.528621 6.85258e-18 0 -0.528621 1.00519 -2.81638e-17 -1.52999e-17 1.07645e-17 -3.1381e-17 -0.558599 -0.647226 1.96392e-18 6.83905e-18 0.647226 -0.558599 
65 1.06703 -0.553914 1.94426e-17 0 -0.553914 1.06703 -4.28085e-17 -1.81326e-17 8.43828e-18 -3.73761e-17 -0.610615 -0.677382 7.06862e-18 9.19769e-18 0.677382 -0.610615 
66 1.05953 -0.542632 1.50416e-18 0 -0.542632 1.05953 1.33256e-18 -3.60301e-18 -1.12264e-18 -1.70754e-18 -0.623584 -0.662774 4.32565e-18 -3.3939e-18 0.662774 -0.623584 
67 0.96233 -0.485966 7.28472e-18 0 -0.485966 0.96233 -2.51882e-18 4.4381e-18 -5.0646e-18 6.08155e-18 -0.581767 -0.59282 1.45754e-18 5.95119e-18 0.59282 -0.581767 
68 0.926942 -0.46132 -5.58374e-18 0 -0.46132 0.926942 6.06592e-18 -2.30364e-20 3.28917e-20 1.95379e-18 -0.574884 -0.562038 -3.27536e-20 -2.22515e-18 0.562038 -0.574884 
69 0.977461 -0.479457 1.37756e-18 0 -0.479457 0.977461 -5.078e-18 1.45471e-18 -5.67922e-19 2.37575e-18 -0.620612 -0.583408 -5.86833e-19 -1.05727e-18 0.583408 -0.620612 
70 1.01635 -0.490803 -3.54456e-18 0 -0.490803 1.01635 2.57184e-17 1.42534e-17 -1.19325e-17 3.09684e-17 -0.660553 -0.596428 1.96068e-19 -6.50883e-18 0.596428 -0.660553 
71 0.964453 -0.45879 -4.6938e-19 0 -0.45879 0.964453 2.37511e-18 1.00235e-17 -5.1324e-18 1.32884e-17 -0.639996 -0.556829 -2.7169e-18 5.40152e-18 0.556829 -0.639996 
72 0.931695 -0.436365 4.77712e-18 0 -0.436365 0.931695 9.64531e-18 8.42202e-18 -8.53078e-18 1.6492e-17 -0.630748 -0.528938 1.31028e-18 -1.2126e-18 0.528938 -0.630748 
73 1.04255 -0.480409 5.13897e-18 0 -0.480409 1.04255 -4.21257e-18 2.59658e-18 -2.48246e-18 2.86269e-18 -0.719633 -0.581564 2.64074e-19 3.08733e-18 0.581564 -0.719633 
74 1.00335 -0.455001 3.35026e-18 0 -0.455001 1.00335 7.99714e-18 8.12045e-19 -2.20561e-18 6.09852e-18 -0.705012 -0.550105 1.16612e-18 -1.6409e-18 0.550105 -0.705012 
75 1.0495 -0.467956 2.05876e-18 0 -0.467956 1.0495 -1.79407e-17 -1.42696e-17 1.0509e-17 -2.96371e-17 -0.750464 -0.565021 9.91968e-19 1.36349e-18 0.565021 -0.750464 
76 0.951976 -0.417324 5.5381e-18 0 -0.417324 0.951976 -1.44152e-17 -4.04035e-18 -4.26112e-19 -1.301e-17 -0.691982 -0.503226 2.76878e-18 5.26882e-18 0.503226 -0.691982 
77 0.967319 -0.416834 6.35278e-18 0 -0.416834 0.967319 -1.63124e-18 -1.1442e-18 -3.51409e-18 -3.07975e-18 -0.714109 -0.501979 3.15499e-18 -2.39932e-18 0.501979 -0.714109 
78 0.965471 -0.408529 -9.88717e-18 0 -0.408529 0.965471 1.81192e-17 4.4373e-18 1.49233e-19 1.79451e-17 -0.723765 -0.491305 -2.6081e-18 -7.16211e-18 0.491305 -0.723765 
79 0.850456 -0.353643 1.16202e-17 0 -0.353643 0.850456 -1.04594e-17 5.67011e-18 -7.3286e-18 1.75227e-19 -0.646361 -0.42475 1.71098e-18 7.36124e-18 0.42475 -0.646361 
80 1.09321 -0.446273 -9.57686e-19 0 -0.446273 1.09321 -1.23241e-17 -6.11244e-18 1.75296e-18 -1.4662e-17 -0.84226 -0.535282 2.13417e-18 7.66259e-19 0.535282 -0.84226 
81 1.03395 -0.414454 -5.23532e-18 0 -0.414454 1.03395 1.91983e-17 8.44063e-18 -1.22291e-18 2.04112e-17 -0.806705 -0.496464 -3.58079e-18 1.06499e-18 0.496464 -0.806705 
82 1.02305 -0.402187 1.34756e-18 0 -0.402187 1.02305 9.28439e-18 1.32983e-18 -2.2801e-18 6.11533e-18 -0.808328 -0.481103 6.73281e-19 -2.88959e-18 0.481103 -0.808328 
83 0.938177 -0.362105 -7.08551e-19 0 -0.362105 0.938177 1.37615e-17 3.7169e-18 -2.59084e-18 1.25594e-17 -0.749598 -0.432597 -2.71406e-19 -3.22151e-18 0.432597 -0.749598 
84 0.904759 -0.342254 -4.9466e-19 0 -0.342254 0.904759 -2.0214e-17 -4.34338e-18 1.23189e-17 -2.48605e-17 -0.731245 -0.408312 -4.8643e-18 9.79103e-18 0.408312 -0.731245 
85 0.925762 -0.343343 9.43473e-18 0 -0.343343 0.925762 -2.18421e-17 -5.68079e-18 -4.17674e-19 -1.95803e-17 -0.756178 -0.409059 2.79357e-18 3.72637e-18 0.409059 -0.756178 
86 0.886541 -0.32233 4.37858e-18 0 -0.32233 0.886541 -1.17076e-17 -2.9126e-18 -2.22467e-18 -9.33338e-18 -0.731413 -0.383511 2.46577e-18 4.29007e-19 0.383511 -0.731413 
87 0.86791 -0.309229 1.15817e-17 0 -0.309229 0.86791 -1.85897e-17 -2.12421e-18 -1.75216e-18 -1.03298e-17 -0.722932 -0.367427 1.81064e-18 5.19976e-18 0.367427 -0.722932 
88 0.899804 -0.313883 6.15246e-18 0 -0.313883 0.899804 -1.84303e-17 -5.09294e-18 2.54879e-18 -1.80391e-17 -0.756571 -0.372441 8.48438e-19 2.51753e-18 0.372441 -0.756571 
89 0.918574 -0.31382 2.19845e-18 0 -0.31382 0.918574 1.39529e-17 5.00003e-18 -3.46134e-18 1.34452e-17 -0.779101 -0.371864 -3.8955e-19 -1.41522e-18 0.371864 -0.779101 
90 1.01768 -0.340329 1.19558e-18 0 -0.340329 1.01768 -1.89551e-17 -8.65757e-18 9.32379e-18 -1.74668e-17 -0.870433 -0.402728 -9.24921e-19 -8.78664e-19 0.402728 -0.870433 
91 0.913586 -0.299014 -3.92217e-18 0 -0.299014 0.913586 -5.92898e-18 3.56465e-18 2.30892e-18 -2.79222e-18 -0.787625 -0.353361 -2.38808e-18 4.01363e-18 0.353361 -0.787625 
92 0.933194 -0.298479 3.58555e-18 0 -0.298479 0.933194 6.01884e-18 5.37845e-18 -6.27998e-18 6.20088e-18 -0.810979 -0.352225 7.46289e-19 2.51366e-18 0.352225 -0.810979 
93 1.00985 -0.316231 1.96299e-18 0 -0.316231 1.00985 6.19313e-18 2.7359e-18 -4.54032e-18 5.60614e-18 -0.883671 -0.372692 9.18201e-19 8.52828e-19 0.372692 -0.883671 
94 0.916791 -0.280581 -1.1272e-18 0 -0.280581 0.916791 8.98174e-18 4.69258e-18 -5.25545e-18 1.47924e-17 -0.807912 -0.330222 5.19966e-19 -1.41385e-18 0.330222 -0.807912 
95 0.947413 -0.283499 -9.49289e-18 0 -0.283499 0.947413 1.69721e-17 4.27899e-18 2.30914e-19 1.49934e-17 -0.840344 -0.333212 -1.5348e-18 -2.3493e-18 0.333212 -0.840344 
96 0.898244 -0.262523 -1.66253e-18 0 -0.262523 0.898244 -2.21606e-18 1.99006e-18 2.55636e-19 -3.18762e-18 -0.801852 -0.308134 -7.59969e-19 3.32068e-18 0.308134 -0.801852 
97 0.972981 -0.277654 -1.57651e-18 0 -0.277654 0.972981 -1.20934e-17 -1.55028e-18 4.82315e-18 -1.16157e-17 -0.873884 -0.325448 -1.29019e-18 2.7606e-18 0.325448 -0.873884 
98 0.817191 -0.227715 6.6352e-19 0 -0.227715 0.817191 7.66126e-18 1.44221e-18 -1.44968e-18 1.09759e-17 -0.738165 -0.266554 8.21452e-20 -3.5492e-18 0.266554 -0.738165 
99 0.791976 -0.215357 -2.84668e-18 0 -0.215357 0.791976 1.80079e-18 2.79226e-18 7.80203e-19 1.30307e-18 -0.719349 -0.251747 -1.09768e-18 2.34847e-18 0.251747 -0.719349 
100 0.884653 -0.23473 -1.28957e-17 0 -0.23473 0.884653 3.03099e-17 3.41176e-18 5.26438e-18 1.41109e-17 -0.807721 -0.274026 -2.77815e-18 -2.14432e-18 0.274026 -0.807721 
101 0.809457 -0.209506 -5.71815e-18 0 -0.209506 0.809457 2.66364e-18 -1.46747e-18 3.08627e-18 1.66404e-18 -0.742739 -0.244253 -5.9675e-19 -1.49842e-18 0.244253 -0.742739 
102 0.937084 -0.236564 -7.6193e-18 0 -0.236564 0.937084 2.59818e-17 5.96923e-18 -1.16508e-18 2.59066e-17 -0.86388 -0.275436 -1.24065e-18 -1.96749e-18 0.275436 -0.86388 
103 0.868945 -0.213593 -7.62091e-18 0 -0.213593 0.868945 2.0572e-17 1.78726e-18 1.83828e-18 1.49111e-17 -0.804835 -0.248347 -1.05078e-18 -2.21323e-18 0.248347 -0.804835 
104 0.923292 -0.221281 6.19184e-18 0 -0.221281 0.923292 -1.57237e-17 -2.60801e-18 1.20119e-18 -1.52729e-17 -0.85876 -0.256955 3.1473e-19 1.56728e-18 0.256955 -0.85876 
105 0.920191 -0.214604 4.06542e-18 0 -0.214604 0.920191 -1.40897e-17 -9.45938e-19 -5.58672e-18 -5.28565e-18 -0.859508 -0.248863 1.84371e-18 1.30488e-18 0.248863 -0.859508 
106 0.965485 -0.219212 1.03689e-19 0 -0.219212 0.965485 1.16534e-17 4.18898e-18 1.29929e-18 1.23803e-17 -0.905343 -0.253874 -1.37296e-18 6.04013e-20 0.253874 -0.905343 
107 0.914866 -0.202359 -7.35657e-19 0 -0.202359 0.914866 -1.91503e-17 -3.96694e-18 2.95314e-18 -1.91281e-17 -0.860952 -0.234061 1.12558e-19 -3.86296e-19 0.234061 -0.860952 
108 0.947302 -0.203683 -1.88745e-18 0 -0.203683 0.947302 6.21077e-18 7.847e-19 4.35276e-19 8.79112e-19 -0.894724 -0.235278 -2.77711e-19 3.07282e-19 0.235278 -0.894724 
109 0.976919 -0.204283 4.13999e-18 0 -0.204283 0.976919 1.18812e-17 2.17094e-18 -6.80589e-18 5.16638e-18 -0.925793 -0.235669 1.24891e-18 -7.35605e-20 0.235669 -0.925793 
110 1.00718 -0.204518 7.22659e-19 0 -0.204518 1.00718 -4.28395e-19 1.59741e-19 -2.02366e-18 -4.10889e-19 -0.957631 -0.235626 4.71173e-19 9.62859e-20 0.235626 -0.957631 
111 0.978125 -0.193054 -1.26691e-18 0 -0.193054 0.978125 -2.12366e-17 -4.24493e-18 4.05158e-18 -2.00943e-17 -0.932795 -0.222139 -8.22281e-20 1.1205e-18 0.222139 -0.932795 
112 1.01655 -0.194907 8.05536e-18 0 -0.194907 1.01655 1.84981e-18 2.84108e-19 -8.15945e-18 1.37526e-18 -0.972217 -0.223989 1.82963e-18 -1.30887e-18 0.223989 -0.972217 
113 0.96635 -0.179893 -6.92913e-19 0 -0.179893 0.96635 2.42284e-17 2.65171e-18 -1.90491e-18 3.14038e-17 -0.926731 -0.206478 -1.05589e-19 -4.49598e-18 0.206478 -0.926731 
114 0.97342 -0.175645 5.94516e-19 0 -0.175645 0.97342 -1.11351e-17 2.96633e-18 2.03084e-18 -8.40637e-18 -0.936029 -0.201341 -1.00235e-18 4.48138e-18 0.201341 -0.936029 
115 0.940962 -0.164682 -3.60759e-18 0 -0.164682 0.940962 9.46222e-18 2.32204e-18 -1.24739e-18 1.07841e-17 -0.907049 -0.188541 -1.69289e-19 1.8365e-19 0.188541 -0.907049 
116 0.88632 -0.150365 -3.86358e-18 0 -0.150365 0.88632 4.62316e-18 1.44664e-18 2.29842e-18 -2.69164e-19 -0.856379 -0.171938 -7.15457e-19 1.87177e-18 0.171938 -0.856379 
117 0.871682 -0.143223 4.57831e-18 0 -0.143223 0.871682 -5.56935e-18 -2.36297e-19 -5.52681e-18 -2.31549e-18 -0.844131 -0.163569 1.12341e-18 6.70646e-19 0.163569 -0.844131 
118 1.04339 -0.165998 1.13434e-19 0 -0.165998 1.04339 2.65336e-17 4.29708e-18 -5.58103e-18 2.29312e-17 -1.01255 -0.18935 3.27743e-19 -6.52107e-20 0.18935 -1.01255 
119 0.84248 -0.129777 -3.14664e-18 0 -0.129777 0.84248 -1.31354e-17 -2.78505e-18 3.3141e-18 -1.55208e-17 -0.819185 -0.147859 -1.56323e-19 -1.72601e-19 0.147859 -0.819185 
120 0.945603 -0.140904 1.65989e-18 0 -0.140904 0.945603 5.16236e-19 9.36059e-19 3.42195e-19 4.65953e-18 -0.921192 -0.160345 -2.05986e-19 -5.86632e-20 0.160345 -0.921192 
121 0.828596 -0.119394 -3.06254e-18 0 -0.119394 0.828596 -6.99944e-19 1.01788e-18 2.8334e-18 1.02959e-18 -0.808638 -0.13571 -6.21468e-19 1.49698e-18 0.13571 -0.808638 
122 0.907126 -0.126216 1.08574e-17 0 -0.126216 0.907126 -3.08081e-17 -2.46106e-18 -6.27765e-18 -2.84392e-17 -0.886797 -0.143293 1.36614e-18 2.72519e-18 0.143293 -0.886797 
123 0.971977 -0.130595 -7.68977e-18 0 -0.130595 0.971977 1.82953e-17 5.50743e-19 2.55418e-18 2.26591e-17 -0.951708 -0.148095 -4.85138e-19 -2.36999e-18 0.148095 -0.951708 
124 0.923643 -0.119688 -8.05171e-18 0 -0.119688 0.923643 2.81581e-17 5.28706e-19 5.38122e-18 2.31786e-17 -0.905764 -0.13557 -8.88572e-19 -3.3519e-18 0.13557 -0.905764 
125 0.882497 -0.110313 -6.53632e-18 0 -0.110313 0.882497 5.82279e-18 1.11749e-18 2.84407e-18 1.38405e-17 -0.866631 -0.124811 -5.49582e-19 -2.816e-19 0.124811 -0.866631 
126 0.90154 -0.10854 -8.02725e-18 0 -0.10854 0.90154 1.5576e-17 1.0044e-18 8.51995e-18 8.94947e-18 -0.886534 -0.122666 -1.30832e-18 -6.93757e-19 0.122666 -0.886534 
127 0.888456 -0.1031 -4.06519e-19 0 -0.1031 0.888456 -8.0074e-18 -1.00088e-19 2.49216e-18 -6.89568e-18 -0.874742 -0.116393 -3.17206e-19 3.67064e-19 0.116393 -0.874742 
128 0.921157 -0.102825 -2.41797e-18 0 -0.102825 0.921157 5.25101e-18 -3.15691e-18 4.86296e-18 2.53709e-18 -0.908024 -0.115955 -2.68841e-19 -2.64638e-18 0.115955 -0.908024 
129 0.836726 -0.089853 9.93036e-19 0 -0.089853 0.836726 2.20398e-18 4.40939e-19 -2.39202e-18 4.36064e-18 -0.825705 -0.101219 2.42118e-19 7.81355e-20 0.101219 -0.825705 
130 0.921627 -0.0951115 9.71366e-18 0 -0.0951115 0.921627 -3.28124e-18 -5.96482e-19 -1.024e-17 -1.89485e-18 -0.910435 -0.10703 1.25857e-18 -2.92043e-19 0.10703 -0.910435 
131 0.913613 -0.0904561 -3.2709e-18 0 -0.0904561 0.913613 1.81663e-17 3.70506e-19 2.6631e-18 1.91818e-17 -0.903418 -0.101683 -3.38078e-19 -1.47069e-18 0.101683 -0.903418 
132 0.901231 -0.0856259 1.37638e-18 0 -0.0856259 0.901231 -1.81859e-17 -2.07101e-18 1.32863e-18 -1.98397e-17 -0.891985 -0.0961558 5.61691e-20 -3.89671e-19 0.0961558 -0.891985 
133 0.866301 -0.0789225 1.50905e-18 0 -0.0789225 0.866301 -2.77015e-17 -1.17468e-19 -5.26585e-19 -2.64736e-17 -0.858141 -0.0885396 7.12175e-20 3.29332e-18 0.0885396 -0.858141 
134 0.798552 -0.0695726 -4.09864e-18 0 -0.0695726 0.798552 3.93082e-17 4.66804e-19 -9.8993e-19 3.71423e-17 -0.791684 -0.0779704 4.9825e-20 -3.24222e-18 0.0779704 -0.791684 
135 0.951551 -0.0792629 -9.38516e-18 0 -0.0792629 0.951551 1.20293e-17 2.20886e-18 5.94108e-18 6.15288e-18 -0.944081 -0.0887424 -7.50619e-19 1.70176e-18 0.0887424 -0.944081 
136 0.92601 -0.073798 -8.66945e-18 0 -0.073798 0.92601 3.32966e-17 1.15489e-18 6.85861e-18 3.38705e-17 -0.919365 -0.0825465 -7.24865e-19 -2.06171e-18 0.0825465 -0.919365 
137 0.947944 -0.0721241 -2.06273e-18 0 -0.0721241 0.947944 -4.66253e-18 -7.28318e-19 1.1889e-18 -1.69701e-18 -0.941752 -0.080598 -4.24104e-20 -4.66465e-19 0.080598 -0.941752 
138 1.01025 -0.0733168 9.75231e-19 0 -0.0733168 1.01025 -5.13073e-18 -4.53971e-19 -6.88089e-18 -2.93794e-18 -1.00425 -0.0818552 5.91678e-19 -6.16575e-19 0.0818552 -1.00425 
139 0.910276 -0.062972 -9.72583e-21 0 -0.062972 0.910276 -4.59317e-18 -1.05334e-18 -9.04133e-20 -9.46807e-18 -0.905374 -0.0702426 8.59265e-20 -2.34065e-19 0.0702426 -0.905374 
140 0.903492 -0.0593031 -4.85391e-18 0 -0.0593031 0.903492 7.04172e-17 2.69252e-18 3.62377e-18 7.3083e-17 -0.899117 -0.0660879 -4.50476e-19 -2.78891e-18 0.0660879 -0.899117 
141 0.943634 -0.0589821 -1.64954e-18 0 -0.0589821 0.943634 -2.2121e-17 -1.46576e-19 1.07415e-18 -2.257e-17 -0.939495 -0.0656752 -5.467e-20 1.82599e-18 0.0656752 -0.939495 
142 0.895249 -0.0532492 3.6607e-18 0 -0.0532492 0.895249 -6.15765e-17 -1.85663e-18 1.45016e-18 -5.93446e-17 -0.891698 -0.0592437 1.23097e-20 1.88399e-18 0.0592437 -0.891698 
143 0.784975 -0.0441535 -3.71649e-18 0 -0.0441535 0.784975 1.94168e-17 -7.08387e-19 4.57596e-18 1.69969e-17 -0.782193 -0.0490813 -2.50715e-19 -1.75804e-18 0.0490813 -0.782193 
144 0.937624 -0.049832 -2.99317e-18 0 -0.049832 0.937624 -6.03304e-17 2.46439e-19 5.23884e-18 -5.54548e-17 -0.934661 -0.0553471 -3.17171e-19 3.9456e-18 0.0553471 -0.934661 
145 1.02945 -0.051853 -9.41497e-18 0 -0.051853 1.02945 4.1908e-18 9.015e-19 9.24803e-18 -1.36319e-18 -1.02653 -0.0575483 -5.70864e-19 6.93828e-19 0.0575483 -1.02653 
146 0.956166 -0.0454189 -3.95947e-18 0 -0.0454189 0.956166 -2.42151e-17 -2.73665e-19 3.67415e-18 -1.82604e-17 -0.953757 -0.0503681 -1.83525e-19 1.11229e-18 0.0503681 -0.953757 
147 0.849187 -0.0378777 -3.96772e-18 0 -0.0378777 0.849187 2.6296e-19 -3.12645e-19 2.02284e-18 -1.06605e-18 -0.847303 -0.0419717 -8.87009e-20 -2.86502e-19 0.0419717 -0.847303 
148 0.835613 -0.0351087 -1.94823e-18 0 -0.0351087 0.835613 -2.87065e-18 -1.74198e-19 3.70497e-18 -2.88526e-18 -0.833969 -0.0388757 -1.63425e-19 1.02034e-19 0.0388757 -0.833969 
149 1.06989 -0.0420743 -1.34344e-17 0 -0.0420743 1.06989 3.70176e-17 8.29349e-20 9.64077e-18 4.77986e-17 -1.06805 -0.0465541 -4.25531e-19 -1.71565e-18 0.0465541 -1.06805 
150 0.924929 -0.0341126 -5.1249e-18 0 -0.0341126 0.924929 4.6844e-17 1.07583e-18 6.049e-18 3.97179e-17 -0.92353 -0.037719 -2.86574e-19 -6.98915e-19 0.037719 -0.92353 
151 0.920064 -0.0317618 5.51414e-18 0 -0.0317618 0.920064 -3.82119e-17 -8.78624e-19 -5.34974e-19 -4.03117e-17 -0.918845 -0.0350966 5.24019e-20 4.8678e-19 0.0350966 -0.918845 
152 0.978049 -0.0313402 8.90927e-18 0 -0.0313402 0.978049 2.6441e-17 8.53829e-20 -9.07173e-18 2.33608e-17 -0.976933 -0.0346068 3.19704e-19 -6.88743e-19 0.0346068 -0.976933 
153 0.946366 -0.0282333 -4.38135e-18 0 -0.0282333 0.946366 4.86158e-17 1.10568e-18 -2.66401e-19 4.69788e-17 -0.945431 -0.0311568 -2.53935e-20 -3.94865e-19 0.0311568 -0.945431 
154 0.807997 -0.022334 3.92709e-18 0 -0.022334 0.807997 6.23037e-17 2.30393e-18 -6.08285e-18 6.04317e-17 -0.807312 -0.0246314 1.24896e-19 3.82996e-19 0.0246314 -0.807312 
155 0.884664 -0.0226049 6.60508e-18 0 -0.0226049 0.884664 3.11864e-17 4.93113e-19 -6.03618e-18 4.05836e-17 -0.884024 -0.0249154 1.60985e-19 -7.59626e-19 0.0249154 -0.884024 
156 0.967575 -0.0228015 -1.2647e-17 0 -0.0228015 0.967575 -2.69511e-17 -1.22071e-18 1.50027e-17 -2.81312e-17 -0.96698 -0.025118 -3.59685e-19 -4.49364e-19 0.025118 -0.96698 
157 1.06595 -0.0230135 -6.16059e-20 0 -0.0230135 1.06595 2.43402e-17 -1.21508e-18 -2.01079e-18 3.04773e-17 -1.0654 -0.0253374 7.09796e-20 -1.71846e-18 0.0253374 -1.0654 
158 1.00677 -0.0199213 3.39258e-18 0 -0.0199213 1.00677 -2.63153e-17 -9.16754e-19 -7.27056e-19 -2.19083e-17 -1.00633 -0.0219216 2.69055e-20 -5.95755e-19 0.0219216 -1.00633 
159 0.887661 -0.0159793 3.31594e-18 0 -0.0159793 0.887661 7.26482e-17 9.61281e-19 -1.41353e-18 6.65996e-17 -0.887343 -0.0175749 1.26772e-20 -3.45635e-19 0.0175749 -0.887343 
160 0.786256 -0.0129167 2.02912e-18 0 -0.0129167 0.786256 8.69683e-17 1.021e-18 -3.53106e-18 9.05262e-17 -0.786021 -0.0142001 5.11231e-20 -5.54938e-19 0.0142001 -0.786021 
161 0.956931 -0.0141372 5.96181e-18 0 -0.0141372 0.956931 -1.89923e-16 -1.73507e-18 1.80317e-19 -1.92728e-16 -0.9567 -0.0155345 1.83893e-20 1.32311e-18 0.0155345 -0.9567 
162 0.912668 -0.0120876 -2.03265e-18 0 -0.0120876 0.912668 -1.75164e-16 -6.37565e-19 2.77097e-18 -1.76167e-16 -0.912491 -0.0132763 -3.15396e-20 1.79211e-18 0.0132763 -0.912491 
163 0.998273 -0.0117907 1.27282e-18 0 -0.0117907 0.998273 1.35351e-16 1.10452e-18 7.66751e-19 1.39601e-16 -0.99812 -0.012945 -2.40239e-20 -7.33017e-19 0.012945 -0.99812 
164 0.987491 -0.0103493 -1.10084e-18 0 -0.0103493 0.987491 4.30557e-17 4.44065e-19 4.87813e-18 4.9361e-17 -0.987372 -0.011358 -6.64581e-20 -6.9776e-20 0.011358 -0.987372 
165 0.874269 -0.00804948 -2.76677e-18 0 -0.00804948 0.874269 -1.12106e-16 -1.03347e-18 1.02995e-18 -1.15756e-16 -0.874187 -0.00883083 5.52504e-22 1.8227e-19 0.00883083 -0.874187 
166 1.00311 -0.00804952 -5.78202e-18 0 -0.00804952 1.00311 -7.46403e-17 -5.19263e-19 6.59871e-18 -6.99363e-17 -1.00304 -0.00882785 -5.98307e-20 1.31501e-19 0.00882785 -1.00304 
167 0.801798 -0.00553156 7.53579e-18 0 -0.00553156 0.801798 -8.98213e-17 -4.25154e-19 -4.88481e-18 -8.64831e-17 -0.801755 -0.00606443 3.68597e-20 1.69114e-19 0.00606443 -0.801755 
168 0.930599 -0.00543821 7.7886e-18 0 -0.00543821 0.930599 -9.30496e-17 -3.97106e-19 -4.94555e-18 -8.7092e-17 -0.930564 -0.00596025 3.59221e-20 4.55253e-20 0.00596025 -0.930564 
169 1.13432 -0.00561004 -4.14046e-18 0 -0.00561004 1.13432 -2.61802e-16 -2.8336e-19 6.45978e-18 -2.4538e-16 -1.13429 -0.00614697 -3.14959e-20 1.07461e-18 0.00614697 -1.13429 
170 0.925368 -0.00381587 1.02986e-17 0 -0.00381587 0.925368 -6.16816e-17 -8.08463e-19 -6.15888e-18 -5.55349e-17 -0.92535 -0.00418007 3.33655e-20 -5.40493e-19 0.00418007 -0.92535 
171 1.23682 -0.00406242 1.29462e-17 0 -0.00406242 1.23682 -1.83425e-16 -9.19922e-19 -1.05058e-17 -1.82732e-16 -1.23681 -0.00444907 4.00985e-20 -2.31296e-19 0.00444907 -1.23681 
172 0.871835 -0.00231128 1.58336e-18 0 -0.00231128 0.871835 3.72578e-16 5.47374e-19 5.3861e-18 3.68795e-16 -0.871828 -0.00253079 -1.86602e-20 -4.23273e-19 0.00253079 -0.871828 
173 0.780353 -0.00158033 -5.3893e-18 0 -0.00158033 0.780353 -8.15638e-17 -2.35154e-19 3.94909e-18 -8.91866e-17 -0.78035 -0.00173011 -8.57878e-21 -1.19106e-20 0.00173011 -0.78035 
174 0.847065 -0.00125712 2.47665e-18 0 -0.00125712 0.847065 1.11092e-17 4.5865e-19 8.87127e-19 -1.48123e-19 -0.847063 -0.00137604 -1.6768e-21 4.44007e-19 0.00137604 -0.847063 
175 0.790152 -0.000825451 9.15999e-19 0 -0.000825451 0.790152 3.73772e-16 3.95871e-19 4.86e-18 3.80167e-16 -0.790152 -0.000903422 -7.00719e-21 -9.0212e-20 0.000903422 -0.790152 
176 0.470114 -0.000326784 -5.90965e-18 0 -0.000326784 0.470114 2.39716e-16 1.08848e-19 5.77227e-18 2.5037e-16 -0.470114 -0.000357615 -4.44695e-21 -1.49996e-19 0.000357615 -0.470114 
177 1.44117 -0.000529529 -2.12909e-17 0 -0.000529529 1.44117 -2.57415e-15 -2.22662e-19 1.06384e-17 -2.57707e-15 -1.44117 -0.000579432 -4.21432e-21 7.23286e-19 0.000579432 -1.44117 
178 0.751724 -0.000152921 6.50611e-18 0 -0.000152921 0.751724 -9.17463e-16 -3.75814e-19 9.47169e-18 -9.33434e-16 -0.751724 -0.000167324 -2.42836e-21 -2.34821e-19 0.000167324 -0.751724 
179 0.751609 -3.91287e-05 1.29581e-17 0 -3.91287e-05 0.751609 3.40669e-16 6.94496e-20 -1.04942e-17 3.33572e-16 -0.751609 -4.28121e-05 2.96001e-22 8.25214e-20 4.28121e-05 -0.751609 
180 0 0 0 0 0 0 0 0 0 0 0 0 0 0 0 0 
