0 0 0 0 0 0 0 
1 0.97425 -0.0367796 0.97425 0.972411 -0.047023 0.972411 
2 1.1874 -0.0687436 1.1874 1.1821 -0.0878866 1.1821 
3 0.926621 -0.0722911 0.926621 0.919042 -0.0924177 0.919042 
4 1.22858 -0.132649 1.22858 1.20945 -0.169496 1.20945 
5 1.80972 -0.250404 1.80972 1.76334 -0.320052 1.76334 
6 1.73942 -0.287878 1.73942 1.67541 -0.367755 1.67541 
7 1.97261 -0.37385 1.97261 1.87686 -0.477548 1.87686 
8 2.17298 -0.464785 2.17298 2.0378 -0.593698 2.0378 
9 1.91998 -0.459586 1.91998 1.76916 -0.587039 1.76916 
10 1.49614 -0.393801 1.49614 1.35285 -0.502781 1.35285 
11 1.58924 -0.45706 1.58924 1.40573 -0.583279 1.40573 
12 1.98534 -0.615043 1.98534 1.71741 -0.783107 1.71741 
13 1.73578 -0.576513 1.73578 1.46291 -0.734833 1.46291 
14 1.76714 -0.626623 1.76714 1.4462 -0.798833 1.4462 
15 1.5025 -0.56436 1.50249 1.19278 -0.718241 1.19278 
16 1.42097 -0.560932 1.42097 1.09261 -0.714464 1.09261 
17 1.42352 -0.588742 1.42352 1.05767 -0.74885 1.05768 
18 1.36798 -0.593209 1.36798 0.975214 -0.75377 0.975218 
19 1.5938 -0.719376 1.5938 1.08921 -0.914299 1.08921 
20 1.48892 -0.695374 1.48891 0.97661 -0.882698 0.976628 
21 1.53477 -0.741207 1.53476 0.959011 -0.941305 0.959027 
22 1.36196 -0.678303 1.36195 0.807672 -0.861503 0.807677 
23 1.29556 -0.663341 1.29556 0.727516 -0.841972 0.727516 
24 1.30685 -0.685602 1.30685 0.693613 -0.869733 0.693615 
25 1.34845 -0.724023 1.34845 0.670273 -0.919043 0.670273 
26 1.23903 -0.67846 1.23903 0.579327 -0.85968 0.579327 
27 1.17791 -0.657555 1.17791 0.509809 -0.833707 0.509809 
28 1.13211 -0.643021 1.13211 0.451912 -0.814765 0.451912 
29 1.38347 -0.797989 1.38347 0.505944 -1.01047 0.505944 
30 1.22753 -0.717645 1.22753 0.408605 -0.908134 0.408605 
31 1.24472 -0.73609 1.24472 0.375274 -0.930872 0.375274 
32 1.3557 -0.811146 1.3557 0.362579 -1.02383 0.36258 
33 1.08714 -0.655891 1.08714 0.25601 -0.828265 0.25601 
34 1.26351 -0.768594 1.26351 0.254938 -0.969843 0.254938 
35 1.19008 -0.728714 1.19008 0.20218 -0.918831 0.20218 
36 1.10046 -0.677661 1.10046 0.150835 -0.853773 0.150835 
37 1.17894 -0.729169 1.17894 0.12449 -0.917938 0.12449 
38 0.985497 -0.611491 0.985497 0.0744994 -0.769191 0.0744994 
39 1.16416 -0.724092 1.16416 0.0514832 -0.910057 0.0514832 
40 1.173 -0.730622 1.173 0.0160298 -0.917477 0.0160298 
41 1.09207 -0.680548 1.09207 -0.0181065 -0.853845 -0.0181065 
42 1.01009 -0.629216 1.01009 -0.0466921 -0.788735 -0.0466921 
43 1.16484 -0.724783 1.16484 -0.0863812 -0.907735 -0.0863812 
44 1.09094 -0.677381 1.09094 -0.113548 -0.847544 -0.113548 
45 1.16105 -0.718886 1.16105 -0.153794 -0.898614 -0.153794 
46 0.939906 -0.580024 0.939906 -0.149065 -0.724372 -0.149065 
47 1.01587 -0.624151 1.01587 -0.189796 -0.77868 -0.189796 
48 1.06913 -0.653721 1.06913 -0.227528 -0.814772 -0.227528 
49 0.95341 -0.579801 0.95341 -0.227168 -0.721919 -0.227168 
50 1.1944 -0.722077 1.1944 -0.313654 -0.898181 -0.313654 
51 1.12378 -0.674737 1.12378 -0.323472 -0.8384 -0.323472 
52 1.09791 -0.654252 1.09791 -0.343303 -0.812059 -0.343303 
53 1.02838 -0.608337 1.02838 -0.34416 -0.754313 -0.34416 
54 1.16697 -0.684531 1.16697 -0.417491 -0.847862 -0.417491 
55 1.05064 -0.610721 1.05064 -0.399868 -0.75559 -0.399868 
56 0.934383 -0.538224 0.934383 -0.375345 -0.665177 -0.375345 
57 0.958218 -0.546474 0.958218 -0.40548 -0.674603 -0.40548 
58 0.96496 -0.544677 0.96496 -0.428211 -0.671619 -0.428211 
59 1.0877 -0.607443 1.0877 -0.504283 -0.74816 -0.504283 
60 1.12576 -0.621598 1.12576 -0.544191 -0.764691 -0.544191 
61 0.953985 -0.520696 0.953985 -0.479132 -0.639812 -0.479132 
62 0.981677 -0.529366 0.981677 -0.511206 -0.649689 -0.511206 
63 0.899092 -0.478745 0.899092 -0.484511 -0.586847 -0.484511 
64 1.00519 -0.528621 1.00519 -0.558599 -0.647226 -0.558599 
65 1.06703 -0.553914 1.06703 -0.610615 -0.677382 -0.610615 
66 1.05953 -0.542632 1.05953 -0.623584 -0.662774 -0.623584 
67 0.96233 -0.485966 0.96233 -0.581767 -0.59282 -0.581767 
68 0.926942 -0.46132 0.926942 -0.574884 -0.562038 -0.574884 
69 0.977461 -0.479457 0.977461 -0.620612 -0.583408 -0.620612 
70 1.01635 -0.490803 1.01635 -0.660553 -0.596428 -0.660553 
71 0.964453 -0.45879 0.964453 -0.639996 -0.556829 -0.639996 
72 0.931695 -0.436365 0.931695 -0.630748 -0.528938 -0.630748 
73 1.04255 -0.480409 1.04255 -0.719633 -0.581564 -0.719633 
74 1.00335 -0.455001 1.00335 -0.705012 -0.550105 -0.705012 
75 1.0495 -0.467956 1.0495 -0.750464 -0.565021 -0.750464 
76 0.951976 -0.417324 0.951976 -0.691982 -0.503226 -0.691982 
77 0.967319 -0.416834 0.967319 -0.714109 -0.501979 -0.714109 
78 0.965471 -0.408529 0.965471 -0.723765 -0.491305 -0.723765 
79 0.850456 -0.353643 0.850456 -0.646361 -0.42475 -0.646361 
80 1.09321 -0.446273 1.09321 -0.84226 -0.535282 -0.84226 
81 1.03395 -0.414454 1.03395 -0.806705 -0.496464 -0.806705 
82 1.02305 -0.402187 1.02305 -0.808328 -0.481103 -0.808328 
83 0.938177 -0.362105 0.938177 -0.749598 -0.432597 -0.749598 
84 0.904759 -0.342254 0.904759 -0.731245 -0.408312 -0.731245 
85 0.925762 -0.343343 0.925762 -0.756178 -0.409059 -0.756178 
86 0.886541 -0.32233 0.886541 -0.731413 -0.383511 -0.731413 
87 0.86791 -0.309229 0.86791 -0.722932 -0.367427 -0.722932 
88 0.899804 -0.313883 0.899804 -0.756571 -0.372441 -0.756571 
89 0.918574 -0.31382 0.918574 -0.779101 -0.371864 -0.779101 
90 1.01768 -0.340329 1.01768 -0.870433 -0.402728 -0.870433 
91 0.913586 -0.299014 0.913586 -0.787625 -0.353361 -0.787625 
92 0.933194 -0.298479 0.933194 -0.810979 -0.352225 -0.810979 
93 1.00985 -0.316231 1.00985 -0.883671 -0.372692 -0.883671 
94 0.916791 -0.280581 0.916791 -0.807912 -0.330222 -0.807912 
95 0.947413 -0.283499 0.947413 -0.840344 -0.333212 -0.840344 
96 0.898244 -0.262523 0.898244 -0.801852 -0.308134 -0.801852 
97 0.972981 -0.277654 0.972981 -0.873884 -0.325448 -0.873884 
98 0.817191 -0.227715 0.817191 -0.738165 -0.266554 -0.738165 
99 0.791976 -0.215357 0.791976 -0.719349 -0.251747 -0.719349 
100 0.884653 -0.23473 0.884653 -0.807721 -0.274026 -0.807721 
101 0.809457 -0.209506 0.809457 -0.742739 -0.244253 -0.742739 
102 0.937084 -0.236564 0.937084 -0.86388 -0.275436 -0.86388 
103 0.868945 -0.213593 0.868945 -0.804835 -0.248347 -0.804835 
104 0.923292 -0.221281 0.923292 -0.85876 -0.256955 -0.85876 
105 0.920191 -0.214604 0.920191 -0.859508 -0.248863 -0.859508 
106 0.965485 -0.219212 0.965485 -0.905343 -0.253874 -0.905343 
107 0.914866 -0.202359 0.914866 -0.860952 -0.234061 -0.860952 
108 0.947302 -0.203683 0.947302 -0.894724 -0.235278 -0.894724 
109 0.976919 -0.204283 0.976919 -0.925793 -0.235669 -0.925793 
110 1.00718 -0.204518 1.00718 -0.957631 -0.235626 -0.957631 
111 0.978125 -0.193054 0.978125 -0.932795 -0.222139 -0.932795 
112 1.01655 -0.194907 1.01655 -0.972217 -0.223989 -0.972217 
113 0.96635 -0.179893 0.96635 -0.926731 -0.206478 -0.926731 
114 0.97342 -0.175645 0.97342 -0.936029 -0.201341 -0.936029 
115 0.940962 -0.164682 0.940962 -0.907049 -0.188541 -0.907049 
116 0.88632 -0.150365 0.88632 -0.856379 -0.171938 -0.856379 
117 0.871682 -0.143223 0.871682 -0.844131 -0.163569 -0.844131 
118 1.04339 -0.165998 1.04339 -1.01255 -0.18935 -1.01255 
119 0.84248 -0.129777 0.84248 -0.819185 -0.147859 -0.819185 
120 0.945603 -0.140904 0.945603 -0.921192 -0.160345 -0.921192 
121 0.828596 -0.119394 0.828596 -0.808638 -0.13571 -0.808638 
122 0.907126 -0.126216 0.907126 -0.886797 -0.143293 -0.886797 
123 0.971977 -0.130595 0.971977 -0.951708 -0.148095 -0.951708 
124 0.923643 -0.119688 0.923643 -0.905764 -0.13557 -0.905764 
125 0.882497 -0.110313 0.882497 -0.866631 -0.124811 -0.866631 
126 0.90154 -0.10854 0.90154 -0.886534 -0.122666 -0.886534 
127 0.888456 -0.1031 0.888456 -0.874742 -0.116393 -0.874742 
128 0.921157 -0.102825 0.921157 -0.908024 -0.115955 -0.908024 
129 0.836726 -0.089853 0.836726 -0.825705 -0.101219 -0.825705 
130 0.921627 -0.0951115 0.921627 -0.910435 -0.10703 -0.910435 
131 0.913613 -0.0904561 0.913613 -0.903418 -0.101683 -0.903418 
132 0.901231 -0.0856259 0.901231 -0.891985 -0.0961558 -0.891985 
133 0.866301 -0.0789225 0.866301 -0.858141 -0.0885396 -0.858141 
134 0.798552 -0.0695726 0.798552 -0.791684 -0.0779704 -0.791684 
135 0.951551 -0.0792629 0.951551 -0.944081 -0.0887424 -0.944081 
136 0.92601 -0.073798 0.92601 -0.919365 -0.0825465 -0.919365 
137 0.947944 -0.0721241 0.947944 -0.941752 -0.080598 -0.941752 
138 1.01025 -0.0733168 1.01025 -1.00425 -0.0818552 -1.00425 
139 0.910276 -0.062972 0.910276 -0.905374 -0.0702426 -0.905374 
140 0.903492 -0.0593031 0.903492 -0.899117 -0.0660879 -0.899117 
141 0.943634 -0.0589821 0.943634 -0.939495 -0.0656752 -0.939495 
142 0.895249 -0.0532492 0.895249 -0.891698 -0.0592437 -0.891698 
143 0.784975 -0.0441535 0.784975 -0.782193 -0.0490813 -0.782193 
144 0.937624 -0.049832 0.937624 -0.934661 -0.0553471 -0.934661 
145 1.02945 -0.051853 1.02945 -1.02653 -0.0575483 -1.02653 
146 0.956166 -0.0454189 0.956166 -0.953757 -0.0503681 -0.953757 
147 0.849187 -0.0378777 0.849187 -0.847303 -0.0419717 -0.847303 
148 0.835613 -0.0351087 0.835613 -0.833969 -0.0388757 -0.833969 
149 1.06989 -0.0420743 1.06989 -1.06805 -0.0465541 -1.06805 
150 0.924929 -0.0341126 0.924929 -0.92353 -0.037719 -0.92353 
151 0.920064 -0.0317618 0.920064 -0.918845 -0.0350966 -0.918845 
152 0.978049 -0.0313402 0.978049 -0.976933 -0.0346068 -0.976933 
153 0.946366 -0.0282333 0.946366 -0.945431 -0.0311568 -0.945431 
154 0.807997 -0.022334 0.807997 -0.807312 -0.0246314 -0.807312 
155 0.884664 -0.0226049 0.884664 -0.884024 -0.0249154 -0.884024 
156 0.967575 -0.0228015 0.967575 -0.96698 -0.025118 -0.96698 
157 1.06595 -0.0230135 1.06595 -1.0654 -0.0253374 -1.0654 
158 1.00677 -0.0199213 1.00677 -1.00633 -0.0219216 -1.00633 
159 0.887661 -0.0159793 0.887661 -0.887343 -0.0175749 -0.887343 
160 0.786256 -0.0129167 0.786256 -0.786021 -0.0142001 -0.786021 
161 0.956931 -0.0141372 0.956931 -0.9567 -0.0155345 -0.9567 
162 0.912668 -0.0120876 0.912668 -0.912491 -0.0132763 -0.912491 
163 0.998273 -0.0117907 0.998273 -0.99812 -0.012945 -0.99812 
164 0.987491 -0.0103493 0.987491 -0.987372 -0.011358 -0.987372 
165 0.874269 -0.00804948 0.874269 -0.874187 -0.00883083 -0.874187 
166 1.00311 -0.00804952 1.00311 -1.00304 -0.00882785 -1.00304 
167 0.801798 -0.00553156 0.801798 -0.801755 -0.00606443 -0.801755 
168 0.930599 -0.00543821 0.930599 -0.930564 -0.00596025 -0.930564 
169 1.13432 -0.00561004 1.13432 -1.13429 -0.00614697 -1.13429 
170 0.925368 -0.00381587 0.925368 -0.92535 -0.00418007 -0.92535 
171 1.23682 -0.00406242 1.23682 -1.23681 -0.00444907 -1.23681 
172 0.871835 -0.00231128 0.871835 -0.871828 -0.00253079 -0.871828 
173 0.780353 -0.00158033 0.780353 -0.78035 -0.00173011 -0.78035 
174 0.847065 -0.00125712 0.847065 -0.847063 -0.00137604 -0.847063 
175 0.790152 -0.000825451 0.790152 -0.790152 -0.000903422 -0.790152 
176 0.470114 -0.000326784 0.470114 -0.470114 -0.000357615 -0.470114 
177 1.44117 -0.000529529 1.44117 -1.44117 -0.000579432 -1.44117 
178 0.751724 -0.000152921 0.751724 -0.751724 -0.000167324 -0.751724 
179 0.751609 -3.91287e-05 0.751609 -0.751609 -4.28121e-05 -0.751609 
180 0 0 0 0 0 0 
